Build started 9/15/2025 11:10:30 PM.
     1>Project "C:\RunUO\RunUO\RunUO.sln" on node 1 (Restore target(s)).
     1>ValidateSolutionConfiguration:
         Building solution configuration "Debug|Any CPU".
       _GetAllRestoreProjectPathItems:
         Determining projects to restore...
       Restore:
         X.509 certificate chain validation will use the default trust store selected by .NET for code signing.
         X.509 certificate chain validation will use the default trust store selected by .NET for timestamping.
         Assets file has not changed. Skipping assets file writing. Path: C:\RunUO\RunUO\Server\obj\project.assets.json
         Restored C:\RunUO\RunUO\Server\Server.csproj (in 25 ms).
         
         NuGet Config files used:
             C:\Users\rmcad\AppData\Roaming\NuGet\NuGet.Config
         
         Feeds used:
             https://api.nuget.org/v3/index.json
         All projects are up-to-date for restore.
     1>Done Building Project "C:\RunUO\RunUO\RunUO.sln" (Restore target(s)).
   1:2>Project "C:\RunUO\RunUO\RunUO.sln" on node 1 (default targets).
     1>ValidateSolutionConfiguration:
         Building solution configuration "Debug|Any CPU".
   1:2>Project "C:\RunUO\RunUO\RunUO.sln" (1:2) is building "C:\RunUO\RunUO\Server\Server.csproj" (2:6) on node 1 (default targets).
     2>GenerateTargetFrameworkMonikerAttribute:
       Skipping target "GenerateTargetFrameworkMonikerAttribute" because all output files are up-to-date with respect to the input files.
       _GenerateSourceLinkFile:
         Source Link file 'obj\Debug\net8.0\Server.sourcelink.json' is up-to-date.
       CoreCompile:
       Skipping target "CoreCompile" because all output files are up-to-date with respect to the input files.
       _CreateAppHost:
       Skipping target "_CreateAppHost" because all output files are up-to-date with respect to the input files.
       _CopyOutOfDateSourceItemsToOutputDirectory:
       Skipping target "_CopyOutOfDateSourceItemsToOutputDirectory" because all output files are up-to-date with respect to the input files.
       GenerateBuildDependencyFile:
       Skipping target "GenerateBuildDependencyFile" because all output files are up-to-date with respect to the input files.
       GenerateBuildRuntimeConfigurationFiles:
       Skipping target "GenerateBuildRuntimeConfigurationFiles" because all output files are up-to-date with respect to the input files.
       CopyFilesToOutputDirectory:
         Server -> C:\RunUO\RunUO\Distribution\Debug\net8.0\RunUO.dll
       PostBuild:
         Copying file from "C:\RunUO\RunUO\Data\Assemblies.cfg" to "C:\RunUO\RunUO\Distribution\Debug\net8.0\Data\Assemblies.cfg".
         Copying file from "C:\RunUO\RunUO\Data\Bulk Orders\Blacksmith\armor.cfg" to "C:\RunUO\RunUO\Distribution\Debug\net8.0\Data\Bulk Orders\Blacksmith\armor.cfg".
         Copying file from "C:\RunUO\RunUO\Data\Bulk Orders\Blacksmith\largeaxes.cfg" to "C:\RunUO\RunUO\Distribution\Debug\net8.0\Data\Bulk Orders\Blacksmith\largeaxes.cfg".
         Copying file from "C:\RunUO\RunUO\Data\bodyTable.cfg" to "C:\RunUO\RunUO\Distribution\Debug\net8.0\Data\bodyTable.cfg".
         Copying file from "C:\RunUO\RunUO\Data\Assemblies_4_0.cfg" to "C:\RunUO\RunUO\Distribution\Debug\net8.0\Data\Assemblies_4_0.cfg".
         Copying file from "C:\RunUO\RunUO\Data\Binary\Bounds.bin" to "C:\RunUO\RunUO\Distribution\Debug\net8.0\Data\Binary\Bounds.bin".
         Copying file from "C:\RunUO\RunUO\Data\Bulk Orders\Blacksmith\largeplate.cfg" to "C:\RunUO\RunUO\Distribution\Debug\net8.0\Data\Bulk Orders\Blacksmith\largeplate.cfg".
         Copying file from "C:\RunUO\RunUO\Data\Bulk Orders\Blacksmith\largechain.cfg" to "C:\RunUO\RunUO\Distribution\Debug\net8.0\Data\Bulk Orders\Blacksmith\largechain.cfg".
         Copying file from "C:\RunUO\RunUO\Data\Bulk Orders\Blacksmith\largefencing.cfg" to "C:\RunUO\RunUO\Distribution\Debug\net8.0\Data\Bulk Orders\Blacksmith\largefencing.cfg".
         Copying file from "C:\RunUO\RunUO\Data\Bulk Orders\Blacksmith\largemaces.cfg" to "C:\RunUO\RunUO\Distribution\Debug\net8.0\Data\Bulk Orders\Blacksmith\largemaces.cfg".
         Copying file from "C:\RunUO\RunUO\Data\Bulk Orders\Blacksmith\largepolearms.cfg" to "C:\RunUO\RunUO\Distribution\Debug\net8.0\Data\Bulk Orders\Blacksmith\largepolearms.cfg".
         Copying file from "C:\RunUO\RunUO\Data\Bulk Orders\Blacksmith\largering.cfg" to "C:\RunUO\RunUO\Distribution\Debug\net8.0\Data\Bulk Orders\Blacksmith\largering.cfg".
         Copying file from "C:\RunUO\RunUO\Data\Bulk Orders\Blacksmith\weapons.cfg" to "C:\RunUO\RunUO\Distribution\Debug\net8.0\Data\Bulk Orders\Blacksmith\weapons.cfg".
         Copying file from "C:\RunUO\RunUO\Data\Bulk Orders\Blacksmith\largeswords.cfg" to "C:\RunUO\RunUO\Distribution\Debug\net8.0\Data\Bulk Orders\Blacksmith\largeswords.cfg".
         Copying file from "C:\RunUO\RunUO\Data\Bulk Orders\Tailoring\boneset.cfg" to "C:\RunUO\RunUO\Distribution\Debug\net8.0\Data\Bulk Orders\Tailoring\boneset.cfg".
         Copying file from "C:\RunUO\RunUO\Data\Bulk Orders\Tailoring\cloth.cfg" to "C:\RunUO\RunUO\Distribution\Debug\net8.0\Data\Bulk Orders\Tailoring\cloth.cfg".
         Copying file from "C:\RunUO\RunUO\Data\Bulk Orders\Tailoring\farmer.cfg" to "C:\RunUO\RunUO\Distribution\Debug\net8.0\Data\Bulk Orders\Tailoring\farmer.cfg".
         Copying file from "C:\RunUO\RunUO\Data\Bulk Orders\Tailoring\femaleleatherset.cfg" to "C:\RunUO\RunUO\Distribution\Debug\net8.0\Data\Bulk Orders\Tailoring\femaleleatherset.cfg".
         Copying file from "C:\RunUO\RunUO\Data\Bulk Orders\Tailoring\fishergirl.cfg" to "C:\RunUO\RunUO\Distribution\Debug\net8.0\Data\Bulk Orders\Tailoring\fishergirl.cfg".
         Copying file from "C:\RunUO\RunUO\Data\Bulk Orders\Tailoring\gypsy.cfg" to "C:\RunUO\RunUO\Distribution\Debug\net8.0\Data\Bulk Orders\Tailoring\gypsy.cfg".
         Copying file from "C:\RunUO\RunUO\Data\Bulk Orders\Tailoring\hatset.cfg" to "C:\RunUO\RunUO\Distribution\Debug\net8.0\Data\Bulk Orders\Tailoring\hatset.cfg".
         Copying file from "C:\RunUO\RunUO\Data\Bulk Orders\Tailoring\jester.cfg" to "C:\RunUO\RunUO\Distribution\Debug\net8.0\Data\Bulk Orders\Tailoring\jester.cfg".
         Copying file from "C:\RunUO\RunUO\Data\Bulk Orders\Tailoring\lady.cfg" to "C:\RunUO\RunUO\Distribution\Debug\net8.0\Data\Bulk Orders\Tailoring\lady.cfg".
         Copying file from "C:\RunUO\RunUO\Data\Bulk Orders\Tailoring\leather.cfg" to "C:\RunUO\RunUO\Distribution\Debug\net8.0\Data\Bulk Orders\Tailoring\leather.cfg".
         Copying file from "C:\RunUO\RunUO\Data\Bulk Orders\Tailoring\maleleatherset.cfg" to "C:\RunUO\RunUO\Distribution\Debug\net8.0\Data\Bulk Orders\Tailoring\maleleatherset.cfg".
         Copying file from "C:\RunUO\RunUO\Data\Bulk Orders\Tailoring\pirate.cfg" to "C:\RunUO\RunUO\Distribution\Debug\net8.0\Data\Bulk Orders\Tailoring\pirate.cfg".
         Copying file from "C:\RunUO\RunUO\Data\Bulk Orders\Tailoring\shoeset.cfg" to "C:\RunUO\RunUO\Distribution\Debug\net8.0\Data\Bulk Orders\Tailoring\shoeset.cfg".
         Copying file from "C:\RunUO\RunUO\Data\Bulk Orders\Tailoring\studdedset.cfg" to "C:\RunUO\RunUO\Distribution\Debug\net8.0\Data\Bulk Orders\Tailoring\studdedset.cfg".
         Copying file from "C:\RunUO\RunUO\Data\Bulk Orders\Tailoring\towncrier.cfg" to "C:\RunUO\RunUO\Distribution\Debug\net8.0\Data\Bulk Orders\Tailoring\towncrier.cfg".
         Copying file from "C:\RunUO\RunUO\Data\Bulk Orders\Tailoring\wizard.cfg" to "C:\RunUO\RunUO\Distribution\Debug\net8.0\Data\Bulk Orders\Tailoring\wizard.cfg".
         Copying file from "C:\RunUO\RunUO\Data\Common.map" to "C:\RunUO\RunUO\Distribution\Debug\net8.0\Data\Common.map".
         Copying file from "C:\RunUO\RunUO\Data\Components\doors.txt" to "C:\RunUO\RunUO\Distribution\Debug\net8.0\Data\Components\doors.txt".
         Copying file from "C:\RunUO\RunUO\Data\Components\floors.txt" to "C:\RunUO\RunUO\Distribution\Debug\net8.0\Data\Components\floors.txt".
         Copying file from "C:\RunUO\RunUO\Data\Components\misc.txt" to "C:\RunUO\RunUO\Distribution\Debug\net8.0\Data\Components\misc.txt".
         Copying file from "C:\RunUO\RunUO\Data\Components\roof.txt" to "C:\RunUO\RunUO\Distribution\Debug\net8.0\Data\Components\roof.txt".
         Copying file from "C:\RunUO\RunUO\Data\Components\stairs.txt" to "C:\RunUO\RunUO\Distribution\Debug\net8.0\Data\Components\stairs.txt".
         Copying file from "C:\RunUO\RunUO\Data\Components\suppinfo.txt" to "C:\RunUO\RunUO\Distribution\Debug\net8.0\Data\Components\suppinfo.txt".
         Copying file from "C:\RunUO\RunUO\Data\Components\teleprts.txt" to "C:\RunUO\RunUO\Distribution\Debug\net8.0\Data\Components\teleprts.txt".
         Copying file from "C:\RunUO\RunUO\Data\Components\walls.txt" to "C:\RunUO\RunUO\Distribution\Debug\net8.0\Data\Components\walls.txt".
         Copying file from "C:\RunUO\RunUO\Data\containers.cfg" to "C:\RunUO\RunUO\Distribution\Debug\net8.0\Data\containers.cfg".
         Copying file from "C:\RunUO\RunUO\Data\Decoration\Britannia\britain.cfg" to "C:\RunUO\RunUO\Distribution\Debug\net8.0\Data\Decoration\Britannia\britain.cfg".
         Copying file from "C:\RunUO\RunUO\Data\Decoration\Britannia\bucs.cfg" to "C:\RunUO\RunUO\Distribution\Debug\net8.0\Data\Decoration\Britannia\bucs.cfg".
         Copying file from "C:\RunUO\RunUO\Data\Decoration\Britannia\bucsportal.cfg" to "C:\RunUO\RunUO\Distribution\Debug\net8.0\Data\Decoration\Britannia\bucsportal.cfg".
         Copying file from "C:\RunUO\RunUO\Data\Decoration\Britannia\delucia.cfg" to "C:\RunUO\RunUO\Distribution\Debug\net8.0\Data\Decoration\Britannia\delucia.cfg".
         Copying file from "C:\RunUO\RunUO\Data\Decoration\Britannia\cove.cfg" to "C:\RunUO\RunUO\Distribution\Debug\net8.0\Data\Decoration\Britannia\cove.cfg".
         Copying file from "C:\RunUO\RunUO\Data\Decoration\Britannia\despise.cfg" to "C:\RunUO\RunUO\Distribution\Debug\net8.0\Data\Decoration\Britannia\despise.cfg".
         Copying file from "C:\RunUO\RunUO\Data\Decoration\Britannia\destard.cfg" to "C:\RunUO\RunUO\Distribution\Debug\net8.0\Data\Decoration\Britannia\destard.cfg".
         Copying file from "C:\RunUO\RunUO\Data\Decoration\Britannia\hythloth.cfg" to "C:\RunUO\RunUO\Distribution\Debug\net8.0\Data\Decoration\Britannia\hythloth.cfg".
         Copying file from "C:\RunUO\RunUO\Data\Decoration\Britannia\jhelom.cfg" to "C:\RunUO\RunUO\Distribution\Debug\net8.0\Data\Decoration\Britannia\jhelom.cfg".
         Copying file from "C:\RunUO\RunUO\Data\Decoration\Britannia\minoc.cfg" to "C:\RunUO\RunUO\Distribution\Debug\net8.0\Data\Decoration\Britannia\minoc.cfg".
         Copying file from "C:\RunUO\RunUO\Data\Decoration\Britannia\magincia.cfg" to "C:\RunUO\RunUO\Distribution\Debug\net8.0\Data\Decoration\Britannia\magincia.cfg".
         Copying file from "C:\RunUO\RunUO\Data\Decoration\Britannia\moonglow.cfg" to "C:\RunUO\RunUO\Distribution\Debug\net8.0\Data\Decoration\Britannia\moonglow.cfg".
         Copying file from "C:\RunUO\RunUO\Data\Decoration\Britannia\nujelm.cfg" to "C:\RunUO\RunUO\Distribution\Debug\net8.0\Data\Decoration\Britannia\nujelm.cfg".
         Copying file from "C:\RunUO\RunUO\Data\Decoration\Britannia\papua.cfg" to "C:\RunUO\RunUO\Distribution\Debug\net8.0\Data\Decoration\Britannia\papua.cfg".
         Copying file from "C:\RunUO\RunUO\Data\Decoration\Britannia\serpent pillars.cfg" to "C:\RunUO\RunUO\Distribution\Debug\net8.0\Data\Decoration\Britannia\serpent pillars.cfg".
         Copying file from "C:\RunUO\RunUO\Data\Decoration\Britannia\patches.cfg" to "C:\RunUO\RunUO\Distribution\Debug\net8.0\Data\Decoration\Britannia\patches.cfg".
         Copying file from "C:\RunUO\RunUO\Data\Decoration\Britannia\serpentshold.cfg" to "C:\RunUO\RunUO\Distribution\Debug\net8.0\Data\Decoration\Britannia\serpentshold.cfg".
         Copying file from "C:\RunUO\RunUO\Data\Decoration\Britannia\shame.cfg" to "C:\RunUO\RunUO\Distribution\Debug\net8.0\Data\Decoration\Britannia\shame.cfg".
         Copying file from "C:\RunUO\RunUO\Data\Decoration\Britannia\shrines.cfg" to "C:\RunUO\RunUO\Distribution\Debug\net8.0\Data\Decoration\Britannia\shrines.cfg".
         Copying file from "C:\RunUO\RunUO\Data\Decoration\Britannia\skara.cfg" to "C:\RunUO\RunUO\Distribution\Debug\net8.0\Data\Decoration\Britannia\skara.cfg".
         Copying file from "C:\RunUO\RunUO\Data\Decoration\Britannia\solen matriarch quest.cfg" to "C:\RunUO\RunUO\Distribution\Debug\net8.0\Data\Decoration\Britannia\solen matriarch quest.cfg".
         Copying file from "C:\RunUO\RunUO\Data\Decoration\Britannia\study of solen quest.cfg" to "C:\RunUO\RunUO\Distribution\Debug\net8.0\Data\Decoration\Britannia\study of solen quest.cfg".
         Copying file from "C:\RunUO\RunUO\Data\Decoration\Britannia\trinsic.cfg" to "C:\RunUO\RunUO\Distribution\Debug\net8.0\Data\Decoration\Britannia\trinsic.cfg".
         Copying file from "C:\RunUO\RunUO\Data\Decoration\Britannia\vesper.cfg" to "C:\RunUO\RunUO\Distribution\Debug\net8.0\Data\Decoration\Britannia\vesper.cfg".
         Copying file from "C:\RunUO\RunUO\Data\Decoration\Britannia\wind.cfg" to "C:\RunUO\RunUO\Distribution\Debug\net8.0\Data\Decoration\Britannia\wind.cfg".
         Copying file from "C:\RunUO\RunUO\Data\Decoration\Britannia\witch apprentice quest.cfg" to "C:\RunUO\RunUO\Distribution\Debug\net8.0\Data\Decoration\Britannia\witch apprentice quest.cfg".
         Copying file from "C:\RunUO\RunUO\Data\Decoration\Britannia\_covetous.cfg" to "C:\RunUO\RunUO\Distribution\Debug\net8.0\Data\Decoration\Britannia\_covetous.cfg".
         Copying file from "C:\RunUO\RunUO\Data\Decoration\Britannia\yew.cfg" to "C:\RunUO\RunUO\Distribution\Debug\net8.0\Data\Decoration\Britannia\yew.cfg".
         Copying file from "C:\RunUO\RunUO\Data\Decoration\Britannia\_deceit.cfg" to "C:\RunUO\RunUO\Distribution\Debug\net8.0\Data\Decoration\Britannia\_deceit.cfg".
         Copying file from "C:\RunUO\RunUO\Data\Decoration\Britannia\_despise.cfg" to "C:\RunUO\RunUO\Distribution\Debug\net8.0\Data\Decoration\Britannia\_despise.cfg".
         Copying file from "C:\RunUO\RunUO\Data\Decoration\Britannia\_destard.cfg" to "C:\RunUO\RunUO\Distribution\Debug\net8.0\Data\Decoration\Britannia\_destard.cfg".
         Copying file from "C:\RunUO\RunUO\Data\Decoration\Britannia\_fire.cfg" to "C:\RunUO\RunUO\Distribution\Debug\net8.0\Data\Decoration\Britannia\_fire.cfg".
         Copying file from "C:\RunUO\RunUO\Data\Decoration\Britannia\_hedgemaze.cfg" to "C:\RunUO\RunUO\Distribution\Debug\net8.0\Data\Decoration\Britannia\_hedgemaze.cfg".
         Copying file from "C:\RunUO\RunUO\Data\Decoration\Britannia\_hythloth.cfg" to "C:\RunUO\RunUO\Distribution\Debug\net8.0\Data\Decoration\Britannia\_hythloth.cfg".
         Copying file from "C:\RunUO\RunUO\Data\Decoration\Britannia\_ice.cfg" to "C:\RunUO\RunUO\Distribution\Debug\net8.0\Data\Decoration\Britannia\_ice.cfg".
         Copying file from "C:\RunUO\RunUO\Data\Decoration\Britannia\_orccave.cfg" to "C:\RunUO\RunUO\Distribution\Debug\net8.0\Data\Decoration\Britannia\_orccave.cfg".
         Copying file from "C:\RunUO\RunUO\Data\Decoration\Britannia\_shame.cfg" to "C:\RunUO\RunUO\Distribution\Debug\net8.0\Data\Decoration\Britannia\_shame.cfg".
         Copying file from "C:\RunUO\RunUO\Data\Decoration\Britannia\_terathankeep.cfg" to "C:\RunUO\RunUO\Distribution\Debug\net8.0\Data\Decoration\Britannia\_terathankeep.cfg".
         Copying file from "C:\RunUO\RunUO\Data\Decoration\Britannia\_wrong.cfg" to "C:\RunUO\RunUO\Distribution\Debug\net8.0\Data\Decoration\Britannia\_wrong.cfg".
         Copying file from "C:\RunUO\RunUO\Data\Decoration\Felucca\ambitious solen queen quest.cfg" to "C:\RunUO\RunUO\Distribution\Debug\net8.0\Data\Decoration\Felucca\ambitious solen queen quest.cfg".
         Copying file from "C:\RunUO\RunUO\Data\Decoration\Felucca\khaldun entrance.cfg" to "C:\RunUO\RunUO\Distribution\Debug\net8.0\Data\Decoration\Felucca\khaldun entrance.cfg".
         Copying file from "C:\RunUO\RunUO\Data\Decoration\Felucca\khaldun.cfg" to "C:\RunUO\RunUO\Distribution\Debug\net8.0\Data\Decoration\Felucca\khaldun.cfg".
         Copying file from "C:\RunUO\RunUO\Data\Decoration\Felucca\ocllo.cfg" to "C:\RunUO\RunUO\Distribution\Debug\net8.0\Data\Decoration\Felucca\ocllo.cfg".
         Copying file from "C:\RunUO\RunUO\Data\Decoration\Felucca\solen matriarch quest.cfg" to "C:\RunUO\RunUO\Distribution\Debug\net8.0\Data\Decoration\Felucca\solen matriarch quest.cfg".
         Copying file from "C:\RunUO\RunUO\Data\Decoration\Felucca\yew.cfg" to "C:\RunUO\RunUO\Distribution\Debug\net8.0\Data\Decoration\Felucca\yew.cfg".
         Copying file from "C:\RunUO\RunUO\Data\Decoration\Felucca\_champion teleporters.cfg" to "C:\RunUO\RunUO\Distribution\Debug\net8.0\Data\Decoration\Felucca\_champion teleporters.cfg".
         Copying file from "C:\RunUO\RunUO\Data\Decoration\Felucca\_star room.cfg" to "C:\RunUO\RunUO\Distribution\Debug\net8.0\Data\Decoration\Felucca\_star room.cfg".
         Copying file from "C:\RunUO\RunUO\Data\Decoration\Ilshenar\camp2.cfg" to "C:\RunUO\RunUO\Distribution\Debug\net8.0\Data\Decoration\Ilshenar\camp2.cfg".
         Copying file from "C:\RunUO\RunUO\Data\Decoration\Ilshenar\camp.cfg" to "C:\RunUO\RunUO\Distribution\Debug\net8.0\Data\Decoration\Ilshenar\camp.cfg".
         Copying file from "C:\RunUO\RunUO\Data\Decoration\Ilshenar\enslavedgargs.cfg" to "C:\RunUO\RunUO\Distribution\Debug\net8.0\Data\Decoration\Ilshenar\enslavedgargs.cfg".
         Copying file from "C:\RunUO\RunUO\Data\Decoration\Ilshenar\golemsandjukas.cfg" to "C:\RunUO\RunUO\Distribution\Debug\net8.0\Data\Decoration\Ilshenar\golemsandjukas.cfg".
         Copying file from "C:\RunUO\RunUO\Data\Decoration\Ilshenar\lakeshire.cfg" to "C:\RunUO\RunUO\Distribution\Debug\net8.0\Data\Decoration\Ilshenar\lakeshire.cfg".
         Copying file from "C:\RunUO\RunUO\Data\Decoration\Ilshenar\gargoylecity.cfg" to "C:\RunUO\RunUO\Distribution\Debug\net8.0\Data\Decoration\Ilshenar\gargoylecity.cfg".
         Copying file from "C:\RunUO\RunUO\Data\Decoration\Ilshenar\meercatacombs.cfg" to "C:\RunUO\RunUO\Distribution\Debug\net8.0\Data\Decoration\Ilshenar\meercatacombs.cfg".
         Copying file from "C:\RunUO\RunUO\Data\Decoration\Ilshenar\misc.cfg" to "C:\RunUO\RunUO\Distribution\Debug\net8.0\Data\Decoration\Ilshenar\misc.cfg".
         Copying file from "C:\RunUO\RunUO\Data\Decoration\Ilshenar\mistas.cfg" to "C:\RunUO\RunUO\Distribution\Debug\net8.0\Data\Decoration\Ilshenar\mistas.cfg".
         Copying file from "C:\RunUO\RunUO\Data\Decoration\Ilshenar\patches.cfg" to "C:\RunUO\RunUO\Distribution\Debug\net8.0\Data\Decoration\Ilshenar\patches.cfg".
         Copying file from "C:\RunUO\RunUO\Data\Decoration\Ilshenar\ratfortress.cfg" to "C:\RunUO\RunUO\Distribution\Debug\net8.0\Data\Decoration\Ilshenar\ratfortress.cfg".
         Copying file from "C:\RunUO\RunUO\Data\Decoration\Ilshenar\savagecamp.cfg" to "C:\RunUO\RunUO\Distribution\Debug\net8.0\Data\Decoration\Ilshenar\savagecamp.cfg".
         Copying file from "C:\RunUO\RunUO\Data\Decoration\Ilshenar\shrines.cfg" to "C:\RunUO\RunUO\Distribution\Debug\net8.0\Data\Decoration\Ilshenar\shrines.cfg".
         Copying file from "C:\RunUO\RunUO\Data\Decoration\Ilshenar\vinculuminn.cfg" to "C:\RunUO\RunUO\Distribution\Debug\net8.0\Data\Decoration\Ilshenar\vinculuminn.cfg".
         Copying file from "C:\RunUO\RunUO\Data\Decoration\Ilshenar\wispdungeon.cfg" to "C:\RunUO\RunUO\Distribution\Debug\net8.0\Data\Decoration\Ilshenar\wispdungeon.cfg".
         Copying file from "C:\RunUO\RunUO\Data\Decoration\Ilshenar\_central.cfg" to "C:\RunUO\RunUO\Distribution\Debug\net8.0\Data\Decoration\Ilshenar\_central.cfg".
         Copying file from "C:\RunUO\RunUO\Data\Decoration\Ilshenar\_blood.cfg" to "C:\RunUO\RunUO\Distribution\Debug\net8.0\Data\Decoration\Ilshenar\_blood.cfg".
         Copying file from "C:\RunUO\RunUO\Data\Decoration\Ilshenar\_exodus.cfg" to "C:\RunUO\RunUO\Distribution\Debug\net8.0\Data\Decoration\Ilshenar\_exodus.cfg".
         Copying file from "C:\RunUO\RunUO\Data\Decoration\Ilshenar\_gwenno.cfg" to "C:\RunUO\RunUO\Distribution\Debug\net8.0\Data\Decoration\Ilshenar\_gwenno.cfg".
         Copying file from "C:\RunUO\RunUO\Data\Decoration\Ilshenar\_ratcave.cfg" to "C:\RunUO\RunUO\Distribution\Debug\net8.0\Data\Decoration\Ilshenar\_ratcave.cfg".
         Copying file from "C:\RunUO\RunUO\Data\Decoration\Ilshenar\_regvolom.cfg" to "C:\RunUO\RunUO\Distribution\Debug\net8.0\Data\Decoration\Ilshenar\_regvolom.cfg".
         Copying file from "C:\RunUO\RunUO\Data\Decoration\Ilshenar\_sheepfarm.cfg" to "C:\RunUO\RunUO\Distribution\Debug\net8.0\Data\Decoration\Ilshenar\_sheepfarm.cfg".
         Copying file from "C:\RunUO\RunUO\Data\Decoration\Ilshenar\_serpentine.cfg" to "C:\RunUO\RunUO\Distribution\Debug\net8.0\Data\Decoration\Ilshenar\_serpentine.cfg".
         Copying file from "C:\RunUO\RunUO\Data\Decoration\Ilshenar\_sorcerers.cfg" to "C:\RunUO\RunUO\Distribution\Debug\net8.0\Data\Decoration\Ilshenar\_sorcerers.cfg".
         Copying file from "C:\RunUO\RunUO\Data\Decoration\Ilshenar\_terortskitas.cfg" to "C:\RunUO\RunUO\Distribution\Debug\net8.0\Data\Decoration\Ilshenar\_terortskitas.cfg".
         Copying file from "C:\RunUO\RunUO\Data\Decoration\Ilshenar\_twinoaks.cfg" to "C:\RunUO\RunUO\Distribution\Debug\net8.0\Data\Decoration\Ilshenar\_twinoaks.cfg".
         Copying file from "C:\RunUO\RunUO\Data\Decoration\Malas\dark tides quest.cfg" to "C:\RunUO\RunUO\Distribution\Debug\net8.0\Data\Decoration\Malas\dark tides quest.cfg".
         Copying file from "C:\RunUO\RunUO\Data\Decoration\Malas\doom.cfg" to "C:\RunUO\RunUO\Distribution\Debug\net8.0\Data\Decoration\Malas\doom.cfg".
         Copying file from "C:\RunUO\RunUO\Data\Decoration\Malas\emino's undertaking quest.cfg" to "C:\RunUO\RunUO\Distribution\Debug\net8.0\Data\Decoration\Malas\emino's undertaking quest.cfg".
         Copying file from "C:\RunUO\RunUO\Data\Decoration\Malas\haochi's trials quest.cfg" to "C:\RunUO\RunUO\Distribution\Debug\net8.0\Data\Decoration\Malas\haochi's trials quest.cfg".
         Copying file from "C:\RunUO\RunUO\Data\Decoration\Malas\luna.cfg" to "C:\RunUO\RunUO\Distribution\Debug\net8.0\Data\Decoration\Malas\luna.cfg".
         Copying file from "C:\RunUO\RunUO\Data\Decoration\Malas\summoning quest.cfg" to "C:\RunUO\RunUO\Distribution\Debug\net8.0\Data\Decoration\Malas\summoning quest.cfg".
         Copying file from "C:\RunUO\RunUO\Data\Decoration\Malas\markcontainers.cfg" to "C:\RunUO\RunUO\Distribution\Debug\net8.0\Data\Decoration\Malas\markcontainers.cfg".
         Copying file from "C:\RunUO\RunUO\Data\Decoration\Malas\_luna.cfg" to "C:\RunUO\RunUO\Distribution\Debug\net8.0\Data\Decoration\Malas\_luna.cfg".
         Copying file from "C:\RunUO\RunUO\Data\Decoration\Malas\_umbra.cfg" to "C:\RunUO\RunUO\Distribution\Debug\net8.0\Data\Decoration\Malas\_umbra.cfg".
         Copying file from "C:\RunUO\RunUO\Data\Decoration\RuinedMaginciaFel\Mag-Fel.cfg" to "C:\RunUO\RunUO\Distribution\Debug\net8.0\Data\Decoration\RuinedMaginciaFel\Mag-Fel.cfg".
         Copying file from "C:\RunUO\RunUO\Data\Decoration\RuinedMaginciaTram\Mag-Tram.cfg" to "C:\RunUO\RunUO\Distribution\Debug\net8.0\Data\Decoration\RuinedMaginciaTram\Mag-Tram.cfg".
         Copying file from "C:\RunUO\RunUO\Data\Decoration\Tokuno\terrible hatchlings quest.cfg" to "C:\RunUO\RunUO\Distribution\Debug\net8.0\Data\Decoration\Tokuno\terrible hatchlings quest.cfg".
         Copying file from "C:\RunUO\RunUO\Data\Decoration\Tokuno\tokuno.cfg" to "C:\RunUO\RunUO\Distribution\Debug\net8.0\Data\Decoration\Tokuno\tokuno.cfg".
         Copying file from "C:\RunUO\RunUO\Data\Decoration\Tokuno\treasures of tokuno.cfg" to "C:\RunUO\RunUO\Distribution\Debug\net8.0\Data\Decoration\Tokuno\treasures of tokuno.cfg".
         Copying file from "C:\RunUO\RunUO\Data\Decoration\Trammel\ambitious solen queen quest.cfg" to "C:\RunUO\RunUO\Distribution\Debug\net8.0\Data\Decoration\Trammel\ambitious solen queen quest.cfg".
         Copying file from "C:\RunUO\RunUO\Data\Decoration\Trammel\collector quest.cfg" to "C:\RunUO\RunUO\Distribution\Debug\net8.0\Data\Decoration\Trammel\collector quest.cfg".
         Copying file from "C:\RunUO\RunUO\Data\Decoration\Trammel\haven.cfg" to "C:\RunUO\RunUO\Distribution\Debug\net8.0\Data\Decoration\Trammel\haven.cfg".
         Copying file from "C:\RunUO\RunUO\Data\Decoration\Trammel\magincia.cfg" to "C:\RunUO\RunUO\Distribution\Debug\net8.0\Data\Decoration\Trammel\magincia.cfg".
         Copying file from "C:\RunUO\RunUO\Data\Decoration\Trammel\solen matriarch quest.cfg" to "C:\RunUO\RunUO\Distribution\Debug\net8.0\Data\Decoration\Trammel\solen matriarch quest.cfg".
         Copying file from "C:\RunUO\RunUO\Data\Decoration\Trammel\uzeraan turmoil quest.cfg" to "C:\RunUO\RunUO\Distribution\Debug\net8.0\Data\Decoration\Trammel\uzeraan turmoil quest.cfg".
         Copying file from "C:\RunUO\RunUO\Data\Decoration\Trammel\yew.cfg" to "C:\RunUO\RunUO\Distribution\Debug\net8.0\Data\Decoration\Trammel\yew.cfg".
         Copying file from "C:\RunUO\RunUO\Data\Decoration\Trammel\_haven additions.cfg" to "C:\RunUO\RunUO\Distribution\Debug\net8.0\Data\Decoration\Trammel\_haven additions.cfg".
         Copying file from "C:\RunUO\RunUO\Data\Decoration\Trammel\_minoc camp.cfg" to "C:\RunUO\RunUO\Distribution\Debug\net8.0\Data\Decoration\Trammel\_minoc camp.cfg".
         Copying file from "C:\RunUO\RunUO\Data\items.cfg" to "C:\RunUO\RunUO\Distribution\Debug\net8.0\Data\items.cfg".
         Copying file from "C:\RunUO\RunUO\Data\Locations\felucca.xml" to "C:\RunUO\RunUO\Distribution\Debug\net8.0\Data\Locations\felucca.xml".
         Copying file from "C:\RunUO\RunUO\Data\Locations\ilshenar.xml" to "C:\RunUO\RunUO\Distribution\Debug\net8.0\Data\Locations\ilshenar.xml".
         Copying file from "C:\RunUO\RunUO\Data\Locations\malas.xml" to "C:\RunUO\RunUO\Distribution\Debug\net8.0\Data\Locations\malas.xml".
         Copying file from "C:\RunUO\RunUO\Data\Locations\tokuno.xml" to "C:\RunUO\RunUO\Distribution\Debug\net8.0\Data\Locations\tokuno.xml".
         Copying file from "C:\RunUO\RunUO\Data\Locations\trammel.xml" to "C:\RunUO\RunUO\Distribution\Debug\net8.0\Data\Locations\trammel.xml".
         Copying file from "C:\RunUO\RunUO\Data\MLQuests.cfg" to "C:\RunUO\RunUO\Distribution\Debug\net8.0\Data\MLQuests.cfg".
         Copying file from "C:\RunUO\RunUO\Data\mobiles.cfg" to "C:\RunUO\RunUO\Distribution\Debug\net8.0\Data\mobiles.cfg".
         Copying file from "C:\RunUO\RunUO\Data\names.xml" to "C:\RunUO\RunUO\Distribution\Debug\net8.0\Data\names.xml".
         Copying file from "C:\RunUO\RunUO\Data\objects.xml" to "C:\RunUO\RunUO\Distribution\Debug\net8.0\Data\objects.xml".
         Copying file from "C:\RunUO\RunUO\Data\pageresponse.cfg" to "C:\RunUO\RunUO\Distribution\Debug\net8.0\Data\pageresponse.cfg".
         Copying file from "C:\RunUO\RunUO\Data\Regions.xml" to "C:\RunUO\RunUO\Distribution\Debug\net8.0\Data\Regions.xml".
         Copying file from "C:\RunUO\RunUO\Data\shrink.cfg" to "C:\RunUO\RunUO\Distribution\Debug\net8.0\Data\shrink.cfg".
         Copying file from "C:\RunUO\RunUO\Data\signs.cfg" to "C:\RunUO\RunUO\Distribution\Debug\net8.0\Data\signs.cfg".
         Copying file from "C:\RunUO\RunUO\Data\SpawnDefinitions.xml" to "C:\RunUO\RunUO\Distribution\Debug\net8.0\Data\SpawnDefinitions.xml".
         Copying file from "C:\RunUO\RunUO\Data\treasure.cfg" to "C:\RunUO\RunUO\Distribution\Debug\net8.0\Data\treasure.cfg".
         Copying file from "C:\RunUO\RunUO\Scripts\Accounting\AccessRestrictions.cs" to "C:\RunUO\RunUO\Distribution\Debug\net8.0\Scripts\Accounting\AccessRestrictions.cs".
         Copying file from "C:\RunUO\RunUO\Scripts\Accounting\Account.cs" to "C:\RunUO\RunUO\Distribution\Debug\net8.0\Scripts\Accounting\Account.cs".
         Copying file from "C:\RunUO\RunUO\Scripts\Accounting\AccountAttackLimiter.cs" to "C:\RunUO\RunUO\Distribution\Debug\net8.0\Scripts\Accounting\AccountAttackLimiter.cs".
         Copying file from "C:\RunUO\RunUO\Scripts\Accounting\AccountComment.cs" to "C:\RunUO\RunUO\Distribution\Debug\net8.0\Scripts\Accounting\AccountComment.cs".
         Copying file from "C:\RunUO\RunUO\Scripts\Accounting\Accounts.cs" to "C:\RunUO\RunUO\Distribution\Debug\net8.0\Scripts\Accounting\Accounts.cs".
         Copying file from "C:\RunUO\RunUO\Scripts\Accounting\AccountHandler.cs" to "C:\RunUO\RunUO\Distribution\Debug\net8.0\Scripts\Accounting\AccountHandler.cs".
         Copying file from "C:\RunUO\RunUO\Scripts\Accounting\AccountTag.cs" to "C:\RunUO\RunUO\Distribution\Debug\net8.0\Scripts\Accounting\AccountTag.cs".
         Copying file from "C:\RunUO\RunUO\Scripts\Accounting\Firewall.cs" to "C:\RunUO\RunUO\Distribution\Debug\net8.0\Scripts\Accounting\Firewall.cs".
         Copying file from "C:\RunUO\RunUO\Scripts\Accounting\IPLimiter.cs" to "C:\RunUO\RunUO\Distribution\Debug\net8.0\Scripts\Accounting\IPLimiter.cs".
         Copying file from "C:\RunUO\RunUO\Scripts\Commands\Add.cs" to "C:\RunUO\RunUO\Distribution\Debug\net8.0\Scripts\Commands\Add.cs".
         Copying file from "C:\RunUO\RunUO\Scripts\Commands\Attributes.cs" to "C:\RunUO\RunUO\Distribution\Debug\net8.0\Scripts\Commands\Attributes.cs".
         Copying file from "C:\RunUO\RunUO\Scripts\Commands\Batch.cs" to "C:\RunUO\RunUO\Distribution\Debug\net8.0\Scripts\Commands\Batch.cs".
         Copying file from "C:\RunUO\RunUO\Scripts\Commands\BoundingBoxPicker.cs" to "C:\RunUO\RunUO\Distribution\Debug\net8.0\Scripts\Commands\BoundingBoxPicker.cs".
         Copying file from "C:\RunUO\RunUO\Scripts\Commands\ConvertPlayers.cs" to "C:\RunUO\RunUO\Distribution\Debug\net8.0\Scripts\Commands\ConvertPlayers.cs".
         Copying file from "C:\RunUO\RunUO\Scripts\Commands\Decorate.cs" to "C:\RunUO\RunUO\Distribution\Debug\net8.0\Scripts\Commands\Decorate.cs".
         Copying file from "C:\RunUO\RunUO\Scripts\Commands\DecorateMag.cs" to "C:\RunUO\RunUO\Distribution\Debug\net8.0\Scripts\Commands\DecorateMag.cs".
         Copying file from "C:\RunUO\RunUO\Scripts\Commands\Docs.cs" to "C:\RunUO\RunUO\Distribution\Debug\net8.0\Scripts\Commands\Docs.cs".
         Copying file from "C:\RunUO\RunUO\Scripts\Commands\Dupe.cs" to "C:\RunUO\RunUO\Distribution\Debug\net8.0\Scripts\Commands\Dupe.cs".
         Copying file from "C:\RunUO\RunUO\Scripts\Commands\Generic\Commands\DesignInsert.cs" to "C:\RunUO\RunUO\Distribution\Debug\net8.0\Scripts\Commands\Generic\Commands\DesignInsert.cs".
         Copying file from "C:\RunUO\RunUO\Scripts\Commands\Generic\Commands\Commands.cs" to "C:\RunUO\RunUO\Distribution\Debug\net8.0\Scripts\Commands\Generic\Commands\Commands.cs".
         Copying file from "C:\RunUO\RunUO\Scripts\Commands\DragEffects.cs" to "C:\RunUO\RunUO\Distribution\Debug\net8.0\Scripts\Commands\DragEffects.cs".
         Copying file from "C:\RunUO\RunUO\Scripts\Commands\GenCategorization.cs" to "C:\RunUO\RunUO\Distribution\Debug\net8.0\Scripts\Commands\GenCategorization.cs".
         Copying file from "C:\RunUO\RunUO\Scripts\Commands\ExportWSC.cs" to "C:\RunUO\RunUO\Distribution\Debug\net8.0\Scripts\Commands\ExportWSC.cs".
         Copying file from "C:\RunUO\RunUO\Scripts\Commands\Generic\Commands\BaseCommand.cs" to "C:\RunUO\RunUO\Distribution\Debug\net8.0\Scripts\Commands\Generic\Commands\BaseCommand.cs".
         Copying file from "C:\RunUO\RunUO\Scripts\Commands\Generic\Commands\Interface.cs" to "C:\RunUO\RunUO\Distribution\Debug\net8.0\Scripts\Commands\Generic\Commands\Interface.cs".
         Copying file from "C:\RunUO\RunUO\Scripts\Commands\Generic\Extensions\BaseExtension.cs" to "C:\RunUO\RunUO\Distribution\Debug\net8.0\Scripts\Commands\Generic\Extensions\BaseExtension.cs".
         Copying file from "C:\RunUO\RunUO\Scripts\Commands\Generic\Extensions\Compilers\DistinctCompiler.cs" to "C:\RunUO\RunUO\Distribution\Debug\net8.0\Scripts\Commands\Generic\Extensions\Compilers\DistinctCompiler.cs".
         Copying file from "C:\RunUO\RunUO\Scripts\Commands\Generic\Extensions\DistinctExtension.cs" to "C:\RunUO\RunUO\Distribution\Debug\net8.0\Scripts\Commands\Generic\Extensions\DistinctExtension.cs".
         Copying file from "C:\RunUO\RunUO\Scripts\Commands\Generic\Extensions\Compilers\SortCompiler.cs" to "C:\RunUO\RunUO\Distribution\Debug\net8.0\Scripts\Commands\Generic\Extensions\Compilers\SortCompiler.cs".
         Copying file from "C:\RunUO\RunUO\Scripts\Commands\Generic\Extensions\Compilers\ConditionalCompiler.cs" to "C:\RunUO\RunUO\Distribution\Debug\net8.0\Scripts\Commands\Generic\Extensions\Compilers\ConditionalCompiler.cs".
         Copying file from "C:\RunUO\RunUO\Scripts\Commands\Generic\Extensions\LimitExtension.cs" to "C:\RunUO\RunUO\Distribution\Debug\net8.0\Scripts\Commands\Generic\Extensions\LimitExtension.cs".
         Copying file from "C:\RunUO\RunUO\Scripts\Commands\Generic\Extensions\SortExtension.cs" to "C:\RunUO\RunUO\Distribution\Debug\net8.0\Scripts\Commands\Generic\Extensions\SortExtension.cs".
         Copying file from "C:\RunUO\RunUO\Scripts\Commands\Generic\Extensions\WhereExtension.cs" to "C:\RunUO\RunUO\Distribution\Debug\net8.0\Scripts\Commands\Generic\Extensions\WhereExtension.cs".
         Copying file from "C:\RunUO\RunUO\Scripts\Commands\Generic\Implementors\AreaCommandImplementor.cs" to "C:\RunUO\RunUO\Distribution\Debug\net8.0\Scripts\Commands\Generic\Implementors\AreaCommandImplementor.cs".
         Copying file from "C:\RunUO\RunUO\Scripts\Commands\Generic\Implementors\BaseCommandImplementor.cs" to "C:\RunUO\RunUO\Distribution\Debug\net8.0\Scripts\Commands\Generic\Implementors\BaseCommandImplementor.cs".
         Copying file from "C:\RunUO\RunUO\Scripts\Commands\Generic\Implementors\ContainedCommandImplementor.cs" to "C:\RunUO\RunUO\Distribution\Debug\net8.0\Scripts\Commands\Generic\Implementors\ContainedCommandImplementor.cs".
         Copying file from "C:\RunUO\RunUO\Scripts\Commands\Generic\Implementors\FacetCommandImplementor.cs" to "C:\RunUO\RunUO\Distribution\Debug\net8.0\Scripts\Commands\Generic\Implementors\FacetCommandImplementor.cs".
         Copying file from "C:\RunUO\RunUO\Scripts\Commands\Generic\Implementors\GlobalCommandImplementor.cs" to "C:\RunUO\RunUO\Distribution\Debug\net8.0\Scripts\Commands\Generic\Implementors\GlobalCommandImplementor.cs".
         Copying file from "C:\RunUO\RunUO\Scripts\Commands\Generic\Implementors\IPAddressCommandImplementor.cs" to "C:\RunUO\RunUO\Distribution\Debug\net8.0\Scripts\Commands\Generic\Implementors\IPAddressCommandImplementor.cs".
         Copying file from "C:\RunUO\RunUO\Scripts\Commands\Generic\Implementors\MultiCommandImplementor.cs" to "C:\RunUO\RunUO\Distribution\Debug\net8.0\Scripts\Commands\Generic\Implementors\MultiCommandImplementor.cs".
         Copying file from "C:\RunUO\RunUO\Scripts\Commands\Generic\Implementors\ObjectConditional.cs" to "C:\RunUO\RunUO\Distribution\Debug\net8.0\Scripts\Commands\Generic\Implementors\ObjectConditional.cs".
         Copying file from "C:\RunUO\RunUO\Scripts\Commands\Generic\Implementors\OnlineCommandImplementor.cs" to "C:\RunUO\RunUO\Distribution\Debug\net8.0\Scripts\Commands\Generic\Implementors\OnlineCommandImplementor.cs".
         Copying file from "C:\RunUO\RunUO\Scripts\Commands\Generic\Implementors\RangeCommandImplementor.cs" to "C:\RunUO\RunUO\Distribution\Debug\net8.0\Scripts\Commands\Generic\Implementors\RangeCommandImplementor.cs".
         Copying file from "C:\RunUO\RunUO\Scripts\Commands\Generic\Implementors\RegionCommandImplementor.cs" to "C:\RunUO\RunUO\Distribution\Debug\net8.0\Scripts\Commands\Generic\Implementors\RegionCommandImplementor.cs".
         Copying file from "C:\RunUO\RunUO\Scripts\Commands\Generic\Implementors\ScreenCommandImplementor.cs" to "C:\RunUO\RunUO\Distribution\Debug\net8.0\Scripts\Commands\Generic\Implementors\ScreenCommandImplementor.cs".
         Copying file from "C:\RunUO\RunUO\Scripts\Commands\Generic\Implementors\SelfCommandImplementor.cs" to "C:\RunUO\RunUO\Distribution\Debug\net8.0\Scripts\Commands\Generic\Implementors\SelfCommandImplementor.cs".
         Copying file from "C:\RunUO\RunUO\Scripts\Commands\Generic\Implementors\SerialCommandImplementor.cs" to "C:\RunUO\RunUO\Distribution\Debug\net8.0\Scripts\Commands\Generic\Implementors\SerialCommandImplementor.cs".
         Copying file from "C:\RunUO\RunUO\Scripts\Commands\Generic\Implementors\SingleCommandImplementor.cs" to "C:\RunUO\RunUO\Distribution\Debug\net8.0\Scripts\Commands\Generic\Implementors\SingleCommandImplementor.cs".
         Copying file from "C:\RunUO\RunUO\Scripts\Commands\GenTeleporter.cs" to "C:\RunUO\RunUO\Distribution\Debug\net8.0\Scripts\Commands\GenTeleporter.cs".
         Copying file from "C:\RunUO\RunUO\Scripts\Commands\Handlers.cs" to "C:\RunUO\RunUO\Distribution\Debug\net8.0\Scripts\Commands\Handlers.cs".
         Copying file from "C:\RunUO\RunUO\Scripts\Commands\HelpInfo.cs" to "C:\RunUO\RunUO\Distribution\Debug\net8.0\Scripts\Commands\HelpInfo.cs".
         Copying file from "C:\RunUO\RunUO\Scripts\Commands\Logging.cs" to "C:\RunUO\RunUO\Distribution\Debug\net8.0\Scripts\Commands\Logging.cs".
         Copying file from "C:\RunUO\RunUO\Scripts\Commands\Profiling.cs" to "C:\RunUO\RunUO\Distribution\Debug\net8.0\Scripts\Commands\Profiling.cs".
         Copying file from "C:\RunUO\RunUO\Scripts\Commands\Properties.cs" to "C:\RunUO\RunUO\Distribution\Debug\net8.0\Scripts\Commands\Properties.cs".
         Copying file from "C:\RunUO\RunUO\Scripts\Commands\ShardTime.cs" to "C:\RunUO\RunUO\Distribution\Debug\net8.0\Scripts\Commands\ShardTime.cs".
         Copying file from "C:\RunUO\RunUO\Scripts\Commands\SignParser.cs" to "C:\RunUO\RunUO\Distribution\Debug\net8.0\Scripts\Commands\SignParser.cs".
         Copying file from "C:\RunUO\RunUO\Scripts\Commands\Skills.cs" to "C:\RunUO\RunUO\Distribution\Debug\net8.0\Scripts\Commands\Skills.cs".
         Copying file from "C:\RunUO\RunUO\Scripts\Commands\SkillsMenu.cs" to "C:\RunUO\RunUO\Distribution\Debug\net8.0\Scripts\Commands\SkillsMenu.cs".
         Copying file from "C:\RunUO\RunUO\Scripts\Commands\Statics.cs" to "C:\RunUO\RunUO\Distribution\Debug\net8.0\Scripts\Commands\Statics.cs".
         Copying file from "C:\RunUO\RunUO\Scripts\Commands\VisibilityList.cs" to "C:\RunUO\RunUO\Distribution\Debug\net8.0\Scripts\Commands\VisibilityList.cs".
         Copying file from "C:\RunUO\RunUO\Scripts\Commands\Wipe.cs" to "C:\RunUO\RunUO\Distribution\Debug\net8.0\Scripts\Commands\Wipe.cs".
         Copying file from "C:\RunUO\RunUO\Scripts\Context Menus\AddToParty.cs" to "C:\RunUO\RunUO\Distribution\Debug\net8.0\Scripts\Context Menus\AddToParty.cs".
         Copying file from "C:\RunUO\RunUO\Scripts\Context Menus\AddToSpellbookEntry.cs" to "C:\RunUO\RunUO\Distribution\Debug\net8.0\Scripts\Context Menus\AddToSpellbookEntry.cs".
         Copying file from "C:\RunUO\RunUO\Scripts\Context Menus\EatEntry.cs" to "C:\RunUO\RunUO\Distribution\Debug\net8.0\Scripts\Context Menus\EatEntry.cs".
         Copying file from "C:\RunUO\RunUO\Scripts\Context Menus\EjectPlayer.cs" to "C:\RunUO\RunUO\Distribution\Debug\net8.0\Scripts\Context Menus\EjectPlayer.cs".
         Copying file from "C:\RunUO\RunUO\Scripts\Context Menus\OpenBankEntry.cs" to "C:\RunUO\RunUO\Distribution\Debug\net8.0\Scripts\Context Menus\OpenBankEntry.cs".
         Copying file from "C:\RunUO\RunUO\Scripts\Context Menus\TeachEntry.cs" to "C:\RunUO\RunUO\Distribution\Debug\net8.0\Scripts\Context Menus\TeachEntry.cs".
         Copying file from "C:\RunUO\RunUO\Scripts\Engines\BulkOrders\Books\BOBFilter.cs" to "C:\RunUO\RunUO\Distribution\Debug\net8.0\Scripts\Engines\BulkOrders\Books\BOBFilter.cs".
         Copying file from "C:\RunUO\RunUO\Scripts\Engines\BulkOrders\Books\BOBFilterGump.cs" to "C:\RunUO\RunUO\Distribution\Debug\net8.0\Scripts\Engines\BulkOrders\Books\BOBFilterGump.cs".
         Copying file from "C:\RunUO\RunUO\Scripts\Engines\BulkOrders\Books\BOBGump.cs" to "C:\RunUO\RunUO\Distribution\Debug\net8.0\Scripts\Engines\BulkOrders\Books\BOBGump.cs".
         Copying file from "C:\RunUO\RunUO\Scripts\Engines\BulkOrders\Books\BOBLargeEntry.cs" to "C:\RunUO\RunUO\Distribution\Debug\net8.0\Scripts\Engines\BulkOrders\Books\BOBLargeEntry.cs".
         Copying file from "C:\RunUO\RunUO\Scripts\Engines\BulkOrders\Books\BOBLargeSubEntry.cs" to "C:\RunUO\RunUO\Distribution\Debug\net8.0\Scripts\Engines\BulkOrders\Books\BOBLargeSubEntry.cs".
         Copying file from "C:\RunUO\RunUO\Scripts\Engines\BulkOrders\Books\BOBSmallEntry.cs" to "C:\RunUO\RunUO\Distribution\Debug\net8.0\Scripts\Engines\BulkOrders\Books\BOBSmallEntry.cs".
         Copying file from "C:\RunUO\RunUO\Scripts\Engines\BulkOrders\Books\BODBuyGump.cs" to "C:\RunUO\RunUO\Distribution\Debug\net8.0\Scripts\Engines\BulkOrders\Books\BODBuyGump.cs".
         Copying file from "C:\RunUO\RunUO\Scripts\Engines\BulkOrders\Books\BODType.cs" to "C:\RunUO\RunUO\Distribution\Debug\net8.0\Scripts\Engines\BulkOrders\Books\BODType.cs".
         Copying file from "C:\RunUO\RunUO\Scripts\Engines\BulkOrders\Books\BulkOrderBook.cs" to "C:\RunUO\RunUO\Distribution\Debug\net8.0\Scripts\Engines\BulkOrders\Books\BulkOrderBook.cs".
         Copying file from "C:\RunUO\RunUO\Scripts\Engines\BulkOrders\LargeBOD.cs" to "C:\RunUO\RunUO\Distribution\Debug\net8.0\Scripts\Engines\BulkOrders\LargeBOD.cs".
         Copying file from "C:\RunUO\RunUO\Scripts\Engines\BulkOrders\BulkMaterialType.cs" to "C:\RunUO\RunUO\Distribution\Debug\net8.0\Scripts\Engines\BulkOrders\BulkMaterialType.cs".
         Copying file from "C:\RunUO\RunUO\Scripts\Engines\BulkOrders\LargeBODAcceptGump.cs" to "C:\RunUO\RunUO\Distribution\Debug\net8.0\Scripts\Engines\BulkOrders\LargeBODAcceptGump.cs".
         Copying file from "C:\RunUO\RunUO\Scripts\Engines\BulkOrders\LargeBODGump.cs" to "C:\RunUO\RunUO\Distribution\Debug\net8.0\Scripts\Engines\BulkOrders\LargeBODGump.cs".
         Copying file from "C:\RunUO\RunUO\Scripts\Engines\BulkOrders\LargeBODTarget.cs" to "C:\RunUO\RunUO\Distribution\Debug\net8.0\Scripts\Engines\BulkOrders\LargeBODTarget.cs".
         Copying file from "C:\RunUO\RunUO\Scripts\Engines\BulkOrders\LargeBulkEntry.cs" to "C:\RunUO\RunUO\Distribution\Debug\net8.0\Scripts\Engines\BulkOrders\LargeBulkEntry.cs".
         Copying file from "C:\RunUO\RunUO\Scripts\Engines\BulkOrders\LargeSmithBOD.cs" to "C:\RunUO\RunUO\Distribution\Debug\net8.0\Scripts\Engines\BulkOrders\LargeSmithBOD.cs".
         Copying file from "C:\RunUO\RunUO\Scripts\Engines\BulkOrders\LargeTailorBOD.cs" to "C:\RunUO\RunUO\Distribution\Debug\net8.0\Scripts\Engines\BulkOrders\LargeTailorBOD.cs".
         Copying file from "C:\RunUO\RunUO\Scripts\Engines\BulkOrders\Rewards.cs" to "C:\RunUO\RunUO\Distribution\Debug\net8.0\Scripts\Engines\BulkOrders\Rewards.cs".
         Copying file from "C:\RunUO\RunUO\Scripts\Engines\BulkOrders\SmallBOD.cs" to "C:\RunUO\RunUO\Distribution\Debug\net8.0\Scripts\Engines\BulkOrders\SmallBOD.cs".
         Copying file from "C:\RunUO\RunUO\Scripts\Engines\BulkOrders\SmallBODAcceptGump.cs" to "C:\RunUO\RunUO\Distribution\Debug\net8.0\Scripts\Engines\BulkOrders\SmallBODAcceptGump.cs".
         Copying file from "C:\RunUO\RunUO\Scripts\Engines\BulkOrders\SmallBODGump.cs" to "C:\RunUO\RunUO\Distribution\Debug\net8.0\Scripts\Engines\BulkOrders\SmallBODGump.cs".
         Copying file from "C:\RunUO\RunUO\Scripts\Engines\BulkOrders\SmallBODTarget.cs" to "C:\RunUO\RunUO\Distribution\Debug\net8.0\Scripts\Engines\BulkOrders\SmallBODTarget.cs".
         Copying file from "C:\RunUO\RunUO\Scripts\Engines\BulkOrders\SmallBulkEntry.cs" to "C:\RunUO\RunUO\Distribution\Debug\net8.0\Scripts\Engines\BulkOrders\SmallBulkEntry.cs".
         Copying file from "C:\RunUO\RunUO\Scripts\Engines\BulkOrders\SmallSmithBOD.cs" to "C:\RunUO\RunUO\Distribution\Debug\net8.0\Scripts\Engines\BulkOrders\SmallSmithBOD.cs".
         Copying file from "C:\RunUO\RunUO\Scripts\Engines\BulkOrders\SmallTailorBOD.cs" to "C:\RunUO\RunUO\Distribution\Debug\net8.0\Scripts\Engines\BulkOrders\SmallTailorBOD.cs".
         Copying file from "C:\RunUO\RunUO\Scripts\Engines\CannedEvil\ChampionAltar.cs" to "C:\RunUO\RunUO\Distribution\Debug\net8.0\Scripts\Engines\CannedEvil\ChampionAltar.cs".
         Copying file from "C:\RunUO\RunUO\Scripts\Engines\CannedEvil\ChampionPlatform.cs" to "C:\RunUO\RunUO\Distribution\Debug\net8.0\Scripts\Engines\CannedEvil\ChampionPlatform.cs".
         Copying file from "C:\RunUO\RunUO\Scripts\Engines\CannedEvil\ChampionSkull.cs" to "C:\RunUO\RunUO\Distribution\Debug\net8.0\Scripts\Engines\CannedEvil\ChampionSkull.cs".
         Copying file from "C:\RunUO\RunUO\Scripts\Engines\CannedEvil\ChampionSkullBrazier.cs" to "C:\RunUO\RunUO\Distribution\Debug\net8.0\Scripts\Engines\CannedEvil\ChampionSkullBrazier.cs".
         Copying file from "C:\RunUO\RunUO\Scripts\Engines\CannedEvil\ChampionSkullPlatform.cs" to "C:\RunUO\RunUO\Distribution\Debug\net8.0\Scripts\Engines\CannedEvil\ChampionSkullPlatform.cs".
         Copying file from "C:\RunUO\RunUO\Scripts\Engines\CannedEvil\ChampionSkullType.cs" to "C:\RunUO\RunUO\Distribution\Debug\net8.0\Scripts\Engines\CannedEvil\ChampionSkullType.cs".
         Copying file from "C:\RunUO\RunUO\Scripts\Engines\CannedEvil\ChampionSpawn.cs" to "C:\RunUO\RunUO\Distribution\Debug\net8.0\Scripts\Engines\CannedEvil\ChampionSpawn.cs".
         Copying file from "C:\RunUO\RunUO\Scripts\Engines\CannedEvil\ChampionSpawnType.cs" to "C:\RunUO\RunUO\Distribution\Debug\net8.0\Scripts\Engines\CannedEvil\ChampionSpawnType.cs".
         Copying file from "C:\RunUO\RunUO\Scripts\Engines\CannedEvil\HarrowerGate.cs" to "C:\RunUO\RunUO\Distribution\Debug\net8.0\Scripts\Engines\CannedEvil\HarrowerGate.cs".
         Copying file from "C:\RunUO\RunUO\Scripts\Engines\CannedEvil\RestartTimer.cs" to "C:\RunUO\RunUO\Distribution\Debug\net8.0\Scripts\Engines\CannedEvil\RestartTimer.cs".
         Copying file from "C:\RunUO\RunUO\Scripts\Engines\CannedEvil\SliceTimer.cs" to "C:\RunUO\RunUO\Distribution\Debug\net8.0\Scripts\Engines\CannedEvil\SliceTimer.cs".
         Copying file from "C:\RunUO\RunUO\Scripts\Engines\CannedEvil\StarRoomGate.cs" to "C:\RunUO\RunUO\Distribution\Debug\net8.0\Scripts\Engines\CannedEvil\StarRoomGate.cs".
         Copying file from "C:\RunUO\RunUO\Scripts\Engines\Chat\Channel.cs" to "C:\RunUO\RunUO\Distribution\Debug\net8.0\Scripts\Engines\Chat\Channel.cs".
         Copying file from "C:\RunUO\RunUO\Scripts\Engines\Chat\Chat.cs" to "C:\RunUO\RunUO\Distribution\Debug\net8.0\Scripts\Engines\Chat\Chat.cs".
         Copying file from "C:\RunUO\RunUO\Scripts\Engines\Chat\ChatActionHandler.cs" to "C:\RunUO\RunUO\Distribution\Debug\net8.0\Scripts\Engines\Chat\ChatActionHandler.cs".
         Copying file from "C:\RunUO\RunUO\Scripts\Engines\Chat\ChatActionHandlers.cs" to "C:\RunUO\RunUO\Distribution\Debug\net8.0\Scripts\Engines\Chat\ChatActionHandlers.cs".
         Copying file from "C:\RunUO\RunUO\Scripts\Engines\Chat\ChatCommand.cs" to "C:\RunUO\RunUO\Distribution\Debug\net8.0\Scripts\Engines\Chat\ChatCommand.cs".
         Copying file from "C:\RunUO\RunUO\Scripts\Engines\Chat\Chatold.cs" to "C:\RunUO\RunUO\Distribution\Debug\net8.0\Scripts\Engines\Chat\Chatold.cs".
         Copying file from "C:\RunUO\RunUO\Scripts\Engines\Chat\Packets.cs" to "C:\RunUO\RunUO\Distribution\Debug\net8.0\Scripts\Engines\Chat\Packets.cs".
         Copying file from "C:\RunUO\RunUO\Scripts\Engines\Chat\ChatUser.cs" to "C:\RunUO\RunUO\Distribution\Debug\net8.0\Scripts\Engines\Chat\ChatUser.cs".
         Copying file from "C:\RunUO\RunUO\Scripts\Engines\ConPVP\AcceptDuelGump.cs" to "C:\RunUO\RunUO\Distribution\Debug\net8.0\Scripts\Engines\ConPVP\AcceptDuelGump.cs".
         Copying file from "C:\RunUO\RunUO\Scripts\Engines\ConPVP\Arena.cs" to "C:\RunUO\RunUO\Distribution\Debug\net8.0\Scripts\Engines\ConPVP\Arena.cs".
         Copying file from "C:\RunUO\RunUO\Scripts\Engines\ConPVP\ArenaGump.cs" to "C:\RunUO\RunUO\Distribution\Debug\net8.0\Scripts\Engines\ConPVP\ArenaGump.cs".
         Copying file from "C:\RunUO\RunUO\Scripts\Engines\ConPVP\BeginGump.cs" to "C:\RunUO\RunUO\Distribution\Debug\net8.0\Scripts\Engines\ConPVP\BeginGump.cs".
         Copying file from "C:\RunUO\RunUO\Scripts\Engines\ConPVP\DuelContext.cs" to "C:\RunUO\RunUO\Distribution\Debug\net8.0\Scripts\Engines\ConPVP\DuelContext.cs".
         Copying file from "C:\RunUO\RunUO\Scripts\Engines\ConPVP\DuelTeleporterAddon.cs" to "C:\RunUO\RunUO\Distribution\Debug\net8.0\Scripts\Engines\ConPVP\DuelTeleporterAddon.cs".
         Copying file from "C:\RunUO\RunUO\Scripts\Engines\ConPVP\DuelContextGump.cs" to "C:\RunUO\RunUO\Distribution\Debug\net8.0\Scripts\Engines\ConPVP\DuelContextGump.cs".
         Copying file from "C:\RunUO\RunUO\Scripts\Engines\ConPVP\Games\EventGame.cs" to "C:\RunUO\RunUO\Distribution\Debug\net8.0\Scripts\Engines\ConPVP\Games\EventGame.cs".
         Copying file from "C:\RunUO\RunUO\Scripts\Engines\ConPVP\Ladder.cs" to "C:\RunUO\RunUO\Distribution\Debug\net8.0\Scripts\Engines\ConPVP\Ladder.cs".
         Copying file from "C:\RunUO\RunUO\Scripts\Engines\ConPVP\LadderGump.cs" to "C:\RunUO\RunUO\Distribution\Debug\net8.0\Scripts\Engines\ConPVP\LadderGump.cs".
         Copying file from "C:\RunUO\RunUO\Scripts\Engines\ConPVP\Participant.cs" to "C:\RunUO\RunUO\Distribution\Debug\net8.0\Scripts\Engines\ConPVP\Participant.cs".
         Copying file from "C:\RunUO\RunUO\Scripts\Engines\ConPVP\ParticipantGump.cs" to "C:\RunUO\RunUO\Distribution\Debug\net8.0\Scripts\Engines\ConPVP\ParticipantGump.cs".
         Copying file from "C:\RunUO\RunUO\Scripts\Engines\ConPVP\PickRulesetGump.cs" to "C:\RunUO\RunUO\Distribution\Debug\net8.0\Scripts\Engines\ConPVP\PickRulesetGump.cs".
         Copying file from "C:\RunUO\RunUO\Scripts\Engines\ConPVP\Preferences.cs" to "C:\RunUO\RunUO\Distribution\Debug\net8.0\Scripts\Engines\ConPVP\Preferences.cs".
         Copying file from "C:\RunUO\RunUO\Scripts\Engines\ConPVP\ReadyGump.cs" to "C:\RunUO\RunUO\Distribution\Debug\net8.0\Scripts\Engines\ConPVP\ReadyGump.cs".
         Copying file from "C:\RunUO\RunUO\Scripts\Engines\ConPVP\ReadyUpGump.cs" to "C:\RunUO\RunUO\Distribution\Debug\net8.0\Scripts\Engines\ConPVP\ReadyUpGump.cs".
         Copying file from "C:\RunUO\RunUO\Scripts\Engines\ConPVP\Ruleset.cs" to "C:\RunUO\RunUO\Distribution\Debug\net8.0\Scripts\Engines\ConPVP\Ruleset.cs".
         Copying file from "C:\RunUO\RunUO\Scripts\Engines\ConPVP\RulesetGump.cs" to "C:\RunUO\RunUO\Distribution\Debug\net8.0\Scripts\Engines\ConPVP\RulesetGump.cs".
         Copying file from "C:\RunUO\RunUO\Scripts\Engines\ConPVP\RulesetLayout.cs" to "C:\RunUO\RunUO\Distribution\Debug\net8.0\Scripts\Engines\ConPVP\RulesetLayout.cs".
         Copying file from "C:\RunUO\RunUO\Scripts\Engines\ConPVP\SafeZone.cs" to "C:\RunUO\RunUO\Distribution\Debug\net8.0\Scripts\Engines\ConPVP\SafeZone.cs".
         Copying file from "C:\RunUO\RunUO\Scripts\Engines\ConPVP\StakesContainer.cs" to "C:\RunUO\RunUO\Distribution\Debug\net8.0\Scripts\Engines\ConPVP\StakesContainer.cs".
         Copying file from "C:\RunUO\RunUO\Scripts\Engines\ConPVP\Tournament.cs" to "C:\RunUO\RunUO\Distribution\Debug\net8.0\Scripts\Engines\ConPVP\Tournament.cs".
         Copying file from "C:\RunUO\RunUO\Scripts\Engines\ConPVP\Trophy.cs" to "C:\RunUO\RunUO\Distribution\Debug\net8.0\Scripts\Engines\ConPVP\Trophy.cs".
         Copying file from "C:\RunUO\RunUO\Scripts\Engines\Craft\Core\CraftGroup.cs" to "C:\RunUO\RunUO\Distribution\Debug\net8.0\Scripts\Engines\Craft\Core\CraftGroup.cs".
         Copying file from "C:\RunUO\RunUO\Scripts\Engines\Craft\Core\CraftContext.cs" to "C:\RunUO\RunUO\Distribution\Debug\net8.0\Scripts\Engines\Craft\Core\CraftContext.cs".
         Copying file from "C:\RunUO\RunUO\Scripts\Engines\Craft\Core\CraftGroupCol.cs" to "C:\RunUO\RunUO\Distribution\Debug\net8.0\Scripts\Engines\Craft\Core\CraftGroupCol.cs".
         Copying file from "C:\RunUO\RunUO\Scripts\Engines\Craft\Core\CraftGump.cs" to "C:\RunUO\RunUO\Distribution\Debug\net8.0\Scripts\Engines\Craft\Core\CraftGump.cs".
         Copying file from "C:\RunUO\RunUO\Scripts\Engines\Craft\Core\CraftGumpItem.cs" to "C:\RunUO\RunUO\Distribution\Debug\net8.0\Scripts\Engines\Craft\Core\CraftGumpItem.cs".
         Copying file from "C:\RunUO\RunUO\Scripts\Engines\Craft\Core\CraftItem.cs" to "C:\RunUO\RunUO\Distribution\Debug\net8.0\Scripts\Engines\Craft\Core\CraftItem.cs".
         Copying file from "C:\RunUO\RunUO\Scripts\Engines\Craft\Core\CraftItemCol.cs" to "C:\RunUO\RunUO\Distribution\Debug\net8.0\Scripts\Engines\Craft\Core\CraftItemCol.cs".
         Copying file from "C:\RunUO\RunUO\Scripts\Engines\Craft\Core\CraftItemIDAttribute.cs" to "C:\RunUO\RunUO\Distribution\Debug\net8.0\Scripts\Engines\Craft\Core\CraftItemIDAttribute.cs".
         Copying file from "C:\RunUO\RunUO\Scripts\Engines\Craft\Core\CraftRes.cs" to "C:\RunUO\RunUO\Distribution\Debug\net8.0\Scripts\Engines\Craft\Core\CraftRes.cs".
         Copying file from "C:\RunUO\RunUO\Scripts\Engines\Craft\Core\CraftResCol.cs" to "C:\RunUO\RunUO\Distribution\Debug\net8.0\Scripts\Engines\Craft\Core\CraftResCol.cs".
         Copying file from "C:\RunUO\RunUO\Scripts\Engines\Craft\Core\CraftSkill.cs" to "C:\RunUO\RunUO\Distribution\Debug\net8.0\Scripts\Engines\Craft\Core\CraftSkill.cs".
         Copying file from "C:\RunUO\RunUO\Scripts\Engines\Craft\Core\CraftSubRes.cs" to "C:\RunUO\RunUO\Distribution\Debug\net8.0\Scripts\Engines\Craft\Core\CraftSubRes.cs".
         Copying file from "C:\RunUO\RunUO\Scripts\Engines\Craft\Core\CraftSkillCol.cs" to "C:\RunUO\RunUO\Distribution\Debug\net8.0\Scripts\Engines\Craft\Core\CraftSkillCol.cs".
         Copying file from "C:\RunUO\RunUO\Scripts\Engines\Craft\Core\CraftSubResCol.cs" to "C:\RunUO\RunUO\Distribution\Debug\net8.0\Scripts\Engines\Craft\Core\CraftSubResCol.cs".
         Copying file from "C:\RunUO\RunUO\Scripts\Engines\Craft\Core\CraftSystem.cs" to "C:\RunUO\RunUO\Distribution\Debug\net8.0\Scripts\Engines\Craft\Core\CraftSystem.cs".
         Copying file from "C:\RunUO\RunUO\Scripts\Engines\Craft\Core\CustomCraft.cs" to "C:\RunUO\RunUO\Distribution\Debug\net8.0\Scripts\Engines\Craft\Core\CustomCraft.cs".
         Copying file from "C:\RunUO\RunUO\Scripts\Engines\Craft\Core\Enhance.cs" to "C:\RunUO\RunUO\Distribution\Debug\net8.0\Scripts\Engines\Craft\Core\Enhance.cs".
         Copying file from "C:\RunUO\RunUO\Scripts\Engines\Craft\Core\QueryMakersMarkGump.cs" to "C:\RunUO\RunUO\Distribution\Debug\net8.0\Scripts\Engines\Craft\Core\QueryMakersMarkGump.cs".
         Copying file from "C:\RunUO\RunUO\Scripts\Engines\Craft\Core\Repair.cs" to "C:\RunUO\RunUO\Distribution\Debug\net8.0\Scripts\Engines\Craft\Core\Repair.cs".
         Copying file from "C:\RunUO\RunUO\Scripts\Engines\Craft\Core\Recipes.cs" to "C:\RunUO\RunUO\Distribution\Debug\net8.0\Scripts\Engines\Craft\Core\Recipes.cs".
         Copying file from "C:\RunUO\RunUO\Scripts\Engines\Craft\Core\Resmelt.cs" to "C:\RunUO\RunUO\Distribution\Debug\net8.0\Scripts\Engines\Craft\Core\Resmelt.cs".
         Copying file from "C:\RunUO\RunUO\Scripts\Engines\Craft\DefAlchemy.cs" to "C:\RunUO\RunUO\Distribution\Debug\net8.0\Scripts\Engines\Craft\DefAlchemy.cs".
         Copying file from "C:\RunUO\RunUO\Scripts\Engines\Craft\DefBlacksmithy.cs" to "C:\RunUO\RunUO\Distribution\Debug\net8.0\Scripts\Engines\Craft\DefBlacksmithy.cs".
         Copying file from "C:\RunUO\RunUO\Scripts\Engines\Craft\DefBowFletching.cs" to "C:\RunUO\RunUO\Distribution\Debug\net8.0\Scripts\Engines\Craft\DefBowFletching.cs".
         Copying file from "C:\RunUO\RunUO\Scripts\Engines\Craft\DefCarpentry.cs" to "C:\RunUO\RunUO\Distribution\Debug\net8.0\Scripts\Engines\Craft\DefCarpentry.cs".
         Copying file from "C:\RunUO\RunUO\Scripts\Engines\Craft\DefCartography.cs" to "C:\RunUO\RunUO\Distribution\Debug\net8.0\Scripts\Engines\Craft\DefCartography.cs".
         Copying file from "C:\RunUO\RunUO\Scripts\Engines\Craft\DefCooking.cs" to "C:\RunUO\RunUO\Distribution\Debug\net8.0\Scripts\Engines\Craft\DefCooking.cs".
         Copying file from "C:\RunUO\RunUO\Scripts\Engines\Craft\DefGlassblowing.cs" to "C:\RunUO\RunUO\Distribution\Debug\net8.0\Scripts\Engines\Craft\DefGlassblowing.cs".
         Copying file from "C:\RunUO\RunUO\Scripts\Engines\Craft\DefInscription.cs" to "C:\RunUO\RunUO\Distribution\Debug\net8.0\Scripts\Engines\Craft\DefInscription.cs".
         Copying file from "C:\RunUO\RunUO\Scripts\Engines\Craft\DefTinkering.cs" to "C:\RunUO\RunUO\Distribution\Debug\net8.0\Scripts\Engines\Craft\DefTinkering.cs".
         Copying file from "C:\RunUO\RunUO\Scripts\Engines\Craft\DefMasonry.cs" to "C:\RunUO\RunUO\Distribution\Debug\net8.0\Scripts\Engines\Craft\DefMasonry.cs".
         Copying file from "C:\RunUO\RunUO\Scripts\Engines\Craft\DefTailoring.cs" to "C:\RunUO\RunUO\Distribution\Debug\net8.0\Scripts\Engines\Craft\DefTailoring.cs".
         Copying file from "C:\RunUO\RunUO\Scripts\Engines\Doom\GauntletSpawner.cs" to "C:\RunUO\RunUO\Distribution\Debug\net8.0\Scripts\Engines\Doom\GauntletSpawner.cs".
         Copying file from "C:\RunUO\RunUO\Scripts\Engines\Doom\LeverPuzzle\LeverPuzzleController.cs" to "C:\RunUO\RunUO\Distribution\Debug\net8.0\Scripts\Engines\Doom\LeverPuzzle\LeverPuzzleController.cs".
         Copying file from "C:\RunUO\RunUO\Scripts\Engines\Doom\LeverPuzzle\LeverPuzzleItems.cs" to "C:\RunUO\RunUO\Distribution\Debug\net8.0\Scripts\Engines\Doom\LeverPuzzle\LeverPuzzleItems.cs".
         Copying file from "C:\RunUO\RunUO\Scripts\Engines\Ethics\Core\Ethic.cs" to "C:\RunUO\RunUO\Distribution\Debug\net8.0\Scripts\Engines\Ethics\Core\Ethic.cs".
         Copying file from "C:\RunUO\RunUO\Scripts\Engines\Doom\LeverPuzzle\LeverPuzzleRegions.cs" to "C:\RunUO\RunUO\Distribution\Debug\net8.0\Scripts\Engines\Doom\LeverPuzzle\LeverPuzzleRegions.cs".
         Copying file from "C:\RunUO\RunUO\Scripts\Engines\Ethics\Core\Persistance.cs" to "C:\RunUO\RunUO\Distribution\Debug\net8.0\Scripts\Engines\Ethics\Core\Persistance.cs".
         Copying file from "C:\RunUO\RunUO\Scripts\Engines\Ethics\Core\Player.cs" to "C:\RunUO\RunUO\Distribution\Debug\net8.0\Scripts\Engines\Ethics\Core\Player.cs".
         Copying file from "C:\RunUO\RunUO\Scripts\Engines\Ethics\Core\Power.cs" to "C:\RunUO\RunUO\Distribution\Debug\net8.0\Scripts\Engines\Ethics\Core\Power.cs".
         Copying file from "C:\RunUO\RunUO\Scripts\Engines\Ethics\Definitions\EthicDefinition.cs" to "C:\RunUO\RunUO\Distribution\Debug\net8.0\Scripts\Engines\Ethics\Definitions\EthicDefinition.cs".
         Copying file from "C:\RunUO\RunUO\Scripts\Engines\Ethics\Definitions\PowerDefinition.cs" to "C:\RunUO\RunUO\Distribution\Debug\net8.0\Scripts\Engines\Ethics\Definitions\PowerDefinition.cs".
         Copying file from "C:\RunUO\RunUO\Scripts\Engines\Ethics\Evil\Ethic.cs" to "C:\RunUO\RunUO\Distribution\Debug\net8.0\Scripts\Engines\Ethics\Evil\Ethic.cs".
         Copying file from "C:\RunUO\RunUO\Scripts\Engines\Ethics\Evil\Mobiles\UnholyFamiliar.cs" to "C:\RunUO\RunUO\Distribution\Debug\net8.0\Scripts\Engines\Ethics\Evil\Mobiles\UnholyFamiliar.cs".
         Copying file from "C:\RunUO\RunUO\Scripts\Engines\Ethics\Evil\Mobiles\UnholySteed.cs" to "C:\RunUO\RunUO\Distribution\Debug\net8.0\Scripts\Engines\Ethics\Evil\Mobiles\UnholySteed.cs".
         Copying file from "C:\RunUO\RunUO\Scripts\Engines\Ethics\Evil\Powers\Blight.cs" to "C:\RunUO\RunUO\Distribution\Debug\net8.0\Scripts\Engines\Ethics\Evil\Powers\Blight.cs".
         Copying file from "C:\RunUO\RunUO\Scripts\Engines\Ethics\Evil\Powers\SummonFamiliar.cs" to "C:\RunUO\RunUO\Distribution\Debug\net8.0\Scripts\Engines\Ethics\Evil\Powers\SummonFamiliar.cs".
         Copying file from "C:\RunUO\RunUO\Scripts\Engines\Ethics\Evil\Powers\UnholyItem.cs" to "C:\RunUO\RunUO\Distribution\Debug\net8.0\Scripts\Engines\Ethics\Evil\Powers\UnholyItem.cs".
         Copying file from "C:\RunUO\RunUO\Scripts\Engines\Ethics\Evil\Powers\UnholySense.cs" to "C:\RunUO\RunUO\Distribution\Debug\net8.0\Scripts\Engines\Ethics\Evil\Powers\UnholySense.cs".
         Copying file from "C:\RunUO\RunUO\Scripts\Engines\Ethics\Evil\Powers\UnholyShield.cs" to "C:\RunUO\RunUO\Distribution\Debug\net8.0\Scripts\Engines\Ethics\Evil\Powers\UnholyShield.cs".
         Copying file from "C:\RunUO\RunUO\Scripts\Engines\Ethics\Evil\Powers\UnholySteed.cs" to "C:\RunUO\RunUO\Distribution\Debug\net8.0\Scripts\Engines\Ethics\Evil\Powers\UnholySteed.cs".
         Copying file from "C:\RunUO\RunUO\Scripts\Engines\Ethics\Evil\Powers\UnholyWord.cs" to "C:\RunUO\RunUO\Distribution\Debug\net8.0\Scripts\Engines\Ethics\Evil\Powers\UnholyWord.cs".
         Copying file from "C:\RunUO\RunUO\Scripts\Engines\Ethics\Evil\Powers\VileBlade.cs" to "C:\RunUO\RunUO\Distribution\Debug\net8.0\Scripts\Engines\Ethics\Evil\Powers\VileBlade.cs".
         Copying file from "C:\RunUO\RunUO\Scripts\Engines\Ethics\Hero\Ethic.cs" to "C:\RunUO\RunUO\Distribution\Debug\net8.0\Scripts\Engines\Ethics\Hero\Ethic.cs".
         Copying file from "C:\RunUO\RunUO\Scripts\Engines\Ethics\Hero\Mobiles\HolyFamiliar.cs" to "C:\RunUO\RunUO\Distribution\Debug\net8.0\Scripts\Engines\Ethics\Hero\Mobiles\HolyFamiliar.cs".
         Copying file from "C:\RunUO\RunUO\Scripts\Engines\Ethics\Hero\Mobiles\HolySteed.cs" to "C:\RunUO\RunUO\Distribution\Debug\net8.0\Scripts\Engines\Ethics\Hero\Mobiles\HolySteed.cs".
         Copying file from "C:\RunUO\RunUO\Scripts\Engines\Ethics\Hero\Powers\Bless.cs" to "C:\RunUO\RunUO\Distribution\Debug\net8.0\Scripts\Engines\Ethics\Hero\Powers\Bless.cs".
         Copying file from "C:\RunUO\RunUO\Scripts\Engines\Ethics\Hero\Powers\HolyBlade.cs" to "C:\RunUO\RunUO\Distribution\Debug\net8.0\Scripts\Engines\Ethics\Hero\Powers\HolyBlade.cs".
         Copying file from "C:\RunUO\RunUO\Scripts\Engines\Ethics\Hero\Powers\HolyItem.cs" to "C:\RunUO\RunUO\Distribution\Debug\net8.0\Scripts\Engines\Ethics\Hero\Powers\HolyItem.cs".
         Copying file from "C:\RunUO\RunUO\Scripts\Engines\Ethics\Hero\Powers\HolySense.cs" to "C:\RunUO\RunUO\Distribution\Debug\net8.0\Scripts\Engines\Ethics\Hero\Powers\HolySense.cs".
         Copying file from "C:\RunUO\RunUO\Scripts\Engines\Ethics\Hero\Powers\HolyShield.cs" to "C:\RunUO\RunUO\Distribution\Debug\net8.0\Scripts\Engines\Ethics\Hero\Powers\HolyShield.cs".
         Copying file from "C:\RunUO\RunUO\Scripts\Engines\Ethics\Hero\Powers\HolySteed.cs" to "C:\RunUO\RunUO\Distribution\Debug\net8.0\Scripts\Engines\Ethics\Hero\Powers\HolySteed.cs".
         Copying file from "C:\RunUO\RunUO\Scripts\Engines\Ethics\Hero\Powers\HolyWord.cs" to "C:\RunUO\RunUO\Distribution\Debug\net8.0\Scripts\Engines\Ethics\Hero\Powers\HolyWord.cs".
         Copying file from "C:\RunUO\RunUO\Scripts\Engines\Ethics\Hero\Powers\SummonFamiliar.cs" to "C:\RunUO\RunUO\Distribution\Debug\net8.0\Scripts\Engines\Ethics\Hero\Powers\SummonFamiliar.cs".
         Copying file from "C:\RunUO\RunUO\Scripts\Engines\Factions\Core\Election.cs" to "C:\RunUO\RunUO\Distribution\Debug\net8.0\Scripts\Engines\Factions\Core\Election.cs".
         Copying file from "C:\RunUO\RunUO\Scripts\Engines\Factions\Core\Faction.cs" to "C:\RunUO\RunUO\Distribution\Debug\net8.0\Scripts\Engines\Factions\Core\Faction.cs".
         Copying file from "C:\RunUO\RunUO\Scripts\Engines\Factions\Core\FactionItem.cs" to "C:\RunUO\RunUO\Distribution\Debug\net8.0\Scripts\Engines\Factions\Core\FactionItem.cs".
         Copying file from "C:\RunUO\RunUO\Scripts\Engines\Factions\Core\FactionState.cs" to "C:\RunUO\RunUO\Distribution\Debug\net8.0\Scripts\Engines\Factions\Core\FactionState.cs".
         Copying file from "C:\RunUO\RunUO\Scripts\Engines\Factions\Core\Generator.cs" to "C:\RunUO\RunUO\Distribution\Debug\net8.0\Scripts\Engines\Factions\Core\Generator.cs".
         Copying file from "C:\RunUO\RunUO\Scripts\Engines\Factions\Core\GuardList.cs" to "C:\RunUO\RunUO\Distribution\Debug\net8.0\Scripts\Engines\Factions\Core\GuardList.cs".
         Copying file from "C:\RunUO\RunUO\Scripts\Engines\Factions\Core\Keywords.cs" to "C:\RunUO\RunUO\Distribution\Debug\net8.0\Scripts\Engines\Factions\Core\Keywords.cs".
         Copying file from "C:\RunUO\RunUO\Scripts\Engines\Factions\Core\MerchantTitles.cs" to "C:\RunUO\RunUO\Distribution\Debug\net8.0\Scripts\Engines\Factions\Core\MerchantTitles.cs".
         Copying file from "C:\RunUO\RunUO\Scripts\Engines\Factions\Core\Persistance.cs" to "C:\RunUO\RunUO\Distribution\Debug\net8.0\Scripts\Engines\Factions\Core\Persistance.cs".
         Copying file from "C:\RunUO\RunUO\Scripts\Engines\Factions\Core\PlayerState.cs" to "C:\RunUO\RunUO\Distribution\Debug\net8.0\Scripts\Engines\Factions\Core\PlayerState.cs".
         Copying file from "C:\RunUO\RunUO\Scripts\Engines\Factions\Core\Reflector.cs" to "C:\RunUO\RunUO\Distribution\Debug\net8.0\Scripts\Engines\Factions\Core\Reflector.cs".
         Copying file from "C:\RunUO\RunUO\Scripts\Engines\Factions\Core\SilverGivenEntry.cs" to "C:\RunUO\RunUO\Distribution\Debug\net8.0\Scripts\Engines\Factions\Core\SilverGivenEntry.cs".
         Copying file from "C:\RunUO\RunUO\Scripts\Engines\Factions\Core\StrongholdRegion.cs" to "C:\RunUO\RunUO\Distribution\Debug\net8.0\Scripts\Engines\Factions\Core\StrongholdRegion.cs".
         Copying file from "C:\RunUO\RunUO\Scripts\Engines\Factions\Core\Town.cs" to "C:\RunUO\RunUO\Distribution\Debug\net8.0\Scripts\Engines\Factions\Core\Town.cs".
         Copying file from "C:\RunUO\RunUO\Scripts\Engines\Factions\Core\TownState.cs" to "C:\RunUO\RunUO\Distribution\Debug\net8.0\Scripts\Engines\Factions\Core\TownState.cs".
         Copying file from "C:\RunUO\RunUO\Scripts\Engines\Factions\Core\VendorList.cs" to "C:\RunUO\RunUO\Distribution\Debug\net8.0\Scripts\Engines\Factions\Core\VendorList.cs".
         Copying file from "C:\RunUO\RunUO\Scripts\Engines\Factions\Definitions\FactionDefinition.cs" to "C:\RunUO\RunUO\Distribution\Debug\net8.0\Scripts\Engines\Factions\Definitions\FactionDefinition.cs".
         Copying file from "C:\RunUO\RunUO\Scripts\Engines\Factions\Definitions\FactionItemDefinition.cs" to "C:\RunUO\RunUO\Distribution\Debug\net8.0\Scripts\Engines\Factions\Definitions\FactionItemDefinition.cs".
         Copying file from "C:\RunUO\RunUO\Scripts\Engines\Factions\Definitions\GuardDefinition.cs" to "C:\RunUO\RunUO\Distribution\Debug\net8.0\Scripts\Engines\Factions\Definitions\GuardDefinition.cs".
         Copying file from "C:\RunUO\RunUO\Scripts\Engines\Factions\Definitions\RankDefinition.cs" to "C:\RunUO\RunUO\Distribution\Debug\net8.0\Scripts\Engines\Factions\Definitions\RankDefinition.cs".
         Copying file from "C:\RunUO\RunUO\Scripts\Engines\Factions\Definitions\StrongholdDefintion.cs" to "C:\RunUO\RunUO\Distribution\Debug\net8.0\Scripts\Engines\Factions\Definitions\StrongholdDefintion.cs".
         Copying file from "C:\RunUO\RunUO\Scripts\Engines\Factions\Definitions\TownDefinition.cs" to "C:\RunUO\RunUO\Distribution\Debug\net8.0\Scripts\Engines\Factions\Definitions\TownDefinition.cs".
         Copying file from "C:\RunUO\RunUO\Scripts\Engines\Factions\Definitions\VendorDefinition.cs" to "C:\RunUO\RunUO\Distribution\Debug\net8.0\Scripts\Engines\Factions\Definitions\VendorDefinition.cs".
         Copying file from "C:\RunUO\RunUO\Scripts\Engines\Factions\Gumps\FactionGump.cs" to "C:\RunUO\RunUO\Distribution\Debug\net8.0\Scripts\Engines\Factions\Gumps\FactionGump.cs".
         Copying file from "C:\RunUO\RunUO\Scripts\Engines\Factions\Gumps\ElectionGump.cs" to "C:\RunUO\RunUO\Distribution\Debug\net8.0\Scripts\Engines\Factions\Gumps\ElectionGump.cs".
         Copying file from "C:\RunUO\RunUO\Scripts\Engines\Factions\Gumps\ElectionManagementGump.cs" to "C:\RunUO\RunUO\Distribution\Debug\net8.0\Scripts\Engines\Factions\Gumps\ElectionManagementGump.cs".
         Copying file from "C:\RunUO\RunUO\Scripts\Engines\Factions\Gumps\FactionImbueGump.cs" to "C:\RunUO\RunUO\Distribution\Debug\net8.0\Scripts\Engines\Factions\Gumps\FactionImbueGump.cs".
         Copying file from "C:\RunUO\RunUO\Scripts\Engines\Factions\Gumps\FactionStoneGump.cs" to "C:\RunUO\RunUO\Distribution\Debug\net8.0\Scripts\Engines\Factions\Gumps\FactionStoneGump.cs".
         Copying file from "C:\RunUO\RunUO\Scripts\Engines\Factions\Gumps\FinanceGump.cs" to "C:\RunUO\RunUO\Distribution\Debug\net8.0\Scripts\Engines\Factions\Gumps\FinanceGump.cs".
         Copying file from "C:\RunUO\RunUO\Scripts\Engines\Factions\Gumps\HorseBreederGump.cs" to "C:\RunUO\RunUO\Distribution\Debug\net8.0\Scripts\Engines\Factions\Gumps\HorseBreederGump.cs".
         Copying file from "C:\RunUO\RunUO\Scripts\Engines\Factions\Gumps\JoinStoneGump.cs" to "C:\RunUO\RunUO\Distribution\Debug\net8.0\Scripts\Engines\Factions\Gumps\JoinStoneGump.cs".
         Copying file from "C:\RunUO\RunUO\Scripts\Engines\Factions\Gumps\LeaveFactionGump.cs" to "C:\RunUO\RunUO\Distribution\Debug\net8.0\Scripts\Engines\Factions\Gumps\LeaveFactionGump.cs".
         Copying file from "C:\RunUO\RunUO\Scripts\Engines\Factions\Gumps\SheriffGump.cs" to "C:\RunUO\RunUO\Distribution\Debug\net8.0\Scripts\Engines\Factions\Gumps\SheriffGump.cs".
         Copying file from "C:\RunUO\RunUO\Scripts\Engines\Factions\Gumps\TownStoneGump.cs" to "C:\RunUO\RunUO\Distribution\Debug\net8.0\Scripts\Engines\Factions\Gumps\TownStoneGump.cs".
         Copying file from "C:\RunUO\RunUO\Scripts\Engines\Factions\Gumps\VoteGump.cs" to "C:\RunUO\RunUO\Distribution\Debug\net8.0\Scripts\Engines\Factions\Gumps\VoteGump.cs".
         Copying file from "C:\RunUO\RunUO\Scripts\Engines\Factions\Instances\Factions\CouncilOfMages.cs" to "C:\RunUO\RunUO\Distribution\Debug\net8.0\Scripts\Engines\Factions\Instances\Factions\CouncilOfMages.cs".
         Copying file from "C:\RunUO\RunUO\Scripts\Engines\Factions\Instances\Factions\Shadowlords.cs" to "C:\RunUO\RunUO\Distribution\Debug\net8.0\Scripts\Engines\Factions\Instances\Factions\Shadowlords.cs".
         Copying file from "C:\RunUO\RunUO\Scripts\Engines\Factions\Instances\Factions\Minax.cs" to "C:\RunUO\RunUO\Distribution\Debug\net8.0\Scripts\Engines\Factions\Instances\Factions\Minax.cs".
         Copying file from "C:\RunUO\RunUO\Scripts\Engines\Factions\Instances\Factions\TrueBritannians.cs" to "C:\RunUO\RunUO\Distribution\Debug\net8.0\Scripts\Engines\Factions\Instances\Factions\TrueBritannians.cs".
         Copying file from "C:\RunUO\RunUO\Scripts\Engines\Factions\Instances\Towns\Magincia.cs" to "C:\RunUO\RunUO\Distribution\Debug\net8.0\Scripts\Engines\Factions\Instances\Towns\Magincia.cs".
         Copying file from "C:\RunUO\RunUO\Scripts\Engines\Factions\Instances\Towns\Britain.cs" to "C:\RunUO\RunUO\Distribution\Debug\net8.0\Scripts\Engines\Factions\Instances\Towns\Britain.cs".
         Copying file from "C:\RunUO\RunUO\Scripts\Engines\Factions\Instances\Towns\Minoc.cs" to "C:\RunUO\RunUO\Distribution\Debug\net8.0\Scripts\Engines\Factions\Instances\Towns\Minoc.cs".
         Copying file from "C:\RunUO\RunUO\Scripts\Engines\Factions\Instances\Towns\Moonglow.cs" to "C:\RunUO\RunUO\Distribution\Debug\net8.0\Scripts\Engines\Factions\Instances\Towns\Moonglow.cs".
         Copying file from "C:\RunUO\RunUO\Scripts\Engines\Factions\Instances\Towns\SkaraBrae.cs" to "C:\RunUO\RunUO\Distribution\Debug\net8.0\Scripts\Engines\Factions\Instances\Towns\SkaraBrae.cs".
         Copying file from "C:\RunUO\RunUO\Scripts\Engines\Factions\Instances\Towns\Trinsic.cs" to "C:\RunUO\RunUO\Distribution\Debug\net8.0\Scripts\Engines\Factions\Instances\Towns\Trinsic.cs".
         Copying file from "C:\RunUO\RunUO\Scripts\Engines\Factions\Instances\Towns\Vesper.cs" to "C:\RunUO\RunUO\Distribution\Debug\net8.0\Scripts\Engines\Factions\Instances\Towns\Vesper.cs".
         Copying file from "C:\RunUO\RunUO\Scripts\Engines\Factions\Instances\Towns\Yew.cs" to "C:\RunUO\RunUO\Distribution\Debug\net8.0\Scripts\Engines\Factions\Instances\Towns\Yew.cs".
         Copying file from "C:\RunUO\RunUO\Scripts\Engines\Factions\Items\BaseMonolith.cs" to "C:\RunUO\RunUO\Distribution\Debug\net8.0\Scripts\Engines\Factions\Items\BaseMonolith.cs".
         Copying file from "C:\RunUO\RunUO\Scripts\Engines\Factions\Items\BaseSystemController.cs" to "C:\RunUO\RunUO\Distribution\Debug\net8.0\Scripts\Engines\Factions\Items\BaseSystemController.cs".
         Copying file from "C:\RunUO\RunUO\Scripts\Engines\Factions\Items\FactionStone.cs" to "C:\RunUO\RunUO\Distribution\Debug\net8.0\Scripts\Engines\Factions\Items\FactionStone.cs".
         Copying file from "C:\RunUO\RunUO\Scripts\Engines\Factions\Items\JoinStone.cs" to "C:\RunUO\RunUO\Distribution\Debug\net8.0\Scripts\Engines\Factions\Items\JoinStone.cs".
         Copying file from "C:\RunUO\RunUO\Scripts\Engines\Factions\Items\Sigil.cs" to "C:\RunUO\RunUO\Distribution\Debug\net8.0\Scripts\Engines\Factions\Items\Sigil.cs".
         Copying file from "C:\RunUO\RunUO\Scripts\Engines\Factions\Items\Silver.cs" to "C:\RunUO\RunUO\Distribution\Debug\net8.0\Scripts\Engines\Factions\Items\Silver.cs".
         Copying file from "C:\RunUO\RunUO\Scripts\Engines\Factions\Items\StrongholdMonolith.cs" to "C:\RunUO\RunUO\Distribution\Debug\net8.0\Scripts\Engines\Factions\Items\StrongholdMonolith.cs".
         Copying file from "C:\RunUO\RunUO\Scripts\Engines\Factions\Items\TownMonolith.cs" to "C:\RunUO\RunUO\Distribution\Debug\net8.0\Scripts\Engines\Factions\Items\TownMonolith.cs".
         Copying file from "C:\RunUO\RunUO\Scripts\Engines\Factions\Items\TownStone.cs" to "C:\RunUO\RunUO\Distribution\Debug\net8.0\Scripts\Engines\Factions\Items\TownStone.cs".
         Copying file from "C:\RunUO\RunUO\Scripts\Engines\Factions\Items\Traps\BaseFactionTrap.cs" to "C:\RunUO\RunUO\Distribution\Debug\net8.0\Scripts\Engines\Factions\Items\Traps\BaseFactionTrap.cs".
         Copying file from "C:\RunUO\RunUO\Scripts\Engines\Factions\Items\Traps\BaseFactionTrapDeed.cs" to "C:\RunUO\RunUO\Distribution\Debug\net8.0\Scripts\Engines\Factions\Items\Traps\BaseFactionTrapDeed.cs".
         Copying file from "C:\RunUO\RunUO\Scripts\Engines\Factions\Items\Traps\FactionExplosionTrap.cs" to "C:\RunUO\RunUO\Distribution\Debug\net8.0\Scripts\Engines\Factions\Items\Traps\FactionExplosionTrap.cs".
         Copying file from "C:\RunUO\RunUO\Scripts\Engines\Factions\Items\Traps\FactionGasTrap.cs" to "C:\RunUO\RunUO\Distribution\Debug\net8.0\Scripts\Engines\Factions\Items\Traps\FactionGasTrap.cs".
         Copying file from "C:\RunUO\RunUO\Scripts\Engines\Factions\Items\Traps\FactionSawTrap.cs" to "C:\RunUO\RunUO\Distribution\Debug\net8.0\Scripts\Engines\Factions\Items\Traps\FactionSawTrap.cs".
         Copying file from "C:\RunUO\RunUO\Scripts\Engines\Factions\Items\Traps\FactionSpikeTrap.cs" to "C:\RunUO\RunUO\Distribution\Debug\net8.0\Scripts\Engines\Factions\Items\Traps\FactionSpikeTrap.cs".
         Copying file from "C:\RunUO\RunUO\Scripts\Engines\Factions\Items\Traps\FactionTrapRemovalKit.cs" to "C:\RunUO\RunUO\Distribution\Debug\net8.0\Scripts\Engines\Factions\Items\Traps\FactionTrapRemovalKit.cs".
         Copying file from "C:\RunUO\RunUO\Scripts\Engines\Factions\Mobiles\FactionWarHorse.cs" to "C:\RunUO\RunUO\Distribution\Debug\net8.0\Scripts\Engines\Factions\Mobiles\FactionWarHorse.cs".
         Copying file from "C:\RunUO\RunUO\Scripts\Engines\Factions\Mobiles\Guards\BaseFactionGuard.cs" to "C:\RunUO\RunUO\Distribution\Debug\net8.0\Scripts\Engines\Factions\Mobiles\Guards\BaseFactionGuard.cs".
         Copying file from "C:\RunUO\RunUO\Scripts\Engines\Factions\Mobiles\Guards\GuardAI.cs" to "C:\RunUO\RunUO\Distribution\Debug\net8.0\Scripts\Engines\Factions\Mobiles\Guards\GuardAI.cs".
         Copying file from "C:\RunUO\RunUO\Scripts\Engines\Factions\Mobiles\Guards\Orders.cs" to "C:\RunUO\RunUO\Distribution\Debug\net8.0\Scripts\Engines\Factions\Mobiles\Guards\Orders.cs".
         Copying file from "C:\RunUO\RunUO\Scripts\Engines\Factions\Mobiles\Guards\Types\FactionBerserker.cs" to "C:\RunUO\RunUO\Distribution\Debug\net8.0\Scripts\Engines\Factions\Mobiles\Guards\Types\FactionBerserker.cs".
         Copying file from "C:\RunUO\RunUO\Scripts\Engines\Factions\Mobiles\Guards\Types\FactionDeathKnight.cs" to "C:\RunUO\RunUO\Distribution\Debug\net8.0\Scripts\Engines\Factions\Mobiles\Guards\Types\FactionDeathKnight.cs".
         Copying file from "C:\RunUO\RunUO\Scripts\Engines\Factions\Mobiles\Guards\Types\FactionDragoon.cs" to "C:\RunUO\RunUO\Distribution\Debug\net8.0\Scripts\Engines\Factions\Mobiles\Guards\Types\FactionDragoon.cs".
         Copying file from "C:\RunUO\RunUO\Scripts\Engines\Factions\Mobiles\Guards\Types\FactionHenchman.cs" to "C:\RunUO\RunUO\Distribution\Debug\net8.0\Scripts\Engines\Factions\Mobiles\Guards\Types\FactionHenchman.cs".
         Copying file from "C:\RunUO\RunUO\Scripts\Engines\Factions\Mobiles\Guards\Types\FactionKnight.cs" to "C:\RunUO\RunUO\Distribution\Debug\net8.0\Scripts\Engines\Factions\Mobiles\Guards\Types\FactionKnight.cs".
         Copying file from "C:\RunUO\RunUO\Scripts\Engines\Factions\Mobiles\Guards\Types\FactionMercenary.cs" to "C:\RunUO\RunUO\Distribution\Debug\net8.0\Scripts\Engines\Factions\Mobiles\Guards\Types\FactionMercenary.cs".
         Copying file from "C:\RunUO\RunUO\Scripts\Engines\Factions\Mobiles\Guards\Types\FactionNecromancer.cs" to "C:\RunUO\RunUO\Distribution\Debug\net8.0\Scripts\Engines\Factions\Mobiles\Guards\Types\FactionNecromancer.cs".
         Copying file from "C:\RunUO\RunUO\Scripts\Engines\Factions\Mobiles\Guards\Types\FactionPaladin.cs" to "C:\RunUO\RunUO\Distribution\Debug\net8.0\Scripts\Engines\Factions\Mobiles\Guards\Types\FactionPaladin.cs".
         Copying file from "C:\RunUO\RunUO\Scripts\Engines\Factions\Mobiles\Guards\Types\FactionSorceress.cs" to "C:\RunUO\RunUO\Distribution\Debug\net8.0\Scripts\Engines\Factions\Mobiles\Guards\Types\FactionSorceress.cs".
         Copying file from "C:\RunUO\RunUO\Scripts\Engines\Factions\Mobiles\Guards\Types\FactionWizard.cs" to "C:\RunUO\RunUO\Distribution\Debug\net8.0\Scripts\Engines\Factions\Mobiles\Guards\Types\FactionWizard.cs".
         Copying file from "C:\RunUO\RunUO\Scripts\Engines\Factions\Mobiles\Vendors\BaseFactionVendor.cs" to "C:\RunUO\RunUO\Distribution\Debug\net8.0\Scripts\Engines\Factions\Mobiles\Vendors\BaseFactionVendor.cs".
         Copying file from "C:\RunUO\RunUO\Scripts\Engines\Factions\Mobiles\Vendors\FactionBottleVendor.cs" to "C:\RunUO\RunUO\Distribution\Debug\net8.0\Scripts\Engines\Factions\Mobiles\Vendors\FactionBottleVendor.cs".
         Copying file from "C:\RunUO\RunUO\Scripts\Engines\Factions\Mobiles\Vendors\FactionBoardVendor.cs" to "C:\RunUO\RunUO\Distribution\Debug\net8.0\Scripts\Engines\Factions\Mobiles\Vendors\FactionBoardVendor.cs".
         Copying file from "C:\RunUO\RunUO\Scripts\Engines\Factions\Mobiles\Vendors\FactionHorseVendor.cs" to "C:\RunUO\RunUO\Distribution\Debug\net8.0\Scripts\Engines\Factions\Mobiles\Vendors\FactionHorseVendor.cs".
         Copying file from "C:\RunUO\RunUO\Scripts\Engines\Factions\Mobiles\Vendors\FactionOreVendor.cs" to "C:\RunUO\RunUO\Distribution\Debug\net8.0\Scripts\Engines\Factions\Mobiles\Vendors\FactionOreVendor.cs".
         Copying file from "C:\RunUO\RunUO\Scripts\Engines\Factions\Mobiles\Vendors\FactionReagentVendor.cs" to "C:\RunUO\RunUO\Distribution\Debug\net8.0\Scripts\Engines\Factions\Mobiles\Vendors\FactionReagentVendor.cs".
         Copying file from "C:\RunUO\RunUO\Scripts\Engines\Harvest\Core\BonusHarvestResource.cs" to "C:\RunUO\RunUO\Distribution\Debug\net8.0\Scripts\Engines\Harvest\Core\BonusHarvestResource.cs".
         Copying file from "C:\RunUO\RunUO\Scripts\Engines\Harvest\Core\HarvestBank.cs" to "C:\RunUO\RunUO\Distribution\Debug\net8.0\Scripts\Engines\Harvest\Core\HarvestBank.cs".
         Copying file from "C:\RunUO\RunUO\Scripts\Engines\Harvest\Core\HarvestDefinition.cs" to "C:\RunUO\RunUO\Distribution\Debug\net8.0\Scripts\Engines\Harvest\Core\HarvestDefinition.cs".
         Copying file from "C:\RunUO\RunUO\Scripts\Engines\Harvest\Core\HarvestResource.cs" to "C:\RunUO\RunUO\Distribution\Debug\net8.0\Scripts\Engines\Harvest\Core\HarvestResource.cs".
         Copying file from "C:\RunUO\RunUO\Scripts\Engines\Harvest\Core\HarvestSoundTimer.cs" to "C:\RunUO\RunUO\Distribution\Debug\net8.0\Scripts\Engines\Harvest\Core\HarvestSoundTimer.cs".
         Copying file from "C:\RunUO\RunUO\Scripts\Engines\Harvest\Core\HarvestSystem.cs" to "C:\RunUO\RunUO\Distribution\Debug\net8.0\Scripts\Engines\Harvest\Core\HarvestSystem.cs".
         Copying file from "C:\RunUO\RunUO\Scripts\Engines\Harvest\Core\HarvestTarget.cs" to "C:\RunUO\RunUO\Distribution\Debug\net8.0\Scripts\Engines\Harvest\Core\HarvestTarget.cs".
         Copying file from "C:\RunUO\RunUO\Scripts\Engines\Harvest\Core\HarvestTimer.cs" to "C:\RunUO\RunUO\Distribution\Debug\net8.0\Scripts\Engines\Harvest\Core\HarvestTimer.cs".
         Copying file from "C:\RunUO\RunUO\Scripts\Engines\Harvest\Core\HarvestVein.cs" to "C:\RunUO\RunUO\Distribution\Debug\net8.0\Scripts\Engines\Harvest\Core\HarvestVein.cs".
         Copying file from "C:\RunUO\RunUO\Scripts\Engines\Harvest\Fishing.cs" to "C:\RunUO\RunUO\Distribution\Debug\net8.0\Scripts\Engines\Harvest\Fishing.cs".
         Copying file from "C:\RunUO\RunUO\Scripts\Engines\Harvest\Lumberjacking.cs" to "C:\RunUO\RunUO\Distribution\Debug\net8.0\Scripts\Engines\Harvest\Lumberjacking.cs".
         Copying file from "C:\RunUO\RunUO\Scripts\Engines\Harvest\Mining.cs" to "C:\RunUO\RunUO\Distribution\Debug\net8.0\Scripts\Engines\Harvest\Mining.cs".
         Copying file from "C:\RunUO\RunUO\Scripts\Engines\Help\HelpGump.cs" to "C:\RunUO\RunUO\Distribution\Debug\net8.0\Scripts\Engines\Help\HelpGump.cs".
         Copying file from "C:\RunUO\RunUO\Scripts\Engines\Help\PagePrompt.cs" to "C:\RunUO\RunUO\Distribution\Debug\net8.0\Scripts\Engines\Help\PagePrompt.cs".
         Copying file from "C:\RunUO\RunUO\Scripts\Engines\Help\PagePromptGump.cs" to "C:\RunUO\RunUO\Distribution\Debug\net8.0\Scripts\Engines\Help\PagePromptGump.cs".
         Copying file from "C:\RunUO\RunUO\Scripts\Engines\Help\PageQueue.cs" to "C:\RunUO\RunUO\Distribution\Debug\net8.0\Scripts\Engines\Help\PageQueue.cs".
         Copying file from "C:\RunUO\RunUO\Scripts\Engines\Help\PageQueueGump.cs" to "C:\RunUO\RunUO\Distribution\Debug\net8.0\Scripts\Engines\Help\PageQueueGump.cs".
         Copying file from "C:\RunUO\RunUO\Scripts\Engines\Help\SpeechLog.cs" to "C:\RunUO\RunUO\Distribution\Debug\net8.0\Scripts\Engines\Help\SpeechLog.cs".
         Copying file from "C:\RunUO\RunUO\Scripts\Engines\Help\PageResponseGump.cs" to "C:\RunUO\RunUO\Distribution\Debug\net8.0\Scripts\Engines\Help\PageResponseGump.cs".
         Copying file from "C:\RunUO\RunUO\Scripts\Engines\Help\SpeechLogGump.cs" to "C:\RunUO\RunUO\Distribution\Debug\net8.0\Scripts\Engines\Help\SpeechLogGump.cs".
         Copying file from "C:\RunUO\RunUO\Scripts\Engines\Help\StuckMenu.cs" to "C:\RunUO\RunUO\Distribution\Debug\net8.0\Scripts\Engines\Help\StuckMenu.cs".
         Copying file from "C:\RunUO\RunUO\Scripts\Engines\Khaldun\Books\GrimmochJournal.cs" to "C:\RunUO\RunUO\Distribution\Debug\net8.0\Scripts\Engines\Khaldun\Books\GrimmochJournal.cs".
         Copying file from "C:\RunUO\RunUO\Scripts\Engines\Khaldun\Books\TavarasJournal.cs" to "C:\RunUO\RunUO\Distribution\Debug\net8.0\Scripts\Engines\Khaldun\Books\TavarasJournal.cs".
         Copying file from "C:\RunUO\RunUO\Scripts\Engines\Khaldun\Books\LysanderNotebook.cs" to "C:\RunUO\RunUO\Distribution\Debug\net8.0\Scripts\Engines\Khaldun\Books\LysanderNotebook.cs".
         Copying file from "C:\RunUO\RunUO\Scripts\Engines\Khaldun\KhaldunPitTeleporter.cs" to "C:\RunUO\RunUO\Distribution\Debug\net8.0\Scripts\Engines\Khaldun\KhaldunPitTeleporter.cs".
         Copying file from "C:\RunUO\RunUO\Scripts\Engines\Khaldun\KhaldunGen.cs" to "C:\RunUO\RunUO\Distribution\Debug\net8.0\Scripts\Engines\Khaldun\KhaldunGen.cs".
         Copying file from "C:\RunUO\RunUO\Scripts\Engines\Khaldun\Mobiles\GrimmochDrummel.cs" to "C:\RunUO\RunUO\Distribution\Debug\net8.0\Scripts\Engines\Khaldun\Mobiles\GrimmochDrummel.cs".
         Copying file from "C:\RunUO\RunUO\Scripts\Engines\Khaldun\Mobiles\LysanderGathenwale.cs" to "C:\RunUO\RunUO\Distribution\Debug\net8.0\Scripts\Engines\Khaldun\Mobiles\LysanderGathenwale.cs".
         Copying file from "C:\RunUO\RunUO\Scripts\Engines\Khaldun\Mobiles\MorgBergen.cs" to "C:\RunUO\RunUO\Distribution\Debug\net8.0\Scripts\Engines\Khaldun\Mobiles\MorgBergen.cs".
         Copying file from "C:\RunUO\RunUO\Scripts\Engines\Khaldun\Mobiles\TavaraSewel.cs" to "C:\RunUO\RunUO\Distribution\Debug\net8.0\Scripts\Engines\Khaldun\Mobiles\TavaraSewel.cs".
         Copying file from "C:\RunUO\RunUO\Scripts\Engines\Khaldun\PuzzleChest.cs" to "C:\RunUO\RunUO\Distribution\Debug\net8.0\Scripts\Engines\Khaldun\PuzzleChest.cs".
         Copying file from "C:\RunUO\RunUO\Scripts\Engines\Khaldun\RaisableItem.cs" to "C:\RunUO\RunUO\Distribution\Debug\net8.0\Scripts\Engines\Khaldun\RaisableItem.cs".
         Copying file from "C:\RunUO\RunUO\Scripts\Engines\Khaldun\RaiseSwitch.cs" to "C:\RunUO\RunUO\Distribution\Debug\net8.0\Scripts\Engines\Khaldun\RaiseSwitch.cs".
         Copying file from "C:\RunUO\RunUO\Scripts\Engines\MLQuests\Definitions\AGhostOfCovetous.cs" to "C:\RunUO\RunUO\Distribution\Debug\net8.0\Scripts\Engines\MLQuests\Definitions\AGhostOfCovetous.cs".
         Copying file from "C:\RunUO\RunUO\Scripts\Engines\MLQuests\Definitions\BaseEscort.cs" to "C:\RunUO\RunUO\Distribution\Debug\net8.0\Scripts\Engines\MLQuests\Definitions\BaseEscort.cs".
         Copying file from "C:\RunUO\RunUO\Scripts\Engines\MLQuests\Definitions\Bedlam.cs" to "C:\RunUO\RunUO\Distribution\Debug\net8.0\Scripts\Engines\MLQuests\Definitions\Bedlam.cs".
         Copying file from "C:\RunUO\RunUO\Scripts\Engines\MLQuests\Definitions\BlightedGrove.cs" to "C:\RunUO\RunUO\Distribution\Debug\net8.0\Scripts\Engines\MLQuests\Definitions\BlightedGrove.cs".
         Copying file from "C:\RunUO\RunUO\Scripts\Engines\MLQuests\Definitions\Britannia.cs" to "C:\RunUO\RunUO\Distribution\Debug\net8.0\Scripts\Engines\MLQuests\Definitions\Britannia.cs".
         Copying file from "C:\RunUO\RunUO\Scripts\Engines\MLQuests\Definitions\Heartwood.cs" to "C:\RunUO\RunUO\Distribution\Debug\net8.0\Scripts\Engines\MLQuests\Definitions\Heartwood.cs".
         Copying file from "C:\RunUO\RunUO\Scripts\Engines\MLQuests\Definitions\Heritage.cs" to "C:\RunUO\RunUO\Distribution\Debug\net8.0\Scripts\Engines\MLQuests\Definitions\Heritage.cs".
         Copying file from "C:\RunUO\RunUO\Scripts\Engines\MLQuests\Definitions\Ilshenar.cs" to "C:\RunUO\RunUO\Distribution\Debug\net8.0\Scripts\Engines\MLQuests\Definitions\Ilshenar.cs".
         Copying file from "C:\RunUO\RunUO\Scripts\Engines\MLQuests\Definitions\HonestBeggar.cs" to "C:\RunUO\RunUO\Distribution\Debug\net8.0\Scripts\Engines\MLQuests\Definitions\HonestBeggar.cs".
         Copying file from "C:\RunUO\RunUO\Scripts\Engines\MLQuests\Definitions\LostItems.cs" to "C:\RunUO\RunUO\Distribution\Debug\net8.0\Scripts\Engines\MLQuests\Definitions\LostItems.cs".
         Copying file from "C:\RunUO\RunUO\Scripts\Engines\MLQuests\Definitions\Malas.cs" to "C:\RunUO\RunUO\Distribution\Debug\net8.0\Scripts\Engines\MLQuests\Definitions\Malas.cs".
         Copying file from "C:\RunUO\RunUO\Scripts\Engines\MLQuests\Definitions\MistakenIdentity.cs" to "C:\RunUO\RunUO\Distribution\Debug\net8.0\Scripts\Engines\MLQuests\Definitions\MistakenIdentity.cs".
         Copying file from "C:\RunUO\RunUO\Scripts\Engines\MLQuests\Definitions\NewHaven.cs" to "C:\RunUO\RunUO\Distribution\Debug\net8.0\Scripts\Engines\MLQuests\Definitions\NewHaven.cs".
         Copying file from "C:\RunUO\RunUO\Scripts\Engines\MLQuests\Definitions\NewHavenSkillTraining.cs" to "C:\RunUO\RunUO\Distribution\Debug\net8.0\Scripts\Engines\MLQuests\Definitions\NewHavenSkillTraining.cs".
         Copying file from "C:\RunUO\RunUO\Scripts\Engines\MLQuests\Definitions\Sanctuary.cs" to "C:\RunUO\RunUO\Distribution\Debug\net8.0\Scripts\Engines\MLQuests\Definitions\Sanctuary.cs".
         Copying file from "C:\RunUO\RunUO\Scripts\Engines\MLQuests\Definitions\NewHavenTraining.cs" to "C:\RunUO\RunUO\Distribution\Debug\net8.0\Scripts\Engines\MLQuests\Definitions\NewHavenTraining.cs".
         Copying file from "C:\RunUO\RunUO\Scripts\Engines\MLQuests\Definitions\Spellweaving.cs" to "C:\RunUO\RunUO\Distribution\Debug\net8.0\Scripts\Engines\MLQuests\Definitions\Spellweaving.cs".
         Copying file from "C:\RunUO\RunUO\Scripts\Engines\MLQuests\Definitions\TheAncientWorld.cs" to "C:\RunUO\RunUO\Distribution\Debug\net8.0\Scripts\Engines\MLQuests\Definitions\TheAncientWorld.cs".
         Copying file from "C:\RunUO\RunUO\Scripts\Engines\MLQuests\Definitions\TownEscorts.cs" to "C:\RunUO\RunUO\Distribution\Debug\net8.0\Scripts\Engines\MLQuests\Definitions\TownEscorts.cs".
         Copying file from "C:\RunUO\RunUO\Scripts\Engines\MLQuests\Definitions\UnfadingMemories.cs" to "C:\RunUO\RunUO\Distribution\Debug\net8.0\Scripts\Engines\MLQuests\Definitions\UnfadingMemories.cs".
         Copying file from "C:\RunUO\RunUO\Scripts\Engines\MLQuests\Definitions\WarriorsOfTheGemKeeper.cs" to "C:\RunUO\RunUO\Distribution\Debug\net8.0\Scripts\Engines\MLQuests\Definitions\WarriorsOfTheGemKeeper.cs".
         Copying file from "C:\RunUO\RunUO\Scripts\Engines\MLQuests\Gumps\BaseQuestGump.cs" to "C:\RunUO\RunUO\Distribution\Debug\net8.0\Scripts\Engines\MLQuests\Gumps\BaseQuestGump.cs".
         Copying file from "C:\RunUO\RunUO\Scripts\Engines\MLQuests\Gumps\InfoNPCGump.cs" to "C:\RunUO\RunUO\Distribution\Debug\net8.0\Scripts\Engines\MLQuests\Gumps\InfoNPCGump.cs".
         Copying file from "C:\RunUO\RunUO\Scripts\Engines\MLQuests\Gumps\QuestCancelConfirmGump.cs" to "C:\RunUO\RunUO\Distribution\Debug\net8.0\Scripts\Engines\MLQuests\Gumps\QuestCancelConfirmGump.cs".
         Copying file from "C:\RunUO\RunUO\Scripts\Engines\MLQuests\Gumps\QuestConversationGump.cs" to "C:\RunUO\RunUO\Distribution\Debug\net8.0\Scripts\Engines\MLQuests\Gumps\QuestConversationGump.cs".
         Copying file from "C:\RunUO\RunUO\Scripts\Engines\MLQuests\Gumps\QuestLogDetailedGump.cs" to "C:\RunUO\RunUO\Distribution\Debug\net8.0\Scripts\Engines\MLQuests\Gumps\QuestLogDetailedGump.cs".
         Copying file from "C:\RunUO\RunUO\Scripts\Engines\MLQuests\Gumps\QuestLogGump.cs" to "C:\RunUO\RunUO\Distribution\Debug\net8.0\Scripts\Engines\MLQuests\Gumps\QuestLogGump.cs".
         Copying file from "C:\RunUO\RunUO\Scripts\Engines\MLQuests\Gumps\QuestOfferGump.cs" to "C:\RunUO\RunUO\Distribution\Debug\net8.0\Scripts\Engines\MLQuests\Gumps\QuestOfferGump.cs".
         Copying file from "C:\RunUO\RunUO\Scripts\Engines\MLQuests\Gumps\QuestRewardGump.cs" to "C:\RunUO\RunUO\Distribution\Debug\net8.0\Scripts\Engines\MLQuests\Gumps\QuestRewardGump.cs".
         Copying file from "C:\RunUO\RunUO\Scripts\Engines\MLQuests\Gumps\QuestReportBackGump.cs" to "C:\RunUO\RunUO\Distribution\Debug\net8.0\Scripts\Engines\MLQuests\Gumps\QuestReportBackGump.cs".
         Copying file from "C:\RunUO\RunUO\Scripts\Engines\MLQuests\Gumps\RaceChangeGump.cs" to "C:\RunUO\RunUO\Distribution\Debug\net8.0\Scripts\Engines\MLQuests\Gumps\RaceChangeGump.cs".
         Copying file from "C:\RunUO\RunUO\Scripts\Engines\MLQuests\IQuestGiver.cs" to "C:\RunUO\RunUO\Distribution\Debug\net8.0\Scripts\Engines\MLQuests\IQuestGiver.cs".
         Copying file from "C:\RunUO\RunUO\Scripts\Engines\MLQuests\Items\ABauble.cs" to "C:\RunUO\RunUO\Distribution\Debug\net8.0\Scripts\Engines\MLQuests\Items\ABauble.cs".
         Copying file from "C:\RunUO\RunUO\Scripts\Engines\MLQuests\Items\AlchemistsBandage.cs" to "C:\RunUO\RunUO\Distribution\Debug\net8.0\Scripts\Engines\MLQuests\Items\AlchemistsBandage.cs".
         Copying file from "C:\RunUO\RunUO\Scripts\Engines\MLQuests\Items\AndricSatchel.cs" to "C:\RunUO\RunUO\Distribution\Debug\net8.0\Scripts\Engines\MLQuests\Items\AndricSatchel.cs".
         Copying file from "C:\RunUO\RunUO\Scripts\Engines\MLQuests\Items\AndrosGratitude.cs" to "C:\RunUO\RunUO\Distribution\Debug\net8.0\Scripts\Engines\MLQuests\Items\AndrosGratitude.cs".
         Copying file from "C:\RunUO\RunUO\Scripts\Engines\MLQuests\Items\AnOldNecklace.cs" to "C:\RunUO\RunUO\Distribution\Debug\net8.0\Scripts\Engines\MLQuests\Items\AnOldNecklace.cs".
         Copying file from "C:\RunUO\RunUO\Scripts\Engines\MLQuests\Items\AnOldRing.cs" to "C:\RunUO\RunUO\Distribution\Debug\net8.0\Scripts\Engines\MLQuests\Items\AnOldRing.cs".
         Copying file from "C:\RunUO\RunUO\Scripts\Engines\MLQuests\Items\APersonalLetterAddressedToAhie.cs" to "C:\RunUO\RunUO\Distribution\Debug\net8.0\Scripts\Engines\MLQuests\Items\APersonalLetterAddressedToAhie.cs".
         Copying file from "C:\RunUO\RunUO\Scripts\Engines\MLQuests\Items\AsandosSatchel.cs" to "C:\RunUO\RunUO\Distribution\Debug\net8.0\Scripts\Engines\MLQuests\Items\AsandosSatchel.cs".
         Copying file from "C:\RunUO\RunUO\Scripts\Engines\MLQuests\Items\BasinOfCrystalClearWater.cs" to "C:\RunUO\RunUO\Distribution\Debug\net8.0\Scripts\Engines\MLQuests\Items\BasinOfCrystalClearWater.cs".
         Copying file from "C:\RunUO\RunUO\Scripts\Engines\MLQuests\Items\BedlamTeleporter.cs" to "C:\RunUO\RunUO\Distribution\Debug\net8.0\Scripts\Engines\MLQuests\Items\BedlamTeleporter.cs".
         Copying file from "C:\RunUO\RunUO\Scripts\Engines\MLQuests\Items\Bleach.cs" to "C:\RunUO\RunUO\Distribution\Debug\net8.0\Scripts\Engines\MLQuests\Items\Bleach.cs".
         Copying file from "C:\RunUO\RunUO\Scripts\Engines\MLQuests\Items\BridesLetter.cs" to "C:\RunUO\RunUO\Distribution\Debug\net8.0\Scripts\Engines\MLQuests\Items\BridesLetter.cs".
         Copying file from "C:\RunUO\RunUO\Scripts\Engines\MLQuests\Items\CompletedTuitionReimbursementForm.cs" to "C:\RunUO\RunUO\Distribution\Debug\net8.0\Scripts\Engines\MLQuests\Items\CompletedTuitionReimbursementForm.cs".
         Copying file from "C:\RunUO\RunUO\Scripts\Engines\MLQuests\Items\CraftmansSatchel.cs" to "C:\RunUO\RunUO\Distribution\Debug\net8.0\Scripts\Engines\MLQuests\Items\CraftmansSatchel.cs".
         Copying file from "C:\RunUO\RunUO\Scripts\Engines\MLQuests\Items\CrateForSledge.cs" to "C:\RunUO\RunUO\Distribution\Debug\net8.0\Scripts\Engines\MLQuests\Items\CrateForSledge.cs".
         Copying file from "C:\RunUO\RunUO\Scripts\Engines\MLQuests\Items\DreadSpiderSilk.cs" to "C:\RunUO\RunUO\Distribution\Debug\net8.0\Scripts\Engines\MLQuests\Items\DreadSpiderSilk.cs".
         Copying file from "C:\RunUO\RunUO\Scripts\Engines\MLQuests\Items\FragmentOfAMap.cs" to "C:\RunUO\RunUO\Distribution\Debug\net8.0\Scripts\Engines\MLQuests\Items\FragmentOfAMap.cs".
         Copying file from "C:\RunUO\RunUO\Scripts\Engines\MLQuests\Items\FragmentOfAMapDelivery.cs" to "C:\RunUO\RunUO\Distribution\Debug\net8.0\Scripts\Engines\MLQuests\Items\FragmentOfAMapDelivery.cs".
         Copying file from "C:\RunUO\RunUO\Scripts\Engines\MLQuests\Items\FriendOfTheLibraryToken.cs" to "C:\RunUO\RunUO\Distribution\Debug\net8.0\Scripts\Engines\MLQuests\Items\FriendOfTheLibraryToken.cs".
         Copying file from "C:\RunUO\RunUO\Scripts\Engines\MLQuests\Items\FriendsOfTheLibraryApplication.cs" to "C:\RunUO\RunUO\Distribution\Debug\net8.0\Scripts\Engines\MLQuests\Items\FriendsOfTheLibraryApplication.cs".
         Copying file from "C:\RunUO\RunUO\Scripts\Engines\MLQuests\Items\GamanHorns.cs" to "C:\RunUO\RunUO\Distribution\Debug\net8.0\Scripts\Engines\MLQuests\Items\GamanHorns.cs".
         Copying file from "C:\RunUO\RunUO\Scripts\Engines\MLQuests\Items\GervisSatchel.cs" to "C:\RunUO\RunUO\Distribution\Debug\net8.0\Scripts\Engines\MLQuests\Items\GervisSatchel.cs".
         Copying file from "C:\RunUO\RunUO\Scripts\Engines\MLQuests\Items\GiftForArielle.cs" to "C:\RunUO\RunUO\Distribution\Debug\net8.0\Scripts\Engines\MLQuests\Items\GiftForArielle.cs".
         Copying file from "C:\RunUO\RunUO\Scripts\Engines\MLQuests\Items\HargroveSatchel.cs" to "C:\RunUO\RunUO\Distribution\Debug\net8.0\Scripts\Engines\MLQuests\Items\HargroveSatchel.cs".
         Copying file from "C:\RunUO\RunUO\Scripts\Engines\MLQuests\Items\KirinBrains.cs" to "C:\RunUO\RunUO\Distribution\Debug\net8.0\Scripts\Engines\MLQuests\Items\KirinBrains.cs".
         Copying file from "C:\RunUO\RunUO\Scripts\Engines\MLQuests\Items\LowelSatchel.cs" to "C:\RunUO\RunUO\Distribution\Debug\net8.0\Scripts\Engines\MLQuests\Items\LowelSatchel.cs".
         Copying file from "C:\RunUO\RunUO\Scripts\Engines\MLQuests\Items\MiniatureMushroom.cs" to "C:\RunUO\RunUO\Distribution\Debug\net8.0\Scripts\Engines\MLQuests\Items\MiniatureMushroom.cs".
         Copying file from "C:\RunUO\RunUO\Scripts\Engines\MLQuests\Items\MirrorOfPurification.cs" to "C:\RunUO\RunUO\Distribution\Debug\net8.0\Scripts\Engines\MLQuests\Items\MirrorOfPurification.cs".
         Copying file from "C:\RunUO\RunUO\Scripts\Engines\MLQuests\Items\MuggSatchel.cs" to "C:\RunUO\RunUO\Distribution\Debug\net8.0\Scripts\Engines\MLQuests\Items\MuggSatchel.cs".
         Copying file from "C:\RunUO\RunUO\Scripts\Engines\MLQuests\Items\NibbetSatchel.cs" to "C:\RunUO\RunUO\Distribution\Debug\net8.0\Scripts\Engines\MLQuests\Items\NibbetSatchel.cs".
         Copying file from "C:\RunUO\RunUO\Scripts\Engines\MLQuests\Items\NotarizedApplication.cs" to "C:\RunUO\RunUO\Distribution\Debug\net8.0\Scripts\Engines\MLQuests\Items\NotarizedApplication.cs".
         Copying file from "C:\RunUO\RunUO\Scripts\Engines\MLQuests\Items\OfficialSealingWax.cs" to "C:\RunUO\RunUO\Distribution\Debug\net8.0\Scripts\Engines\MLQuests\Items\OfficialSealingWax.cs".
         Copying file from "C:\RunUO\RunUO\Scripts\Engines\MLQuests\Items\PeppercornFishsteak.cs" to "C:\RunUO\RunUO\Distribution\Debug\net8.0\Scripts\Engines\MLQuests\Items\PeppercornFishsteak.cs".
         Copying file from "C:\RunUO\RunUO\Scripts\Engines\MLQuests\Items\PixieLeg.cs" to "C:\RunUO\RunUO\Distribution\Debug\net8.0\Scripts\Engines\MLQuests\Items\PixieLeg.cs".
         Copying file from "C:\RunUO\RunUO\Scripts\Engines\MLQuests\Items\PortraitOfTheBride.cs" to "C:\RunUO\RunUO\Distribution\Debug\net8.0\Scripts\Engines\MLQuests\Items\PortraitOfTheBride.cs".
         Copying file from "C:\RunUO\RunUO\Scripts\Engines\MLQuests\Items\PrismaticAmber.cs" to "C:\RunUO\RunUO\Distribution\Debug\net8.0\Scripts\Engines\MLQuests\Items\PrismaticAmber.cs".
         Copying file from "C:\RunUO\RunUO\Scripts\Engines\MLQuests\Items\PrismaticCrystal.cs" to "C:\RunUO\RunUO\Distribution\Debug\net8.0\Scripts\Engines\MLQuests\Items\PrismaticCrystal.cs".
         Copying file from "C:\RunUO\RunUO\Scripts\Engines\MLQuests\Items\QuestGiverItem.cs" to "C:\RunUO\RunUO\Distribution\Debug\net8.0\Scripts\Engines\MLQuests\Items\QuestGiverItem.cs".
         Copying file from "C:\RunUO\RunUO\Scripts\Engines\MLQuests\Items\RedLeatherBook.cs" to "C:\RunUO\RunUO\Distribution\Debug\net8.0\Scripts\Engines\MLQuests\Items\RedLeatherBook.cs".
         Copying file from "C:\RunUO\RunUO\Scripts\Engines\MLQuests\Items\ReginasLetter.cs" to "C:\RunUO\RunUO\Distribution\Debug\net8.0\Scripts\Engines\MLQuests\Items\ReginasLetter.cs".
         Copying file from "C:\RunUO\RunUO\Scripts\Engines\MLQuests\Items\ReginasRing.cs" to "C:\RunUO\RunUO\Distribution\Debug\net8.0\Scripts\Engines\MLQuests\Items\ReginasRing.cs".
         Copying file from "C:\RunUO\RunUO\Scripts\Engines\MLQuests\Items\RewardBags.cs" to "C:\RunUO\RunUO\Distribution\Debug\net8.0\Scripts\Engines\MLQuests\Items\RewardBags.cs".
         Copying file from "C:\RunUO\RunUO\Scripts\Engines\MLQuests\Items\SapOfSosaria.cs" to "C:\RunUO\RunUO\Distribution\Debug\net8.0\Scripts\Engines\MLQuests\Items\SapOfSosaria.cs".
         Copying file from "C:\RunUO\RunUO\Scripts\Engines\MLQuests\Items\SadrahSatchel.cs" to "C:\RunUO\RunUO\Distribution\Debug\net8.0\Scripts\Engines\MLQuests\Items\SadrahSatchel.cs".
         Copying file from "C:\RunUO\RunUO\Scripts\Engines\MLQuests\Items\SealedNotesForJamal.cs" to "C:\RunUO\RunUO\Distribution\Debug\net8.0\Scripts\Engines\MLQuests\Items\SealedNotesForJamal.cs".
         Copying file from "C:\RunUO\RunUO\Scripts\Engines\MLQuests\Items\SeveredElfEars.cs" to "C:\RunUO\RunUO\Distribution\Debug\net8.0\Scripts\Engines\MLQuests\Items\SeveredElfEars.cs".
         Copying file from "C:\RunUO\RunUO\Scripts\Engines\MLQuests\Items\SealingWaxOrderAddressedToPetrus.cs" to "C:\RunUO\RunUO\Distribution\Debug\net8.0\Scripts\Engines\MLQuests\Items\SealingWaxOrderAddressedToPetrus.cs".
         Copying file from "C:\RunUO\RunUO\Scripts\Engines\MLQuests\Items\SeveredHumanEars.cs" to "C:\RunUO\RunUO\Distribution\Debug\net8.0\Scripts\Engines\MLQuests\Items\SeveredHumanEars.cs".
         Copying file from "C:\RunUO\RunUO\Scripts\Engines\MLQuests\Items\SignedTuitionReimbursementForm.cs" to "C:\RunUO\RunUO\Distribution\Debug\net8.0\Scripts\Engines\MLQuests\Items\SignedTuitionReimbursementForm.cs".
         Copying file from "C:\RunUO\RunUO\Scripts\Engines\MLQuests\Items\SpecialTreatForDrithen.cs" to "C:\RunUO\RunUO\Distribution\Debug\net8.0\Scripts\Engines\MLQuests\Items\SpecialTreatForDrithen.cs".
         Copying file from "C:\RunUO\RunUO\Scripts\Engines\MLQuests\Items\SpeckledPoisonSac.cs" to "C:\RunUO\RunUO\Distribution\Debug\net8.0\Scripts\Engines\MLQuests\Items\SpeckledPoisonSac.cs".
         Copying file from "C:\RunUO\RunUO\Scripts\Engines\MLQuests\Items\SpiritBottle.cs" to "C:\RunUO\RunUO\Distribution\Debug\net8.0\Scripts\Engines\MLQuests\Items\SpiritBottle.cs".
         Copying file from "C:\RunUO\RunUO\Scripts\Engines\MLQuests\Items\StoutWhip.cs" to "C:\RunUO\RunUO\Distribution\Debug\net8.0\Scripts\Engines\MLQuests\Items\StoutWhip.cs".
         Copying file from "C:\RunUO\RunUO\Scripts\Engines\MLQuests\Items\TaintedTreeSample.cs" to "C:\RunUO\RunUO\Distribution\Debug\net8.0\Scripts\Engines\MLQuests\Items\TaintedTreeSample.cs".
         Copying file from "C:\RunUO\RunUO\Scripts\Engines\MLQuests\Items\Teleporters.cs" to "C:\RunUO\RunUO\Distribution\Debug\net8.0\Scripts\Engines\MLQuests\Items\Teleporters.cs".
         Copying file from "C:\RunUO\RunUO\Scripts\Engines\MLQuests\Items\TransparentHeart.cs" to "C:\RunUO\RunUO\Distribution\Debug\net8.0\Scripts\Engines\MLQuests\Items\TransparentHeart.cs".
         Copying file from "C:\RunUO\RunUO\Scripts\Engines\MLQuests\Items\TuitionReimbursementForm.cs" to "C:\RunUO\RunUO\Distribution\Debug\net8.0\Scripts\Engines\MLQuests\Items\TuitionReimbursementForm.cs".
         Copying file from "C:\RunUO\RunUO\Scripts\Engines\MLQuests\Items\UnicornRibs.cs" to "C:\RunUO\RunUO\Distribution\Debug\net8.0\Scripts\Engines\MLQuests\Items\UnicornRibs.cs".
         Copying file from "C:\RunUO\RunUO\Scripts\Engines\MLQuests\MLQuest.cs" to "C:\RunUO\RunUO\Distribution\Debug\net8.0\Scripts\Engines\MLQuests\MLQuest.cs".
         Copying file from "C:\RunUO\RunUO\Scripts\Engines\MLQuests\MLQuestContext.cs" to "C:\RunUO\RunUO\Distribution\Debug\net8.0\Scripts\Engines\MLQuests\MLQuestContext.cs".
         Copying file from "C:\RunUO\RunUO\Scripts\Engines\MLQuests\MLQuestEntry.cs" to "C:\RunUO\RunUO\Distribution\Debug\net8.0\Scripts\Engines\MLQuests\MLQuestEntry.cs".
         Copying file from "C:\RunUO\RunUO\Scripts\Engines\MLQuests\MLQuestPersistence.cs" to "C:\RunUO\RunUO\Distribution\Debug\net8.0\Scripts\Engines\MLQuests\MLQuestPersistence.cs".
         Copying file from "C:\RunUO\RunUO\Scripts\Engines\MLQuests\MLQuestSystem.cs" to "C:\RunUO\RunUO\Distribution\Debug\net8.0\Scripts\Engines\MLQuests\MLQuestSystem.cs".
         Copying file from "C:\RunUO\RunUO\Scripts\Engines\MLQuests\Mobiles\BoonCollector.cs" to "C:\RunUO\RunUO\Distribution\Debug\net8.0\Scripts\Engines\MLQuests\Mobiles\BoonCollector.cs".
         Copying file from "C:\RunUO\RunUO\Scripts\Engines\MLQuests\Mobiles\SirHelper.cs" to "C:\RunUO\RunUO\Distribution\Debug\net8.0\Scripts\Engines\MLQuests\Mobiles\SirHelper.cs".
         Copying file from "C:\RunUO\RunUO\Scripts\Engines\MLQuests\Objectives\BaseObjective.cs" to "C:\RunUO\RunUO\Distribution\Debug\net8.0\Scripts\Engines\MLQuests\Objectives\BaseObjective.cs".
         Copying file from "C:\RunUO\RunUO\Scripts\Engines\MLQuests\Objectives\CollectObjective.cs" to "C:\RunUO\RunUO\Distribution\Debug\net8.0\Scripts\Engines\MLQuests\Objectives\CollectObjective.cs".
         Copying file from "C:\RunUO\RunUO\Scripts\Engines\MLQuests\Objectives\DeliverObjective.cs" to "C:\RunUO\RunUO\Distribution\Debug\net8.0\Scripts\Engines\MLQuests\Objectives\DeliverObjective.cs".
         Copying file from "C:\RunUO\RunUO\Scripts\Engines\MLQuests\Objectives\EscortObjective.cs" to "C:\RunUO\RunUO\Distribution\Debug\net8.0\Scripts\Engines\MLQuests\Objectives\EscortObjective.cs".
         Copying file from "C:\RunUO\RunUO\Scripts\Engines\MLQuests\Objectives\GainSkillObjective.cs" to "C:\RunUO\RunUO\Distribution\Debug\net8.0\Scripts\Engines\MLQuests\Objectives\GainSkillObjective.cs".
         Copying file from "C:\RunUO\RunUO\Scripts\Engines\MLQuests\Objectives\KillObjective.cs" to "C:\RunUO\RunUO\Distribution\Debug\net8.0\Scripts\Engines\MLQuests\Objectives\KillObjective.cs".
         Copying file from "C:\RunUO\RunUO\Scripts\Engines\MLQuests\QuestArea.cs" to "C:\RunUO\RunUO\Distribution\Debug\net8.0\Scripts\Engines\MLQuests\QuestArea.cs".
         Copying file from "C:\RunUO\RunUO\Scripts\Engines\MLQuests\QuesterNameAttribute.cs" to "C:\RunUO\RunUO\Distribution\Debug\net8.0\Scripts\Engines\MLQuests\QuesterNameAttribute.cs".
         Copying file from "C:\RunUO\RunUO\Scripts\Engines\MLQuests\Rewards\BaseReward.cs" to "C:\RunUO\RunUO\Distribution\Debug\net8.0\Scripts\Engines\MLQuests\Rewards\BaseReward.cs".
         Copying file from "C:\RunUO\RunUO\Scripts\Engines\MLQuests\Rewards\DummyReward.cs" to "C:\RunUO\RunUO\Distribution\Debug\net8.0\Scripts\Engines\MLQuests\Rewards\DummyReward.cs".
         Copying file from "C:\RunUO\RunUO\Scripts\Engines\MyRunUO\Config.cs" to "C:\RunUO\RunUO\Distribution\Debug\net8.0\Scripts\Engines\MyRunUO\Config.cs".
         Copying file from "C:\RunUO\RunUO\Scripts\Engines\MLQuests\Rewards\ItemReward.cs" to "C:\RunUO\RunUO\Distribution\Debug\net8.0\Scripts\Engines\MLQuests\Rewards\ItemReward.cs".
         Copying file from "C:\RunUO\RunUO\Scripts\Engines\MyRunUO\DatabaseCommandQueue.cs" to "C:\RunUO\RunUO\Distribution\Debug\net8.0\Scripts\Engines\MyRunUO\DatabaseCommandQueue.cs".
         Copying file from "C:\RunUO\RunUO\Scripts\Engines\MyRunUO\LayerComparer.cs" to "C:\RunUO\RunUO\Distribution\Debug\net8.0\Scripts\Engines\MyRunUO\LayerComparer.cs".
         Copying file from "C:\RunUO\RunUO\Scripts\Engines\MyRunUO\MyRunUO.cs" to "C:\RunUO\RunUO\Distribution\Debug\net8.0\Scripts\Engines\MyRunUO\MyRunUO.cs".
         Copying file from "C:\RunUO\RunUO\Scripts\Engines\MyRunUO\MyRunUOStatus.cs" to "C:\RunUO\RunUO\Distribution\Debug\net8.0\Scripts\Engines\MyRunUO\MyRunUOStatus.cs".
         Copying file from "C:\RunUO\RunUO\Scripts\Engines\Party\AddPartyTarget.cs" to "C:\RunUO\RunUO\Distribution\Debug\net8.0\Scripts\Engines\Party\AddPartyTarget.cs".
         Copying file from "C:\RunUO\RunUO\Scripts\Engines\Party\DeclineTimer.cs" to "C:\RunUO\RunUO\Distribution\Debug\net8.0\Scripts\Engines\Party\DeclineTimer.cs".
         Copying file from "C:\RunUO\RunUO\Scripts\Engines\Party\Packets.cs" to "C:\RunUO\RunUO\Distribution\Debug\net8.0\Scripts\Engines\Party\Packets.cs".
         Copying file from "C:\RunUO\RunUO\Scripts\Engines\Party\Party.cs" to "C:\RunUO\RunUO\Distribution\Debug\net8.0\Scripts\Engines\Party\Party.cs".
         Copying file from "C:\RunUO\RunUO\Scripts\Engines\Party\PartyCommands.cs" to "C:\RunUO\RunUO\Distribution\Debug\net8.0\Scripts\Engines\Party\PartyCommands.cs".
         Copying file from "C:\RunUO\RunUO\Scripts\Engines\Party\PartyMemberInfo.cs" to "C:\RunUO\RunUO\Distribution\Debug\net8.0\Scripts\Engines\Party\PartyMemberInfo.cs".
         Copying file from "C:\RunUO\RunUO\Scripts\Engines\Party\RemoveFromParty.cs" to "C:\RunUO\RunUO\Distribution\Debug\net8.0\Scripts\Engines\Party\RemoveFromParty.cs".
         Copying file from "C:\RunUO\RunUO\Scripts\Engines\Party\RemovePartyTarget.cs" to "C:\RunUO\RunUO\Distribution\Debug\net8.0\Scripts\Engines\Party\RemovePartyTarget.cs".
         Copying file from "C:\RunUO\RunUO\Scripts\Engines\Pathing\FastAStarAlgorithm.cs" to "C:\RunUO\RunUO\Distribution\Debug\net8.0\Scripts\Engines\Pathing\FastAStarAlgorithm.cs".
         Copying file from "C:\RunUO\RunUO\Scripts\Engines\Pathing\Movement.cs" to "C:\RunUO\RunUO\Distribution\Debug\net8.0\Scripts\Engines\Pathing\Movement.cs".
         Copying file from "C:\RunUO\RunUO\Scripts\Engines\Pathing\MovementPath.cs" to "C:\RunUO\RunUO\Distribution\Debug\net8.0\Scripts\Engines\Pathing\MovementPath.cs".
         Copying file from "C:\RunUO\RunUO\Scripts\Engines\Pathing\MoveResult.cs" to "C:\RunUO\RunUO\Distribution\Debug\net8.0\Scripts\Engines\Pathing\MoveResult.cs".
         Copying file from "C:\RunUO\RunUO\Scripts\Engines\Pathing\PathAlgorithm.cs" to "C:\RunUO\RunUO\Distribution\Debug\net8.0\Scripts\Engines\Pathing\PathAlgorithm.cs".
         Copying file from "C:\RunUO\RunUO\Scripts\Engines\Pathing\SlowAStarAlgorithm.cs" to "C:\RunUO\RunUO\Distribution\Debug\net8.0\Scripts\Engines\Pathing\SlowAStarAlgorithm.cs".
         Copying file from "C:\RunUO\RunUO\Scripts\Engines\Pathing\PathFollower.cs" to "C:\RunUO\RunUO\Distribution\Debug\net8.0\Scripts\Engines\Pathing\PathFollower.cs".
         Copying file from "C:\RunUO\RunUO\Scripts\Engines\Plants\EmptyTheBowlGump.cs" to "C:\RunUO\RunUO\Distribution\Debug\net8.0\Scripts\Engines\Plants\EmptyTheBowlGump.cs".
         Copying file from "C:\RunUO\RunUO\Scripts\Engines\Plants\MiscItems\FertileDirt.cs" to "C:\RunUO\RunUO\Distribution\Debug\net8.0\Scripts\Engines\Plants\MiscItems\FertileDirt.cs".
         Copying file from "C:\RunUO\RunUO\Scripts\Engines\Plants\MainPlantGump.cs" to "C:\RunUO\RunUO\Distribution\Debug\net8.0\Scripts\Engines\Plants\MainPlantGump.cs".
         Copying file from "C:\RunUO\RunUO\Scripts\Engines\Plants\MiscItems\GreenThorns.cs" to "C:\RunUO\RunUO\Distribution\Debug\net8.0\Scripts\Engines\Plants\MiscItems\GreenThorns.cs".
         Copying file from "C:\RunUO\RunUO\Scripts\Engines\Plants\MiscItems\OrangePetals.cs" to "C:\RunUO\RunUO\Distribution\Debug\net8.0\Scripts\Engines\Plants\MiscItems\OrangePetals.cs".
         Copying file from "C:\RunUO\RunUO\Scripts\Engines\Plants\MiscItems\RedLeaves.cs" to "C:\RunUO\RunUO\Distribution\Debug\net8.0\Scripts\Engines\Plants\MiscItems\RedLeaves.cs".
         Copying file from "C:\RunUO\RunUO\Scripts\Engines\Plants\MiscMobiles\GiantIceWorm.cs" to "C:\RunUO\RunUO\Distribution\Debug\net8.0\Scripts\Engines\Plants\MiscMobiles\GiantIceWorm.cs".
         Copying file from "C:\RunUO\RunUO\Scripts\Engines\Plants\Network\DisplayHelpTopic.cs" to "C:\RunUO\RunUO\Distribution\Debug\net8.0\Scripts\Engines\Plants\Network\DisplayHelpTopic.cs".
         Copying file from "C:\RunUO\RunUO\Scripts\Engines\Plants\PlantBowl.cs" to "C:\RunUO\RunUO\Distribution\Debug\net8.0\Scripts\Engines\Plants\PlantBowl.cs".
         Copying file from "C:\RunUO\RunUO\Scripts\Engines\Plants\PlantHue.cs" to "C:\RunUO\RunUO\Distribution\Debug\net8.0\Scripts\Engines\Plants\PlantHue.cs".
         Copying file from "C:\RunUO\RunUO\Scripts\Engines\Plants\PlantItem.cs" to "C:\RunUO\RunUO\Distribution\Debug\net8.0\Scripts\Engines\Plants\PlantItem.cs".
         Copying file from "C:\RunUO\RunUO\Scripts\Engines\Plants\PlantPourTarget.cs" to "C:\RunUO\RunUO\Distribution\Debug\net8.0\Scripts\Engines\Plants\PlantPourTarget.cs".
         Copying file from "C:\RunUO\RunUO\Scripts\Engines\Plants\PlantResources.cs" to "C:\RunUO\RunUO\Distribution\Debug\net8.0\Scripts\Engines\Plants\PlantResources.cs".
         Copying file from "C:\RunUO\RunUO\Scripts\Engines\Plants\PlantSystem.cs" to "C:\RunUO\RunUO\Distribution\Debug\net8.0\Scripts\Engines\Plants\PlantSystem.cs".
         Copying file from "C:\RunUO\RunUO\Scripts\Engines\Plants\PlantType.cs" to "C:\RunUO\RunUO\Distribution\Debug\net8.0\Scripts\Engines\Plants\PlantType.cs".
         Copying file from "C:\RunUO\RunUO\Scripts\Engines\Plants\PollinateTarget.cs" to "C:\RunUO\RunUO\Distribution\Debug\net8.0\Scripts\Engines\Plants\PollinateTarget.cs".
         Copying file from "C:\RunUO\RunUO\Scripts\Engines\Plants\ReproductionGump.cs" to "C:\RunUO\RunUO\Distribution\Debug\net8.0\Scripts\Engines\Plants\ReproductionGump.cs".
         Copying file from "C:\RunUO\RunUO\Scripts\Engines\Plants\Seed.cs" to "C:\RunUO\RunUO\Distribution\Debug\net8.0\Scripts\Engines\Plants\Seed.cs".
         Copying file from "C:\RunUO\RunUO\Scripts\Engines\Plants\SetToDecorativeGump.cs" to "C:\RunUO\RunUO\Distribution\Debug\net8.0\Scripts\Engines\Plants\SetToDecorativeGump.cs".
         Copying file from "C:\RunUO\RunUO\Scripts\Engines\Quests\Ambitious Solen Queen\AmbitiousQueenQuest.cs" to "C:\RunUO\RunUO\Distribution\Debug\net8.0\Scripts\Engines\Quests\Ambitious Solen Queen\AmbitiousQueenQuest.cs".
         Copying file from "C:\RunUO\RunUO\Scripts\Engines\Quests\Ambitious Solen Queen\Conversations.cs" to "C:\RunUO\RunUO\Distribution\Debug\net8.0\Scripts\Engines\Quests\Ambitious Solen Queen\Conversations.cs".
         Copying file from "C:\RunUO\RunUO\Scripts\Engines\Quests\Ambitious Solen Queen\Mobiles\AmbitiousSolenQueen.cs" to "C:\RunUO\RunUO\Distribution\Debug\net8.0\Scripts\Engines\Quests\Ambitious Solen Queen\Mobiles\AmbitiousSolenQueen.cs".
         Copying file from "C:\RunUO\RunUO\Scripts\Engines\Quests\Ambitious Solen Queen\Objectives.cs" to "C:\RunUO\RunUO\Distribution\Debug\net8.0\Scripts\Engines\Quests\Ambitious Solen Queen\Objectives.cs".
         Copying file from "C:\RunUO\RunUO\Scripts\Engines\Quests\Collector\CollectorQuest.cs" to "C:\RunUO\RunUO\Distribution\Debug\net8.0\Scripts\Engines\Quests\Collector\CollectorQuest.cs".
         Copying file from "C:\RunUO\RunUO\Scripts\Engines\Quests\Collector\Conversations.cs" to "C:\RunUO\RunUO\Distribution\Debug\net8.0\Scripts\Engines\Quests\Collector\Conversations.cs".
         Copying file from "C:\RunUO\RunUO\Scripts\Engines\Quests\Collector\Items\EnchantedPaints.cs" to "C:\RunUO\RunUO\Distribution\Debug\net8.0\Scripts\Engines\Quests\Collector\Items\EnchantedPaints.cs".
         Copying file from "C:\RunUO\RunUO\Scripts\Engines\Quests\Collector\Items\ImageType.cs" to "C:\RunUO\RunUO\Distribution\Debug\net8.0\Scripts\Engines\Quests\Collector\Items\ImageType.cs".
         Copying file from "C:\RunUO\RunUO\Scripts\Engines\Quests\Collector\Items\Obsidian.cs" to "C:\RunUO\RunUO\Distribution\Debug\net8.0\Scripts\Engines\Quests\Collector\Items\Obsidian.cs".
         Copying file from "C:\RunUO\RunUO\Scripts\Engines\Quests\Collector\Items\PaintedImage.cs" to "C:\RunUO\RunUO\Distribution\Debug\net8.0\Scripts\Engines\Quests\Collector\Items\PaintedImage.cs".
         Copying file from "C:\RunUO\RunUO\Scripts\Engines\Quests\Collector\Mobiles\AlbertaGiacco.cs" to "C:\RunUO\RunUO\Distribution\Debug\net8.0\Scripts\Engines\Quests\Collector\Mobiles\AlbertaGiacco.cs".
         Copying file from "C:\RunUO\RunUO\Scripts\Engines\Quests\Collector\Mobiles\ElwoodMcCarrin.cs" to "C:\RunUO\RunUO\Distribution\Debug\net8.0\Scripts\Engines\Quests\Collector\Mobiles\ElwoodMcCarrin.cs".
         Copying file from "C:\RunUO\RunUO\Scripts\Engines\Quests\Collector\Mobiles\GabrielPiete.cs" to "C:\RunUO\RunUO\Distribution\Debug\net8.0\Scripts\Engines\Quests\Collector\Mobiles\GabrielPiete.cs".
         Copying file from "C:\RunUO\RunUO\Scripts\Engines\Quests\Collector\Mobiles\Impresario.cs" to "C:\RunUO\RunUO\Distribution\Debug\net8.0\Scripts\Engines\Quests\Collector\Mobiles\Impresario.cs".
         Copying file from "C:\RunUO\RunUO\Scripts\Engines\Quests\Collector\Mobiles\TomasONeerlan.cs" to "C:\RunUO\RunUO\Distribution\Debug\net8.0\Scripts\Engines\Quests\Collector\Mobiles\TomasONeerlan.cs".
         Copying file from "C:\RunUO\RunUO\Scripts\Engines\Quests\Collector\Objectives.cs" to "C:\RunUO\RunUO\Distribution\Debug\net8.0\Scripts\Engines\Quests\Collector\Objectives.cs".
         Copying file from "C:\RunUO\RunUO\Scripts\Engines\Quests\Core\BaseQuester.cs" to "C:\RunUO\RunUO\Distribution\Debug\net8.0\Scripts\Engines\Quests\Core\BaseQuester.cs".
         Copying file from "C:\RunUO\RunUO\Scripts\Engines\Quests\Core\Items\DynamicTeleporter.cs" to "C:\RunUO\RunUO\Distribution\Debug\net8.0\Scripts\Engines\Quests\Core\Items\DynamicTeleporter.cs".
         Copying file from "C:\RunUO\RunUO\Scripts\Engines\Quests\Core\Items\EnchantedSextant.cs" to "C:\RunUO\RunUO\Distribution\Debug\net8.0\Scripts\Engines\Quests\Core\Items\EnchantedSextant.cs".
         Copying file from "C:\RunUO\RunUO\Scripts\Engines\Quests\Core\Items\HornOfRetreat.cs" to "C:\RunUO\RunUO\Distribution\Debug\net8.0\Scripts\Engines\Quests\Core\Items\HornOfRetreat.cs".
         Copying file from "C:\RunUO\RunUO\Scripts\Engines\Quests\Core\Items\QuestItem.cs" to "C:\RunUO\RunUO\Distribution\Debug\net8.0\Scripts\Engines\Quests\Core\Items\QuestItem.cs".
         Copying file from "C:\RunUO\RunUO\Scripts\Engines\Quests\Core\QuestCallbackEntry.cs" to "C:\RunUO\RunUO\Distribution\Debug\net8.0\Scripts\Engines\Quests\Core\QuestCallbackEntry.cs".
         Copying file from "C:\RunUO\RunUO\Scripts\Engines\Quests\Core\QuestConversation.cs" to "C:\RunUO\RunUO\Distribution\Debug\net8.0\Scripts\Engines\Quests\Core\QuestConversation.cs".
         Copying file from "C:\RunUO\RunUO\Scripts\Engines\Quests\Core\QuestItemInfo.cs" to "C:\RunUO\RunUO\Distribution\Debug\net8.0\Scripts\Engines\Quests\Core\QuestItemInfo.cs".
         Copying file from "C:\RunUO\RunUO\Scripts\Engines\Quests\Core\QuestObjective.cs" to "C:\RunUO\RunUO\Distribution\Debug\net8.0\Scripts\Engines\Quests\Core\QuestObjective.cs".
         Copying file from "C:\RunUO\RunUO\Scripts\Engines\Quests\Core\QuestRestartInfo.cs" to "C:\RunUO\RunUO\Distribution\Debug\net8.0\Scripts\Engines\Quests\Core\QuestRestartInfo.cs".
         Copying file from "C:\RunUO\RunUO\Scripts\Engines\Quests\Core\QuestSerializer.cs" to "C:\RunUO\RunUO\Distribution\Debug\net8.0\Scripts\Engines\Quests\Core\QuestSerializer.cs".
         Copying file from "C:\RunUO\RunUO\Scripts\Engines\Quests\Core\QuestSystem.cs" to "C:\RunUO\RunUO\Distribution\Debug\net8.0\Scripts\Engines\Quests\Core\QuestSystem.cs".
         Copying file from "C:\RunUO\RunUO\Scripts\Engines\Quests\Core\Regions\CancelQuestRegion.cs" to "C:\RunUO\RunUO\Distribution\Debug\net8.0\Scripts\Engines\Quests\Core\Regions\CancelQuestRegion.cs".
         Copying file from "C:\RunUO\RunUO\Scripts\Engines\Quests\Core\Regions\QuestCompleteObjectiveRegion.cs" to "C:\RunUO\RunUO\Distribution\Debug\net8.0\Scripts\Engines\Quests\Core\Regions\QuestCompleteObjectiveRegion.cs".
         Copying file from "C:\RunUO\RunUO\Scripts\Engines\Quests\Core\Regions\QuestNoEntryRegion.cs" to "C:\RunUO\RunUO\Distribution\Debug\net8.0\Scripts\Engines\Quests\Core\Regions\QuestNoEntryRegion.cs".
         Copying file from "C:\RunUO\RunUO\Scripts\Engines\Quests\Core\Regions\QuestOfferRegion.cs" to "C:\RunUO\RunUO\Distribution\Debug\net8.0\Scripts\Engines\Quests\Core\Regions\QuestOfferRegion.cs".
         Copying file from "C:\RunUO\RunUO\Scripts\Engines\Quests\Dark Tides\Conversations.cs" to "C:\RunUO\RunUO\Distribution\Debug\net8.0\Scripts\Engines\Quests\Dark Tides\Conversations.cs".
         Copying file from "C:\RunUO\RunUO\Scripts\Engines\Quests\Dark Tides\Items\CrystalCaveBarrier.cs" to "C:\RunUO\RunUO\Distribution\Debug\net8.0\Scripts\Engines\Quests\Dark Tides\Items\CrystalCaveBarrier.cs".
         Copying file from "C:\RunUO\RunUO\Scripts\Engines\Quests\Dark Tides\DarkTidesQuest.cs" to "C:\RunUO\RunUO\Distribution\Debug\net8.0\Scripts\Engines\Quests\Dark Tides\DarkTidesQuest.cs".
         Copying file from "C:\RunUO\RunUO\Scripts\Engines\Quests\Dark Tides\Items\DarkTidesHorn.cs" to "C:\RunUO\RunUO\Distribution\Debug\net8.0\Scripts\Engines\Quests\Dark Tides\Items\DarkTidesHorn.cs".
         Copying file from "C:\RunUO\RunUO\Scripts\Engines\Quests\Dark Tides\Items\KronusScroll.cs" to "C:\RunUO\RunUO\Distribution\Debug\net8.0\Scripts\Engines\Quests\Dark Tides\Items\KronusScroll.cs".
         Copying file from "C:\RunUO\RunUO\Scripts\Engines\Quests\Dark Tides\Items\KronusScrollBox.cs" to "C:\RunUO\RunUO\Distribution\Debug\net8.0\Scripts\Engines\Quests\Dark Tides\Items\KronusScrollBox.cs".
         Copying file from "C:\RunUO\RunUO\Scripts\Engines\Quests\Dark Tides\Items\MaabusCoffin.cs" to "C:\RunUO\RunUO\Distribution\Debug\net8.0\Scripts\Engines\Quests\Dark Tides\Items\MaabusCoffin.cs".
         Copying file from "C:\RunUO\RunUO\Scripts\Engines\Quests\Dark Tides\Items\ScrollOfAbraxus.cs" to "C:\RunUO\RunUO\Distribution\Debug\net8.0\Scripts\Engines\Quests\Dark Tides\Items\ScrollOfAbraxus.cs".
         Copying file from "C:\RunUO\RunUO\Scripts\Engines\Quests\Dark Tides\Items\DarkTidesTeleporter.cs" to "C:\RunUO\RunUO\Distribution\Debug\net8.0\Scripts\Engines\Quests\Dark Tides\Items\DarkTidesTeleporter.cs".
         Copying file from "C:\RunUO\RunUO\Scripts\Engines\Quests\Dark Tides\Items\VaultOfSecretsBarrier.cs" to "C:\RunUO\RunUO\Distribution\Debug\net8.0\Scripts\Engines\Quests\Dark Tides\Items\VaultOfSecretsBarrier.cs".
         Copying file from "C:\RunUO\RunUO\Scripts\Engines\Quests\Dark Tides\Mobiles\Horus.cs" to "C:\RunUO\RunUO\Distribution\Debug\net8.0\Scripts\Engines\Quests\Dark Tides\Mobiles\Horus.cs".
         Copying file from "C:\RunUO\RunUO\Scripts\Engines\Quests\Dark Tides\Mobiles\Maabus.cs" to "C:\RunUO\RunUO\Distribution\Debug\net8.0\Scripts\Engines\Quests\Dark Tides\Mobiles\Maabus.cs".
         Copying file from "C:\RunUO\RunUO\Scripts\Engines\Quests\Dark Tides\Mobiles\SummonedPaladin.cs" to "C:\RunUO\RunUO\Distribution\Debug\net8.0\Scripts\Engines\Quests\Dark Tides\Mobiles\SummonedPaladin.cs".
         Copying file from "C:\RunUO\RunUO\Scripts\Engines\Quests\Dark Tides\Mobiles\Mardoth.cs" to "C:\RunUO\RunUO\Distribution\Debug\net8.0\Scripts\Engines\Quests\Dark Tides\Mobiles\Mardoth.cs".
         Copying file from "C:\RunUO\RunUO\Scripts\Engines\Quests\Dark Tides\Objectives.cs" to "C:\RunUO\RunUO\Distribution\Debug\net8.0\Scripts\Engines\Quests\Dark Tides\Objectives.cs".
         Copying file from "C:\RunUO\RunUO\Scripts\Engines\Quests\Emino's Undertaking\Conversations.cs" to "C:\RunUO\RunUO\Distribution\Debug\net8.0\Scripts\Engines\Quests\Emino's Undertaking\Conversations.cs".
         Copying file from "C:\RunUO\RunUO\Scripts\Engines\Quests\Emino's Undertaking\EminosUndertakingQuest.cs" to "C:\RunUO\RunUO\Distribution\Debug\net8.0\Scripts\Engines\Quests\Emino's Undertaking\EminosUndertakingQuest.cs".
         Copying file from "C:\RunUO\RunUO\Scripts\Engines\Quests\Emino's Undertaking\Items\BlueNinjaQuestTeleporter.cs" to "C:\RunUO\RunUO\Distribution\Debug\net8.0\Scripts\Engines\Quests\Emino's Undertaking\Items\BlueNinjaQuestTeleporter.cs".
         Copying file from "C:\RunUO\RunUO\Scripts\Engines\Quests\Emino's Undertaking\Items\EminosKatana.cs" to "C:\RunUO\RunUO\Distribution\Debug\net8.0\Scripts\Engines\Quests\Emino's Undertaking\Items\EminosKatana.cs".
         Copying file from "C:\RunUO\RunUO\Scripts\Engines\Quests\Emino's Undertaking\Items\EminosKatanaChest.cs" to "C:\RunUO\RunUO\Distribution\Debug\net8.0\Scripts\Engines\Quests\Emino's Undertaking\Items\EminosKatanaChest.cs".
         Copying file from "C:\RunUO\RunUO\Scripts\Engines\Quests\Emino's Undertaking\Items\GreenNinjaQuestTeleporter.cs" to "C:\RunUO\RunUO\Distribution\Debug\net8.0\Scripts\Engines\Quests\Emino's Undertaking\Items\GreenNinjaQuestTeleporter.cs".
         Copying file from "C:\RunUO\RunUO\Scripts\Engines\Quests\Emino's Undertaking\Items\GuardianBarrier.cs" to "C:\RunUO\RunUO\Distribution\Debug\net8.0\Scripts\Engines\Quests\Emino's Undertaking\Items\GuardianBarrier.cs".
         Copying file from "C:\RunUO\RunUO\Scripts\Engines\Quests\Emino's Undertaking\Items\NoteForZoel.cs" to "C:\RunUO\RunUO\Distribution\Debug\net8.0\Scripts\Engines\Quests\Emino's Undertaking\Items\NoteForZoel.cs".
         Copying file from "C:\RunUO\RunUO\Scripts\Engines\Quests\Emino's Undertaking\Items\WhiteNinjaQuestTeleporter.cs" to "C:\RunUO\RunUO\Distribution\Debug\net8.0\Scripts\Engines\Quests\Emino's Undertaking\Items\WhiteNinjaQuestTeleporter.cs".
         Copying file from "C:\RunUO\RunUO\Scripts\Engines\Quests\Emino's Undertaking\Mobiles\Emino.cs" to "C:\RunUO\RunUO\Distribution\Debug\net8.0\Scripts\Engines\Quests\Emino's Undertaking\Mobiles\Emino.cs".
         Copying file from "C:\RunUO\RunUO\Scripts\Engines\Quests\Emino's Undertaking\Mobiles\EnshroudedFigure.cs" to "C:\RunUO\RunUO\Distribution\Debug\net8.0\Scripts\Engines\Quests\Emino's Undertaking\Mobiles\EnshroudedFigure.cs".
         Copying file from "C:\RunUO\RunUO\Scripts\Engines\Quests\Emino's Undertaking\Mobiles\Henchman.cs" to "C:\RunUO\RunUO\Distribution\Debug\net8.0\Scripts\Engines\Quests\Emino's Undertaking\Mobiles\Henchman.cs".
         Copying file from "C:\RunUO\RunUO\Scripts\Engines\Quests\Emino's Undertaking\Mobiles\HiddenFigure.cs" to "C:\RunUO\RunUO\Distribution\Debug\net8.0\Scripts\Engines\Quests\Emino's Undertaking\Mobiles\HiddenFigure.cs".
         Copying file from "C:\RunUO\RunUO\Scripts\Engines\Quests\Emino's Undertaking\Mobiles\JedahEntille.cs" to "C:\RunUO\RunUO\Distribution\Debug\net8.0\Scripts\Engines\Quests\Emino's Undertaking\Mobiles\JedahEntille.cs".
         Copying file from "C:\RunUO\RunUO\Scripts\Engines\Quests\Emino's Undertaking\Mobiles\Zoel.cs" to "C:\RunUO\RunUO\Distribution\Debug\net8.0\Scripts\Engines\Quests\Emino's Undertaking\Mobiles\Zoel.cs".
         Copying file from "C:\RunUO\RunUO\Scripts\Engines\Quests\Emino's Undertaking\Objectives.cs" to "C:\RunUO\RunUO\Distribution\Debug\net8.0\Scripts\Engines\Quests\Emino's Undertaking\Objectives.cs".
         Copying file from "C:\RunUO\RunUO\Scripts\Engines\Quests\Haochi's Trials\HaochisTrialsQuest.cs" to "C:\RunUO\RunUO\Distribution\Debug\net8.0\Scripts\Engines\Quests\Haochi's Trials\HaochisTrialsQuest.cs".
         Copying file from "C:\RunUO\RunUO\Scripts\Engines\Quests\Haochi's Trials\Conversations.cs" to "C:\RunUO\RunUO\Distribution\Debug\net8.0\Scripts\Engines\Quests\Haochi's Trials\Conversations.cs".
         Copying file from "C:\RunUO\RunUO\Scripts\Engines\Quests\Haochi's Trials\Items\HaochisKatana.cs" to "C:\RunUO\RunUO\Distribution\Debug\net8.0\Scripts\Engines\Quests\Haochi's Trials\Items\HaochisKatana.cs".
         Copying file from "C:\RunUO\RunUO\Scripts\Engines\Quests\Haochi's Trials\Items\HaochisKatanaGenerator.cs" to "C:\RunUO\RunUO\Distribution\Debug\net8.0\Scripts\Engines\Quests\Haochi's Trials\Items\HaochisKatanaGenerator.cs".
         Copying file from "C:\RunUO\RunUO\Scripts\Engines\Quests\Haochi's Trials\Items\HaochisTreasureChest.cs" to "C:\RunUO\RunUO\Distribution\Debug\net8.0\Scripts\Engines\Quests\Haochi's Trials\Items\HaochisTreasureChest.cs".
         Copying file from "C:\RunUO\RunUO\Scripts\Engines\Quests\Haochi's Trials\Items\HonorCandle.cs" to "C:\RunUO\RunUO\Distribution\Debug\net8.0\Scripts\Engines\Quests\Haochi's Trials\Items\HonorCandle.cs".
         Copying file from "C:\RunUO\RunUO\Scripts\Engines\Quests\Haochi's Trials\Mobiles\CursedSoul.cs" to "C:\RunUO\RunUO\Distribution\Debug\net8.0\Scripts\Engines\Quests\Haochi's Trials\Mobiles\CursedSoul.cs".
         Copying file from "C:\RunUO\RunUO\Scripts\Engines\Quests\Haochi's Trials\Mobiles\DeadlyImp.cs" to "C:\RunUO\RunUO\Distribution\Debug\net8.0\Scripts\Engines\Quests\Haochi's Trials\Mobiles\DeadlyImp.cs".
         Copying file from "C:\RunUO\RunUO\Scripts\Engines\Quests\Haochi's Trials\Mobiles\DiseasedCat.cs" to "C:\RunUO\RunUO\Distribution\Debug\net8.0\Scripts\Engines\Quests\Haochi's Trials\Mobiles\DiseasedCat.cs".
         Copying file from "C:\RunUO\RunUO\Scripts\Engines\Quests\Haochi's Trials\Mobiles\FierceDragon.cs" to "C:\RunUO\RunUO\Distribution\Debug\net8.0\Scripts\Engines\Quests\Haochi's Trials\Mobiles\FierceDragon.cs".
         Copying file from "C:\RunUO\RunUO\Scripts\Engines\Quests\Haochi's Trials\Mobiles\Haochi.cs" to "C:\RunUO\RunUO\Distribution\Debug\net8.0\Scripts\Engines\Quests\Haochi's Trials\Mobiles\Haochi.cs".
         Copying file from "C:\RunUO\RunUO\Scripts\Engines\Quests\Haochi's Trials\Mobiles\HaochisGuardsman.cs" to "C:\RunUO\RunUO\Distribution\Debug\net8.0\Scripts\Engines\Quests\Haochi's Trials\Mobiles\HaochisGuardsman.cs".
         Copying file from "C:\RunUO\RunUO\Scripts\Engines\Quests\Haochi's Trials\Mobiles\InjuredWolf.cs" to "C:\RunUO\RunUO\Distribution\Debug\net8.0\Scripts\Engines\Quests\Haochi's Trials\Mobiles\InjuredWolf.cs".
         Copying file from "C:\RunUO\RunUO\Scripts\Engines\Quests\Haochi's Trials\Mobiles\Relnia.cs" to "C:\RunUO\RunUO\Distribution\Debug\net8.0\Scripts\Engines\Quests\Haochi's Trials\Mobiles\Relnia.cs".
         Copying file from "C:\RunUO\RunUO\Scripts\Engines\Quests\Haochi's Trials\Mobiles\YoungNinja.cs" to "C:\RunUO\RunUO\Distribution\Debug\net8.0\Scripts\Engines\Quests\Haochi's Trials\Mobiles\YoungNinja.cs".
         Copying file from "C:\RunUO\RunUO\Scripts\Engines\Quests\Haochi's Trials\Mobiles\YoungRonin.cs" to "C:\RunUO\RunUO\Distribution\Debug\net8.0\Scripts\Engines\Quests\Haochi's Trials\Mobiles\YoungRonin.cs".
         Copying file from "C:\RunUO\RunUO\Scripts\Engines\Quests\Haochi's Trials\Objectives.cs" to "C:\RunUO\RunUO\Distribution\Debug\net8.0\Scripts\Engines\Quests\Haochi's Trials\Objectives.cs".
         Copying file from "C:\RunUO\RunUO\Scripts\Engines\Quests\Solen Matriarch\Conversations.cs" to "C:\RunUO\RunUO\Distribution\Debug\net8.0\Scripts\Engines\Quests\Solen Matriarch\Conversations.cs".
         Copying file from "C:\RunUO\RunUO\Scripts\Engines\Quests\Solen Matriarch\Mobiles\SolenMatriarch.cs" to "C:\RunUO\RunUO\Distribution\Debug\net8.0\Scripts\Engines\Quests\Solen Matriarch\Mobiles\SolenMatriarch.cs".
         Copying file from "C:\RunUO\RunUO\Scripts\Engines\Quests\Solen Matriarch\SolenMatriarchQuest.cs" to "C:\RunUO\RunUO\Distribution\Debug\net8.0\Scripts\Engines\Quests\Solen Matriarch\SolenMatriarchQuest.cs".
         Copying file from "C:\RunUO\RunUO\Scripts\Engines\Quests\Solen Matriarch\Objectives.cs" to "C:\RunUO\RunUO\Distribution\Debug\net8.0\Scripts\Engines\Quests\Solen Matriarch\Objectives.cs".
         Copying file from "C:\RunUO\RunUO\Scripts\Engines\Quests\Study of the Solen Hive\Conversations.cs" to "C:\RunUO\RunUO\Distribution\Debug\net8.0\Scripts\Engines\Quests\Study of the Solen Hive\Conversations.cs".
         Copying file from "C:\RunUO\RunUO\Scripts\Engines\Quests\Study of the Solen Hive\Mobiles\Naturalist.cs" to "C:\RunUO\RunUO\Distribution\Debug\net8.0\Scripts\Engines\Quests\Study of the Solen Hive\Mobiles\Naturalist.cs".
         Copying file from "C:\RunUO\RunUO\Scripts\Engines\Quests\Study of the Solen Hive\NestArea.cs" to "C:\RunUO\RunUO\Distribution\Debug\net8.0\Scripts\Engines\Quests\Study of the Solen Hive\NestArea.cs".
         Copying file from "C:\RunUO\RunUO\Scripts\Engines\Quests\Study of the Solen Hive\Objectives.cs" to "C:\RunUO\RunUO\Distribution\Debug\net8.0\Scripts\Engines\Quests\Study of the Solen Hive\Objectives.cs".
         Copying file from "C:\RunUO\RunUO\Scripts\Engines\Quests\Study of the Solen Hive\StudyOfSolenQuest.cs" to "C:\RunUO\RunUO\Distribution\Debug\net8.0\Scripts\Engines\Quests\Study of the Solen Hive\StudyOfSolenQuest.cs".
         Copying file from "C:\RunUO\RunUO\Scripts\Engines\Quests\Terrible Hatchlings\Conversations.cs" to "C:\RunUO\RunUO\Distribution\Debug\net8.0\Scripts\Engines\Quests\Terrible Hatchlings\Conversations.cs".
         Copying file from "C:\RunUO\RunUO\Scripts\Engines\Quests\Terrible Hatchlings\Mobiles\AnsellaGryen.cs" to "C:\RunUO\RunUO\Distribution\Debug\net8.0\Scripts\Engines\Quests\Terrible Hatchlings\Mobiles\AnsellaGryen.cs".
         Copying file from "C:\RunUO\RunUO\Scripts\Engines\Quests\Terrible Hatchlings\Objectives.cs" to "C:\RunUO\RunUO\Distribution\Debug\net8.0\Scripts\Engines\Quests\Terrible Hatchlings\Objectives.cs".
         Copying file from "C:\RunUO\RunUO\Scripts\Engines\Quests\Terrible Hatchlings\TerribleHatchlingsQuest.cs" to "C:\RunUO\RunUO\Distribution\Debug\net8.0\Scripts\Engines\Quests\Terrible Hatchlings\TerribleHatchlingsQuest.cs".
         Copying file from "C:\RunUO\RunUO\Scripts\Engines\Quests\The Summoning\Conversations.cs" to "C:\RunUO\RunUO\Distribution\Debug\net8.0\Scripts\Engines\Quests\The Summoning\Conversations.cs".
         Copying file from "C:\RunUO\RunUO\Scripts\Engines\Quests\The Summoning\Items\BellOfTheDead.cs" to "C:\RunUO\RunUO\Distribution\Debug\net8.0\Scripts\Engines\Quests\The Summoning\Items\BellOfTheDead.cs".
         Copying file from "C:\RunUO\RunUO\Scripts\Engines\Quests\The Summoning\Items\ChylothShroud.cs" to "C:\RunUO\RunUO\Distribution\Debug\net8.0\Scripts\Engines\Quests\The Summoning\Items\ChylothShroud.cs".
         Copying file from "C:\RunUO\RunUO\Scripts\Engines\Quests\The Summoning\Items\ChylothStaff.cs" to "C:\RunUO\RunUO\Distribution\Debug\net8.0\Scripts\Engines\Quests\The Summoning\Items\ChylothStaff.cs".
         Copying file from "C:\RunUO\RunUO\Scripts\Engines\Quests\The Summoning\Items\GoldenSkull.cs" to "C:\RunUO\RunUO\Distribution\Debug\net8.0\Scripts\Engines\Quests\The Summoning\Items\GoldenSkull.cs".
         Copying file from "C:\RunUO\RunUO\Scripts\Engines\Quests\The Summoning\Items\GrandGrimoire.cs" to "C:\RunUO\RunUO\Distribution\Debug\net8.0\Scripts\Engines\Quests\The Summoning\Items\GrandGrimoire.cs".
         Copying file from "C:\RunUO\RunUO\Scripts\Engines\Quests\The Summoning\Items\SummoningAltar.cs" to "C:\RunUO\RunUO\Distribution\Debug\net8.0\Scripts\Engines\Quests\The Summoning\Items\SummoningAltar.cs".
         Copying file from "C:\RunUO\RunUO\Scripts\Engines\Quests\The Summoning\Mobiles\Chyloth.cs" to "C:\RunUO\RunUO\Distribution\Debug\net8.0\Scripts\Engines\Quests\The Summoning\Mobiles\Chyloth.cs".
         Copying file from "C:\RunUO\RunUO\Scripts\Engines\Quests\The Summoning\Mobiles\Victoria.cs" to "C:\RunUO\RunUO\Distribution\Debug\net8.0\Scripts\Engines\Quests\The Summoning\Mobiles\Victoria.cs".
         Copying file from "C:\RunUO\RunUO\Scripts\Engines\Quests\The Summoning\Objectives.cs" to "C:\RunUO\RunUO\Distribution\Debug\net8.0\Scripts\Engines\Quests\The Summoning\Objectives.cs".
         Copying file from "C:\RunUO\RunUO\Scripts\Engines\Quests\Uzeraan Turmoil\Conversations.cs" to "C:\RunUO\RunUO\Distribution\Debug\net8.0\Scripts\Engines\Quests\Uzeraan Turmoil\Conversations.cs".
         Copying file from "C:\RunUO\RunUO\Scripts\Engines\Quests\The Summoning\TheSummoningQuest.cs" to "C:\RunUO\RunUO\Distribution\Debug\net8.0\Scripts\Engines\Quests\The Summoning\TheSummoningQuest.cs".
         Copying file from "C:\RunUO\RunUO\Scripts\Engines\Quests\Uzeraan Turmoil\Items\Cannon.cs" to "C:\RunUO\RunUO\Distribution\Debug\net8.0\Scripts\Engines\Quests\Uzeraan Turmoil\Items\Cannon.cs".
         Copying file from "C:\RunUO\RunUO\Scripts\Engines\Quests\Uzeraan Turmoil\Items\DaemonBloodChest.cs" to "C:\RunUO\RunUO\Distribution\Debug\net8.0\Scripts\Engines\Quests\Uzeraan Turmoil\Items\DaemonBloodChest.cs".
         Copying file from "C:\RunUO\RunUO\Scripts\Engines\Quests\Uzeraan Turmoil\Items\QuestDaemonBlood.cs" to "C:\RunUO\RunUO\Distribution\Debug\net8.0\Scripts\Engines\Quests\Uzeraan Turmoil\Items\QuestDaemonBlood.cs".
         Copying file from "C:\RunUO\RunUO\Scripts\Engines\Quests\Uzeraan Turmoil\Items\QuestDaemonBone.cs" to "C:\RunUO\RunUO\Distribution\Debug\net8.0\Scripts\Engines\Quests\Uzeraan Turmoil\Items\QuestDaemonBone.cs".
         Copying file from "C:\RunUO\RunUO\Scripts\Engines\Quests\Uzeraan Turmoil\Items\QuestFertileDirt.cs" to "C:\RunUO\RunUO\Distribution\Debug\net8.0\Scripts\Engines\Quests\Uzeraan Turmoil\Items\QuestFertileDirt.cs".
         Copying file from "C:\RunUO\RunUO\Scripts\Engines\Quests\Uzeraan Turmoil\Items\SchmendrickApprenticeCorpse.cs" to "C:\RunUO\RunUO\Distribution\Debug\net8.0\Scripts\Engines\Quests\Uzeraan Turmoil\Items\SchmendrickApprenticeCorpse.cs".
         Copying file from "C:\RunUO\RunUO\Scripts\Engines\Quests\Uzeraan Turmoil\Items\SchmendrickScrollOfPower.cs" to "C:\RunUO\RunUO\Distribution\Debug\net8.0\Scripts\Engines\Quests\Uzeraan Turmoil\Items\SchmendrickScrollOfPower.cs".
         Copying file from "C:\RunUO\RunUO\Scripts\Engines\Quests\Uzeraan Turmoil\Items\UzeraanTurmoilTeleporter.cs" to "C:\RunUO\RunUO\Distribution\Debug\net8.0\Scripts\Engines\Quests\Uzeraan Turmoil\Items\UzeraanTurmoilTeleporter.cs".
         Copying file from "C:\RunUO\RunUO\Scripts\Engines\Quests\Uzeraan Turmoil\Items\UzeraanTurmoilHorn.cs" to "C:\RunUO\RunUO\Distribution\Debug\net8.0\Scripts\Engines\Quests\Uzeraan Turmoil\Items\UzeraanTurmoilHorn.cs".
         Copying file from "C:\RunUO\RunUO\Scripts\Engines\Quests\Uzeraan Turmoil\Mobiles\Dryad.cs" to "C:\RunUO\RunUO\Distribution\Debug\net8.0\Scripts\Engines\Quests\Uzeraan Turmoil\Mobiles\Dryad.cs".
         Copying file from "C:\RunUO\RunUO\Scripts\Engines\Quests\Uzeraan Turmoil\Mobiles\MansionGuard.cs" to "C:\RunUO\RunUO\Distribution\Debug\net8.0\Scripts\Engines\Quests\Uzeraan Turmoil\Mobiles\MansionGuard.cs".
         Copying file from "C:\RunUO\RunUO\Scripts\Engines\Quests\Uzeraan Turmoil\Mobiles\MilitiaCanoneer.cs" to "C:\RunUO\RunUO\Distribution\Debug\net8.0\Scripts\Engines\Quests\Uzeraan Turmoil\Mobiles\MilitiaCanoneer.cs".
         Copying file from "C:\RunUO\RunUO\Scripts\Engines\Quests\Uzeraan Turmoil\Mobiles\MilitiaFighter.cs" to "C:\RunUO\RunUO\Distribution\Debug\net8.0\Scripts\Engines\Quests\Uzeraan Turmoil\Mobiles\MilitiaFighter.cs".
         Copying file from "C:\RunUO\RunUO\Scripts\Engines\Quests\Uzeraan Turmoil\Mobiles\Schmendrick.cs" to "C:\RunUO\RunUO\Distribution\Debug\net8.0\Scripts\Engines\Quests\Uzeraan Turmoil\Mobiles\Schmendrick.cs".
         Copying file from "C:\RunUO\RunUO\Scripts\Engines\Quests\Uzeraan Turmoil\Mobiles\Uzeraan.cs" to "C:\RunUO\RunUO\Distribution\Debug\net8.0\Scripts\Engines\Quests\Uzeraan Turmoil\Mobiles\Uzeraan.cs".
         Copying file from "C:\RunUO\RunUO\Scripts\Engines\Quests\Uzeraan Turmoil\Objectives.cs" to "C:\RunUO\RunUO\Distribution\Debug\net8.0\Scripts\Engines\Quests\Uzeraan Turmoil\Objectives.cs".
         Copying file from "C:\RunUO\RunUO\Scripts\Engines\Quests\Uzeraan Turmoil\UzeraanTurmoilQuest.cs" to "C:\RunUO\RunUO\Distribution\Debug\net8.0\Scripts\Engines\Quests\Uzeraan Turmoil\UzeraanTurmoilQuest.cs".
         Copying file from "C:\RunUO\RunUO\Scripts\Engines\Quests\Witch Apprentice\Conversations.cs" to "C:\RunUO\RunUO\Distribution\Debug\net8.0\Scripts\Engines\Quests\Witch Apprentice\Conversations.cs".
         Copying file from "C:\RunUO\RunUO\Scripts\Engines\Quests\Witch Apprentice\Ingredient.cs" to "C:\RunUO\RunUO\Distribution\Debug\net8.0\Scripts\Engines\Quests\Witch Apprentice\Ingredient.cs".
         Copying file from "C:\RunUO\RunUO\Scripts\Engines\Quests\Witch Apprentice\Items\Cauldron.cs" to "C:\RunUO\RunUO\Distribution\Debug\net8.0\Scripts\Engines\Quests\Witch Apprentice\Items\Cauldron.cs".
         Copying file from "C:\RunUO\RunUO\Scripts\Engines\Quests\Witch Apprentice\Items\HagApprenticeCorpse.cs" to "C:\RunUO\RunUO\Distribution\Debug\net8.0\Scripts\Engines\Quests\Witch Apprentice\Items\HagApprenticeCorpse.cs".
         Copying file from "C:\RunUO\RunUO\Scripts\Engines\Quests\Witch Apprentice\Items\HagCauldron.cs" to "C:\RunUO\RunUO\Distribution\Debug\net8.0\Scripts\Engines\Quests\Witch Apprentice\Items\HagCauldron.cs".
         Copying file from "C:\RunUO\RunUO\Scripts\Engines\Quests\Witch Apprentice\Items\HagStew.cs" to "C:\RunUO\RunUO\Distribution\Debug\net8.0\Scripts\Engines\Quests\Witch Apprentice\Items\HagStew.cs".
         Copying file from "C:\RunUO\RunUO\Scripts\Engines\Quests\Witch Apprentice\Items\HangoverCure.cs" to "C:\RunUO\RunUO\Distribution\Debug\net8.0\Scripts\Engines\Quests\Witch Apprentice\Items\HangoverCure.cs".
         Copying file from "C:\RunUO\RunUO\Scripts\Engines\Quests\Witch Apprentice\Items\MagicFlute.cs" to "C:\RunUO\RunUO\Distribution\Debug\net8.0\Scripts\Engines\Quests\Witch Apprentice\Items\MagicFlute.cs".
         Copying file from "C:\RunUO\RunUO\Scripts\Engines\Quests\Witch Apprentice\Items\MoonfireBrew.cs" to "C:\RunUO\RunUO\Distribution\Debug\net8.0\Scripts\Engines\Quests\Witch Apprentice\Items\MoonfireBrew.cs".
         Copying file from "C:\RunUO\RunUO\Scripts\Engines\Quests\Witch Apprentice\Mobiles\Blackheart.cs" to "C:\RunUO\RunUO\Distribution\Debug\net8.0\Scripts\Engines\Quests\Witch Apprentice\Mobiles\Blackheart.cs".
         Copying file from "C:\RunUO\RunUO\Scripts\Engines\Quests\Witch Apprentice\Mobiles\Grizelda.cs" to "C:\RunUO\RunUO\Distribution\Debug\net8.0\Scripts\Engines\Quests\Witch Apprentice\Mobiles\Grizelda.cs".
         Copying file from "C:\RunUO\RunUO\Scripts\Engines\Quests\Witch Apprentice\Mobiles\Zeefzorpul.cs" to "C:\RunUO\RunUO\Distribution\Debug\net8.0\Scripts\Engines\Quests\Witch Apprentice\Mobiles\Zeefzorpul.cs".
         Copying file from "C:\RunUO\RunUO\Scripts\Engines\Quests\Witch Apprentice\Objectives.cs" to "C:\RunUO\RunUO\Distribution\Debug\net8.0\Scripts\Engines\Quests\Witch Apprentice\Objectives.cs".
         Copying file from "C:\RunUO\RunUO\Scripts\Engines\Quests\Witch Apprentice\WitchApprenticeQuest.cs" to "C:\RunUO\RunUO\Distribution\Debug\net8.0\Scripts\Engines\Quests\Witch Apprentice\WitchApprenticeQuest.cs".
         Copying file from "C:\RunUO\RunUO\Scripts\Engines\RemoteAdmin\PacketHandlers.cs" to "C:\RunUO\RunUO\Distribution\Debug\net8.0\Scripts\Engines\RemoteAdmin\PacketHandlers.cs".
         Copying file from "C:\RunUO\RunUO\Scripts\Engines\RemoteAdmin\Network.cs" to "C:\RunUO\RunUO\Distribution\Debug\net8.0\Scripts\Engines\RemoteAdmin\Network.cs".
         Copying file from "C:\RunUO\RunUO\Scripts\Engines\RemoteAdmin\Packets.cs" to "C:\RunUO\RunUO\Distribution\Debug\net8.0\Scripts\Engines\RemoteAdmin\Packets.cs".
         Copying file from "C:\RunUO\RunUO\Scripts\Engines\RemoteAdmin\RemoteAdminLogging.cs" to "C:\RunUO\RunUO\Distribution\Debug\net8.0\Scripts\Engines\RemoteAdmin\RemoteAdminLogging.cs".
         Copying file from "C:\RunUO\RunUO\Scripts\Engines\Spawner\Spawner.cs" to "C:\RunUO\RunUO\Distribution\Debug\net8.0\Scripts\Engines\Spawner\Spawner.cs".
         Copying file from "C:\RunUO\RunUO\Scripts\Engines\Spawner\ProximitySpawner.cs" to "C:\RunUO\RunUO\Distribution\Debug\net8.0\Scripts\Engines\Spawner\ProximitySpawner.cs".
         Copying file from "C:\RunUO\RunUO\Scripts\Engines\Spawner\SpawnerGump.cs" to "C:\RunUO\RunUO\Distribution\Debug\net8.0\Scripts\Engines\Spawner\SpawnerGump.cs".
         Copying file from "C:\RunUO\RunUO\Scripts\Engines\Spawner\SpawnerType.cs" to "C:\RunUO\RunUO\Distribution\Debug\net8.0\Scripts\Engines\Spawner\SpawnerType.cs".
         Copying file from "C:\RunUO\RunUO\Scripts\Engines\Treasures of Tokuno\BasePigmentsOfTokuno.cs" to "C:\RunUO\RunUO\Distribution\Debug\net8.0\Scripts\Engines\Treasures of Tokuno\BasePigmentsOfTokuno.cs".
         Copying file from "C:\RunUO\RunUO\Scripts\Engines\Treasures of Tokuno\GreaterArtifacts.cs" to "C:\RunUO\RunUO\Distribution\Debug\net8.0\Scripts\Engines\Treasures of Tokuno\GreaterArtifacts.cs".
         Copying file from "C:\RunUO\RunUO\Scripts\Engines\Treasures of Tokuno\LesserArtifacts.cs" to "C:\RunUO\RunUO\Distribution\Debug\net8.0\Scripts\Engines\Treasures of Tokuno\LesserArtifacts.cs".
         Copying file from "C:\RunUO\RunUO\Scripts\Engines\Treasures of Tokuno\TreasuresOfTokunoPersistance.cs" to "C:\RunUO\RunUO\Distribution\Debug\net8.0\Scripts\Engines\Treasures of Tokuno\TreasuresOfTokunoPersistance.cs".
         Copying file from "C:\RunUO\RunUO\Scripts\Engines\Treasures of Tokuno\TreasuresOfTokuno.cs" to "C:\RunUO\RunUO\Distribution\Debug\net8.0\Scripts\Engines\Treasures of Tokuno\TreasuresOfTokuno.cs".
         Copying file from "C:\RunUO\RunUO\Scripts\Engines\VeteranRewards\Character Statue Maker\CharacterStatue.cs" to "C:\RunUO\RunUO\Distribution\Debug\net8.0\Scripts\Engines\VeteranRewards\Character Statue Maker\CharacterStatue.cs".
         Copying file from "C:\RunUO\RunUO\Scripts\Engines\VeteranRewards\Character Statue Maker\CharacterStatueMaker.cs" to "C:\RunUO\RunUO\Distribution\Debug\net8.0\Scripts\Engines\VeteranRewards\Character Statue Maker\CharacterStatueMaker.cs".
         Copying file from "C:\RunUO\RunUO\Scripts\Engines\VeteranRewards\Character Statue Maker\CharacterStatuePlinth.cs" to "C:\RunUO\RunUO\Distribution\Debug\net8.0\Scripts\Engines\VeteranRewards\Character Statue Maker\CharacterStatuePlinth.cs".
         Copying file from "C:\RunUO\RunUO\Scripts\Engines\VeteranRewards\Character Statue Maker\Gumps\CharacterStatueGump.cs" to "C:\RunUO\RunUO\Distribution\Debug\net8.0\Scripts\Engines\VeteranRewards\Character Statue Maker\Gumps\CharacterStatueGump.cs".
         Copying file from "C:\RunUO\RunUO\Scripts\Engines\VeteranRewards\Character Statue Maker\Packets.cs" to "C:\RunUO\RunUO\Distribution\Debug\net8.0\Scripts\Engines\VeteranRewards\Character Statue Maker\Packets.cs".
         Copying file from "C:\RunUO\RunUO\Scripts\Engines\VeteranRewards\RewardCategory.cs" to "C:\RunUO\RunUO\Distribution\Debug\net8.0\Scripts\Engines\VeteranRewards\RewardCategory.cs".
         Copying file from "C:\RunUO\RunUO\Scripts\Engines\VeteranRewards\RewardChoiceGump.cs" to "C:\RunUO\RunUO\Distribution\Debug\net8.0\Scripts\Engines\VeteranRewards\RewardChoiceGump.cs".
         Copying file from "C:\RunUO\RunUO\Scripts\Engines\VeteranRewards\RewardConfirmGump.cs" to "C:\RunUO\RunUO\Distribution\Debug\net8.0\Scripts\Engines\VeteranRewards\RewardConfirmGump.cs".
         Copying file from "C:\RunUO\RunUO\Scripts\Engines\VeteranRewards\RewardDemolitionGump.cs" to "C:\RunUO\RunUO\Distribution\Debug\net8.0\Scripts\Engines\VeteranRewards\RewardDemolitionGump.cs".
         Copying file from "C:\RunUO\RunUO\Scripts\Engines\VeteranRewards\RewardEntry.cs" to "C:\RunUO\RunUO\Distribution\Debug\net8.0\Scripts\Engines\VeteranRewards\RewardEntry.cs".
         Copying file from "C:\RunUO\RunUO\Scripts\Engines\VeteranRewards\RewardList.cs" to "C:\RunUO\RunUO\Distribution\Debug\net8.0\Scripts\Engines\VeteranRewards\RewardList.cs".
         Copying file from "C:\RunUO\RunUO\Scripts\Engines\VeteranRewards\RewardNoticeGump.cs" to "C:\RunUO\RunUO\Distribution\Debug\net8.0\Scripts\Engines\VeteranRewards\RewardNoticeGump.cs".
         Copying file from "C:\RunUO\RunUO\Scripts\Engines\VeteranRewards\RewardOptionGump.cs" to "C:\RunUO\RunUO\Distribution\Debug\net8.0\Scripts\Engines\VeteranRewards\RewardOptionGump.cs".
         Copying file from "C:\RunUO\RunUO\Scripts\Engines\VeteranRewards\RewardSystem.cs" to "C:\RunUO\RunUO\Distribution\Debug\net8.0\Scripts\Engines\VeteranRewards\RewardSystem.cs".
         Copying file from "C:\RunUO\RunUO\Scripts\Engines\Virtues\Compassion.cs" to "C:\RunUO\RunUO\Distribution\Debug\net8.0\Scripts\Engines\Virtues\Compassion.cs".
         Copying file from "C:\RunUO\RunUO\Scripts\Engines\Virtues\Honor.cs" to "C:\RunUO\RunUO\Distribution\Debug\net8.0\Scripts\Engines\Virtues\Honor.cs".
         Copying file from "C:\RunUO\RunUO\Scripts\Engines\Virtues\Justice.cs" to "C:\RunUO\RunUO\Distribution\Debug\net8.0\Scripts\Engines\Virtues\Justice.cs".
         Copying file from "C:\RunUO\RunUO\Scripts\Engines\Virtues\Sacrifice.cs" to "C:\RunUO\RunUO\Distribution\Debug\net8.0\Scripts\Engines\Virtues\Sacrifice.cs".
         Copying file from "C:\RunUO\RunUO\Scripts\Engines\Virtues\Valor.cs" to "C:\RunUO\RunUO\Distribution\Debug\net8.0\Scripts\Engines\Virtues\Valor.cs".
         Copying file from "C:\RunUO\RunUO\Scripts\Engines\Virtues\VirtueGump.cs" to "C:\RunUO\RunUO\Distribution\Debug\net8.0\Scripts\Engines\Virtues\VirtueGump.cs".
         Copying file from "C:\RunUO\RunUO\Scripts\Engines\Virtues\VirtueHelper.cs" to "C:\RunUO\RunUO\Distribution\Debug\net8.0\Scripts\Engines\Virtues\VirtueHelper.cs".
         Copying file from "C:\RunUO\RunUO\Scripts\Engines\Virtues\VirtueInfoGump.cs" to "C:\RunUO\RunUO\Distribution\Debug\net8.0\Scripts\Engines\Virtues\VirtueInfoGump.cs".
         Copying file from "C:\RunUO\RunUO\Scripts\Engines\Virtues\VirtueStatusGump.cs" to "C:\RunUO\RunUO\Distribution\Debug\net8.0\Scripts\Engines\Virtues\VirtueStatusGump.cs".
         Copying file from "C:\RunUO\RunUO\Scripts\Gumps\AddDoorGump.cs" to "C:\RunUO\RunUO\Distribution\Debug\net8.0\Scripts\Gumps\AddDoorGump.cs".
         Copying file from "C:\RunUO\RunUO\Scripts\Gumps\AddGump.cs" to "C:\RunUO\RunUO\Distribution\Debug\net8.0\Scripts\Gumps\AddGump.cs".
         Copying file from "C:\RunUO\RunUO\Scripts\Gumps\AdminGump.cs" to "C:\RunUO\RunUO\Distribution\Debug\net8.0\Scripts\Gumps\AdminGump.cs".
         Copying file from "C:\RunUO\RunUO\Scripts\Gumps\BanDurationGump.cs" to "C:\RunUO\RunUO\Distribution\Debug\net8.0\Scripts\Gumps\BanDurationGump.cs".
         Copying file from "C:\RunUO\RunUO\Scripts\Gumps\BaseConfirmGump.cs" to "C:\RunUO\RunUO\Distribution\Debug\net8.0\Scripts\Gumps\BaseConfirmGump.cs".
         Copying file from "C:\RunUO\RunUO\Scripts\Gumps\BaseGridGump.cs" to "C:\RunUO\RunUO\Distribution\Debug\net8.0\Scripts\Gumps\BaseGridGump.cs".
         Copying file from "C:\RunUO\RunUO\Scripts\Gumps\BaseImageTileButtonsGump.cs" to "C:\RunUO\RunUO\Distribution\Debug\net8.0\Scripts\Gumps\BaseImageTileButtonsGump.cs".
         Copying file from "C:\RunUO\RunUO\Scripts\Gumps\CategorizedAddGump.cs" to "C:\RunUO\RunUO\Distribution\Debug\net8.0\Scripts\Gumps\CategorizedAddGump.cs".
         Copying file from "C:\RunUO\RunUO\Scripts\Gumps\ClientGump.cs" to "C:\RunUO\RunUO\Distribution\Debug\net8.0\Scripts\Gumps\ClientGump.cs".
         Copying file from "C:\RunUO\RunUO\Scripts\Gumps\ConfirmBreakCrystalGump.cs" to "C:\RunUO\RunUO\Distribution\Debug\net8.0\Scripts\Gumps\ConfirmBreakCrystalGump.cs".
         Copying file from "C:\RunUO\RunUO\Scripts\Gumps\ConfirmHeritageGump.cs" to "C:\RunUO\RunUO\Distribution\Debug\net8.0\Scripts\Gumps\ConfirmHeritageGump.cs".
         Copying file from "C:\RunUO\RunUO\Scripts\Gumps\ConfirmHouseResize.cs" to "C:\RunUO\RunUO\Distribution\Debug\net8.0\Scripts\Gumps\ConfirmHouseResize.cs".
         Copying file from "C:\RunUO\RunUO\Scripts\Gumps\ConfirmReleaseGump.cs" to "C:\RunUO\RunUO\Distribution\Debug\net8.0\Scripts\Gumps\ConfirmReleaseGump.cs".
         Copying file from "C:\RunUO\RunUO\Scripts\Gumps\DawnsMusicBoxGump.cs" to "C:\RunUO\RunUO\Distribution\Debug\net8.0\Scripts\Gumps\DawnsMusicBoxGump.cs".
         Copying file from "C:\RunUO\RunUO\Scripts\Gumps\Go\ChildNode.cs" to "C:\RunUO\RunUO\Distribution\Debug\net8.0\Scripts\Gumps\Go\ChildNode.cs".
         Copying file from "C:\RunUO\RunUO\Scripts\Gumps\Go\GoGump.cs" to "C:\RunUO\RunUO\Distribution\Debug\net8.0\Scripts\Gumps\Go\GoGump.cs".
         Copying file from "C:\RunUO\RunUO\Scripts\Gumps\Go\LocationTree.cs" to "C:\RunUO\RunUO\Distribution\Debug\net8.0\Scripts\Gumps\Go\LocationTree.cs".
         Copying file from "C:\RunUO\RunUO\Scripts\Gumps\Go\ParentNode.cs" to "C:\RunUO\RunUO\Distribution\Debug\net8.0\Scripts\Gumps\Go\ParentNode.cs".
         Copying file from "C:\RunUO\RunUO\Scripts\Gumps\Guilds\GrantGuildTitleGump.cs" to "C:\RunUO\RunUO\Distribution\Debug\net8.0\Scripts\Gumps\Guilds\GrantGuildTitleGump.cs".
         Copying file from "C:\RunUO\RunUO\Scripts\Gumps\Guilds\DeclareFealtyGump.cs" to "C:\RunUO\RunUO\Distribution\Debug\net8.0\Scripts\Gumps\Guilds\DeclareFealtyGump.cs".
         Copying file from "C:\RunUO\RunUO\Scripts\Gumps\Guilds\GuildAbbrvPrompt.cs" to "C:\RunUO\RunUO\Distribution\Debug\net8.0\Scripts\Gumps\Guilds\GuildAbbrvPrompt.cs".
         Copying file from "C:\RunUO\RunUO\Scripts\Gumps\Guilds\GuildAcceptWarGump.cs" to "C:\RunUO\RunUO\Distribution\Debug\net8.0\Scripts\Gumps\Guilds\GuildAcceptWarGump.cs".
         Copying file from "C:\RunUO\RunUO\Scripts\Gumps\Guilds\GuildAdminCandidatesGump.cs" to "C:\RunUO\RunUO\Distribution\Debug\net8.0\Scripts\Gumps\Guilds\GuildAdminCandidatesGump.cs".
         Copying file from "C:\RunUO\RunUO\Scripts\Gumps\Guilds\GuildCandidatesGump.cs" to "C:\RunUO\RunUO\Distribution\Debug\net8.0\Scripts\Gumps\Guilds\GuildCandidatesGump.cs".
         Copying file from "C:\RunUO\RunUO\Scripts\Gumps\Guilds\GuildChangeTypeGump.cs" to "C:\RunUO\RunUO\Distribution\Debug\net8.0\Scripts\Gumps\Guilds\GuildChangeTypeGump.cs".
         Copying file from "C:\RunUO\RunUO\Scripts\Gumps\Guilds\GuildCharterGump.cs" to "C:\RunUO\RunUO\Distribution\Debug\net8.0\Scripts\Gumps\Guilds\GuildCharterGump.cs".
         Copying file from "C:\RunUO\RunUO\Scripts\Gumps\Guilds\GuildCharterPrompt.cs" to "C:\RunUO\RunUO\Distribution\Debug\net8.0\Scripts\Gumps\Guilds\GuildCharterPrompt.cs".
         Copying file from "C:\RunUO\RunUO\Scripts\Gumps\Guilds\GuildDeclarePeaceGump.cs" to "C:\RunUO\RunUO\Distribution\Debug\net8.0\Scripts\Gumps\Guilds\GuildDeclarePeaceGump.cs".
         Copying file from "C:\RunUO\RunUO\Scripts\Gumps\Guilds\GuildDeclareWarGump.cs" to "C:\RunUO\RunUO\Distribution\Debug\net8.0\Scripts\Gumps\Guilds\GuildDeclareWarGump.cs".
         Copying file from "C:\RunUO\RunUO\Scripts\Gumps\Guilds\GuildDeclareWarPrompt.cs" to "C:\RunUO\RunUO\Distribution\Debug\net8.0\Scripts\Gumps\Guilds\GuildDeclareWarPrompt.cs".
         Copying file from "C:\RunUO\RunUO\Scripts\Gumps\Guilds\GuildDismissGump.cs" to "C:\RunUO\RunUO\Distribution\Debug\net8.0\Scripts\Gumps\Guilds\GuildDismissGump.cs".
         Copying file from "C:\RunUO\RunUO\Scripts\Gumps\Guilds\GuildGump.cs" to "C:\RunUO\RunUO\Distribution\Debug\net8.0\Scripts\Gumps\Guilds\GuildGump.cs".
         Copying file from "C:\RunUO\RunUO\Scripts\Gumps\Guilds\GuildListGump.cs" to "C:\RunUO\RunUO\Distribution\Debug\net8.0\Scripts\Gumps\Guilds\GuildListGump.cs".
         Copying file from "C:\RunUO\RunUO\Scripts\Gumps\Guilds\GuildmasterGump.cs" to "C:\RunUO\RunUO\Distribution\Debug\net8.0\Scripts\Gumps\Guilds\GuildmasterGump.cs".
         Copying file from "C:\RunUO\RunUO\Scripts\Gumps\Guilds\GuildMobileListGump.cs" to "C:\RunUO\RunUO\Distribution\Debug\net8.0\Scripts\Gumps\Guilds\GuildMobileListGump.cs".
         Copying file from "C:\RunUO\RunUO\Scripts\Gumps\Guilds\GuildNamePrompt.cs" to "C:\RunUO\RunUO\Distribution\Debug\net8.0\Scripts\Gumps\Guilds\GuildNamePrompt.cs".
         Copying file from "C:\RunUO\RunUO\Scripts\Gumps\Guilds\GuildRejectWarGump.cs" to "C:\RunUO\RunUO\Distribution\Debug\net8.0\Scripts\Gumps\Guilds\GuildRejectWarGump.cs".
         Copying file from "C:\RunUO\RunUO\Scripts\Gumps\Guilds\GuildRescindDeclarationGump.cs" to "C:\RunUO\RunUO\Distribution\Debug\net8.0\Scripts\Gumps\Guilds\GuildRescindDeclarationGump.cs".
         Copying file from "C:\RunUO\RunUO\Scripts\Gumps\Guilds\GuildRosterGump.cs" to "C:\RunUO\RunUO\Distribution\Debug\net8.0\Scripts\Gumps\Guilds\GuildRosterGump.cs".
         Copying file from "C:\RunUO\RunUO\Scripts\Gumps\Guilds\GuildTitlePrompt.cs" to "C:\RunUO\RunUO\Distribution\Debug\net8.0\Scripts\Gumps\Guilds\GuildTitlePrompt.cs".
         Copying file from "C:\RunUO\RunUO\Scripts\Gumps\Guilds\GuildWarAdminGump.cs" to "C:\RunUO\RunUO\Distribution\Debug\net8.0\Scripts\Gumps\Guilds\GuildWarAdminGump.cs".
         Copying file from "C:\RunUO\RunUO\Scripts\Gumps\Guilds\GuildWarGump.cs" to "C:\RunUO\RunUO\Distribution\Debug\net8.0\Scripts\Gumps\Guilds\GuildWarGump.cs".
         Copying file from "C:\RunUO\RunUO\Scripts\Gumps\Guilds\GuildWebsitePrompt.cs" to "C:\RunUO\RunUO\Distribution\Debug\net8.0\Scripts\Gumps\Guilds\GuildWebsitePrompt.cs".
         Copying file from "C:\RunUO\RunUO\Scripts\Gumps\Guilds\New Guild System\AdvancedSearch.cs" to "C:\RunUO\RunUO\Distribution\Debug\net8.0\Scripts\Gumps\Guilds\New Guild System\AdvancedSearch.cs".
         Copying file from "C:\RunUO\RunUO\Scripts\Gumps\Guilds\New Guild System\BaseGuildGump.cs" to "C:\RunUO\RunUO\Distribution\Debug\net8.0\Scripts\Gumps\Guilds\New Guild System\BaseGuildGump.cs".
         Copying file from "C:\RunUO\RunUO\Scripts\Gumps\Guilds\New Guild System\BaseGuildListGump.cs" to "C:\RunUO\RunUO\Distribution\Debug\net8.0\Scripts\Gumps\Guilds\New Guild System\BaseGuildListGump.cs".
         Copying file from "C:\RunUO\RunUO\Scripts\Gumps\Guilds\New Guild System\DiplomacyGump.cs" to "C:\RunUO\RunUO\Distribution\Debug\net8.0\Scripts\Gumps\Guilds\New Guild System\DiplomacyGump.cs".
         Copying file from "C:\RunUO\RunUO\Scripts\Gumps\Guilds\New Guild System\Create Guild Gump.cs" to "C:\RunUO\RunUO\Distribution\Debug\net8.0\Scripts\Gumps\Guilds\New Guild System\Create Guild Gump.cs".
         Copying file from "C:\RunUO\RunUO\Scripts\Gumps\Guilds\New Guild System\GuildInfoGump.cs" to "C:\RunUO\RunUO\Distribution\Debug\net8.0\Scripts\Gumps\Guilds\New Guild System\GuildInfoGump.cs".
         Copying file from "C:\RunUO\RunUO\Scripts\Gumps\Guilds\New Guild System\GuildInvitationRequest.cs" to "C:\RunUO\RunUO\Distribution\Debug\net8.0\Scripts\Gumps\Guilds\New Guild System\GuildInvitationRequest.cs".
         Copying file from "C:\RunUO\RunUO\Scripts\Gumps\Guilds\New Guild System\GuildMemberInfoGump.cs" to "C:\RunUO\RunUO\Distribution\Debug\net8.0\Scripts\Gumps\Guilds\New Guild System\GuildMemberInfoGump.cs".
         Copying file from "C:\RunUO\RunUO\Scripts\Gumps\Guilds\New Guild System\GuildRosterGump.cs" to "C:\RunUO\RunUO\Distribution\Debug\net8.0\Scripts\Gumps\Guilds\New Guild System\GuildRosterGump.cs".
         Copying file from "C:\RunUO\RunUO\Scripts\Gumps\Guilds\New Guild System\OtherGuildInfo.cs" to "C:\RunUO\RunUO\Distribution\Debug\net8.0\Scripts\Gumps\Guilds\New Guild System\OtherGuildInfo.cs".
         Copying file from "C:\RunUO\RunUO\Scripts\Gumps\Guilds\New Guild System\War Declaration gump.cs" to "C:\RunUO\RunUO\Distribution\Debug\net8.0\Scripts\Gumps\Guilds\New Guild System\War Declaration gump.cs".
         Copying file from "C:\RunUO\RunUO\Scripts\Gumps\Guilds\RecruitTarget.cs" to "C:\RunUO\RunUO\Distribution\Debug\net8.0\Scripts\Gumps\Guilds\RecruitTarget.cs".
         Copying file from "C:\RunUO\RunUO\Scripts\Gumps\HeritageTokenGump.cs" to "C:\RunUO\RunUO\Distribution\Debug\net8.0\Scripts\Gumps\HeritageTokenGump.cs".
         Copying file from "C:\RunUO\RunUO\Scripts\Gumps\HonorSelf.cs" to "C:\RunUO\RunUO\Distribution\Debug\net8.0\Scripts\Gumps\HonorSelf.cs".
         Copying file from "C:\RunUO\RunUO\Scripts\Gumps\HouseDemolishGump.cs" to "C:\RunUO\RunUO\Distribution\Debug\net8.0\Scripts\Gumps\HouseDemolishGump.cs".
         Copying file from "C:\RunUO\RunUO\Scripts\Gumps\HouseGump.cs" to "C:\RunUO\RunUO\Distribution\Debug\net8.0\Scripts\Gumps\HouseGump.cs".
         Copying file from "C:\RunUO\RunUO\Scripts\Gumps\HouseGumpAOS.cs" to "C:\RunUO\RunUO\Distribution\Debug\net8.0\Scripts\Gumps\HouseGumpAOS.cs".
         Copying file from "C:\RunUO\RunUO\Scripts\Gumps\HouseTransferGump.cs" to "C:\RunUO\RunUO\Distribution\Debug\net8.0\Scripts\Gumps\HouseTransferGump.cs".
         Copying file from "C:\RunUO\RunUO\Scripts\Gumps\NoticeGump.cs" to "C:\RunUO\RunUO\Distribution\Debug\net8.0\Scripts\Gumps\NoticeGump.cs".
         Copying file from "C:\RunUO\RunUO\Scripts\Gumps\PlayerVendorGumps.cs" to "C:\RunUO\RunUO\Distribution\Debug\net8.0\Scripts\Gumps\PlayerVendorGumps.cs".
         Copying file from "C:\RunUO\RunUO\Scripts\Gumps\PetResurrectGump.cs" to "C:\RunUO\RunUO\Distribution\Debug\net8.0\Scripts\Gumps\PetResurrectGump.cs".
         Copying file from "C:\RunUO\RunUO\Scripts\Gumps\PolymorphGump.cs" to "C:\RunUO\RunUO\Distribution\Debug\net8.0\Scripts\Gumps\PolymorphGump.cs".
         Copying file from "C:\RunUO\RunUO\Scripts\Gumps\Properties\PropsConfig.cs" to "C:\RunUO\RunUO\Distribution\Debug\net8.0\Scripts\Gumps\Properties\PropsConfig.cs".
         Copying file from "C:\RunUO\RunUO\Scripts\Gumps\Properties\PropsGump.cs" to "C:\RunUO\RunUO\Distribution\Debug\net8.0\Scripts\Gumps\Properties\PropsGump.cs".
         Copying file from "C:\RunUO\RunUO\Scripts\Gumps\Properties\SetBodyGump.cs" to "C:\RunUO\RunUO\Distribution\Debug\net8.0\Scripts\Gumps\Properties\SetBodyGump.cs".
         Copying file from "C:\RunUO\RunUO\Scripts\Gumps\Properties\SetCustomEnumGump.cs" to "C:\RunUO\RunUO\Distribution\Debug\net8.0\Scripts\Gumps\Properties\SetCustomEnumGump.cs".
         Copying file from "C:\RunUO\RunUO\Scripts\Gumps\Properties\SetGump.cs" to "C:\RunUO\RunUO\Distribution\Debug\net8.0\Scripts\Gumps\Properties\SetGump.cs".
         Copying file from "C:\RunUO\RunUO\Scripts\Gumps\Properties\SetListOptionGump.cs" to "C:\RunUO\RunUO\Distribution\Debug\net8.0\Scripts\Gumps\Properties\SetListOptionGump.cs".
         Copying file from "C:\RunUO\RunUO\Scripts\Gumps\Properties\SetObjectGump.cs" to "C:\RunUO\RunUO\Distribution\Debug\net8.0\Scripts\Gumps\Properties\SetObjectGump.cs".
         Copying file from "C:\RunUO\RunUO\Scripts\Gumps\Properties\SetObjectTarget.cs" to "C:\RunUO\RunUO\Distribution\Debug\net8.0\Scripts\Gumps\Properties\SetObjectTarget.cs".
         Copying file from "C:\RunUO\RunUO\Scripts\Gumps\Properties\SetPoint2DGump.cs" to "C:\RunUO\RunUO\Distribution\Debug\net8.0\Scripts\Gumps\Properties\SetPoint2DGump.cs".
         Copying file from "C:\RunUO\RunUO\Scripts\Gumps\Properties\SetPoint3DGump.cs" to "C:\RunUO\RunUO\Distribution\Debug\net8.0\Scripts\Gumps\Properties\SetPoint3DGump.cs".
         Copying file from "C:\RunUO\RunUO\Scripts\Gumps\Properties\SetTimeSpanGump.cs" to "C:\RunUO\RunUO\Distribution\Debug\net8.0\Scripts\Gumps\Properties\SetTimeSpanGump.cs".
         Copying file from "C:\RunUO\RunUO\Scripts\Gumps\ReclaimVendorGump.cs" to "C:\RunUO\RunUO\Distribution\Debug\net8.0\Scripts\Gumps\ReclaimVendorGump.cs".
         Copying file from "C:\RunUO\RunUO\Scripts\Gumps\ReportMurderer.cs" to "C:\RunUO\RunUO\Distribution\Debug\net8.0\Scripts\Gumps\ReportMurderer.cs".
         Copying file from "C:\RunUO\RunUO\Scripts\Gumps\ResurrectGump.cs" to "C:\RunUO\RunUO\Distribution\Debug\net8.0\Scripts\Gumps\ResurrectGump.cs".
         Copying file from "C:\RunUO\RunUO\Scripts\Gumps\RewardGump.cs" to "C:\RunUO\RunUO\Distribution\Debug\net8.0\Scripts\Gumps\RewardGump.cs".
         Copying file from "C:\RunUO\RunUO\Scripts\Gumps\RunebookGump.cs" to "C:\RunUO\RunUO\Distribution\Debug\net8.0\Scripts\Gumps\RunebookGump.cs".
         Copying file from "C:\RunUO\RunUO\Scripts\Gumps\SetSecureLevelGump.cs" to "C:\RunUO\RunUO\Distribution\Debug\net8.0\Scripts\Gumps\SetSecureLevelGump.cs".
         Copying file from "C:\RunUO\RunUO\Scripts\Gumps\SkillsGump.cs" to "C:\RunUO\RunUO\Distribution\Debug\net8.0\Scripts\Gumps\SkillsGump.cs".
         Copying file from "C:\RunUO\RunUO\Scripts\Gumps\TithingGump.cs" to "C:\RunUO\RunUO\Distribution\Debug\net8.0\Scripts\Gumps\TithingGump.cs".
         Copying file from "C:\RunUO\RunUO\Scripts\Gumps\ToTAdminGump.cs" to "C:\RunUO\RunUO\Distribution\Debug\net8.0\Scripts\Gumps\ToTAdminGump.cs".
         Copying file from "C:\RunUO\RunUO\Scripts\Gumps\VendorInventoryGump.cs" to "C:\RunUO\RunUO\Distribution\Debug\net8.0\Scripts\Gumps\VendorInventoryGump.cs".
         Copying file from "C:\RunUO\RunUO\Scripts\Gumps\VendorRentalGumps.cs" to "C:\RunUO\RunUO\Distribution\Debug\net8.0\Scripts\Gumps\VendorRentalGumps.cs".
         Copying file from "C:\RunUO\RunUO\Scripts\Gumps\ViewHousesGump.cs" to "C:\RunUO\RunUO\Distribution\Debug\net8.0\Scripts\Gumps\ViewHousesGump.cs".
         Copying file from "C:\RunUO\RunUO\Scripts\Gumps\WarningGump.cs" to "C:\RunUO\RunUO\Distribution\Debug\net8.0\Scripts\Gumps\WarningGump.cs".
         Copying file from "C:\RunUO\RunUO\Scripts\Gumps\WhoGump.cs" to "C:\RunUO\RunUO\Distribution\Debug\net8.0\Scripts\Gumps\WhoGump.cs".
         Copying file from "C:\RunUO\RunUO\Scripts\Gumps\YoungGumps.cs" to "C:\RunUO\RunUO\Distribution\Debug\net8.0\Scripts\Gumps\YoungGumps.cs".
         Copying file from "C:\RunUO\RunUO\Scripts\Holiday Stuff\Christmas\2010\Addons\FireFliesDeed.cs" to "C:\RunUO\RunUO\Distribution\Debug\net8.0\Scripts\Holiday Stuff\Christmas\2010\Addons\FireFliesDeed.cs".
         Copying file from "C:\RunUO\RunUO\Scripts\Holiday Stuff\Christmas\2010\Items\AngelDecoration.cs" to "C:\RunUO\RunUO\Distribution\Debug\net8.0\Scripts\Holiday Stuff\Christmas\2010\Items\AngelDecoration.cs".
         Copying file from "C:\RunUO\RunUO\Scripts\Holiday Stuff\Christmas\2010\Items\RockingHorse.cs" to "C:\RunUO\RunUO\Distribution\Debug\net8.0\Scripts\Holiday Stuff\Christmas\2010\Items\RockingHorse.cs".
         Copying file from "C:\RunUO\RunUO\Scripts\Holiday Stuff\Easter\2011\Items\DragonEasterEgg.cs" to "C:\RunUO\RunUO\Distribution\Debug\net8.0\Scripts\Holiday Stuff\Easter\2011\Items\DragonEasterEgg.cs".
         Copying file from "C:\RunUO\RunUO\Scripts\Holiday Stuff\Halloween\2006\Engines\TrickOrTreat.cs" to "C:\RunUO\RunUO\Distribution\Debug\net8.0\Scripts\Holiday Stuff\Halloween\2006\Engines\TrickOrTreat.cs".
         Copying file from "C:\RunUO\RunUO\Scripts\Holiday Stuff\Halloween\2006\Items\HalloweenPumpkin.cs" to "C:\RunUO\RunUO\Distribution\Debug\net8.0\Scripts\Holiday Stuff\Halloween\2006\Items\HalloweenPumpkin.cs".
         Copying file from "C:\RunUO\RunUO\Scripts\Holiday Stuff\Halloween\2006\Items\PumpkinScarecrow.cs" to "C:\RunUO\RunUO\Distribution\Debug\net8.0\Scripts\Holiday Stuff\Halloween\2006\Items\PumpkinScarecrow.cs".
         Copying file from "C:\RunUO\RunUO\Scripts\Holiday Stuff\Halloween\2006\Items\RuinedTapestry.cs" to "C:\RunUO\RunUO\Distribution\Debug\net8.0\Scripts\Holiday Stuff\Halloween\2006\Items\RuinedTapestry.cs".
         Copying file from "C:\RunUO\RunUO\Scripts\Holiday Stuff\Halloween\2006\Items\TwilightLantern.cs" to "C:\RunUO\RunUO\Distribution\Debug\net8.0\Scripts\Holiday Stuff\Halloween\2006\Items\TwilightLantern.cs".
         Copying file from "C:\RunUO\RunUO\Scripts\Holiday Stuff\Halloween\2009\Engines\PumpkinPatch.cs" to "C:\RunUO\RunUO\Distribution\Debug\net8.0\Scripts\Holiday Stuff\Halloween\2009\Engines\PumpkinPatch.cs".
         Copying file from "C:\RunUO\RunUO\Scripts\Holiday Stuff\Halloween\2009\Foods\CreepyCake.cs" to "C:\RunUO\RunUO\Distribution\Debug\net8.0\Scripts\Holiday Stuff\Halloween\2009\Foods\CreepyCake.cs".
         Copying file from "C:\RunUO\RunUO\Scripts\Holiday Stuff\Halloween\2009\Foods\HarvestWine.cs" to "C:\RunUO\RunUO\Distribution\Debug\net8.0\Scripts\Holiday Stuff\Halloween\2009\Foods\HarvestWine.cs".
         Copying file from "C:\RunUO\RunUO\Scripts\Holiday Stuff\Halloween\2009\Foods\MrPlainsCookies.cs" to "C:\RunUO\RunUO\Distribution\Debug\net8.0\Scripts\Holiday Stuff\Halloween\2009\Foods\MrPlainsCookies.cs".
         Copying file from "C:\RunUO\RunUO\Scripts\Holiday Stuff\Halloween\2009\Foods\MurkyMilk.cs" to "C:\RunUO\RunUO\Distribution\Debug\net8.0\Scripts\Holiday Stuff\Halloween\2009\Foods\MurkyMilk.cs".
         Copying file from "C:\RunUO\RunUO\Scripts\Holiday Stuff\Halloween\2009\Foods\PumpkinPizza.cs" to "C:\RunUO\RunUO\Distribution\Debug\net8.0\Scripts\Holiday Stuff\Halloween\2009\Foods\PumpkinPizza.cs".
         Copying file from "C:\RunUO\RunUO\Scripts\Holiday Stuff\Halloween\2009\Items\GrimWarning.cs" to "C:\RunUO\RunUO\Distribution\Debug\net8.0\Scripts\Holiday Stuff\Halloween\2009\Items\GrimWarning.cs".
         Copying file from "C:\RunUO\RunUO\Scripts\Holiday Stuff\Halloween\2009\Items\SkullsOnPike.cs" to "C:\RunUO\RunUO\Distribution\Debug\net8.0\Scripts\Holiday Stuff\Halloween\2009\Items\SkullsOnPike.cs".
         Copying file from "C:\RunUO\RunUO\Scripts\Holiday Stuff\Halloween\2010\Items\ChairInAGhostCostume.cs" to "C:\RunUO\RunUO\Distribution\Debug\net8.0\Scripts\Holiday Stuff\Halloween\2010\Items\ChairInAGhostCostume.cs".
         Copying file from "C:\RunUO\RunUO\Scripts\Holiday Stuff\Halloween\2010\Items\ColoredSmallWebs.cs" to "C:\RunUO\RunUO\Distribution\Debug\net8.0\Scripts\Holiday Stuff\Halloween\2010\Items\ColoredSmallWebs.cs".
         Copying file from "C:\RunUO\RunUO\Scripts\Holiday Stuff\Halloween\2010\Items\HalloweenGuillotine.cs" to "C:\RunUO\RunUO\Distribution\Debug\net8.0\Scripts\Holiday Stuff\Halloween\2010\Items\HalloweenGuillotine.cs".
         Copying file from "C:\RunUO\RunUO\Scripts\Holiday Stuff\Halloween\2010\Items\ExcellentIronMaiden.cs" to "C:\RunUO\RunUO\Distribution\Debug\net8.0\Scripts\Holiday Stuff\Halloween\2010\Items\ExcellentIronMaiden.cs".
         Copying file from "C:\RunUO\RunUO\Scripts\Holiday Stuff\Halloween\2011\Items\BasePaintedMask.cs" to "C:\RunUO\RunUO\Distribution\Debug\net8.0\Scripts\Holiday Stuff\Halloween\2011\Items\BasePaintedMask.cs".
         Copying file from "C:\RunUO\RunUO\Scripts\Holiday Stuff\Halloween\2011\Items\ClownMask.cs" to "C:\RunUO\RunUO\Distribution\Debug\net8.0\Scripts\Holiday Stuff\Halloween\2011\Items\ClownMask.cs".
         Copying file from "C:\RunUO\RunUO\Scripts\Holiday Stuff\Halloween\2011\Items\DaemonMask.cs" to "C:\RunUO\RunUO\Distribution\Debug\net8.0\Scripts\Holiday Stuff\Halloween\2011\Items\DaemonMask.cs".
         Copying file from "C:\RunUO\RunUO\Scripts\Holiday Stuff\Halloween\2011\Items\PlagueMask.cs" to "C:\RunUO\RunUO\Distribution\Debug\net8.0\Scripts\Holiday Stuff\Halloween\2011\Items\PlagueMask.cs".
         Copying file from "C:\RunUO\RunUO\Scripts\Holiday Stuff\Halloween\2011\Mobiles\PumpkinHead.cs" to "C:\RunUO\RunUO\Distribution\Debug\net8.0\Scripts\Holiday Stuff\Halloween\2011\Mobiles\PumpkinHead.cs".
         Copying file from "C:\RunUO\RunUO\Scripts\Holiday Stuff\Halloween\2012\Engines\PlayerZombies.cs" to "C:\RunUO\RunUO\Distribution\Debug\net8.0\Scripts\Holiday Stuff\Halloween\2012\Engines\PlayerZombies.cs".
         Copying file from "C:\RunUO\RunUO\Scripts\Holiday Stuff\Halloween\2012\Items\EvilJesterMask.cs" to "C:\RunUO\RunUO\Distribution\Debug\net8.0\Scripts\Holiday Stuff\Halloween\2012\Items\EvilJesterMask.cs".
         Copying file from "C:\RunUO\RunUO\Scripts\Holiday Stuff\Halloween\2012\Items\PorcelainMask.cs" to "C:\RunUO\RunUO\Distribution\Debug\net8.0\Scripts\Holiday Stuff\Halloween\2012\Items\PorcelainMask.cs".
         Copying file from "C:\RunUO\RunUO\Scripts\Holiday Stuff\Halloween\HolidaySettings.cs" to "C:\RunUO\RunUO\Distribution\Debug\net8.0\Scripts\Holiday Stuff\Halloween\HolidaySettings.cs".
         Copying file from "C:\RunUO\RunUO\Scripts\Holiday Stuff\Halloween\Treats\Jellybeans.cs" to "C:\RunUO\RunUO\Distribution\Debug\net8.0\Scripts\Holiday Stuff\Halloween\Treats\Jellybeans.cs".
         Copying file from "C:\RunUO\RunUO\Scripts\Holiday Stuff\Halloween\Treats\Lollipops.cs" to "C:\RunUO\RunUO\Distribution\Debug\net8.0\Scripts\Holiday Stuff\Halloween\Treats\Lollipops.cs".
         Copying file from "C:\RunUO\RunUO\Scripts\Holiday Stuff\Halloween\Treats\NougatSwirl.cs" to "C:\RunUO\RunUO\Distribution\Debug\net8.0\Scripts\Holiday Stuff\Halloween\Treats\NougatSwirl.cs".
         Copying file from "C:\RunUO\RunUO\Scripts\Holiday Stuff\Halloween\Treats\Taffy.cs" to "C:\RunUO\RunUO\Distribution\Debug\net8.0\Scripts\Holiday Stuff\Halloween\Treats\Taffy.cs".
         Copying file from "C:\RunUO\RunUO\Scripts\Holiday Stuff\Halloween\Treats\WrappedCandy.cs" to "C:\RunUO\RunUO\Distribution\Debug\net8.0\Scripts\Holiday Stuff\Halloween\Treats\WrappedCandy.cs".
         Copying file from "C:\RunUO\RunUO\Scripts\Holiday Stuff\Valentine\2010\Items\AnimatedHeartShapedBox.cs" to "C:\RunUO\RunUO\Distribution\Debug\net8.0\Scripts\Holiday Stuff\Valentine\2010\Items\AnimatedHeartShapedBox.cs".
         Copying file from "C:\RunUO\RunUO\Scripts\Holiday Stuff\Valentine\2011\Items\StValentinesBears.cs" to "C:\RunUO\RunUO\Distribution\Debug\net8.0\Scripts\Holiday Stuff\Valentine\2011\Items\StValentinesBears.cs".
         Copying file from "C:\RunUO\RunUO\Scripts\Holiday Stuff\Valentine\2012\Items\CupidsArrow.cs" to "C:\RunUO\RunUO\Distribution\Debug\net8.0\Scripts\Holiday Stuff\Valentine\2012\Items\CupidsArrow.cs".
         Copying file from "C:\RunUO\RunUO\Scripts\Holiday Stuff\Valentine\2012\Items\CupidStatue.cs" to "C:\RunUO\RunUO\Distribution\Debug\net8.0\Scripts\Holiday Stuff\Valentine\2012\Items\CupidStatue.cs".
         Copying file from "C:\RunUO\RunUO\Scripts\Holiday Stuff\Valentine\2012\Items\HeartShapedBox.cs" to "C:\RunUO\RunUO\Distribution\Debug\net8.0\Scripts\Holiday Stuff\Valentine\2012\Items\HeartShapedBox.cs".
         Copying file from "C:\RunUO\RunUO\Scripts\Items\Addons\AbbatoirAddon.cs" to "C:\RunUO\RunUO\Distribution\Debug\net8.0\Scripts\Items\Addons\AbbatoirAddon.cs".
         Copying file from "C:\RunUO\RunUO\Scripts\Items\Addons\AddonComponent.cs" to "C:\RunUO\RunUO\Distribution\Debug\net8.0\Scripts\Items\Addons\AddonComponent.cs".
         Copying file from "C:\RunUO\RunUO\Scripts\Items\Addons\AddonContainerComponent.cs" to "C:\RunUO\RunUO\Distribution\Debug\net8.0\Scripts\Items\Addons\AddonContainerComponent.cs".
         Copying file from "C:\RunUO\RunUO\Scripts\Items\Addons\AlchemistTableEastAddon.cs" to "C:\RunUO\RunUO\Distribution\Debug\net8.0\Scripts\Items\Addons\AlchemistTableEastAddon.cs".
         Copying file from "C:\RunUO\RunUO\Scripts\Items\Addons\AlchemistTableSouthAddon.cs" to "C:\RunUO\RunUO\Distribution\Debug\net8.0\Scripts\Items\Addons\AlchemistTableSouthAddon.cs".
         Copying file from "C:\RunUO\RunUO\Scripts\Items\Addons\AnvilEastAddon.cs" to "C:\RunUO\RunUO\Distribution\Debug\net8.0\Scripts\Items\Addons\AnvilEastAddon.cs".
         Copying file from "C:\RunUO\RunUO\Scripts\Items\Addons\AnvilSouthAddon.cs" to "C:\RunUO\RunUO\Distribution\Debug\net8.0\Scripts\Items\Addons\AnvilSouthAddon.cs".
         Copying file from "C:\RunUO\RunUO\Scripts\Items\Addons\ArcaneBookshelfEastAddon.cs" to "C:\RunUO\RunUO\Distribution\Debug\net8.0\Scripts\Items\Addons\ArcaneBookshelfEastAddon.cs".
         Copying file from "C:\RunUO\RunUO\Scripts\Items\Addons\ArcaneBookshelfSouthAddon.cs" to "C:\RunUO\RunUO\Distribution\Debug\net8.0\Scripts\Items\Addons\ArcaneBookshelfSouthAddon.cs".
         Copying file from "C:\RunUO\RunUO\Scripts\Items\Addons\ArcanistStatueEastAddon.cs" to "C:\RunUO\RunUO\Distribution\Debug\net8.0\Scripts\Items\Addons\ArcanistStatueEastAddon.cs".
         Copying file from "C:\RunUO\RunUO\Scripts\Items\Addons\ArcaneCircleAddon.cs" to "C:\RunUO\RunUO\Distribution\Debug\net8.0\Scripts\Items\Addons\ArcaneCircleAddon.cs".
         Copying file from "C:\RunUO\RunUO\Scripts\Items\Addons\ArcheryButteAddon.cs" to "C:\RunUO\RunUO\Distribution\Debug\net8.0\Scripts\Items\Addons\ArcheryButteAddon.cs".
         Copying file from "C:\RunUO\RunUO\Scripts\Items\Addons\ArcanistStatueSouthAddon.cs" to "C:\RunUO\RunUO\Distribution\Debug\net8.0\Scripts\Items\Addons\ArcanistStatueSouthAddon.cs".
         Copying file from "C:\RunUO\RunUO\Scripts\Items\Addons\BallotBox.cs" to "C:\RunUO\RunUO\Distribution\Debug\net8.0\Scripts\Items\Addons\BallotBox.cs".
         Copying file from "C:\RunUO\RunUO\Scripts\Items\Addons\BaseAddon.cs" to "C:\RunUO\RunUO\Distribution\Debug\net8.0\Scripts\Items\Addons\BaseAddon.cs".
         Copying file from "C:\RunUO\RunUO\Scripts\Items\Addons\BaseAddonContainerDeed.cs" to "C:\RunUO\RunUO\Distribution\Debug\net8.0\Scripts\Items\Addons\BaseAddonContainerDeed.cs".
         Copying file from "C:\RunUO\RunUO\Scripts\Items\Addons\BaseAddonContainer.cs" to "C:\RunUO\RunUO\Distribution\Debug\net8.0\Scripts\Items\Addons\BaseAddonContainer.cs".
         Copying file from "C:\RunUO\RunUO\Scripts\Items\Addons\BearRugs.cs" to "C:\RunUO\RunUO\Distribution\Debug\net8.0\Scripts\Items\Addons\BearRugs.cs".
         Copying file from "C:\RunUO\RunUO\Scripts\Items\Addons\BaseAddonDeed.cs" to "C:\RunUO\RunUO\Distribution\Debug\net8.0\Scripts\Items\Addons\BaseAddonDeed.cs".
         Copying file from "C:\RunUO\RunUO\Scripts\Items\Addons\BloodPentagram.cs" to "C:\RunUO\RunUO\Distribution\Debug\net8.0\Scripts\Items\Addons\BloodPentagram.cs".
         Copying file from "C:\RunUO\RunUO\Scripts\Items\Addons\DartBoard.cs" to "C:\RunUO\RunUO\Distribution\Debug\net8.0\Scripts\Items\Addons\DartBoard.cs".
         Copying file from "C:\RunUO\RunUO\Scripts\Items\Addons\ElvenBedEastAddon.cs" to "C:\RunUO\RunUO\Distribution\Debug\net8.0\Scripts\Items\Addons\ElvenBedEastAddon.cs".
         Copying file from "C:\RunUO\RunUO\Scripts\Items\Addons\ElvenDresserEastAddon.cs" to "C:\RunUO\RunUO\Distribution\Debug\net8.0\Scripts\Items\Addons\ElvenDresserEastAddon.cs".
         Copying file from "C:\RunUO\RunUO\Scripts\Items\Addons\ElvenBedSouthAddon.cs" to "C:\RunUO\RunUO\Distribution\Debug\net8.0\Scripts\Items\Addons\ElvenBedSouthAddon.cs".
         Copying file from "C:\RunUO\RunUO\Scripts\Items\Addons\ElvenDresserSouthAddon.cs" to "C:\RunUO\RunUO\Distribution\Debug\net8.0\Scripts\Items\Addons\ElvenDresserSouthAddon.cs".
         Copying file from "C:\RunUO\RunUO\Scripts\Items\Addons\ElvenForgeAddon.cs" to "C:\RunUO\RunUO\Distribution\Debug\net8.0\Scripts\Items\Addons\ElvenForgeAddon.cs".
         Copying file from "C:\RunUO\RunUO\Scripts\Items\Addons\ElvenLoveseatEastAddon.cs" to "C:\RunUO\RunUO\Distribution\Debug\net8.0\Scripts\Items\Addons\ElvenLoveseatEastAddon.cs".
         Copying file from "C:\RunUO\RunUO\Scripts\Items\Addons\ElvenSpinningwheelEastAddon.cs" to "C:\RunUO\RunUO\Distribution\Debug\net8.0\Scripts\Items\Addons\ElvenSpinningwheelEastAddon.cs".
         Copying file from "C:\RunUO\RunUO\Scripts\Items\Addons\ElvenLoveseatSouthAddon.cs" to "C:\RunUO\RunUO\Distribution\Debug\net8.0\Scripts\Items\Addons\ElvenLoveseatSouthAddon.cs".
         Copying file from "C:\RunUO\RunUO\Scripts\Items\Addons\ElvenStoveEastAddon.cs" to "C:\RunUO\RunUO\Distribution\Debug\net8.0\Scripts\Items\Addons\ElvenStoveEastAddon.cs".
         Copying file from "C:\RunUO\RunUO\Scripts\Items\Addons\ElvenSpinningwheelSouthAddon.cs" to "C:\RunUO\RunUO\Distribution\Debug\net8.0\Scripts\Items\Addons\ElvenSpinningwheelSouthAddon.cs".
         Copying file from "C:\RunUO\RunUO\Scripts\Items\Addons\ElvenStoveSouthAddon.cs" to "C:\RunUO\RunUO\Distribution\Debug\net8.0\Scripts\Items\Addons\ElvenStoveSouthAddon.cs".
         Copying file from "C:\RunUO\RunUO\Scripts\Items\Addons\ElvenWashbasinEastAddon.cs" to "C:\RunUO\RunUO\Distribution\Debug\net8.0\Scripts\Items\Addons\ElvenWashbasinEastAddon.cs".
         Copying file from "C:\RunUO\RunUO\Scripts\Items\Addons\ElvenWashbasinSouthAddon.cs" to "C:\RunUO\RunUO\Distribution\Debug\net8.0\Scripts\Items\Addons\ElvenWashbasinSouthAddon.cs".
         Copying file from "C:\RunUO\RunUO\Scripts\Items\Addons\FancyElvenTableEastAddon.cs" to "C:\RunUO\RunUO\Distribution\Debug\net8.0\Scripts\Items\Addons\FancyElvenTableEastAddon.cs".
         Copying file from "C:\RunUO\RunUO\Scripts\Items\Addons\FancyElvenTableSouthAddon.cs" to "C:\RunUO\RunUO\Distribution\Debug\net8.0\Scripts\Items\Addons\FancyElvenTableSouthAddon.cs".
         Copying file from "C:\RunUO\RunUO\Scripts\Items\Addons\FireColumnAddon.cs" to "C:\RunUO\RunUO\Distribution\Debug\net8.0\Scripts\Items\Addons\FireColumnAddon.cs".
         Copying file from "C:\RunUO\RunUO\Scripts\Items\Addons\FlourMillEastAddon.cs" to "C:\RunUO\RunUO\Distribution\Debug\net8.0\Scripts\Items\Addons\FlourMillEastAddon.cs".
         Copying file from "C:\RunUO\RunUO\Scripts\Items\Addons\FlourMillSouthAddon.cs" to "C:\RunUO\RunUO\Distribution\Debug\net8.0\Scripts\Items\Addons\FlourMillSouthAddon.cs".
         Copying file from "C:\RunUO\RunUO\Scripts\Items\Addons\FlowerTapestries.cs" to "C:\RunUO\RunUO\Distribution\Debug\net8.0\Scripts\Items\Addons\FlowerTapestries.cs".
         Copying file from "C:\RunUO\RunUO\Scripts\Items\Addons\GozaMats.cs" to "C:\RunUO\RunUO\Distribution\Debug\net8.0\Scripts\Items\Addons\GozaMats.cs".
         Copying file from "C:\RunUO\RunUO\Scripts\Items\Addons\GiantWebs.cs" to "C:\RunUO\RunUO\Distribution\Debug\net8.0\Scripts\Items\Addons\GiantWebs.cs".
         Copying file from "C:\RunUO\RunUO\Scripts\Items\Addons\GrayBrickFireplaceEastAddon.cs" to "C:\RunUO\RunUO\Distribution\Debug\net8.0\Scripts\Items\Addons\GrayBrickFireplaceEastAddon.cs".
         Copying file from "C:\RunUO\RunUO\Scripts\Items\Addons\JackOLantern.cs" to "C:\RunUO\RunUO\Distribution\Debug\net8.0\Scripts\Items\Addons\JackOLantern.cs".
         Copying file from "C:\RunUO\RunUO\Scripts\Items\Addons\GrayBrickFireplaceSouthAddon.cs" to "C:\RunUO\RunUO\Distribution\Debug\net8.0\Scripts\Items\Addons\GrayBrickFireplaceSouthAddon.cs".
         Copying file from "C:\RunUO\RunUO\Scripts\Items\Addons\LargeBedEastAddon.cs" to "C:\RunUO\RunUO\Distribution\Debug\net8.0\Scripts\Items\Addons\LargeBedEastAddon.cs".
         Copying file from "C:\RunUO\RunUO\Scripts\Items\Addons\LargeBedSouthAddon.cs" to "C:\RunUO\RunUO\Distribution\Debug\net8.0\Scripts\Items\Addons\LargeBedSouthAddon.cs".
         Copying file from "C:\RunUO\RunUO\Scripts\Items\Addons\LargeForgeEastAddon.cs" to "C:\RunUO\RunUO\Distribution\Debug\net8.0\Scripts\Items\Addons\LargeForgeEastAddon.cs".
         Copying file from "C:\RunUO\RunUO\Scripts\Items\Addons\LargeForgeSouthAddon.cs" to "C:\RunUO\RunUO\Distribution\Debug\net8.0\Scripts\Items\Addons\LargeForgeSouthAddon.cs".
         Copying file from "C:\RunUO\RunUO\Scripts\Items\Addons\LargeStoneTableEastAddon.cs" to "C:\RunUO\RunUO\Distribution\Debug\net8.0\Scripts\Items\Addons\LargeStoneTableEastAddon.cs".
         Copying file from "C:\RunUO\RunUO\Scripts\Items\Addons\LargeStoneTableSouthAddon.cs" to "C:\RunUO\RunUO\Distribution\Debug\net8.0\Scripts\Items\Addons\LargeStoneTableSouthAddon.cs".
         Copying file from "C:\RunUO\RunUO\Scripts\Items\Addons\LoomSouthAddon.cs" to "C:\RunUO\RunUO\Distribution\Debug\net8.0\Scripts\Items\Addons\LoomSouthAddon.cs".
         Copying file from "C:\RunUO\RunUO\Scripts\Items\Addons\LoomEastAddon.cs" to "C:\RunUO\RunUO\Distribution\Debug\net8.0\Scripts\Items\Addons\LoomEastAddon.cs".
         Copying file from "C:\RunUO\RunUO\Scripts\Items\Addons\MediumStoneTableEastAddon.cs" to "C:\RunUO\RunUO\Distribution\Debug\net8.0\Scripts\Items\Addons\MediumStoneTableEastAddon.cs".
         Copying file from "C:\RunUO\RunUO\Scripts\Items\Addons\MediumStoneTableSouthAddon.cs" to "C:\RunUO\RunUO\Distribution\Debug\net8.0\Scripts\Items\Addons\MediumStoneTableSouthAddon.cs".
         Copying file from "C:\RunUO\RunUO\Scripts\Items\Addons\OrnateElvenTableSouthAddon.cs" to "C:\RunUO\RunUO\Distribution\Debug\net8.0\Scripts\Items\Addons\OrnateElvenTableSouthAddon.cs".
         Copying file from "C:\RunUO\RunUO\Scripts\Items\Addons\OrnateElvenTableEastAddon.cs" to "C:\RunUO\RunUO\Distribution\Debug\net8.0\Scripts\Items\Addons\OrnateElvenTableEastAddon.cs".
         Copying file from "C:\RunUO\RunUO\Scripts\Items\Addons\ParrotPerchAddon.cs" to "C:\RunUO\RunUO\Distribution\Debug\net8.0\Scripts\Items\Addons\ParrotPerchAddon.cs".
         Copying file from "C:\RunUO\RunUO\Scripts\Items\Addons\PentagramAddon.cs" to "C:\RunUO\RunUO\Distribution\Debug\net8.0\Scripts\Items\Addons\PentagramAddon.cs".
         Copying file from "C:\RunUO\RunUO\Scripts\Items\Addons\PickpocketDips.cs" to "C:\RunUO\RunUO\Distribution\Debug\net8.0\Scripts\Items\Addons\PickpocketDips.cs".
         Copying file from "C:\RunUO\RunUO\Scripts\Items\Addons\PyramidAddon.cs" to "C:\RunUO\RunUO\Distribution\Debug\net8.0\Scripts\Items\Addons\PyramidAddon.cs".
         Copying file from "C:\RunUO\RunUO\Scripts\Items\Addons\RejuvinationAnkhs.cs" to "C:\RunUO\RunUO\Distribution\Debug\net8.0\Scripts\Items\Addons\RejuvinationAnkhs.cs".
         Copying file from "C:\RunUO\RunUO\Scripts\Items\Addons\SandstoneFireplaceEastAddon.cs" to "C:\RunUO\RunUO\Distribution\Debug\net8.0\Scripts\Items\Addons\SandstoneFireplaceEastAddon.cs".
         Copying file from "C:\RunUO\RunUO\Scripts\Items\Addons\SandstoneFireplaceSouthAddon.cs" to "C:\RunUO\RunUO\Distribution\Debug\net8.0\Scripts\Items\Addons\SandstoneFireplaceSouthAddon.cs".
         Copying file from "C:\RunUO\RunUO\Scripts\Items\Addons\SandstoneFountainAddon.cs" to "C:\RunUO\RunUO\Distribution\Debug\net8.0\Scripts\Items\Addons\SandstoneFountainAddon.cs".
         Copying file from "C:\RunUO\RunUO\Scripts\Items\Addons\SerpentPillarAddon.cs" to "C:\RunUO\RunUO\Distribution\Debug\net8.0\Scripts\Items\Addons\SerpentPillarAddon.cs".
         Copying file from "C:\RunUO\RunUO\Scripts\Items\Addons\ShrineOfWisdomAddon.cs" to "C:\RunUO\RunUO\Distribution\Debug\net8.0\Scripts\Items\Addons\ShrineOfWisdomAddon.cs".
         Copying file from "C:\RunUO\RunUO\Scripts\Items\Addons\SHTeleporter.cs" to "C:\RunUO\RunUO\Distribution\Debug\net8.0\Scripts\Items\Addons\SHTeleporter.cs".
         Copying file from "C:\RunUO\RunUO\Scripts\Items\Addons\SkullPileAddon.cs" to "C:\RunUO\RunUO\Distribution\Debug\net8.0\Scripts\Items\Addons\SkullPileAddon.cs".
         Copying file from "C:\RunUO\RunUO\Scripts\Items\Addons\SmallBedEastAddon.cs" to "C:\RunUO\RunUO\Distribution\Debug\net8.0\Scripts\Items\Addons\SmallBedEastAddon.cs".
         Copying file from "C:\RunUO\RunUO\Scripts\Items\Addons\SmallBedSouthAddon.cs" to "C:\RunUO\RunUO\Distribution\Debug\net8.0\Scripts\Items\Addons\SmallBedSouthAddon.cs".
         Copying file from "C:\RunUO\RunUO\Scripts\Items\Addons\SmallForgeAddon.cs" to "C:\RunUO\RunUO\Distribution\Debug\net8.0\Scripts\Items\Addons\SmallForgeAddon.cs".
         Copying file from "C:\RunUO\RunUO\Scripts\Items\Addons\SolenAntHole.cs" to "C:\RunUO\RunUO\Distribution\Debug\net8.0\Scripts\Items\Addons\SolenAntHole.cs".
         Copying file from "C:\RunUO\RunUO\Scripts\Items\Addons\SpinningwheelEastAddon.cs" to "C:\RunUO\RunUO\Distribution\Debug\net8.0\Scripts\Items\Addons\SpinningwheelEastAddon.cs".
         Copying file from "C:\RunUO\RunUO\Scripts\Items\Addons\SpinningwheelSouthAddon.cs" to "C:\RunUO\RunUO\Distribution\Debug\net8.0\Scripts\Items\Addons\SpinningwheelSouthAddon.cs".
         Copying file from "C:\RunUO\RunUO\Scripts\Items\Addons\SquirrelStatueSouthAddon.cs" to "C:\RunUO\RunUO\Distribution\Debug\net8.0\Scripts\Items\Addons\SquirrelStatueSouthAddon.cs".
         Copying file from "C:\RunUO\RunUO\Scripts\Items\Addons\StoneFireplaceEastAddon.cs" to "C:\RunUO\RunUO\Distribution\Debug\net8.0\Scripts\Items\Addons\StoneFireplaceEastAddon.cs".
         Copying file from "C:\RunUO\RunUO\Scripts\Items\Addons\StoneFireplaceSouthAddon.cs" to "C:\RunUO\RunUO\Distribution\Debug\net8.0\Scripts\Items\Addons\StoneFireplaceSouthAddon.cs".
         Copying file from "C:\RunUO\RunUO\Scripts\Items\Addons\SquirrelStatueEastAddon.cs" to "C:\RunUO\RunUO\Distribution\Debug\net8.0\Scripts\Items\Addons\SquirrelStatueEastAddon.cs".
         Copying file from "C:\RunUO\RunUO\Scripts\Items\Addons\StoneOvenEastAddon.cs" to "C:\RunUO\RunUO\Distribution\Debug\net8.0\Scripts\Items\Addons\StoneOvenEastAddon.cs".
         Copying file from "C:\RunUO\RunUO\Scripts\Items\Addons\StoneFountainAddon.cs" to "C:\RunUO\RunUO\Distribution\Debug\net8.0\Scripts\Items\Addons\StoneFountainAddon.cs".
         Copying file from "C:\RunUO\RunUO\Scripts\Items\Addons\StoneOvenSouthAddon.cs" to "C:\RunUO\RunUO\Distribution\Debug\net8.0\Scripts\Items\Addons\StoneOvenSouthAddon.cs".
         Copying file from "C:\RunUO\RunUO\Scripts\Items\Addons\StretchedHides.cs" to "C:\RunUO\RunUO\Distribution\Debug\net8.0\Scripts\Items\Addons\StretchedHides.cs".
         Copying file from "C:\RunUO\RunUO\Scripts\Items\Addons\TallElvenBedEastAddon.cs" to "C:\RunUO\RunUO\Distribution\Debug\net8.0\Scripts\Items\Addons\TallElvenBedEastAddon.cs".
         Copying file from "C:\RunUO\RunUO\Scripts\Items\Addons\TallElvenBedSouthAddon.cs" to "C:\RunUO\RunUO\Distribution\Debug\net8.0\Scripts\Items\Addons\TallElvenBedSouthAddon.cs".
         Copying file from "C:\RunUO\RunUO\Scripts\Items\Addons\Telescope.cs" to "C:\RunUO\RunUO\Distribution\Debug\net8.0\Scripts\Items\Addons\Telescope.cs".
         Copying file from "C:\RunUO\RunUO\Scripts\Items\Addons\TrainingDummies.cs" to "C:\RunUO\RunUO\Distribution\Debug\net8.0\Scripts\Items\Addons\TrainingDummies.cs".
         Copying file from "C:\RunUO\RunUO\Scripts\Items\Addons\WarriorStatueEastAddon.cs" to "C:\RunUO\RunUO\Distribution\Debug\net8.0\Scripts\Items\Addons\WarriorStatueEastAddon.cs".
         Copying file from "C:\RunUO\RunUO\Scripts\Items\Addons\WaterTroughEastAddon.cs" to "C:\RunUO\RunUO\Distribution\Debug\net8.0\Scripts\Items\Addons\WaterTroughEastAddon.cs".
         Copying file from "C:\RunUO\RunUO\Scripts\Items\Addons\WaterTroughSouthAddon.cs" to "C:\RunUO\RunUO\Distribution\Debug\net8.0\Scripts\Items\Addons\WaterTroughSouthAddon.cs".
         Copying file from "C:\RunUO\RunUO\Scripts\Items\Addons\WarriorStatueSouthAddon.cs" to "C:\RunUO\RunUO\Distribution\Debug\net8.0\Scripts\Items\Addons\WarriorStatueSouthAddon.cs".
         Copying file from "C:\RunUO\RunUO\Scripts\Items\Addons\WaterVat.cs" to "C:\RunUO\RunUO\Distribution\Debug\net8.0\Scripts\Items\Addons\WaterVat.cs".
         Copying file from "C:\RunUO\RunUO\Scripts\Items\Aquarium\Aquarium.cs" to "C:\RunUO\RunUO\Distribution\Debug\net8.0\Scripts\Items\Aquarium\Aquarium.cs".
         Copying file from "C:\RunUO\RunUO\Scripts\Items\Aquarium\AquariumFishingNet.cs" to "C:\RunUO\RunUO\Distribution\Debug\net8.0\Scripts\Items\Aquarium\AquariumFishingNet.cs".
         Copying file from "C:\RunUO\RunUO\Scripts\Items\Aquarium\AquariumGump.cs" to "C:\RunUO\RunUO\Distribution\Debug\net8.0\Scripts\Items\Aquarium\AquariumGump.cs".
         Copying file from "C:\RunUO\RunUO\Scripts\Items\Aquarium\AquariumFood.cs" to "C:\RunUO\RunUO\Distribution\Debug\net8.0\Scripts\Items\Aquarium\AquariumFood.cs".
         Copying file from "C:\RunUO\RunUO\Scripts\Items\Aquarium\AquariumState.cs" to "C:\RunUO\RunUO\Distribution\Debug\net8.0\Scripts\Items\Aquarium\AquariumState.cs".
         Copying file from "C:\RunUO\RunUO\Scripts\Items\Aquarium\BaseFish.cs" to "C:\RunUO\RunUO\Distribution\Debug\net8.0\Scripts\Items\Aquarium\BaseFish.cs".
         Copying file from "C:\RunUO\RunUO\Scripts\Items\Aquarium\FishBowl.cs" to "C:\RunUO\RunUO\Distribution\Debug\net8.0\Scripts\Items\Aquarium\FishBowl.cs".
         Copying file from "C:\RunUO\RunUO\Scripts\Items\Aquarium\Fish\AlbinoCourtesanFish.cs" to "C:\RunUO\RunUO\Distribution\Debug\net8.0\Scripts\Items\Aquarium\Fish\AlbinoCourtesanFish.cs".
         Copying file from "C:\RunUO\RunUO\Scripts\Items\Aquarium\Fish\BritainCrownFish.cs" to "C:\RunUO\RunUO\Distribution\Debug\net8.0\Scripts\Items\Aquarium\Fish\BritainCrownFish.cs".
         Copying file from "C:\RunUO\RunUO\Scripts\Items\Aquarium\Fish\AlbinoFrog.cs" to "C:\RunUO\RunUO\Distribution\Debug\net8.0\Scripts\Items\Aquarium\Fish\AlbinoFrog.cs".
         Copying file from "C:\RunUO\RunUO\Scripts\Items\Aquarium\Fish\FandancerFish.cs" to "C:\RunUO\RunUO\Distribution\Debug\net8.0\Scripts\Items\Aquarium\Fish\FandancerFish.cs".
         Copying file from "C:\RunUO\RunUO\Scripts\Items\Aquarium\Fish\GoldenBroadtail.cs" to "C:\RunUO\RunUO\Distribution\Debug\net8.0\Scripts\Items\Aquarium\Fish\GoldenBroadtail.cs".
         Copying file from "C:\RunUO\RunUO\Scripts\Items\Aquarium\Fish\Jellyfish.cs" to "C:\RunUO\RunUO\Distribution\Debug\net8.0\Scripts\Items\Aquarium\Fish\Jellyfish.cs".
         Copying file from "C:\RunUO\RunUO\Scripts\Items\Aquarium\Fish\KillerFrog.cs" to "C:\RunUO\RunUO\Distribution\Debug\net8.0\Scripts\Items\Aquarium\Fish\KillerFrog.cs".
         Copying file from "C:\RunUO\RunUO\Scripts\Items\Aquarium\Fish\LongClawCrab.cs" to "C:\RunUO\RunUO\Distribution\Debug\net8.0\Scripts\Items\Aquarium\Fish\LongClawCrab.cs".
         Copying file from "C:\RunUO\RunUO\Scripts\Items\Aquarium\Fish\MakotoCourtesanFish.cs" to "C:\RunUO\RunUO\Distribution\Debug\net8.0\Scripts\Items\Aquarium\Fish\MakotoCourtesanFish.cs".
         Copying file from "C:\RunUO\RunUO\Scripts\Items\Aquarium\Fish\MinocBlueFish.cs" to "C:\RunUO\RunUO\Distribution\Debug\net8.0\Scripts\Items\Aquarium\Fish\MinocBlueFish.cs".
         Copying file from "C:\RunUO\RunUO\Scripts\Items\Aquarium\Fish\NujelmHoneyFish.cs" to "C:\RunUO\RunUO\Distribution\Debug\net8.0\Scripts\Items\Aquarium\Fish\NujelmHoneyFish.cs".
         Copying file from "C:\RunUO\RunUO\Scripts\Items\Aquarium\Fish\PurpleFrog.cs" to "C:\RunUO\RunUO\Distribution\Debug\net8.0\Scripts\Items\Aquarium\Fish\PurpleFrog.cs".
         Copying file from "C:\RunUO\RunUO\Scripts\Items\Aquarium\Fish\RedDartFish.cs" to "C:\RunUO\RunUO\Distribution\Debug\net8.0\Scripts\Items\Aquarium\Fish\RedDartFish.cs".
         Copying file from "C:\RunUO\RunUO\Scripts\Items\Aquarium\Fish\Shrimp.cs" to "C:\RunUO\RunUO\Distribution\Debug\net8.0\Scripts\Items\Aquarium\Fish\Shrimp.cs".
         Copying file from "C:\RunUO\RunUO\Scripts\Items\Aquarium\Fish\SmallMouthSuckerFin.cs" to "C:\RunUO\RunUO\Distribution\Debug\net8.0\Scripts\Items\Aquarium\Fish\SmallMouthSuckerFin.cs".
         Copying file from "C:\RunUO\RunUO\Scripts\Items\Aquarium\Fish\SpeckledCrab.cs" to "C:\RunUO\RunUO\Distribution\Debug\net8.0\Scripts\Items\Aquarium\Fish\SpeckledCrab.cs".
         Copying file from "C:\RunUO\RunUO\Scripts\Items\Aquarium\Fish\SpinedScratcherFish.cs" to "C:\RunUO\RunUO\Distribution\Debug\net8.0\Scripts\Items\Aquarium\Fish\SpinedScratcherFish.cs".
         Copying file from "C:\RunUO\RunUO\Scripts\Items\Aquarium\Fish\SpottedBuccaneer.cs" to "C:\RunUO\RunUO\Distribution\Debug\net8.0\Scripts\Items\Aquarium\Fish\SpottedBuccaneer.cs".
         Copying file from "C:\RunUO\RunUO\Scripts\Items\Aquarium\Fish\VesperReefTiger.cs" to "C:\RunUO\RunUO\Distribution\Debug\net8.0\Scripts\Items\Aquarium\Fish\VesperReefTiger.cs".
         Copying file from "C:\RunUO\RunUO\Scripts\Items\Aquarium\Fish\YellowFinBluebelly.cs" to "C:\RunUO\RunUO\Distribution\Debug\net8.0\Scripts\Items\Aquarium\Fish\YellowFinBluebelly.cs".
         Copying file from "C:\RunUO\RunUO\Scripts\Items\Aquarium\Reward Fish\BrineShrimp.cs" to "C:\RunUO\RunUO\Distribution\Debug\net8.0\Scripts\Items\Aquarium\Reward Fish\BrineShrimp.cs".
         Copying file from "C:\RunUO\RunUO\Scripts\Items\Aquarium\Reward Fish\Coral.cs" to "C:\RunUO\RunUO\Distribution\Debug\net8.0\Scripts\Items\Aquarium\Reward Fish\Coral.cs".
         Copying file from "C:\RunUO\RunUO\Scripts\Items\Aquarium\Reward Fish\FullMoonFish.cs" to "C:\RunUO\RunUO\Distribution\Debug\net8.0\Scripts\Items\Aquarium\Reward Fish\FullMoonFish.cs".
         Copying file from "C:\RunUO\RunUO\Scripts\Items\Aquarium\Reward Fish\SeaHorse.cs" to "C:\RunUO\RunUO\Distribution\Debug\net8.0\Scripts\Items\Aquarium\Reward Fish\SeaHorse.cs".
         Copying file from "C:\RunUO\RunUO\Scripts\Items\Aquarium\Reward Fish\StrippedFlakeFish.cs" to "C:\RunUO\RunUO\Distribution\Debug\net8.0\Scripts\Items\Aquarium\Reward Fish\StrippedFlakeFish.cs".
         Copying file from "C:\RunUO\RunUO\Scripts\Items\Aquarium\Reward Fish\StrippedSosarianSwill.cs" to "C:\RunUO\RunUO\Distribution\Debug\net8.0\Scripts\Items\Aquarium\Reward Fish\StrippedSosarianSwill.cs".
         Copying file from "C:\RunUO\RunUO\Scripts\Items\Aquarium\Rewards\AquariumMessage.cs" to "C:\RunUO\RunUO\Distribution\Debug\net8.0\Scripts\Items\Aquarium\Rewards\AquariumMessage.cs".
         Copying file from "C:\RunUO\RunUO\Scripts\Items\Aquarium\Rewards\CaptainBlackheartsFishingPole.cs" to "C:\RunUO\RunUO\Distribution\Debug\net8.0\Scripts\Items\Aquarium\Rewards\CaptainBlackheartsFishingPole.cs".
         Copying file from "C:\RunUO\RunUO\Scripts\Items\Aquarium\Rewards\CraftysFishingHat.cs" to "C:\RunUO\RunUO\Distribution\Debug\net8.0\Scripts\Items\Aquarium\Rewards\CraftysFishingHat.cs".
         Copying file from "C:\RunUO\RunUO\Scripts\Items\Aquarium\Rewards\FishBones.cs" to "C:\RunUO\RunUO\Distribution\Debug\net8.0\Scripts\Items\Aquarium\Rewards\FishBones.cs".
         Copying file from "C:\RunUO\RunUO\Scripts\Items\Aquarium\Rewards\IslandStatue.cs" to "C:\RunUO\RunUO\Distribution\Debug\net8.0\Scripts\Items\Aquarium\Rewards\IslandStatue.cs".
         Copying file from "C:\RunUO\RunUO\Scripts\Items\Aquarium\Rewards\Shell.cs" to "C:\RunUO\RunUO\Distribution\Debug\net8.0\Scripts\Items\Aquarium\Rewards\Shell.cs".
         Copying file from "C:\RunUO\RunUO\Scripts\Items\Aquarium\Rewards\ToyBoat.cs" to "C:\RunUO\RunUO\Distribution\Debug\net8.0\Scripts\Items\Aquarium\Rewards\ToyBoat.cs".
         Copying file from "C:\RunUO\RunUO\Scripts\Items\Aquarium\Rewards\WaterloggedBoots.cs" to "C:\RunUO\RunUO\Distribution\Debug\net8.0\Scripts\Items\Aquarium\Rewards\WaterloggedBoots.cs".
         Copying file from "C:\RunUO\RunUO\Scripts\Items\Aquarium\VacationWafer.cs" to "C:\RunUO\RunUO\Distribution\Debug\net8.0\Scripts\Items\Aquarium\VacationWafer.cs".
         Copying file from "C:\RunUO\RunUO\Scripts\Items\Armor\ArmorEnums.cs" to "C:\RunUO\RunUO\Distribution\Debug\net8.0\Scripts\Items\Armor\ArmorEnums.cs".
         Copying file from "C:\RunUO\RunUO\Scripts\Items\Armor\Artifacts\ArmorOfFortune.cs" to "C:\RunUO\RunUO\Distribution\Debug\net8.0\Scripts\Items\Armor\Artifacts\ArmorOfFortune.cs".
         Copying file from "C:\RunUO\RunUO\Scripts\Items\Armor\Artifacts\Craftable\BrambleCoat.cs" to "C:\RunUO\RunUO\Distribution\Debug\net8.0\Scripts\Items\Armor\Artifacts\Craftable\BrambleCoat.cs".
         Copying file from "C:\RunUO\RunUO\Scripts\Items\Armor\Artifacts\Craftable\IronwoodCrown.cs" to "C:\RunUO\RunUO\Distribution\Debug\net8.0\Scripts\Items\Armor\Artifacts\Craftable\IronwoodCrown.cs".
         Copying file from "C:\RunUO\RunUO\Scripts\Items\Armor\Artifacts\Craftable\SongWovenMantle.cs" to "C:\RunUO\RunUO\Distribution\Debug\net8.0\Scripts\Items\Armor\Artifacts\Craftable\SongWovenMantle.cs".
         Copying file from "C:\RunUO\RunUO\Scripts\Items\Armor\Artifacts\Craftable\SpellWovenBritches.cs" to "C:\RunUO\RunUO\Distribution\Debug\net8.0\Scripts\Items\Armor\Artifacts\Craftable\SpellWovenBritches.cs".
         Copying file from "C:\RunUO\RunUO\Scripts\Items\Armor\Artifacts\Craftable\StitchersMittens.cs" to "C:\RunUO\RunUO\Distribution\Debug\net8.0\Scripts\Items\Armor\Artifacts\Craftable\StitchersMittens.cs".
         Copying file from "C:\RunUO\RunUO\Scripts\Items\Armor\Artifacts\GauntletsOfNobility.cs" to "C:\RunUO\RunUO\Distribution\Debug\net8.0\Scripts\Items\Armor\Artifacts\GauntletsOfNobility.cs".
         Copying file from "C:\RunUO\RunUO\Scripts\Items\Armor\Artifacts\HelmOfInsight.cs" to "C:\RunUO\RunUO\Distribution\Debug\net8.0\Scripts\Items\Armor\Artifacts\HelmOfInsight.cs".
         Copying file from "C:\RunUO\RunUO\Scripts\Items\Armor\Artifacts\HolyKnightsBreastplate.cs" to "C:\RunUO\RunUO\Distribution\Debug\net8.0\Scripts\Items\Armor\Artifacts\HolyKnightsBreastplate.cs".
         Copying file from "C:\RunUO\RunUO\Scripts\Items\Armor\Artifacts\InquisitorsResolution.cs" to "C:\RunUO\RunUO\Distribution\Debug\net8.0\Scripts\Items\Armor\Artifacts\InquisitorsResolution.cs".
         Copying file from "C:\RunUO\RunUO\Scripts\Items\Armor\Artifacts\JackalsCollar.cs" to "C:\RunUO\RunUO\Distribution\Debug\net8.0\Scripts\Items\Armor\Artifacts\JackalsCollar.cs".
         Copying file from "C:\RunUO\RunUO\Scripts\Items\Armor\Artifacts\LeggingsOfBane.cs" to "C:\RunUO\RunUO\Distribution\Debug\net8.0\Scripts\Items\Armor\Artifacts\LeggingsOfBane.cs".
         Copying file from "C:\RunUO\RunUO\Scripts\Items\Armor\Artifacts\MidnightBracers.cs" to "C:\RunUO\RunUO\Distribution\Debug\net8.0\Scripts\Items\Armor\Artifacts\MidnightBracers.cs".
         Copying file from "C:\RunUO\RunUO\Scripts\Items\Armor\Artifacts\OrnateCrownOfTheHarrower.cs" to "C:\RunUO\RunUO\Distribution\Debug\net8.0\Scripts\Items\Armor\Artifacts\OrnateCrownOfTheHarrower.cs".
         Copying file from "C:\RunUO\RunUO\Scripts\Items\Armor\Artifacts\ShadowDancerLeggings.cs" to "C:\RunUO\RunUO\Distribution\Debug\net8.0\Scripts\Items\Armor\Artifacts\ShadowDancerLeggings.cs".
         Copying file from "C:\RunUO\RunUO\Scripts\Items\Armor\Artifacts\TunicOfFire.cs" to "C:\RunUO\RunUO\Distribution\Debug\net8.0\Scripts\Items\Armor\Artifacts\TunicOfFire.cs".
         Copying file from "C:\RunUO\RunUO\Scripts\Items\Armor\Artifacts\VoiceOfTheFallenKing.cs" to "C:\RunUO\RunUO\Distribution\Debug\net8.0\Scripts\Items\Armor\Artifacts\VoiceOfTheFallenKing.cs".
         Copying file from "C:\RunUO\RunUO\Scripts\Items\Armor\BaseArmor.cs" to "C:\RunUO\RunUO\Distribution\Debug\net8.0\Scripts\Items\Armor\BaseArmor.cs".
         Copying file from "C:\RunUO\RunUO\Scripts\Items\Armor\Bone\BoneArms.cs" to "C:\RunUO\RunUO\Distribution\Debug\net8.0\Scripts\Items\Armor\Bone\BoneArms.cs".
         Copying file from "C:\RunUO\RunUO\Scripts\Items\Armor\Bone\BoneChest.cs" to "C:\RunUO\RunUO\Distribution\Debug\net8.0\Scripts\Items\Armor\Bone\BoneChest.cs".
         Copying file from "C:\RunUO\RunUO\Scripts\Items\Armor\Bone\BoneGloves.cs" to "C:\RunUO\RunUO\Distribution\Debug\net8.0\Scripts\Items\Armor\Bone\BoneGloves.cs".
         Copying file from "C:\RunUO\RunUO\Scripts\Items\Armor\Bone\BoneLegs.cs" to "C:\RunUO\RunUO\Distribution\Debug\net8.0\Scripts\Items\Armor\Bone\BoneLegs.cs".
         Copying file from "C:\RunUO\RunUO\Scripts\Items\Armor\Chain\ChainChest.cs" to "C:\RunUO\RunUO\Distribution\Debug\net8.0\Scripts\Items\Armor\Chain\ChainChest.cs".
         Copying file from "C:\RunUO\RunUO\Scripts\Items\Armor\Chain\ChainHatsuburi.cs" to "C:\RunUO\RunUO\Distribution\Debug\net8.0\Scripts\Items\Armor\Chain\ChainHatsuburi.cs".
         Copying file from "C:\RunUO\RunUO\Scripts\Items\Armor\Chain\ChainLegs.cs" to "C:\RunUO\RunUO\Distribution\Debug\net8.0\Scripts\Items\Armor\Chain\ChainLegs.cs".
         Copying file from "C:\RunUO\RunUO\Scripts\Items\Armor\DaemonBone\DaemonChest.cs" to "C:\RunUO\RunUO\Distribution\Debug\net8.0\Scripts\Items\Armor\DaemonBone\DaemonChest.cs".
         Copying file from "C:\RunUO\RunUO\Scripts\Items\Armor\DaemonBone\DaemonArms.cs" to "C:\RunUO\RunUO\Distribution\Debug\net8.0\Scripts\Items\Armor\DaemonBone\DaemonArms.cs".
         Copying file from "C:\RunUO\RunUO\Scripts\Items\Armor\DaemonBone\DaemonGloves.cs" to "C:\RunUO\RunUO\Distribution\Debug\net8.0\Scripts\Items\Armor\DaemonBone\DaemonGloves.cs".
         Copying file from "C:\RunUO\RunUO\Scripts\Items\Armor\DaemonBone\DaemonLegs.cs" to "C:\RunUO\RunUO\Distribution\Debug\net8.0\Scripts\Items\Armor\DaemonBone\DaemonLegs.cs".
         Copying file from "C:\RunUO\RunUO\Scripts\Items\Armor\Dragon\DragonArms.cs" to "C:\RunUO\RunUO\Distribution\Debug\net8.0\Scripts\Items\Armor\Dragon\DragonArms.cs".
         Copying file from "C:\RunUO\RunUO\Scripts\Items\Armor\Dragon\DragonChest.cs" to "C:\RunUO\RunUO\Distribution\Debug\net8.0\Scripts\Items\Armor\Dragon\DragonChest.cs".
         Copying file from "C:\RunUO\RunUO\Scripts\Items\Armor\Dragon\DragonGloves.cs" to "C:\RunUO\RunUO\Distribution\Debug\net8.0\Scripts\Items\Armor\Dragon\DragonGloves.cs".
         Copying file from "C:\RunUO\RunUO\Scripts\Items\Armor\Dragon\DragonHelm.cs" to "C:\RunUO\RunUO\Distribution\Debug\net8.0\Scripts\Items\Armor\Dragon\DragonHelm.cs".
         Copying file from "C:\RunUO\RunUO\Scripts\Items\Armor\Dragon\DragonLegs.cs" to "C:\RunUO\RunUO\Distribution\Debug\net8.0\Scripts\Items\Armor\Dragon\DragonLegs.cs".
         Copying file from "C:\RunUO\RunUO\Scripts\Items\Armor\Glasses\AnthropomorphistGlasses.cs" to "C:\RunUO\RunUO\Distribution\Debug\net8.0\Scripts\Items\Armor\Glasses\AnthropomorphistGlasses.cs".
         Copying file from "C:\RunUO\RunUO\Scripts\Items\Armor\Glasses\ElvenGlasses.cs" to "C:\RunUO\RunUO\Distribution\Debug\net8.0\Scripts\Items\Armor\Glasses\ElvenGlasses.cs".
         Copying file from "C:\RunUO\RunUO\Scripts\Items\Armor\Glasses\ArtsGlasses.cs" to "C:\RunUO\RunUO\Distribution\Debug\net8.0\Scripts\Items\Armor\Glasses\ArtsGlasses.cs".
         Copying file from "C:\RunUO\RunUO\Scripts\Items\Armor\Glasses\FoldedSteelGlasses.cs" to "C:\RunUO\RunUO\Distribution\Debug\net8.0\Scripts\Items\Armor\Glasses\FoldedSteelGlasses.cs".
         Copying file from "C:\RunUO\RunUO\Scripts\Items\Armor\Glasses\LightOfWayGlasses.cs" to "C:\RunUO\RunUO\Distribution\Debug\net8.0\Scripts\Items\Armor\Glasses\LightOfWayGlasses.cs".
         Copying file from "C:\RunUO\RunUO\Scripts\Items\Armor\Glasses\LyricalGlasses.cs" to "C:\RunUO\RunUO\Distribution\Debug\net8.0\Scripts\Items\Armor\Glasses\LyricalGlasses.cs".
         Copying file from "C:\RunUO\RunUO\Scripts\Items\Armor\Glasses\MaceShieldGlasses.cs" to "C:\RunUO\RunUO\Distribution\Debug\net8.0\Scripts\Items\Armor\Glasses\MaceShieldGlasses.cs".
         Copying file from "C:\RunUO\RunUO\Scripts\Items\Armor\Glasses\MaritimeGlasses.cs" to "C:\RunUO\RunUO\Distribution\Debug\net8.0\Scripts\Items\Armor\Glasses\MaritimeGlasses.cs".
         Copying file from "C:\RunUO\RunUO\Scripts\Items\Armor\Glasses\NecromanticGlasses.cs" to "C:\RunUO\RunUO\Distribution\Debug\net8.0\Scripts\Items\Armor\Glasses\NecromanticGlasses.cs".
         Copying file from "C:\RunUO\RunUO\Scripts\Items\Armor\Glasses\PoisonedGlasses.cs" to "C:\RunUO\RunUO\Distribution\Debug\net8.0\Scripts\Items\Armor\Glasses\PoisonedGlasses.cs".
         Copying file from "C:\RunUO\RunUO\Scripts\Items\Armor\Glasses\TradeGlasses.cs" to "C:\RunUO\RunUO\Distribution\Debug\net8.0\Scripts\Items\Armor\Glasses\TradeGlasses.cs".
         Copying file from "C:\RunUO\RunUO\Scripts\Items\Armor\Glasses\TreasureTrinketGlasses.cs" to "C:\RunUO\RunUO\Distribution\Debug\net8.0\Scripts\Items\Armor\Glasses\TreasureTrinketGlasses.cs".
         Copying file from "C:\RunUO\RunUO\Scripts\Items\Armor\Glasses\WizardsGlasses.cs" to "C:\RunUO\RunUO\Distribution\Debug\net8.0\Scripts\Items\Armor\Glasses\WizardsGlasses.cs".
         Copying file from "C:\RunUO\RunUO\Scripts\Items\Armor\Helmets\Bascinet.cs" to "C:\RunUO\RunUO\Distribution\Debug\net8.0\Scripts\Items\Armor\Helmets\Bascinet.cs".
         Copying file from "C:\RunUO\RunUO\Scripts\Items\Armor\Helmets\BoneHelm.cs" to "C:\RunUO\RunUO\Distribution\Debug\net8.0\Scripts\Items\Armor\Helmets\BoneHelm.cs".
         Copying file from "C:\RunUO\RunUO\Scripts\Items\Armor\Helmets\ChainCoif.cs" to "C:\RunUO\RunUO\Distribution\Debug\net8.0\Scripts\Items\Armor\Helmets\ChainCoif.cs".
         Copying file from "C:\RunUO\RunUO\Scripts\Items\Armor\Helmets\Circlet.cs" to "C:\RunUO\RunUO\Distribution\Debug\net8.0\Scripts\Items\Armor\Helmets\Circlet.cs".
         Copying file from "C:\RunUO\RunUO\Scripts\Items\Armor\Helmets\DaemonHelm.cs" to "C:\RunUO\RunUO\Distribution\Debug\net8.0\Scripts\Items\Armor\Helmets\DaemonHelm.cs".
         Copying file from "C:\RunUO\RunUO\Scripts\Items\Armor\Helmets\CloseHelm.cs" to "C:\RunUO\RunUO\Distribution\Debug\net8.0\Scripts\Items\Armor\Helmets\CloseHelm.cs".
         Copying file from "C:\RunUO\RunUO\Scripts\Items\Armor\Helmets\GemmedCirclet.cs" to "C:\RunUO\RunUO\Distribution\Debug\net8.0\Scripts\Items\Armor\Helmets\GemmedCirclet.cs".
         Copying file from "C:\RunUO\RunUO\Scripts\Items\Armor\Helmets\Helmet.cs" to "C:\RunUO\RunUO\Distribution\Debug\net8.0\Scripts\Items\Armor\Helmets\Helmet.cs".
         Copying file from "C:\RunUO\RunUO\Scripts\Items\Armor\Helmets\LeatherCap.cs" to "C:\RunUO\RunUO\Distribution\Debug\net8.0\Scripts\Items\Armor\Helmets\LeatherCap.cs".
         Copying file from "C:\RunUO\RunUO\Scripts\Items\Armor\Helmets\NorseHelm.cs" to "C:\RunUO\RunUO\Distribution\Debug\net8.0\Scripts\Items\Armor\Helmets\NorseHelm.cs".
         Copying file from "C:\RunUO\RunUO\Scripts\Items\Armor\Helmets\OrcHelm.cs" to "C:\RunUO\RunUO\Distribution\Debug\net8.0\Scripts\Items\Armor\Helmets\OrcHelm.cs".
         Copying file from "C:\RunUO\RunUO\Scripts\Items\Armor\Helmets\PlateHelm.cs" to "C:\RunUO\RunUO\Distribution\Debug\net8.0\Scripts\Items\Armor\Helmets\PlateHelm.cs".
         Copying file from "C:\RunUO\RunUO\Scripts\Items\Armor\Helmets\RavenHelm.cs" to "C:\RunUO\RunUO\Distribution\Debug\net8.0\Scripts\Items\Armor\Helmets\RavenHelm.cs".
         Copying file from "C:\RunUO\RunUO\Scripts\Items\Armor\Helmets\RoyalCirclet.cs" to "C:\RunUO\RunUO\Distribution\Debug\net8.0\Scripts\Items\Armor\Helmets\RoyalCirclet.cs".
         Copying file from "C:\RunUO\RunUO\Scripts\Items\Armor\Helmets\VultureHelm.cs" to "C:\RunUO\RunUO\Distribution\Debug\net8.0\Scripts\Items\Armor\Helmets\VultureHelm.cs".
         Copying file from "C:\RunUO\RunUO\Scripts\Items\Armor\Helmets\WingedHelm.cs" to "C:\RunUO\RunUO\Distribution\Debug\net8.0\Scripts\Items\Armor\Helmets\WingedHelm.cs".
         Copying file from "C:\RunUO\RunUO\Scripts\Items\Armor\Leather\FemaleLeatherChest.cs" to "C:\RunUO\RunUO\Distribution\Debug\net8.0\Scripts\Items\Armor\Leather\FemaleLeatherChest.cs".
         Copying file from "C:\RunUO\RunUO\Scripts\Items\Armor\Leather\FemaleLeafChest.cs" to "C:\RunUO\RunUO\Distribution\Debug\net8.0\Scripts\Items\Armor\Leather\FemaleLeafChest.cs".
         Copying file from "C:\RunUO\RunUO\Scripts\Items\Armor\Leather\LeafArms.cs" to "C:\RunUO\RunUO\Distribution\Debug\net8.0\Scripts\Items\Armor\Leather\LeafArms.cs".
         Copying file from "C:\RunUO\RunUO\Scripts\Items\Armor\Leather\LeafChest.cs" to "C:\RunUO\RunUO\Distribution\Debug\net8.0\Scripts\Items\Armor\Leather\LeafChest.cs".
         Copying file from "C:\RunUO\RunUO\Scripts\Items\Armor\Leather\LeafGloves.cs" to "C:\RunUO\RunUO\Distribution\Debug\net8.0\Scripts\Items\Armor\Leather\LeafGloves.cs".
         Copying file from "C:\RunUO\RunUO\Scripts\Items\Armor\Leather\LeafGorget.cs" to "C:\RunUO\RunUO\Distribution\Debug\net8.0\Scripts\Items\Armor\Leather\LeafGorget.cs".
         Copying file from "C:\RunUO\RunUO\Scripts\Items\Armor\Leather\LeafLegs.cs" to "C:\RunUO\RunUO\Distribution\Debug\net8.0\Scripts\Items\Armor\Leather\LeafLegs.cs".
         Copying file from "C:\RunUO\RunUO\Scripts\Items\Armor\Leather\LeafTonlet.cs" to "C:\RunUO\RunUO\Distribution\Debug\net8.0\Scripts\Items\Armor\Leather\LeafTonlet.cs".
         Copying file from "C:\RunUO\RunUO\Scripts\Items\Armor\Leather\LeatherArms.cs" to "C:\RunUO\RunUO\Distribution\Debug\net8.0\Scripts\Items\Armor\Leather\LeatherArms.cs".
         Copying file from "C:\RunUO\RunUO\Scripts\Items\Armor\Leather\LeatherBustierArms.cs" to "C:\RunUO\RunUO\Distribution\Debug\net8.0\Scripts\Items\Armor\Leather\LeatherBustierArms.cs".
         Copying file from "C:\RunUO\RunUO\Scripts\Items\Armor\Leather\LeatherChest.cs" to "C:\RunUO\RunUO\Distribution\Debug\net8.0\Scripts\Items\Armor\Leather\LeatherChest.cs".
         Copying file from "C:\RunUO\RunUO\Scripts\Items\Armor\Leather\LeatherDo.cs" to "C:\RunUO\RunUO\Distribution\Debug\net8.0\Scripts\Items\Armor\Leather\LeatherDo.cs".
         Copying file from "C:\RunUO\RunUO\Scripts\Items\Armor\Leather\LeatherGloves.cs" to "C:\RunUO\RunUO\Distribution\Debug\net8.0\Scripts\Items\Armor\Leather\LeatherGloves.cs".
         Copying file from "C:\RunUO\RunUO\Scripts\Items\Armor\Leather\LeatherGorget.cs" to "C:\RunUO\RunUO\Distribution\Debug\net8.0\Scripts\Items\Armor\Leather\LeatherGorget.cs".
         Copying file from "C:\RunUO\RunUO\Scripts\Items\Armor\Leather\LeatherHaidate.cs" to "C:\RunUO\RunUO\Distribution\Debug\net8.0\Scripts\Items\Armor\Leather\LeatherHaidate.cs".
         Copying file from "C:\RunUO\RunUO\Scripts\Items\Armor\Leather\LeatherHiroSode.cs" to "C:\RunUO\RunUO\Distribution\Debug\net8.0\Scripts\Items\Armor\Leather\LeatherHiroSode.cs".
         Copying file from "C:\RunUO\RunUO\Scripts\Items\Armor\Leather\LeatherLegs.cs" to "C:\RunUO\RunUO\Distribution\Debug\net8.0\Scripts\Items\Armor\Leather\LeatherLegs.cs".
         Copying file from "C:\RunUO\RunUO\Scripts\Items\Armor\Leather\LeatherJingasa.cs" to "C:\RunUO\RunUO\Distribution\Debug\net8.0\Scripts\Items\Armor\Leather\LeatherJingasa.cs".
         Copying file from "C:\RunUO\RunUO\Scripts\Items\Armor\Leather\LeatherMempo.cs" to "C:\RunUO\RunUO\Distribution\Debug\net8.0\Scripts\Items\Armor\Leather\LeatherMempo.cs".
         Copying file from "C:\RunUO\RunUO\Scripts\Items\Armor\Leather\LeatherNinjaHood.cs" to "C:\RunUO\RunUO\Distribution\Debug\net8.0\Scripts\Items\Armor\Leather\LeatherNinjaHood.cs".
         Copying file from "C:\RunUO\RunUO\Scripts\Items\Armor\Leather\LeatherNinjaJacket.cs" to "C:\RunUO\RunUO\Distribution\Debug\net8.0\Scripts\Items\Armor\Leather\LeatherNinjaJacket.cs".
         Copying file from "C:\RunUO\RunUO\Scripts\Items\Armor\Leather\LeatherNinjaMitts.cs" to "C:\RunUO\RunUO\Distribution\Debug\net8.0\Scripts\Items\Armor\Leather\LeatherNinjaMitts.cs".
         Copying file from "C:\RunUO\RunUO\Scripts\Items\Armor\Leather\LeatherNinjaPants.cs" to "C:\RunUO\RunUO\Distribution\Debug\net8.0\Scripts\Items\Armor\Leather\LeatherNinjaPants.cs".
         Copying file from "C:\RunUO\RunUO\Scripts\Items\Armor\Leather\LeatherShorts.cs" to "C:\RunUO\RunUO\Distribution\Debug\net8.0\Scripts\Items\Armor\Leather\LeatherShorts.cs".
         Copying file from "C:\RunUO\RunUO\Scripts\Items\Armor\Leather\LeatherSkirt.cs" to "C:\RunUO\RunUO\Distribution\Debug\net8.0\Scripts\Items\Armor\Leather\LeatherSkirt.cs".
         Copying file from "C:\RunUO\RunUO\Scripts\Items\Armor\Leather\LeatherSuneate.cs" to "C:\RunUO\RunUO\Distribution\Debug\net8.0\Scripts\Items\Armor\Leather\LeatherSuneate.cs".
         Copying file from "C:\RunUO\RunUO\Scripts\Items\Armor\Plate\DecorativePlateKabuto.cs" to "C:\RunUO\RunUO\Distribution\Debug\net8.0\Scripts\Items\Armor\Plate\DecorativePlateKabuto.cs".
         Copying file from "C:\RunUO\RunUO\Scripts\Items\Armor\Plate\FemalePlateChest.cs" to "C:\RunUO\RunUO\Distribution\Debug\net8.0\Scripts\Items\Armor\Plate\FemalePlateChest.cs".
         Copying file from "C:\RunUO\RunUO\Scripts\Items\Armor\Plate\FemaleWoodlandChest.cs" to "C:\RunUO\RunUO\Distribution\Debug\net8.0\Scripts\Items\Armor\Plate\FemaleWoodlandChest.cs".
         Copying file from "C:\RunUO\RunUO\Scripts\Items\Armor\Plate\HeavyPlateJingasa.cs" to "C:\RunUO\RunUO\Distribution\Debug\net8.0\Scripts\Items\Armor\Plate\HeavyPlateJingasa.cs".
         Copying file from "C:\RunUO\RunUO\Scripts\Items\Armor\Plate\LightPlateJingasa.cs" to "C:\RunUO\RunUO\Distribution\Debug\net8.0\Scripts\Items\Armor\Plate\LightPlateJingasa.cs".
         Copying file from "C:\RunUO\RunUO\Scripts\Items\Armor\Plate\PlateArms.cs" to "C:\RunUO\RunUO\Distribution\Debug\net8.0\Scripts\Items\Armor\Plate\PlateArms.cs".
         Copying file from "C:\RunUO\RunUO\Scripts\Items\Armor\Plate\PlateBattleKabuto.cs" to "C:\RunUO\RunUO\Distribution\Debug\net8.0\Scripts\Items\Armor\Plate\PlateBattleKabuto.cs".
         Copying file from "C:\RunUO\RunUO\Scripts\Items\Armor\Plate\PlateChest.cs" to "C:\RunUO\RunUO\Distribution\Debug\net8.0\Scripts\Items\Armor\Plate\PlateChest.cs".
         Copying file from "C:\RunUO\RunUO\Scripts\Items\Armor\Plate\PlateDo.cs" to "C:\RunUO\RunUO\Distribution\Debug\net8.0\Scripts\Items\Armor\Plate\PlateDo.cs".
         Copying file from "C:\RunUO\RunUO\Scripts\Items\Armor\Plate\PlateGorget.cs" to "C:\RunUO\RunUO\Distribution\Debug\net8.0\Scripts\Items\Armor\Plate\PlateGorget.cs".
         Copying file from "C:\RunUO\RunUO\Scripts\Items\Armor\Plate\PlateGloves.cs" to "C:\RunUO\RunUO\Distribution\Debug\net8.0\Scripts\Items\Armor\Plate\PlateGloves.cs".
         Copying file from "C:\RunUO\RunUO\Scripts\Items\Armor\Plate\PlateHaidate.cs" to "C:\RunUO\RunUO\Distribution\Debug\net8.0\Scripts\Items\Armor\Plate\PlateHaidate.cs".
         Copying file from "C:\RunUO\RunUO\Scripts\Items\Armor\Plate\PlateHiroSode.cs" to "C:\RunUO\RunUO\Distribution\Debug\net8.0\Scripts\Items\Armor\Plate\PlateHiroSode.cs".
         Copying file from "C:\RunUO\RunUO\Scripts\Items\Armor\Plate\PlateHatsuburi.cs" to "C:\RunUO\RunUO\Distribution\Debug\net8.0\Scripts\Items\Armor\Plate\PlateHatsuburi.cs".
         Copying file from "C:\RunUO\RunUO\Scripts\Items\Armor\Plate\PlateLegs.cs" to "C:\RunUO\RunUO\Distribution\Debug\net8.0\Scripts\Items\Armor\Plate\PlateLegs.cs".
         Copying file from "C:\RunUO\RunUO\Scripts\Items\Armor\Plate\PlateMempo.cs" to "C:\RunUO\RunUO\Distribution\Debug\net8.0\Scripts\Items\Armor\Plate\PlateMempo.cs".
         Copying file from "C:\RunUO\RunUO\Scripts\Items\Armor\Plate\PlateSuneate.cs" to "C:\RunUO\RunUO\Distribution\Debug\net8.0\Scripts\Items\Armor\Plate\PlateSuneate.cs".
         Copying file from "C:\RunUO\RunUO\Scripts\Items\Armor\Plate\SmallPlateJingasa.cs" to "C:\RunUO\RunUO\Distribution\Debug\net8.0\Scripts\Items\Armor\Plate\SmallPlateJingasa.cs".
         Copying file from "C:\RunUO\RunUO\Scripts\Items\Armor\Plate\WoodlandArms.cs" to "C:\RunUO\RunUO\Distribution\Debug\net8.0\Scripts\Items\Armor\Plate\WoodlandArms.cs".
         Copying file from "C:\RunUO\RunUO\Scripts\Items\Armor\Plate\StandardPlateKabuto.cs" to "C:\RunUO\RunUO\Distribution\Debug\net8.0\Scripts\Items\Armor\Plate\StandardPlateKabuto.cs".
         Copying file from "C:\RunUO\RunUO\Scripts\Items\Armor\Plate\WoodlandChest.cs" to "C:\RunUO\RunUO\Distribution\Debug\net8.0\Scripts\Items\Armor\Plate\WoodlandChest.cs".
         Copying file from "C:\RunUO\RunUO\Scripts\Items\Armor\Plate\WoodlandGloves.cs" to "C:\RunUO\RunUO\Distribution\Debug\net8.0\Scripts\Items\Armor\Plate\WoodlandGloves.cs".
         Copying file from "C:\RunUO\RunUO\Scripts\Items\Armor\Plate\WoodlandGorget.cs" to "C:\RunUO\RunUO\Distribution\Debug\net8.0\Scripts\Items\Armor\Plate\WoodlandGorget.cs".
         Copying file from "C:\RunUO\RunUO\Scripts\Items\Armor\Plate\WoodlandLegs.cs" to "C:\RunUO\RunUO\Distribution\Debug\net8.0\Scripts\Items\Armor\Plate\WoodlandLegs.cs".
         Copying file from "C:\RunUO\RunUO\Scripts\Items\Armor\Ranger\RangerArms.cs" to "C:\RunUO\RunUO\Distribution\Debug\net8.0\Scripts\Items\Armor\Ranger\RangerArms.cs".
         Copying file from "C:\RunUO\RunUO\Scripts\Items\Armor\Ranger\RangerChest.cs" to "C:\RunUO\RunUO\Distribution\Debug\net8.0\Scripts\Items\Armor\Ranger\RangerChest.cs".
         Copying file from "C:\RunUO\RunUO\Scripts\Items\Armor\Ranger\RangerGloves.cs" to "C:\RunUO\RunUO\Distribution\Debug\net8.0\Scripts\Items\Armor\Ranger\RangerGloves.cs".
         Copying file from "C:\RunUO\RunUO\Scripts\Items\Armor\Ranger\RangerGorget.cs" to "C:\RunUO\RunUO\Distribution\Debug\net8.0\Scripts\Items\Armor\Ranger\RangerGorget.cs".
         Copying file from "C:\RunUO\RunUO\Scripts\Items\Armor\Ring\RingmailArms.cs" to "C:\RunUO\RunUO\Distribution\Debug\net8.0\Scripts\Items\Armor\Ring\RingmailArms.cs".
         Copying file from "C:\RunUO\RunUO\Scripts\Items\Armor\Ranger\RangerLegs.cs" to "C:\RunUO\RunUO\Distribution\Debug\net8.0\Scripts\Items\Armor\Ranger\RangerLegs.cs".
         Copying file from "C:\RunUO\RunUO\Scripts\Items\Armor\Ring\RingmailChest.cs" to "C:\RunUO\RunUO\Distribution\Debug\net8.0\Scripts\Items\Armor\Ring\RingmailChest.cs".
         Copying file from "C:\RunUO\RunUO\Scripts\Items\Armor\Ring\RingmailGloves.cs" to "C:\RunUO\RunUO\Distribution\Debug\net8.0\Scripts\Items\Armor\Ring\RingmailGloves.cs".
         Copying file from "C:\RunUO\RunUO\Scripts\Items\Armor\Ring\RingmailLegs.cs" to "C:\RunUO\RunUO\Distribution\Debug\net8.0\Scripts\Items\Armor\Ring\RingmailLegs.cs".
         Copying file from "C:\RunUO\RunUO\Scripts\Items\Armor\Studded\FemaleStuddedChest.cs" to "C:\RunUO\RunUO\Distribution\Debug\net8.0\Scripts\Items\Armor\Studded\FemaleStuddedChest.cs".
         Copying file from "C:\RunUO\RunUO\Scripts\Items\Armor\Studded\HideChest.cs" to "C:\RunUO\RunUO\Distribution\Debug\net8.0\Scripts\Items\Armor\Studded\HideChest.cs".
         Copying file from "C:\RunUO\RunUO\Scripts\Items\Armor\Studded\HideFemaleChest.cs" to "C:\RunUO\RunUO\Distribution\Debug\net8.0\Scripts\Items\Armor\Studded\HideFemaleChest.cs".
         Copying file from "C:\RunUO\RunUO\Scripts\Items\Armor\Studded\HideGloves.cs" to "C:\RunUO\RunUO\Distribution\Debug\net8.0\Scripts\Items\Armor\Studded\HideGloves.cs".
         Copying file from "C:\RunUO\RunUO\Scripts\Items\Armor\Studded\HideGorget.cs" to "C:\RunUO\RunUO\Distribution\Debug\net8.0\Scripts\Items\Armor\Studded\HideGorget.cs".
         Copying file from "C:\RunUO\RunUO\Scripts\Items\Armor\Studded\HidePants.cs" to "C:\RunUO\RunUO\Distribution\Debug\net8.0\Scripts\Items\Armor\Studded\HidePants.cs".
         Copying file from "C:\RunUO\RunUO\Scripts\Items\Armor\Studded\HidePauldrons.cs" to "C:\RunUO\RunUO\Distribution\Debug\net8.0\Scripts\Items\Armor\Studded\HidePauldrons.cs".
         Copying file from "C:\RunUO\RunUO\Scripts\Items\Armor\Studded\StuddedArms.cs" to "C:\RunUO\RunUO\Distribution\Debug\net8.0\Scripts\Items\Armor\Studded\StuddedArms.cs".
         Copying file from "C:\RunUO\RunUO\Scripts\Items\Armor\Studded\StuddedBustierArms.cs" to "C:\RunUO\RunUO\Distribution\Debug\net8.0\Scripts\Items\Armor\Studded\StuddedBustierArms.cs".
         Copying file from "C:\RunUO\RunUO\Scripts\Items\Armor\Studded\StuddedChest.cs" to "C:\RunUO\RunUO\Distribution\Debug\net8.0\Scripts\Items\Armor\Studded\StuddedChest.cs".
         Copying file from "C:\RunUO\RunUO\Scripts\Items\Armor\Studded\StuddedDo.cs" to "C:\RunUO\RunUO\Distribution\Debug\net8.0\Scripts\Items\Armor\Studded\StuddedDo.cs".
         Copying file from "C:\RunUO\RunUO\Scripts\Items\Armor\Studded\StuddedGloves.cs" to "C:\RunUO\RunUO\Distribution\Debug\net8.0\Scripts\Items\Armor\Studded\StuddedGloves.cs".
         Copying file from "C:\RunUO\RunUO\Scripts\Items\Armor\Studded\StuddedGorget.cs" to "C:\RunUO\RunUO\Distribution\Debug\net8.0\Scripts\Items\Armor\Studded\StuddedGorget.cs".
         Copying file from "C:\RunUO\RunUO\Scripts\Items\Armor\Studded\StuddedHaidate.cs" to "C:\RunUO\RunUO\Distribution\Debug\net8.0\Scripts\Items\Armor\Studded\StuddedHaidate.cs".
         Copying file from "C:\RunUO\RunUO\Scripts\Items\Armor\Studded\StuddedHiroSode.cs" to "C:\RunUO\RunUO\Distribution\Debug\net8.0\Scripts\Items\Armor\Studded\StuddedHiroSode.cs".
         Copying file from "C:\RunUO\RunUO\Scripts\Items\Armor\Studded\StuddedMempo.cs" to "C:\RunUO\RunUO\Distribution\Debug\net8.0\Scripts\Items\Armor\Studded\StuddedMempo.cs".
         Copying file from "C:\RunUO\RunUO\Scripts\Items\Armor\Studded\StuddedLegs.cs" to "C:\RunUO\RunUO\Distribution\Debug\net8.0\Scripts\Items\Armor\Studded\StuddedLegs.cs".
         Copying file from "C:\RunUO\RunUO\Scripts\Items\Armor\Studded\StuddedSuneate.cs" to "C:\RunUO\RunUO\Distribution\Debug\net8.0\Scripts\Items\Armor\Studded\StuddedSuneate.cs".
         Copying file from "C:\RunUO\RunUO\Scripts\Items\Body Parts\Head.cs" to "C:\RunUO\RunUO\Distribution\Debug\net8.0\Scripts\Items\Body Parts\Head.cs".
         Copying file from "C:\RunUO\RunUO\Scripts\Items\Body Parts\BonePile.cs" to "C:\RunUO\RunUO\Distribution\Debug\net8.0\Scripts\Items\Body Parts\BonePile.cs".
         Copying file from "C:\RunUO\RunUO\Scripts\Items\Body Parts\LeftArm.cs" to "C:\RunUO\RunUO\Distribution\Debug\net8.0\Scripts\Items\Body Parts\LeftArm.cs".
         Copying file from "C:\RunUO\RunUO\Scripts\Items\Body Parts\RibCage.cs" to "C:\RunUO\RunUO\Distribution\Debug\net8.0\Scripts\Items\Body Parts\RibCage.cs".
         Copying file from "C:\RunUO\RunUO\Scripts\Items\Body Parts\LeftLeg.cs" to "C:\RunUO\RunUO\Distribution\Debug\net8.0\Scripts\Items\Body Parts\LeftLeg.cs".
         Copying file from "C:\RunUO\RunUO\Scripts\Items\Body Parts\RightArm.cs" to "C:\RunUO\RunUO\Distribution\Debug\net8.0\Scripts\Items\Body Parts\RightArm.cs".
         Copying file from "C:\RunUO\RunUO\Scripts\Items\Body Parts\RightLeg.cs" to "C:\RunUO\RunUO\Distribution\Debug\net8.0\Scripts\Items\Body Parts\RightLeg.cs".
         Copying file from "C:\RunUO\RunUO\Scripts\Items\Body Parts\Torso.cs" to "C:\RunUO\RunUO\Distribution\Debug\net8.0\Scripts\Items\Body Parts\Torso.cs".
         Copying file from "C:\RunUO\RunUO\Scripts\Items\Books\BaseBook.cs" to "C:\RunUO\RunUO\Distribution\Debug\net8.0\Scripts\Items\Books\BaseBook.cs".
         Copying file from "C:\RunUO\RunUO\Scripts\Items\Books\BlueBook.cs" to "C:\RunUO\RunUO\Distribution\Debug\net8.0\Scripts\Items\Books\BlueBook.cs".
         Copying file from "C:\RunUO\RunUO\Scripts\Items\Books\BrownBook.cs" to "C:\RunUO\RunUO\Distribution\Debug\net8.0\Scripts\Items\Books\BrownBook.cs".
         Copying file from "C:\RunUO\RunUO\Scripts\Items\Books\Defined\BlackthornWelcomeBook.cs" to "C:\RunUO\RunUO\Distribution\Debug\net8.0\Scripts\Items\Books\Defined\BlackthornWelcomeBook.cs".
         Copying file from "C:\RunUO\RunUO\Scripts\Items\Books\Defined\BookContent.cs" to "C:\RunUO\RunUO\Distribution\Debug\net8.0\Scripts\Items\Books\Defined\BookContent.cs".
         Copying file from "C:\RunUO\RunUO\Scripts\Items\Books\Defined\DrakovsJournal.cs" to "C:\RunUO\RunUO\Distribution\Debug\net8.0\Scripts\Items\Books\Defined\DrakovsJournal.cs".
         Copying file from "C:\RunUO\RunUO\Scripts\Items\Books\Defined\FropozJournal.cs" to "C:\RunUO\RunUO\Distribution\Debug\net8.0\Scripts\Items\Books\Defined\FropozJournal.cs".
         Copying file from "C:\RunUO\RunUO\Scripts\Items\Books\Defined\KaburJournal.cs" to "C:\RunUO\RunUO\Distribution\Debug\net8.0\Scripts\Items\Books\Defined\KaburJournal.cs".
         Copying file from "C:\RunUO\RunUO\Scripts\Items\Books\Defined\LibraryBooks.cs" to "C:\RunUO\RunUO\Distribution\Debug\net8.0\Scripts\Items\Books\Defined\LibraryBooks.cs".
         Copying file from "C:\RunUO\RunUO\Scripts\Items\Books\Defined\NewAquariumBook.cs" to "C:\RunUO\RunUO\Distribution\Debug\net8.0\Scripts\Items\Books\Defined\NewAquariumBook.cs".
         Copying file from "C:\RunUO\RunUO\Scripts\Items\Books\Defined\TranslatedGargoyleJournal.cs" to "C:\RunUO\RunUO\Distribution\Debug\net8.0\Scripts\Items\Books\Defined\TranslatedGargoyleJournal.cs".
         Copying file from "C:\RunUO\RunUO\Scripts\Items\Books\RedBook.cs" to "C:\RunUO\RunUO\Distribution\Debug\net8.0\Scripts\Items\Books\RedBook.cs".
         Copying file from "C:\RunUO\RunUO\Scripts\Items\Books\TanBook.cs" to "C:\RunUO\RunUO\Distribution\Debug\net8.0\Scripts\Items\Books\TanBook.cs".
         Copying file from "C:\RunUO\RunUO\Scripts\Items\Champion Artifacts\Decorative\ArtifactLargeVase.cs" to "C:\RunUO\RunUO\Distribution\Debug\net8.0\Scripts\Items\Champion Artifacts\Decorative\ArtifactLargeVase.cs".
         Copying file from "C:\RunUO\RunUO\Scripts\Items\Champion Artifacts\Decorative\ArtifactVase.cs" to "C:\RunUO\RunUO\Distribution\Debug\net8.0\Scripts\Items\Champion Artifacts\Decorative\ArtifactVase.cs".
         Copying file from "C:\RunUO\RunUO\Scripts\Items\Champion Artifacts\Decorative\DemonSkull.cs" to "C:\RunUO\RunUO\Distribution\Debug\net8.0\Scripts\Items\Champion Artifacts\Decorative\DemonSkull.cs".
         Copying file from "C:\RunUO\RunUO\Scripts\Items\Champion Artifacts\Decorative\DirtPatch.cs" to "C:\RunUO\RunUO\Distribution\Debug\net8.0\Scripts\Items\Champion Artifacts\Decorative\DirtPatch.cs".
         Copying file from "C:\RunUO\RunUO\Scripts\Items\Champion Artifacts\Decorative\EvilIdolSkull.cs" to "C:\RunUO\RunUO\Distribution\Debug\net8.0\Scripts\Items\Champion Artifacts\Decorative\EvilIdolSkull.cs".
         Copying file from "C:\RunUO\RunUO\Scripts\Items\Champion Artifacts\Decorative\Futon.cs" to "C:\RunUO\RunUO\Distribution\Debug\net8.0\Scripts\Items\Champion Artifacts\Decorative\Futon.cs".
         Copying file from "C:\RunUO\RunUO\Scripts\Items\Champion Artifacts\Decorative\LavaTile.cs" to "C:\RunUO\RunUO\Distribution\Debug\net8.0\Scripts\Items\Champion Artifacts\Decorative\LavaTile.cs".
         Copying file from "C:\RunUO\RunUO\Scripts\Items\Champion Artifacts\Decorative\Pier.cs" to "C:\RunUO\RunUO\Distribution\Debug\net8.0\Scripts\Items\Champion Artifacts\Decorative\Pier.cs".
         Copying file from "C:\RunUO\RunUO\Scripts\Items\Champion Artifacts\Decorative\SkullPole.cs" to "C:\RunUO\RunUO\Distribution\Debug\net8.0\Scripts\Items\Champion Artifacts\Decorative\SkullPole.cs".
         Copying file from "C:\RunUO\RunUO\Scripts\Items\Champion Artifacts\Decorative\SwampTile.cs" to "C:\RunUO\RunUO\Distribution\Debug\net8.0\Scripts\Items\Champion Artifacts\Decorative\SwampTile.cs".
         Copying file from "C:\RunUO\RunUO\Scripts\Items\Champion Artifacts\Decorative\TatteredAncientMummyWrapping.cs" to "C:\RunUO\RunUO\Distribution\Debug\net8.0\Scripts\Items\Champion Artifacts\Decorative\TatteredAncientMummyWrapping.cs".
         Copying file from "C:\RunUO\RunUO\Scripts\Items\Champion Artifacts\Decorative\WallBlood.cs" to "C:\RunUO\RunUO\Distribution\Debug\net8.0\Scripts\Items\Champion Artifacts\Decorative\WallBlood.cs".
         Copying file from "C:\RunUO\RunUO\Scripts\Items\Champion Artifacts\Decorative\WaterTile.cs" to "C:\RunUO\RunUO\Distribution\Debug\net8.0\Scripts\Items\Champion Artifacts\Decorative\WaterTile.cs".
         Copying file from "C:\RunUO\RunUO\Scripts\Items\Champion Artifacts\Decorative\Web.cs" to "C:\RunUO\RunUO\Distribution\Debug\net8.0\Scripts\Items\Champion Artifacts\Decorative\Web.cs".
         Copying file from "C:\RunUO\RunUO\Scripts\Items\Champion Artifacts\Decorative\WindSpirit.cs" to "C:\RunUO\RunUO\Distribution\Debug\net8.0\Scripts\Items\Champion Artifacts\Decorative\WindSpirit.cs".
         Copying file from "C:\RunUO\RunUO\Scripts\Items\Champion Artifacts\Shared\ANecromancerShroud.cs" to "C:\RunUO\RunUO\Distribution\Debug\net8.0\Scripts\Items\Champion Artifacts\Shared\ANecromancerShroud.cs".
         Copying file from "C:\RunUO\RunUO\Scripts\Items\Champion Artifacts\Shared\BraveKnightOfTheBritannia.cs" to "C:\RunUO\RunUO\Distribution\Debug\net8.0\Scripts\Items\Champion Artifacts\Shared\BraveKnightOfTheBritannia.cs".
         Copying file from "C:\RunUO\RunUO\Scripts\Items\Champion Artifacts\Shared\CaptainJohnsHat.cs" to "C:\RunUO\RunUO\Distribution\Debug\net8.0\Scripts\Items\Champion Artifacts\Shared\CaptainJohnsHat.cs".
         Copying file from "C:\RunUO\RunUO\Scripts\Items\Champion Artifacts\Shared\DetectiveBoots.cs" to "C:\RunUO\RunUO\Distribution\Debug\net8.0\Scripts\Items\Champion Artifacts\Shared\DetectiveBoots.cs".
         Copying file from "C:\RunUO\RunUO\Scripts\Items\Champion Artifacts\Shared\EmbroideredOakLeafCloak.cs" to "C:\RunUO\RunUO\Distribution\Debug\net8.0\Scripts\Items\Champion Artifacts\Shared\EmbroideredOakLeafCloak.cs".
         Copying file from "C:\RunUO\RunUO\Scripts\Items\Champion Artifacts\Shared\DjinnisRing.cs" to "C:\RunUO\RunUO\Distribution\Debug\net8.0\Scripts\Items\Champion Artifacts\Shared\DjinnisRing.cs".
         Copying file from "C:\RunUO\RunUO\Scripts\Items\Champion Artifacts\Shared\GuantletsOfAnger.cs" to "C:\RunUO\RunUO\Distribution\Debug\net8.0\Scripts\Items\Champion Artifacts\Shared\GuantletsOfAnger.cs".
         Copying file from "C:\RunUO\RunUO\Scripts\Items\Champion Artifacts\Shared\LieutenantOfTheBritannianRoyalGuard.cs" to "C:\RunUO\RunUO\Distribution\Debug\net8.0\Scripts\Items\Champion Artifacts\Shared\LieutenantOfTheBritannianRoyalGuard.cs".
         Copying file from "C:\RunUO\RunUO\Scripts\Items\Champion Artifacts\Shared\OblivionsNeedle.cs" to "C:\RunUO\RunUO\Distribution\Debug\net8.0\Scripts\Items\Champion Artifacts\Shared\OblivionsNeedle.cs".
         Copying file from "C:\RunUO\RunUO\Scripts\Items\Champion Artifacts\Shared\RoyalGuardSurvivalKnife.cs" to "C:\RunUO\RunUO\Distribution\Debug\net8.0\Scripts\Items\Champion Artifacts\Shared\RoyalGuardSurvivalKnife.cs".
         Copying file from "C:\RunUO\RunUO\Scripts\Items\Champion Artifacts\Shared\SamaritanRobe.cs" to "C:\RunUO\RunUO\Distribution\Debug\net8.0\Scripts\Items\Champion Artifacts\Shared\SamaritanRobe.cs".
         Copying file from "C:\RunUO\RunUO\Scripts\Items\Champion Artifacts\Shared\TheRobeOfBritanniaAri.cs" to "C:\RunUO\RunUO\Distribution\Debug\net8.0\Scripts\Items\Champion Artifacts\Shared\TheRobeOfBritanniaAri.cs".
         Copying file from "C:\RunUO\RunUO\Scripts\Items\Champion Artifacts\Shared\TheMostKnowledgePerson.cs" to "C:\RunUO\RunUO\Distribution\Debug\net8.0\Scripts\Items\Champion Artifacts\Shared\TheMostKnowledgePerson.cs".
         Copying file from "C:\RunUO\RunUO\Scripts\Items\Champion Artifacts\Unique\AcidProofRobe.cs" to "C:\RunUO\RunUO\Distribution\Debug\net8.0\Scripts\Items\Champion Artifacts\Unique\AcidProofRobe.cs".
         Copying file from "C:\RunUO\RunUO\Scripts\Items\Champion Artifacts\Unique\Calm.cs" to "C:\RunUO\RunUO\Distribution\Debug\net8.0\Scripts\Items\Champion Artifacts\Unique\Calm.cs".
         Copying file from "C:\RunUO\RunUO\Scripts\Items\Champion Artifacts\Unique\CrownOfTalKeesh.cs" to "C:\RunUO\RunUO\Distribution\Debug\net8.0\Scripts\Items\Champion Artifacts\Unique\CrownOfTalKeesh.cs".
         Copying file from "C:\RunUO\RunUO\Scripts\Items\Champion Artifacts\Unique\FangOfRactus.cs" to "C:\RunUO\RunUO\Distribution\Debug\net8.0\Scripts\Items\Champion Artifacts\Unique\FangOfRactus.cs".
         Copying file from "C:\RunUO\RunUO\Scripts\Items\Champion Artifacts\Unique\GladiatorsCollar.cs" to "C:\RunUO\RunUO\Distribution\Debug\net8.0\Scripts\Items\Champion Artifacts\Unique\GladiatorsCollar.cs".
         Copying file from "C:\RunUO\RunUO\Scripts\Items\Champion Artifacts\Unique\OrcChieftainHelm.cs" to "C:\RunUO\RunUO\Distribution\Debug\net8.0\Scripts\Items\Champion Artifacts\Unique\OrcChieftainHelm.cs".
         Copying file from "C:\RunUO\RunUO\Scripts\Items\Champion Artifacts\Unique\Pacify.cs" to "C:\RunUO\RunUO\Distribution\Debug\net8.0\Scripts\Items\Champion Artifacts\Unique\Pacify.cs".
         Copying file from "C:\RunUO\RunUO\Scripts\Items\Champion Artifacts\Unique\Quell.cs" to "C:\RunUO\RunUO\Distribution\Debug\net8.0\Scripts\Items\Champion Artifacts\Unique\Quell.cs".
         Copying file from "C:\RunUO\RunUO\Scripts\Items\Champion Artifacts\Unique\ShroudOfDeceit.cs" to "C:\RunUO\RunUO\Distribution\Debug\net8.0\Scripts\Items\Champion Artifacts\Unique\ShroudOfDeceit.cs".
         Copying file from "C:\RunUO\RunUO\Scripts\Items\Champion Artifacts\Unique\Subdue.cs" to "C:\RunUO\RunUO\Distribution\Debug\net8.0\Scripts\Items\Champion Artifacts\Unique\Subdue.cs".
         Copying file from "C:\RunUO\RunUO\Scripts\Items\Clothing\Artifacts\CrimsonCincture.cs" to "C:\RunUO\RunUO\Distribution\Debug\net8.0\Scripts\Items\Clothing\Artifacts\CrimsonCincture.cs".
         Copying file from "C:\RunUO\RunUO\Scripts\Items\Clothing\Artifacts\HatOfTheMagi.cs" to "C:\RunUO\RunUO\Distribution\Debug\net8.0\Scripts\Items\Clothing\Artifacts\HatOfTheMagi.cs".
         Copying file from "C:\RunUO\RunUO\Scripts\Items\Clothing\Artifacts\DivineCountenance.cs" to "C:\RunUO\RunUO\Distribution\Debug\net8.0\Scripts\Items\Clothing\Artifacts\DivineCountenance.cs".
         Copying file from "C:\RunUO\RunUO\Scripts\Items\Clothing\Artifacts\HuntersHeaddress.cs" to "C:\RunUO\RunUO\Distribution\Debug\net8.0\Scripts\Items\Clothing\Artifacts\HuntersHeaddress.cs".
         Copying file from "C:\RunUO\RunUO\Scripts\Items\Clothing\Artifacts\SpiritOfTheTotem.cs" to "C:\RunUO\RunUO\Distribution\Debug\net8.0\Scripts\Items\Clothing\Artifacts\SpiritOfTheTotem.cs".
         Copying file from "C:\RunUO\RunUO\Scripts\Items\Clothing\BaseClothing.cs" to "C:\RunUO\RunUO\Distribution\Debug\net8.0\Scripts\Items\Clothing\BaseClothing.cs".
         Copying file from "C:\RunUO\RunUO\Scripts\Items\Clothing\Cloaks.cs" to "C:\RunUO\RunUO\Distribution\Debug\net8.0\Scripts\Items\Clothing\Cloaks.cs".
         Copying file from "C:\RunUO\RunUO\Scripts\Items\Clothing\Hats.cs" to "C:\RunUO\RunUO\Distribution\Debug\net8.0\Scripts\Items\Clothing\Hats.cs".
         Copying file from "C:\RunUO\RunUO\Scripts\Items\Clothing\MiddleTorso.cs" to "C:\RunUO\RunUO\Distribution\Debug\net8.0\Scripts\Items\Clothing\MiddleTorso.cs".
         Copying file from "C:\RunUO\RunUO\Scripts\Items\Clothing\OuterLegs.cs" to "C:\RunUO\RunUO\Distribution\Debug\net8.0\Scripts\Items\Clothing\OuterLegs.cs".
         Copying file from "C:\RunUO\RunUO\Scripts\Items\Clothing\OuterTorso.cs" to "C:\RunUO\RunUO\Distribution\Debug\net8.0\Scripts\Items\Clothing\OuterTorso.cs".
         Copying file from "C:\RunUO\RunUO\Scripts\Items\Clothing\Pants.cs" to "C:\RunUO\RunUO\Distribution\Debug\net8.0\Scripts\Items\Clothing\Pants.cs".
         Copying file from "C:\RunUO\RunUO\Scripts\Items\Clothing\Shirts.cs" to "C:\RunUO\RunUO\Distribution\Debug\net8.0\Scripts\Items\Clothing\Shirts.cs".
         Copying file from "C:\RunUO\RunUO\Scripts\Items\Clothing\Shoes.cs" to "C:\RunUO\RunUO\Distribution\Debug\net8.0\Scripts\Items\Clothing\Shoes.cs".
         Copying file from "C:\RunUO\RunUO\Scripts\Items\Clothing\Waist.cs" to "C:\RunUO\RunUO\Distribution\Debug\net8.0\Scripts\Items\Clothing\Waist.cs".
         Copying file from "C:\RunUO\RunUO\Scripts\Items\Construction\Ankhs.cs" to "C:\RunUO\RunUO\Distribution\Debug\net8.0\Scripts\Items\Construction\Ankhs.cs".
         Copying file from "C:\RunUO\RunUO\Scripts\Items\Construction\Chairs\Benchs.cs" to "C:\RunUO\RunUO\Distribution\Debug\net8.0\Scripts\Items\Construction\Chairs\Benchs.cs".
         Copying file from "C:\RunUO\RunUO\Scripts\Items\Construction\Chairs\Chairs.cs" to "C:\RunUO\RunUO\Distribution\Debug\net8.0\Scripts\Items\Construction\Chairs\Chairs.cs".
         Copying file from "C:\RunUO\RunUO\Scripts\Items\Construction\Chairs\Stools.cs" to "C:\RunUO\RunUO\Distribution\Debug\net8.0\Scripts\Items\Construction\Chairs\Stools.cs".
         Copying file from "C:\RunUO\RunUO\Scripts\Items\Construction\Chairs\Thrones.cs" to "C:\RunUO\RunUO\Distribution\Debug\net8.0\Scripts\Items\Construction\Chairs\Thrones.cs".
         Copying file from "C:\RunUO\RunUO\Scripts\Items\Construction\Decorative\DecorativeShield.cs" to "C:\RunUO\RunUO\Distribution\Debug\net8.0\Scripts\Items\Construction\Decorative\DecorativeShield.cs".
         Copying file from "C:\RunUO\RunUO\Scripts\Items\Construction\Decorative\DecorativeWeapon.cs" to "C:\RunUO\RunUO\Distribution\Debug\net8.0\Scripts\Items\Construction\Decorative\DecorativeWeapon.cs".
         Copying file from "C:\RunUO\RunUO\Scripts\Items\Construction\Decorative\PaintingPortraits.cs" to "C:\RunUO\RunUO\Distribution\Debug\net8.0\Scripts\Items\Construction\Decorative\PaintingPortraits.cs".
         Copying file from "C:\RunUO\RunUO\Scripts\Items\Construction\Doors\BaseDoor.cs" to "C:\RunUO\RunUO\Distribution\Debug\net8.0\Scripts\Items\Construction\Doors\BaseDoor.cs".
         Copying file from "C:\RunUO\RunUO\Scripts\Items\Construction\Decorative\Tapestry.cs" to "C:\RunUO\RunUO\Distribution\Debug\net8.0\Scripts\Items\Construction\Decorative\Tapestry.cs".
         Copying file from "C:\RunUO\RunUO\Scripts\Items\Construction\Doors\Doors.cs" to "C:\RunUO\RunUO\Distribution\Debug\net8.0\Scripts\Items\Construction\Doors\Doors.cs".
         Copying file from "C:\RunUO\RunUO\Scripts\Items\Construction\Doors\HouseDoors.cs" to "C:\RunUO\RunUO\Distribution\Debug\net8.0\Scripts\Items\Construction\Doors\HouseDoors.cs".
         Copying file from "C:\RunUO\RunUO\Scripts\Items\Construction\Doors\Portcullis.cs" to "C:\RunUO\RunUO\Distribution\Debug\net8.0\Scripts\Items\Construction\Doors\Portcullis.cs".
         Copying file from "C:\RunUO\RunUO\Scripts\Items\Construction\Doors\SecretDoors.cs" to "C:\RunUO\RunUO\Distribution\Debug\net8.0\Scripts\Items\Construction\Doors\SecretDoors.cs".
         Copying file from "C:\RunUO\RunUO\Scripts\Items\Construction\Floors\Floors.cs" to "C:\RunUO\RunUO\Distribution\Debug\net8.0\Scripts\Items\Construction\Floors\Floors.cs".
         Copying file from "C:\RunUO\RunUO\Scripts\Items\Construction\Misc\BarrelParts.cs" to "C:\RunUO\RunUO\Distribution\Debug\net8.0\Scripts\Items\Construction\Misc\BarrelParts.cs".
         Copying file from "C:\RunUO\RunUO\Scripts\Items\Construction\Misc\Easle.cs" to "C:\RunUO\RunUO\Distribution\Debug\net8.0\Scripts\Items\Construction\Misc\Easle.cs".
         Copying file from "C:\RunUO\RunUO\Scripts\Items\Construction\Misc\MeltedWax.cs" to "C:\RunUO\RunUO\Distribution\Debug\net8.0\Scripts\Items\Construction\Misc\MeltedWax.cs".
         Copying file from "C:\RunUO\RunUO\Scripts\Items\Construction\Misc\MusicStand.cs" to "C:\RunUO\RunUO\Distribution\Debug\net8.0\Scripts\Items\Construction\Misc\MusicStand.cs".
         Copying file from "C:\RunUO\RunUO\Scripts\Items\Construction\Misc\Obelisk.cs" to "C:\RunUO\RunUO\Distribution\Debug\net8.0\Scripts\Items\Construction\Misc\Obelisk.cs".
         Copying file from "C:\RunUO\RunUO\Scripts\Items\Construction\Misc\Screens.cs" to "C:\RunUO\RunUO\Distribution\Debug\net8.0\Scripts\Items\Construction\Misc\Screens.cs".
         Copying file from "C:\RunUO\RunUO\Scripts\Items\Construction\Misc\Statues.cs" to "C:\RunUO\RunUO\Distribution\Debug\net8.0\Scripts\Items\Construction\Misc\Statues.cs".
         Copying file from "C:\RunUO\RunUO\Scripts\Items\Construction\Misc\Vase.cs" to "C:\RunUO\RunUO\Distribution\Debug\net8.0\Scripts\Items\Construction\Misc\Vase.cs".
         Copying file from "C:\RunUO\RunUO\Scripts\Items\Construction\Misc\Vines.cs" to "C:\RunUO\RunUO\Distribution\Debug\net8.0\Scripts\Items\Construction\Misc\Vines.cs".
         Copying file from "C:\RunUO\RunUO\Scripts\Items\Construction\Ruined\RuinedItemSingle.cs" to "C:\RunUO\RunUO\Distribution\Debug\net8.0\Scripts\Items\Construction\Ruined\RuinedItemSingle.cs".
         Copying file from "C:\RunUO\RunUO\Scripts\Items\Construction\Signs\BaseSign.cs" to "C:\RunUO\RunUO\Distribution\Debug\net8.0\Scripts\Items\Construction\Signs\BaseSign.cs".
         Copying file from "C:\RunUO\RunUO\Scripts\Items\Construction\Signs\Sign.cs" to "C:\RunUO\RunUO\Distribution\Debug\net8.0\Scripts\Items\Construction\Signs\Sign.cs".
         Copying file from "C:\RunUO\RunUO\Scripts\Items\Construction\Signs\LocalizedSign.cs" to "C:\RunUO\RunUO\Distribution\Debug\net8.0\Scripts\Items\Construction\Signs\LocalizedSign.cs".
         Copying file from "C:\RunUO\RunUO\Scripts\Items\Construction\Signs\SubtextSign.cs" to "C:\RunUO\RunUO\Distribution\Debug\net8.0\Scripts\Items\Construction\Signs\SubtextSign.cs".
         Copying file from "C:\RunUO\RunUO\Scripts\Items\Construction\Tables\Tables.cs" to "C:\RunUO\RunUO\Distribution\Debug\net8.0\Scripts\Items\Construction\Tables\Tables.cs".
         Copying file from "C:\RunUO\RunUO\Scripts\Items\Construction\Tables\WritingTable.cs" to "C:\RunUO\RunUO\Distribution\Debug\net8.0\Scripts\Items\Construction\Tables\WritingTable.cs".
         Copying file from "C:\RunUO\RunUO\Scripts\Items\Construction\Walls\DarkWoodWall.cs" to "C:\RunUO\RunUO\Distribution\Debug\net8.0\Scripts\Items\Construction\Walls\DarkWoodWall.cs".
         Copying file from "C:\RunUO\RunUO\Scripts\Items\Construction\Walls\BaseWall.cs" to "C:\RunUO\RunUO\Distribution\Debug\net8.0\Scripts\Items\Construction\Walls\BaseWall.cs".
         Copying file from "C:\RunUO\RunUO\Scripts\Items\Construction\Walls\ThickGrayStoneWall.cs" to "C:\RunUO\RunUO\Distribution\Debug\net8.0\Scripts\Items\Construction\Walls\ThickGrayStoneWall.cs".
         Copying file from "C:\RunUO\RunUO\Scripts\Items\Construction\Walls\ThinBrickWall.cs" to "C:\RunUO\RunUO\Distribution\Debug\net8.0\Scripts\Items\Construction\Walls\ThinBrickWall.cs".
         Copying file from "C:\RunUO\RunUO\Scripts\Items\Construction\Walls\ThinStoneWall.cs" to "C:\RunUO\RunUO\Distribution\Debug\net8.0\Scripts\Items\Construction\Walls\ThinStoneWall.cs".
         Copying file from "C:\RunUO\RunUO\Scripts\Items\Construction\Walls\WhiteStoneWall.cs" to "C:\RunUO\RunUO\Distribution\Debug\net8.0\Scripts\Items\Construction\Walls\WhiteStoneWall.cs".
         Copying file from "C:\RunUO\RunUO\Scripts\Items\Containers\BaseTreasureChest.cs" to "C:\RunUO\RunUO\Distribution\Debug\net8.0\Scripts\Items\Containers\BaseTreasureChest.cs".
         Copying file from "C:\RunUO\RunUO\Scripts\Items\Containers\Container.cs" to "C:\RunUO\RunUO\Distribution\Debug\net8.0\Scripts\Items\Containers\Container.cs".
         Copying file from "C:\RunUO\RunUO\Scripts\Items\Containers\FillableContainers.cs" to "C:\RunUO\RunUO\Distribution\Debug\net8.0\Scripts\Items\Containers\FillableContainers.cs".
         Copying file from "C:\RunUO\RunUO\Scripts\Items\Containers\FurnitureContainer.cs" to "C:\RunUO\RunUO\Distribution\Debug\net8.0\Scripts\Items\Containers\FurnitureContainer.cs".
         Copying file from "C:\RunUO\RunUO\Scripts\Items\Containers\LockableContainer.cs" to "C:\RunUO\RunUO\Distribution\Debug\net8.0\Scripts\Items\Containers\LockableContainer.cs".
         Copying file from "C:\RunUO\RunUO\Scripts\Items\Containers\MarkContainer.cs" to "C:\RunUO\RunUO\Distribution\Debug\net8.0\Scripts\Items\Containers\MarkContainer.cs".
         Copying file from "C:\RunUO\RunUO\Scripts\Items\Containers\ParagonChest.cs" to "C:\RunUO\RunUO\Distribution\Debug\net8.0\Scripts\Items\Containers\ParagonChest.cs".
         Copying file from "C:\RunUO\RunUO\Scripts\Items\Containers\SalvageBag.cs" to "C:\RunUO\RunUO\Distribution\Debug\net8.0\Scripts\Items\Containers\SalvageBag.cs".
         Copying file from "C:\RunUO\RunUO\Scripts\Items\Containers\Strongbox.cs" to "C:\RunUO\RunUO\Distribution\Debug\net8.0\Scripts\Items\Containers\Strongbox.cs".
         Copying file from "C:\RunUO\RunUO\Scripts\Items\Containers\TrapableContainer.cs" to "C:\RunUO\RunUO\Distribution\Debug\net8.0\Scripts\Items\Containers\TrapableContainer.cs".
         Copying file from "C:\RunUO\RunUO\Scripts\Items\Containers\TreasureChest.cs" to "C:\RunUO\RunUO\Distribution\Debug\net8.0\Scripts\Items\Containers\TreasureChest.cs".
         Copying file from "C:\RunUO\RunUO\Scripts\Items\Containers\TreasureMapChest.cs" to "C:\RunUO\RunUO\Distribution\Debug\net8.0\Scripts\Items\Containers\TreasureMapChest.cs".
         Copying file from "C:\RunUO\RunUO\Scripts\Items\Decoration Artifacts\BaseDecorationArtifact.cs" to "C:\RunUO\RunUO\Distribution\Debug\net8.0\Scripts\Items\Decoration Artifacts\BaseDecorationArtifact.cs".
         Copying file from "C:\RunUO\RunUO\Scripts\Items\Decoration Artifacts\DoomDecorationArtifacts.cs" to "C:\RunUO\RunUO\Distribution\Debug\net8.0\Scripts\Items\Decoration Artifacts\DoomDecorationArtifacts.cs".
         Copying file from "C:\RunUO\RunUO\Scripts\Items\Decoration Artifacts\SEDecorationArtifacts.cs" to "C:\RunUO\RunUO\Distribution\Debug\net8.0\Scripts\Items\Decoration Artifacts\SEDecorationArtifacts.cs".
         Copying file from "C:\RunUO\RunUO\Scripts\Items\Decoration Artifacts\StealableArtifactsSpawner.cs" to "C:\RunUO\RunUO\Distribution\Debug\net8.0\Scripts\Items\Decoration Artifacts\StealableArtifactsSpawner.cs".
         Copying file from "C:\RunUO\RunUO\Scripts\Items\Deeds\BarkeepContract.cs" to "C:\RunUO\RunUO\Distribution\Debug\net8.0\Scripts\Items\Deeds\BarkeepContract.cs".
         Copying file from "C:\RunUO\RunUO\Scripts\Items\Deeds\ClothingBlessDeed.cs" to "C:\RunUO\RunUO\Distribution\Debug\net8.0\Scripts\Items\Deeds\ClothingBlessDeed.cs".
         Copying file from "C:\RunUO\RunUO\Scripts\Items\Deeds\CommodityDeed.cs" to "C:\RunUO\RunUO\Distribution\Debug\net8.0\Scripts\Items\Deeds\CommodityDeed.cs".
         Copying file from "C:\RunUO\RunUO\Scripts\Items\Deeds\DragonBardingDeed.cs" to "C:\RunUO\RunUO\Distribution\Debug\net8.0\Scripts\Items\Deeds\DragonBardingDeed.cs".
         Copying file from "C:\RunUO\RunUO\Scripts\Items\Deeds\HairRestylingDeed.cs" to "C:\RunUO\RunUO\Distribution\Debug\net8.0\Scripts\Items\Deeds\HairRestylingDeed.cs".
         Copying file from "C:\RunUO\RunUO\Scripts\Items\Deeds\HolidayTreeDeed.cs" to "C:\RunUO\RunUO\Distribution\Debug\net8.0\Scripts\Items\Deeds\HolidayTreeDeed.cs".
         Copying file from "C:\RunUO\RunUO\Scripts\Items\Deeds\NameChangeDeed.cs" to "C:\RunUO\RunUO\Distribution\Debug\net8.0\Scripts\Items\Deeds\NameChangeDeed.cs".
         Copying file from "C:\RunUO\RunUO\Scripts\Items\Deeds\NewPlayerTicket.cs" to "C:\RunUO\RunUO\Distribution\Debug\net8.0\Scripts\Items\Deeds\NewPlayerTicket.cs".
         Copying file from "C:\RunUO\RunUO\Scripts\Items\Deeds\VendorRentalContract.cs" to "C:\RunUO\RunUO\Distribution\Debug\net8.0\Scripts\Items\Deeds\VendorRentalContract.cs".
         Copying file from "C:\RunUO\RunUO\Scripts\Items\Facial\Hair.cs" to "C:\RunUO\RunUO\Distribution\Debug\net8.0\Scripts\Items\Facial\Hair.cs".
         Copying file from "C:\RunUO\RunUO\Scripts\Items\Facial\Beard.cs" to "C:\RunUO\RunUO\Distribution\Debug\net8.0\Scripts\Items\Facial\Beard.cs".
         Copying file from "C:\RunUO\RunUO\Scripts\Items\Farming\FarmableCabbage.cs" to "C:\RunUO\RunUO\Distribution\Debug\net8.0\Scripts\Items\Farming\FarmableCabbage.cs".
         Copying file from "C:\RunUO\RunUO\Scripts\Items\Farming\FarmableCarrot.cs" to "C:\RunUO\RunUO\Distribution\Debug\net8.0\Scripts\Items\Farming\FarmableCarrot.cs".
         Copying file from "C:\RunUO\RunUO\Scripts\Items\Farming\FarmableCotton.cs" to "C:\RunUO\RunUO\Distribution\Debug\net8.0\Scripts\Items\Farming\FarmableCotton.cs".
         Copying file from "C:\RunUO\RunUO\Scripts\Items\Farming\FarmableCrop.cs" to "C:\RunUO\RunUO\Distribution\Debug\net8.0\Scripts\Items\Farming\FarmableCrop.cs".
         Copying file from "C:\RunUO\RunUO\Scripts\Items\Farming\FarmableFlax.cs" to "C:\RunUO\RunUO\Distribution\Debug\net8.0\Scripts\Items\Farming\FarmableFlax.cs".
         Copying file from "C:\RunUO\RunUO\Scripts\Items\Farming\FarmableLettuce.cs" to "C:\RunUO\RunUO\Distribution\Debug\net8.0\Scripts\Items\Farming\FarmableLettuce.cs".
         Copying file from "C:\RunUO\RunUO\Scripts\Items\Farming\FarmableOnion.cs" to "C:\RunUO\RunUO\Distribution\Debug\net8.0\Scripts\Items\Farming\FarmableOnion.cs".
         Copying file from "C:\RunUO\RunUO\Scripts\Items\Farming\FarmablePumpkin.cs" to "C:\RunUO\RunUO\Distribution\Debug\net8.0\Scripts\Items\Farming\FarmablePumpkin.cs".
         Copying file from "C:\RunUO\RunUO\Scripts\Items\Farming\FarmableTurnip.cs" to "C:\RunUO\RunUO\Distribution\Debug\net8.0\Scripts\Items\Farming\FarmableTurnip.cs".
         Copying file from "C:\RunUO\RunUO\Scripts\Items\Farming\FarmableWheat.cs" to "C:\RunUO\RunUO\Distribution\Debug\net8.0\Scripts\Items\Farming\FarmableWheat.cs".
         Copying file from "C:\RunUO\RunUO\Scripts\Items\Food\Asian.cs" to "C:\RunUO\RunUO\Distribution\Debug\net8.0\Scripts\Items\Food\Asian.cs".
         Copying file from "C:\RunUO\RunUO\Scripts\Items\Food\BeverageEmpty.cs" to "C:\RunUO\RunUO\Distribution\Debug\net8.0\Scripts\Items\Food\BeverageEmpty.cs".
         Copying file from "C:\RunUO\RunUO\Scripts\Items\Food\Beverage.cs" to "C:\RunUO\RunUO\Distribution\Debug\net8.0\Scripts\Items\Food\Beverage.cs".
         Copying file from "C:\RunUO\RunUO\Scripts\Items\Food\Bowls.cs" to "C:\RunUO\RunUO\Distribution\Debug\net8.0\Scripts\Items\Food\Bowls.cs".
         Copying file from "C:\RunUO\RunUO\Scripts\Items\Food\Chocolatiering.cs" to "C:\RunUO\RunUO\Distribution\Debug\net8.0\Scripts\Items\Food\Chocolatiering.cs".
         Copying file from "C:\RunUO\RunUO\Scripts\Items\Food\CookableFood.cs" to "C:\RunUO\RunUO\Distribution\Debug\net8.0\Scripts\Items\Food\CookableFood.cs".
         Copying file from "C:\RunUO\RunUO\Scripts\Items\Food\Cooking.cs" to "C:\RunUO\RunUO\Distribution\Debug\net8.0\Scripts\Items\Food\Cooking.cs".
         Copying file from "C:\RunUO\RunUO\Scripts\Items\Food\Food.cs" to "C:\RunUO\RunUO\Distribution\Debug\net8.0\Scripts\Items\Food\Food.cs".
         Copying file from "C:\RunUO\RunUO\Scripts\Items\Food\Fruits.cs" to "C:\RunUO\RunUO\Distribution\Debug\net8.0\Scripts\Items\Food\Fruits.cs".
         Copying file from "C:\RunUO\RunUO\Scripts\Items\Food\Vegetables.cs" to "C:\RunUO\RunUO\Distribution\Debug\net8.0\Scripts\Items\Food\Vegetables.cs".
         Copying file from "C:\RunUO\RunUO\Scripts\Items\Games\Backgammon.cs" to "C:\RunUO\RunUO\Distribution\Debug\net8.0\Scripts\Items\Games\Backgammon.cs".
         Copying file from "C:\RunUO\RunUO\Scripts\Items\Games\BaseBoard.cs" to "C:\RunUO\RunUO\Distribution\Debug\net8.0\Scripts\Items\Games\BaseBoard.cs".
         Copying file from "C:\RunUO\RunUO\Scripts\Items\Games\BasePiece.cs" to "C:\RunUO\RunUO\Distribution\Debug\net8.0\Scripts\Items\Games\BasePiece.cs".
         Copying file from "C:\RunUO\RunUO\Scripts\Items\Games\CheckerBoard.cs" to "C:\RunUO\RunUO\Distribution\Debug\net8.0\Scripts\Items\Games\CheckerBoard.cs".
         Copying file from "C:\RunUO\RunUO\Scripts\Items\Games\CheckersPieces.cs" to "C:\RunUO\RunUO\Distribution\Debug\net8.0\Scripts\Items\Games\CheckersPieces.cs".
         Copying file from "C:\RunUO\RunUO\Scripts\Items\Games\Chessboard.cs" to "C:\RunUO\RunUO\Distribution\Debug\net8.0\Scripts\Items\Games\Chessboard.cs".
         Copying file from "C:\RunUO\RunUO\Scripts\Items\Games\ChessPieces.cs" to "C:\RunUO\RunUO\Distribution\Debug\net8.0\Scripts\Items\Games\ChessPieces.cs".
         Copying file from "C:\RunUO\RunUO\Scripts\Items\Games\Dices.cs" to "C:\RunUO\RunUO\Distribution\Debug\net8.0\Scripts\Items\Games\Dices.cs".
         Copying file from "C:\RunUO\RunUO\Scripts\Items\Games\Mahjong\MahjongDealerIndicator.cs" to "C:\RunUO\RunUO\Distribution\Debug\net8.0\Scripts\Items\Games\Mahjong\MahjongDealerIndicator.cs".
         Copying file from "C:\RunUO\RunUO\Scripts\Items\Games\Mahjong\MahjongDices.cs" to "C:\RunUO\RunUO\Distribution\Debug\net8.0\Scripts\Items\Games\Mahjong\MahjongDices.cs".
         Copying file from "C:\RunUO\RunUO\Scripts\Items\Games\Mahjong\MahjongEnums.cs" to "C:\RunUO\RunUO\Distribution\Debug\net8.0\Scripts\Items\Games\Mahjong\MahjongEnums.cs".
         Copying file from "C:\RunUO\RunUO\Scripts\Items\Games\Mahjong\MahjongGame.cs" to "C:\RunUO\RunUO\Distribution\Debug\net8.0\Scripts\Items\Games\Mahjong\MahjongGame.cs".
         Copying file from "C:\RunUO\RunUO\Scripts\Items\Games\Mahjong\MahjongPacketHandlers.cs" to "C:\RunUO\RunUO\Distribution\Debug\net8.0\Scripts\Items\Games\Mahjong\MahjongPacketHandlers.cs".
         Copying file from "C:\RunUO\RunUO\Scripts\Items\Games\Mahjong\MahjongPieceDim.cs" to "C:\RunUO\RunUO\Distribution\Debug\net8.0\Scripts\Items\Games\Mahjong\MahjongPieceDim.cs".
         Copying file from "C:\RunUO\RunUO\Scripts\Items\Games\Mahjong\MahjongPlayers.cs" to "C:\RunUO\RunUO\Distribution\Debug\net8.0\Scripts\Items\Games\Mahjong\MahjongPlayers.cs".
         Copying file from "C:\RunUO\RunUO\Scripts\Items\Games\Mahjong\MahjongTile.cs" to "C:\RunUO\RunUO\Distribution\Debug\net8.0\Scripts\Items\Games\Mahjong\MahjongTile.cs".
         Copying file from "C:\RunUO\RunUO\Scripts\Items\Games\Mahjong\MahjongTileTypeGenerator.cs" to "C:\RunUO\RunUO\Distribution\Debug\net8.0\Scripts\Items\Games\Mahjong\MahjongTileTypeGenerator.cs".
         Copying file from "C:\RunUO\RunUO\Scripts\Items\Games\Mahjong\MahjongWallBreakIndicator.cs" to "C:\RunUO\RunUO\Distribution\Debug\net8.0\Scripts\Items\Games\Mahjong\MahjongWallBreakIndicator.cs".
         Copying file from "C:\RunUO\RunUO\Scripts\Items\Games\Mahjong\Packets.cs" to "C:\RunUO\RunUO\Distribution\Debug\net8.0\Scripts\Items\Games\Mahjong\Packets.cs".
         Copying file from "C:\RunUO\RunUO\Scripts\Items\Gems\Amber.cs" to "C:\RunUO\RunUO\Distribution\Debug\net8.0\Scripts\Items\Gems\Amber.cs".
         Copying file from "C:\RunUO\RunUO\Scripts\Items\Gems\Amethyst.cs" to "C:\RunUO\RunUO\Distribution\Debug\net8.0\Scripts\Items\Gems\Amethyst.cs".
         Copying file from "C:\RunUO\RunUO\Scripts\Items\Gems\Citrine.cs" to "C:\RunUO\RunUO\Distribution\Debug\net8.0\Scripts\Items\Gems\Citrine.cs".
         Copying file from "C:\RunUO\RunUO\Scripts\Items\Gems\Diamond.cs" to "C:\RunUO\RunUO\Distribution\Debug\net8.0\Scripts\Items\Gems\Diamond.cs".
         Copying file from "C:\RunUO\RunUO\Scripts\Items\Gems\Emerald.cs" to "C:\RunUO\RunUO\Distribution\Debug\net8.0\Scripts\Items\Gems\Emerald.cs".
         Copying file from "C:\RunUO\RunUO\Scripts\Items\Gems\Ruby.cs" to "C:\RunUO\RunUO\Distribution\Debug\net8.0\Scripts\Items\Gems\Ruby.cs".
         Copying file from "C:\RunUO\RunUO\Scripts\Items\Gems\Sapphire.cs" to "C:\RunUO\RunUO\Distribution\Debug\net8.0\Scripts\Items\Gems\Sapphire.cs".
         Copying file from "C:\RunUO\RunUO\Scripts\Items\Gems\StarSapphire.cs" to "C:\RunUO\RunUO\Distribution\Debug\net8.0\Scripts\Items\Gems\StarSapphire.cs".
         Copying file from "C:\RunUO\RunUO\Scripts\Items\Guilds\GuildDeed.cs" to "C:\RunUO\RunUO\Distribution\Debug\net8.0\Scripts\Items\Guilds\GuildDeed.cs".
         Copying file from "C:\RunUO\RunUO\Scripts\Items\Gems\Tourmaline.cs" to "C:\RunUO\RunUO\Distribution\Debug\net8.0\Scripts\Items\Gems\Tourmaline.cs".
         Copying file from "C:\RunUO\RunUO\Scripts\Items\Guilds\Guildstone.cs" to "C:\RunUO\RunUO\Distribution\Debug\net8.0\Scripts\Items\Guilds\Guildstone.cs".
         Copying file from "C:\RunUO\RunUO\Scripts\Items\Guilds\GuildTeleporter.cs" to "C:\RunUO\RunUO\Distribution\Debug\net8.0\Scripts\Items\Guilds\GuildTeleporter.cs".
         Copying file from "C:\RunUO\RunUO\Scripts\Items\Jewels\Artifacts\BraceletOfHealth.cs" to "C:\RunUO\RunUO\Distribution\Debug\net8.0\Scripts\Items\Jewels\Artifacts\BraceletOfHealth.cs".
         Copying file from "C:\RunUO\RunUO\Scripts\Items\Jewels\Artifacts\Craftable\EssenceOfBattle.cs" to "C:\RunUO\RunUO\Distribution\Debug\net8.0\Scripts\Items\Jewels\Artifacts\Craftable\EssenceOfBattle.cs".
         Copying file from "C:\RunUO\RunUO\Scripts\Items\Jewels\Artifacts\Craftable\PendantOfTheMagi.cs" to "C:\RunUO\RunUO\Distribution\Debug\net8.0\Scripts\Items\Jewels\Artifacts\Craftable\PendantOfTheMagi.cs".
         Copying file from "C:\RunUO\RunUO\Scripts\Items\Jewels\Artifacts\Craftable\ResillientBracer.cs" to "C:\RunUO\RunUO\Distribution\Debug\net8.0\Scripts\Items\Jewels\Artifacts\Craftable\ResillientBracer.cs".
         Copying file from "C:\RunUO\RunUO\Scripts\Items\Jewels\Artifacts\OrnamentOfTheMagician.cs" to "C:\RunUO\RunUO\Distribution\Debug\net8.0\Scripts\Items\Jewels\Artifacts\OrnamentOfTheMagician.cs".
         Copying file from "C:\RunUO\RunUO\Scripts\Items\Jewels\Artifacts\RingOfTheElements.cs" to "C:\RunUO\RunUO\Distribution\Debug\net8.0\Scripts\Items\Jewels\Artifacts\RingOfTheElements.cs".
         Copying file from "C:\RunUO\RunUO\Scripts\Items\Jewels\Artifacts\RingOfTheVile.cs" to "C:\RunUO\RunUO\Distribution\Debug\net8.0\Scripts\Items\Jewels\Artifacts\RingOfTheVile.cs".
         Copying file from "C:\RunUO\RunUO\Scripts\Items\Jewels\Beads.cs" to "C:\RunUO\RunUO\Distribution\Debug\net8.0\Scripts\Items\Jewels\Beads.cs".
         Copying file from "C:\RunUO\RunUO\Scripts\Items\Jewels\BaseJewel.cs" to "C:\RunUO\RunUO\Distribution\Debug\net8.0\Scripts\Items\Jewels\BaseJewel.cs".
         Copying file from "C:\RunUO\RunUO\Scripts\Items\Jewels\Bracelet.cs" to "C:\RunUO\RunUO\Distribution\Debug\net8.0\Scripts\Items\Jewels\Bracelet.cs".
         Copying file from "C:\RunUO\RunUO\Scripts\Items\Jewels\Earrings.cs" to "C:\RunUO\RunUO\Distribution\Debug\net8.0\Scripts\Items\Jewels\Earrings.cs".
         Copying file from "C:\RunUO\RunUO\Scripts\Items\Jewels\Necklace.cs" to "C:\RunUO\RunUO\Distribution\Debug\net8.0\Scripts\Items\Jewels\Necklace.cs".
         Copying file from "C:\RunUO\RunUO\Scripts\Items\Jewels\Ring.cs" to "C:\RunUO\RunUO\Distribution\Debug\net8.0\Scripts\Items\Jewels\Ring.cs".
         Copying file from "C:\RunUO\RunUO\Scripts\Items\Lights\BaseEquipableLight.cs" to "C:\RunUO\RunUO\Distribution\Debug\net8.0\Scripts\Items\Lights\BaseEquipableLight.cs".
         Copying file from "C:\RunUO\RunUO\Scripts\Items\Lights\BrazierTall.cs" to "C:\RunUO\RunUO\Distribution\Debug\net8.0\Scripts\Items\Lights\BrazierTall.cs".
         Copying file from "C:\RunUO\RunUO\Scripts\Items\Lights\BaseLight.cs" to "C:\RunUO\RunUO\Distribution\Debug\net8.0\Scripts\Items\Lights\BaseLight.cs".
         Copying file from "C:\RunUO\RunUO\Scripts\Items\Lights\Brazier.cs" to "C:\RunUO\RunUO\Distribution\Debug\net8.0\Scripts\Items\Lights\Brazier.cs".
         Copying file from "C:\RunUO\RunUO\Scripts\Items\Lights\Candelabra.cs" to "C:\RunUO\RunUO\Distribution\Debug\net8.0\Scripts\Items\Lights\Candelabra.cs".
         Copying file from "C:\RunUO\RunUO\Scripts\Items\Lights\CandelabraStand.cs" to "C:\RunUO\RunUO\Distribution\Debug\net8.0\Scripts\Items\Lights\CandelabraStand.cs".
         Copying file from "C:\RunUO\RunUO\Scripts\Items\Lights\Candle.cs" to "C:\RunUO\RunUO\Distribution\Debug\net8.0\Scripts\Items\Lights\Candle.cs".
         Copying file from "C:\RunUO\RunUO\Scripts\Items\Lights\CandleLarge.cs" to "C:\RunUO\RunUO\Distribution\Debug\net8.0\Scripts\Items\Lights\CandleLarge.cs".
         Copying file from "C:\RunUO\RunUO\Scripts\Items\Lights\CandleShort.cs" to "C:\RunUO\RunUO\Distribution\Debug\net8.0\Scripts\Items\Lights\CandleShort.cs".
         Copying file from "C:\RunUO\RunUO\Scripts\Items\Lights\CandleLong.cs" to "C:\RunUO\RunUO\Distribution\Debug\net8.0\Scripts\Items\Lights\CandleLong.cs".
         Copying file from "C:\RunUO\RunUO\Scripts\Items\Lights\CandleSkull.cs" to "C:\RunUO\RunUO\Distribution\Debug\net8.0\Scripts\Items\Lights\CandleSkull.cs".
         Copying file from "C:\RunUO\RunUO\Scripts\Items\Lights\DarkSource.cs" to "C:\RunUO\RunUO\Distribution\Debug\net8.0\Scripts\Items\Lights\DarkSource.cs".
         Copying file from "C:\RunUO\RunUO\Scripts\Items\Lights\HangingLantern.cs" to "C:\RunUO\RunUO\Distribution\Debug\net8.0\Scripts\Items\Lights\HangingLantern.cs".
         Copying file from "C:\RunUO\RunUO\Scripts\Items\Lights\HeatingStand.cs" to "C:\RunUO\RunUO\Distribution\Debug\net8.0\Scripts\Items\Lights\HeatingStand.cs".
         Copying file from "C:\RunUO\RunUO\Scripts\Items\Lights\LampPost1.cs" to "C:\RunUO\RunUO\Distribution\Debug\net8.0\Scripts\Items\Lights\LampPost1.cs".
         Copying file from "C:\RunUO\RunUO\Scripts\Items\Lights\LampPost2.cs" to "C:\RunUO\RunUO\Distribution\Debug\net8.0\Scripts\Items\Lights\LampPost2.cs".
         Copying file from "C:\RunUO\RunUO\Scripts\Items\Lights\LampPost3.cs" to "C:\RunUO\RunUO\Distribution\Debug\net8.0\Scripts\Items\Lights\LampPost3.cs".
         Copying file from "C:\RunUO\RunUO\Scripts\Items\Lights\Lantern.cs" to "C:\RunUO\RunUO\Distribution\Debug\net8.0\Scripts\Items\Lights\Lantern.cs".
         Copying file from "C:\RunUO\RunUO\Scripts\Items\Lights\LightSource.cs" to "C:\RunUO\RunUO\Distribution\Debug\net8.0\Scripts\Items\Lights\LightSource.cs".
         Copying file from "C:\RunUO\RunUO\Scripts\Items\Lights\PaperLantern.cs" to "C:\RunUO\RunUO\Distribution\Debug\net8.0\Scripts\Items\Lights\PaperLantern.cs".
         Copying file from "C:\RunUO\RunUO\Scripts\Items\Lights\RoundPaperLantern.cs" to "C:\RunUO\RunUO\Distribution\Debug\net8.0\Scripts\Items\Lights\RoundPaperLantern.cs".
         Copying file from "C:\RunUO\RunUO\Scripts\Items\Lights\RedHangingLantern.cs" to "C:\RunUO\RunUO\Distribution\Debug\net8.0\Scripts\Items\Lights\RedHangingLantern.cs".
         Copying file from "C:\RunUO\RunUO\Scripts\Items\Lights\ShojiLantern.cs" to "C:\RunUO\RunUO\Distribution\Debug\net8.0\Scripts\Items\Lights\ShojiLantern.cs".
         Copying file from "C:\RunUO\RunUO\Scripts\Items\Lights\Torch.cs" to "C:\RunUO\RunUO\Distribution\Debug\net8.0\Scripts\Items\Lights\Torch.cs".
         Copying file from "C:\RunUO\RunUO\Scripts\Items\Lights\WallSconce.cs" to "C:\RunUO\RunUO\Distribution\Debug\net8.0\Scripts\Items\Lights\WallSconce.cs".
         Copying file from "C:\RunUO\RunUO\Scripts\Items\Lights\WallTorch.cs" to "C:\RunUO\RunUO\Distribution\Debug\net8.0\Scripts\Items\Lights\WallTorch.cs".
         Copying file from "C:\RunUO\RunUO\Scripts\Items\Lights\WhiteHangingLantern.cs" to "C:\RunUO\RunUO\Distribution\Debug\net8.0\Scripts\Items\Lights\WhiteHangingLantern.cs".
         Copying file from "C:\RunUO\RunUO\Scripts\Items\Maps\CityMap.cs" to "C:\RunUO\RunUO\Distribution\Debug\net8.0\Scripts\Items\Maps\CityMap.cs".
         Copying file from "C:\RunUO\RunUO\Scripts\Items\Maps\BlankMap.cs" to "C:\RunUO\RunUO\Distribution\Debug\net8.0\Scripts\Items\Maps\BlankMap.cs".
         Copying file from "C:\RunUO\RunUO\Scripts\Items\Maps\IndecipherableMap.cs" to "C:\RunUO\RunUO\Distribution\Debug\net8.0\Scripts\Items\Maps\IndecipherableMap.cs".
         Copying file from "C:\RunUO\RunUO\Scripts\Items\Maps\LocalMap.cs" to "C:\RunUO\RunUO\Distribution\Debug\net8.0\Scripts\Items\Maps\LocalMap.cs".
         Copying file from "C:\RunUO\RunUO\Scripts\Items\Maps\MapItem.cs" to "C:\RunUO\RunUO\Distribution\Debug\net8.0\Scripts\Items\Maps\MapItem.cs".
         Copying file from "C:\RunUO\RunUO\Scripts\Items\Maps\PresetMap.cs" to "C:\RunUO\RunUO\Distribution\Debug\net8.0\Scripts\Items\Maps\PresetMap.cs".
         Copying file from "C:\RunUO\RunUO\Scripts\Items\Maps\SeaChart.cs" to "C:\RunUO\RunUO\Distribution\Debug\net8.0\Scripts\Items\Maps\SeaChart.cs".
         Copying file from "C:\RunUO\RunUO\Scripts\Items\Maps\TreasureMap.cs" to "C:\RunUO\RunUO\Distribution\Debug\net8.0\Scripts\Items\Maps\TreasureMap.cs".
         Copying file from "C:\RunUO\RunUO\Scripts\Items\Maps\WorldMap.cs" to "C:\RunUO\RunUO\Distribution\Debug\net8.0\Scripts\Items\Maps\WorldMap.cs".
         Copying file from "C:\RunUO\RunUO\Scripts\Items\Minor Artifacts\AdmiralsHeartyRum.cs" to "C:\RunUO\RunUO\Distribution\Debug\net8.0\Scripts\Items\Minor Artifacts\AdmiralsHeartyRum.cs".
         Copying file from "C:\RunUO\RunUO\Scripts\Items\Minor Artifacts\AlchemistsBauble.cs" to "C:\RunUO\RunUO\Distribution\Debug\net8.0\Scripts\Items\Minor Artifacts\AlchemistsBauble.cs".
         Copying file from "C:\RunUO\RunUO\Scripts\Items\Minor Artifacts\BlazeOfDeath.cs" to "C:\RunUO\RunUO\Distribution\Debug\net8.0\Scripts\Items\Minor Artifacts\BlazeOfDeath.cs".
         Copying file from "C:\RunUO\RunUO\Scripts\Items\Minor Artifacts\ArcticDeathDealer.cs" to "C:\RunUO\RunUO\Distribution\Debug\net8.0\Scripts\Items\Minor Artifacts\ArcticDeathDealer.cs".
         Copying file from "C:\RunUO\RunUO\Scripts\Items\Minor Artifacts\BowOfTheJukaKing.cs" to "C:\RunUO\RunUO\Distribution\Debug\net8.0\Scripts\Items\Minor Artifacts\BowOfTheJukaKing.cs".
         Copying file from "C:\RunUO\RunUO\Scripts\Items\Minor Artifacts\BurglarsBandana.cs" to "C:\RunUO\RunUO\Distribution\Debug\net8.0\Scripts\Items\Minor Artifacts\BurglarsBandana.cs".
         Copying file from "C:\RunUO\RunUO\Scripts\Items\Minor Artifacts\CandelabraOfSouls.cs" to "C:\RunUO\RunUO\Distribution\Debug\net8.0\Scripts\Items\Minor Artifacts\CandelabraOfSouls.cs".
         Copying file from "C:\RunUO\RunUO\Scripts\Items\Minor Artifacts\CaptainQuacklebushsCutlass.cs" to "C:\RunUO\RunUO\Distribution\Debug\net8.0\Scripts\Items\Minor Artifacts\CaptainQuacklebushsCutlass.cs".
         Copying file from "C:\RunUO\RunUO\Scripts\Items\Minor Artifacts\CavortingClub.cs" to "C:\RunUO\RunUO\Distribution\Debug\net8.0\Scripts\Items\Minor Artifacts\CavortingClub.cs".
         Copying file from "C:\RunUO\RunUO\Scripts\Items\Minor Artifacts\ColdBlood.cs" to "C:\RunUO\RunUO\Distribution\Debug\net8.0\Scripts\Items\Minor Artifacts\ColdBlood.cs".
         Copying file from "C:\RunUO\RunUO\Scripts\Items\Minor Artifacts\DreadPirateHat.cs" to "C:\RunUO\RunUO\Distribution\Debug\net8.0\Scripts\Items\Minor Artifacts\DreadPirateHat.cs".
         Copying file from "C:\RunUO\RunUO\Scripts\Items\Minor Artifacts\EnchantedTitanLegBone.cs" to "C:\RunUO\RunUO\Distribution\Debug\net8.0\Scripts\Items\Minor Artifacts\EnchantedTitanLegBone.cs".
         Copying file from "C:\RunUO\RunUO\Scripts\Items\Minor Artifacts\GhostShipAnchor.cs" to "C:\RunUO\RunUO\Distribution\Debug\net8.0\Scripts\Items\Minor Artifacts\GhostShipAnchor.cs".
         Copying file from "C:\RunUO\RunUO\Scripts\Items\Minor Artifacts\GlovesOfThePugilist.cs" to "C:\RunUO\RunUO\Distribution\Debug\net8.0\Scripts\Items\Minor Artifacts\GlovesOfThePugilist.cs".
         Copying file from "C:\RunUO\RunUO\Scripts\Items\Minor Artifacts\GoldBricks.cs" to "C:\RunUO\RunUO\Distribution\Debug\net8.0\Scripts\Items\Minor Artifacts\GoldBricks.cs".
         Copying file from "C:\RunUO\RunUO\Scripts\Items\Minor Artifacts\GwennosHarp.cs" to "C:\RunUO\RunUO\Distribution\Debug\net8.0\Scripts\Items\Minor Artifacts\GwennosHarp.cs".
         Copying file from "C:\RunUO\RunUO\Scripts\Items\Minor Artifacts\HeartOfTheLion.cs" to "C:\RunUO\RunUO\Distribution\Debug\net8.0\Scripts\Items\Minor Artifacts\HeartOfTheLion.cs".
         Copying file from "C:\RunUO\RunUO\Scripts\Items\Minor Artifacts\IolosLute.cs" to "C:\RunUO\RunUO\Distribution\Debug\net8.0\Scripts\Items\Minor Artifacts\IolosLute.cs".
         Copying file from "C:\RunUO\RunUO\Scripts\Items\Minor Artifacts\LunaLance.cs" to "C:\RunUO\RunUO\Distribution\Debug\net8.0\Scripts\Items\Minor Artifacts\LunaLance.cs".
         Copying file from "C:\RunUO\RunUO\Scripts\Items\Minor Artifacts\ML\AegisOfGrace.cs" to "C:\RunUO\RunUO\Distribution\Debug\net8.0\Scripts\Items\Minor Artifacts\ML\AegisOfGrace.cs".
         Copying file from "C:\RunUO\RunUO\Scripts\Items\Minor Artifacts\ML\BladeDance.cs" to "C:\RunUO\RunUO\Distribution\Debug\net8.0\Scripts\Items\Minor Artifacts\ML\BladeDance.cs".
         Copying file from "C:\RunUO\RunUO\Scripts\Items\Minor Artifacts\ML\BloodwoodSpirit.cs" to "C:\RunUO\RunUO\Distribution\Debug\net8.0\Scripts\Items\Minor Artifacts\ML\BloodwoodSpirit.cs".
         Copying file from "C:\RunUO\RunUO\Scripts\Items\Minor Artifacts\ML\Bonesmasher.cs" to "C:\RunUO\RunUO\Distribution\Debug\net8.0\Scripts\Items\Minor Artifacts\ML\Bonesmasher.cs".
         Copying file from "C:\RunUO\RunUO\Scripts\Items\Minor Artifacts\ML\Boomstick.cs" to "C:\RunUO\RunUO\Distribution\Debug\net8.0\Scripts\Items\Minor Artifacts\ML\Boomstick.cs".
         Copying file from "C:\RunUO\RunUO\Scripts\Items\Minor Artifacts\ML\BrightsightLenses.cs" to "C:\RunUO\RunUO\Distribution\Debug\net8.0\Scripts\Items\Minor Artifacts\ML\BrightsightLenses.cs".
         Copying file from "C:\RunUO\RunUO\Scripts\Items\Minor Artifacts\ML\FeyLeggings.cs" to "C:\RunUO\RunUO\Distribution\Debug\net8.0\Scripts\Items\Minor Artifacts\ML\FeyLeggings.cs".
         Copying file from "C:\RunUO\RunUO\Scripts\Items\Minor Artifacts\ML\FleshRipper.cs" to "C:\RunUO\RunUO\Distribution\Debug\net8.0\Scripts\Items\Minor Artifacts\ML\FleshRipper.cs".
         Copying file from "C:\RunUO\RunUO\Scripts\Items\Minor Artifacts\ML\HelmOfSwiftness.cs" to "C:\RunUO\RunUO\Distribution\Debug\net8.0\Scripts\Items\Minor Artifacts\ML\HelmOfSwiftness.cs".
         Copying file from "C:\RunUO\RunUO\Scripts\Items\Minor Artifacts\ML\MelisandesCorrodedHatchet.cs" to "C:\RunUO\RunUO\Distribution\Debug\net8.0\Scripts\Items\Minor Artifacts\ML\MelisandesCorrodedHatchet.cs".
         Copying file from "C:\RunUO\RunUO\Scripts\Items\Minor Artifacts\ML\PadsOfTheCuSidhe.cs" to "C:\RunUO\RunUO\Distribution\Debug\net8.0\Scripts\Items\Minor Artifacts\ML\PadsOfTheCuSidhe.cs".
         Copying file from "C:\RunUO\RunUO\Scripts\Items\Minor Artifacts\ML\QuiverOfElements.cs" to "C:\RunUO\RunUO\Distribution\Debug\net8.0\Scripts\Items\Minor Artifacts\ML\QuiverOfElements.cs".
         Copying file from "C:\RunUO\RunUO\Scripts\Items\Minor Artifacts\ML\QuiverOfRage.cs" to "C:\RunUO\RunUO\Distribution\Debug\net8.0\Scripts\Items\Minor Artifacts\ML\QuiverOfRage.cs".
         Copying file from "C:\RunUO\RunUO\Scripts\Items\Minor Artifacts\ML\RaedsGlory.cs" to "C:\RunUO\RunUO\Distribution\Debug\net8.0\Scripts\Items\Minor Artifacts\ML\RaedsGlory.cs".
         Copying file from "C:\RunUO\RunUO\Scripts\Items\Minor Artifacts\ML\RighteousAnger.cs" to "C:\RunUO\RunUO\Distribution\Debug\net8.0\Scripts\Items\Minor Artifacts\ML\RighteousAnger.cs".
         Copying file from "C:\RunUO\RunUO\Scripts\Items\Minor Artifacts\ML\RobeOfTheEclipse.cs" to "C:\RunUO\RunUO\Distribution\Debug\net8.0\Scripts\Items\Minor Artifacts\ML\RobeOfTheEclipse.cs".
         Copying file from "C:\RunUO\RunUO\Scripts\Items\Minor Artifacts\ML\RobeOfTheEquinox.cs" to "C:\RunUO\RunUO\Distribution\Debug\net8.0\Scripts\Items\Minor Artifacts\ML\RobeOfTheEquinox.cs".
         Copying file from "C:\RunUO\RunUO\Scripts\Items\Minor Artifacts\ML\SoulSeeker.cs" to "C:\RunUO\RunUO\Distribution\Debug\net8.0\Scripts\Items\Minor Artifacts\ML\SoulSeeker.cs".
         Copying file from "C:\RunUO\RunUO\Scripts\Items\Minor Artifacts\ML\TalonBite.cs" to "C:\RunUO\RunUO\Distribution\Debug\net8.0\Scripts\Items\Minor Artifacts\ML\TalonBite.cs".
         Copying file from "C:\RunUO\RunUO\Scripts\Items\Minor Artifacts\ML\TotemOfVoid.cs" to "C:\RunUO\RunUO\Distribution\Debug\net8.0\Scripts\Items\Minor Artifacts\ML\TotemOfVoid.cs".
         Copying file from "C:\RunUO\RunUO\Scripts\Items\Minor Artifacts\ML\WildfireBow.cs" to "C:\RunUO\RunUO\Distribution\Debug\net8.0\Scripts\Items\Minor Artifacts\ML\WildfireBow.cs".
         Copying file from "C:\RunUO\RunUO\Scripts\Items\Minor Artifacts\ML\Windsong.cs" to "C:\RunUO\RunUO\Distribution\Debug\net8.0\Scripts\Items\Minor Artifacts\ML\Windsong.cs".
         Copying file from "C:\RunUO\RunUO\Scripts\Items\Minor Artifacts\NightsKiss.cs" to "C:\RunUO\RunUO\Distribution\Debug\net8.0\Scripts\Items\Minor Artifacts\NightsKiss.cs".
         Copying file from "C:\RunUO\RunUO\Scripts\Items\Minor Artifacts\NoxRangersHeavyCrossbow.cs" to "C:\RunUO\RunUO\Distribution\Debug\net8.0\Scripts\Items\Minor Artifacts\NoxRangersHeavyCrossbow.cs".
         Copying file from "C:\RunUO\RunUO\Scripts\Items\Minor Artifacts\OrcishVisage.cs" to "C:\RunUO\RunUO\Distribution\Debug\net8.0\Scripts\Items\Minor Artifacts\OrcishVisage.cs".
         Copying file from "C:\RunUO\RunUO\Scripts\Items\Minor Artifacts\PhillipsWoodenSteed.cs" to "C:\RunUO\RunUO\Distribution\Debug\net8.0\Scripts\Items\Minor Artifacts\PhillipsWoodenSteed.cs".
         Copying file from "C:\RunUO\RunUO\Scripts\Items\Minor Artifacts\PixieSwatter.cs" to "C:\RunUO\RunUO\Distribution\Debug\net8.0\Scripts\Items\Minor Artifacts\PixieSwatter.cs".
         Copying file from "C:\RunUO\RunUO\Scripts\Items\Minor Artifacts\PolarBearMask.cs" to "C:\RunUO\RunUO\Distribution\Debug\net8.0\Scripts\Items\Minor Artifacts\PolarBearMask.cs".
         Copying file from "C:\RunUO\RunUO\Scripts\Items\Minor Artifacts\SeahorseStatuette.cs" to "C:\RunUO\RunUO\Distribution\Debug\net8.0\Scripts\Items\Minor Artifacts\SeahorseStatuette.cs".
         Copying file from "C:\RunUO\RunUO\Scripts\Items\Minor Artifacts\ShieldOfInvulnerability.cs" to "C:\RunUO\RunUO\Distribution\Debug\net8.0\Scripts\Items\Minor Artifacts\ShieldOfInvulnerability.cs".
         Copying file from "C:\RunUO\RunUO\Scripts\Items\Minor Artifacts\ShipModelOfTheHMSCape.cs" to "C:\RunUO\RunUO\Distribution\Debug\net8.0\Scripts\Items\Minor Artifacts\ShipModelOfTheHMSCape.cs".
         Copying file from "C:\RunUO\RunUO\Scripts\Items\Minor Artifacts\StaffOfPower.cs" to "C:\RunUO\RunUO\Distribution\Debug\net8.0\Scripts\Items\Minor Artifacts\StaffOfPower.cs".
         Copying file from "C:\RunUO\RunUO\Scripts\Items\Minor Artifacts\VioletCourage.cs" to "C:\RunUO\RunUO\Distribution\Debug\net8.0\Scripts\Items\Minor Artifacts\VioletCourage.cs".
         Copying file from "C:\RunUO\RunUO\Scripts\Items\Minor Artifacts\WrathOfTheDryad.cs" to "C:\RunUO\RunUO\Distribution\Debug\net8.0\Scripts\Items\Minor Artifacts\WrathOfTheDryad.cs".
         Copying file from "C:\RunUO\RunUO\Scripts\Items\Misc\AcidSlime.cs" to "C:\RunUO\RunUO\Distribution\Debug\net8.0\Scripts\Items\Misc\AcidSlime.cs".
         Copying file from "C:\RunUO\RunUO\Scripts\Items\Misc\ArcaneGem.cs" to "C:\RunUO\RunUO\Distribution\Debug\net8.0\Scripts\Items\Misc\ArcaneGem.cs".
         Copying file from "C:\RunUO\RunUO\Scripts\Items\Misc\BankCheck.cs" to "C:\RunUO\RunUO\Distribution\Debug\net8.0\Scripts\Items\Misc\BankCheck.cs".
         Copying file from "C:\RunUO\RunUO\Scripts\Items\Misc\Bedlam\GlobOfMonstreousInterredGrizzle.cs" to "C:\RunUO\RunUO\Distribution\Debug\net8.0\Scripts\Items\Misc\Bedlam\GlobOfMonstreousInterredGrizzle.cs".
         Copying file from "C:\RunUO\RunUO\Scripts\Items\Misc\Bedlam\GrizzledSkullCollection.cs" to "C:\RunUO\RunUO\Distribution\Debug\net8.0\Scripts\Items\Misc\Bedlam\GrizzledSkullCollection.cs".
         Copying file from "C:\RunUO\RunUO\Scripts\Items\Misc\Bedlam\MonsterousInterredGrizzleMaggots.cs" to "C:\RunUO\RunUO\Distribution\Debug\net8.0\Scripts\Items\Misc\Bedlam\MonsterousInterredGrizzleMaggots.cs".
         Copying file from "C:\RunUO\RunUO\Scripts\Items\Misc\Bedlam\ResolvesBridle.cs" to "C:\RunUO\RunUO\Distribution\Debug\net8.0\Scripts\Items\Misc\Bedlam\ResolvesBridle.cs".
         Copying file from "C:\RunUO\RunUO\Scripts\Items\Misc\Bedlam\TombstoneOfTheDamned.cs" to "C:\RunUO\RunUO\Distribution\Debug\net8.0\Scripts\Items\Misc\Bedlam\TombstoneOfTheDamned.cs".
         Copying file from "C:\RunUO\RunUO\Scripts\Items\Misc\Beeswax.cs" to "C:\RunUO\RunUO\Distribution\Debug\net8.0\Scripts\Items\Misc\Beeswax.cs".
         Copying file from "C:\RunUO\RunUO\Scripts\Items\Misc\Blighted Grove\AbscessTail.cs" to "C:\RunUO\RunUO\Distribution\Debug\net8.0\Scripts\Items\Misc\Blighted Grove\AbscessTail.cs".
         Copying file from "C:\RunUO\RunUO\Scripts\Items\Misc\Blighted Grove\CoilsFang.cs" to "C:\RunUO\RunUO\Distribution\Debug\net8.0\Scripts\Items\Misc\Blighted Grove\CoilsFang.cs".
         Copying file from "C:\RunUO\RunUO\Scripts\Items\Misc\Blighted Grove\EternallyCorruptTree.cs" to "C:\RunUO\RunUO\Distribution\Debug\net8.0\Scripts\Items\Misc\Blighted Grove\EternallyCorruptTree.cs".
         Copying file from "C:\RunUO\RunUO\Scripts\Items\Misc\Blighted Grove\HydraScale.cs" to "C:\RunUO\RunUO\Distribution\Debug\net8.0\Scripts\Items\Misc\Blighted Grove\HydraScale.cs".
         Copying file from "C:\RunUO\RunUO\Scripts\Items\Misc\Blighted Grove\MelisandesFermentedWine.cs" to "C:\RunUO\RunUO\Distribution\Debug\net8.0\Scripts\Items\Misc\Blighted Grove\MelisandesFermentedWine.cs".
         Copying file from "C:\RunUO\RunUO\Scripts\Items\Misc\Blighted Grove\MelisandesHairDye.cs" to "C:\RunUO\RunUO\Distribution\Debug\net8.0\Scripts\Items\Misc\Blighted Grove\MelisandesHairDye.cs".
         Copying file from "C:\RunUO\RunUO\Scripts\Items\Misc\Blighted Grove\SalivasFeather.cs" to "C:\RunUO\RunUO\Distribution\Debug\net8.0\Scripts\Items\Misc\Blighted Grove\SalivasFeather.cs".
         Copying file from "C:\RunUO\RunUO\Scripts\Items\Misc\Blighted Grove\SamplesOfCorruptedWater.cs" to "C:\RunUO\RunUO\Distribution\Debug\net8.0\Scripts\Items\Misc\Blighted Grove\SamplesOfCorruptedWater.cs".
         Copying file from "C:\RunUO\RunUO\Scripts\Items\Misc\Blighted Grove\TaintedSeeds.cs" to "C:\RunUO\RunUO\Distribution\Debug\net8.0\Scripts\Items\Misc\Blighted Grove\TaintedSeeds.cs".
         Copying file from "C:\RunUO\RunUO\Scripts\Items\Misc\Blighted Grove\ThorvaldsMedallion.cs" to "C:\RunUO\RunUO\Distribution\Debug\net8.0\Scripts\Items\Misc\Blighted Grove\ThorvaldsMedallion.cs".
         Copying file from "C:\RunUO\RunUO\Scripts\Items\Misc\Blighted Grove\ThrashersTail.cs" to "C:\RunUO\RunUO\Distribution\Debug\net8.0\Scripts\Items\Misc\Blighted Grove\ThrashersTail.cs".
         Copying file from "C:\RunUO\RunUO\Scripts\Items\Misc\Blocker.cs" to "C:\RunUO\RunUO\Distribution\Debug\net8.0\Scripts\Items\Misc\Blocker.cs".
         Copying file from "C:\RunUO\RunUO\Scripts\Items\Misc\Blood.cs" to "C:\RunUO\RunUO\Distribution\Debug\net8.0\Scripts\Items\Misc\Blood.cs".
         Copying file from "C:\RunUO\RunUO\Scripts\Items\Misc\Bola.cs" to "C:\RunUO\RunUO\Distribution\Debug\net8.0\Scripts\Items\Misc\Bola.cs".
         Copying file from "C:\RunUO\RunUO\Scripts\Items\Misc\BolaBall.cs" to "C:\RunUO\RunUO\Distribution\Debug\net8.0\Scripts\Items\Misc\BolaBall.cs".
         Copying file from "C:\RunUO\RunUO\Scripts\Items\Misc\BulletinBoards.cs" to "C:\RunUO\RunUO\Distribution\Debug\net8.0\Scripts\Items\Misc\BulletinBoards.cs".
         Copying file from "C:\RunUO\RunUO\Scripts\Items\Misc\ClockworkAssembly.cs" to "C:\RunUO\RunUO\Distribution\Debug\net8.0\Scripts\Items\Misc\ClockworkAssembly.cs".
         Copying file from "C:\RunUO\RunUO\Scripts\Items\Misc\CommunicationCrystals.cs" to "C:\RunUO\RunUO\Distribution\Debug\net8.0\Scripts\Items\Misc\CommunicationCrystals.cs".
         Copying file from "C:\RunUO\RunUO\Scripts\Items\Misc\Corpses\Corpse.cs" to "C:\RunUO\RunUO\Distribution\Debug\net8.0\Scripts\Items\Misc\Corpses\Corpse.cs".
         Copying file from "C:\RunUO\RunUO\Scripts\Items\Misc\Corpses\CorpseNameAttribute.cs" to "C:\RunUO\RunUO\Distribution\Debug\net8.0\Scripts\Items\Misc\Corpses\CorpseNameAttribute.cs".
         Copying file from "C:\RunUO\RunUO\Scripts\Items\Misc\Corpses\DecayedCorpse.cs" to "C:\RunUO\RunUO\Distribution\Debug\net8.0\Scripts\Items\Misc\Corpses\DecayedCorpse.cs".
         Copying file from "C:\RunUO\RunUO\Scripts\Items\Misc\Corpses\Packets.cs" to "C:\RunUO\RunUO\Distribution\Debug\net8.0\Scripts\Items\Misc\Corpses\Packets.cs".
         Copying file from "C:\RunUO\RunUO\Scripts\Items\Misc\DeceitBrazier.cs" to "C:\RunUO\RunUO\Distribution\Debug\net8.0\Scripts\Items\Misc\DeceitBrazier.cs".
         Copying file from "C:\RunUO\RunUO\Scripts\Items\Misc\EffectController.cs" to "C:\RunUO\RunUO\Distribution\Debug\net8.0\Scripts\Items\Misc\EffectController.cs".
         Copying file from "C:\RunUO\RunUO\Scripts\Items\Misc\EffectItem.cs" to "C:\RunUO\RunUO\Distribution\Debug\net8.0\Scripts\Items\Misc\EffectItem.cs".
         Copying file from "C:\RunUO\RunUO\Scripts\Items\Misc\ExecutionersCap.cs" to "C:\RunUO\RunUO\Distribution\Debug\net8.0\Scripts\Items\Misc\ExecutionersCap.cs".
         Copying file from "C:\RunUO\RunUO\Scripts\Items\Misc\Firebomb.cs" to "C:\RunUO\RunUO\Distribution\Debug\net8.0\Scripts\Items\Misc\Firebomb.cs".
         Copying file from "C:\RunUO\RunUO\Scripts\Items\Misc\FlipableAddonAttribute.cs" to "C:\RunUO\RunUO\Distribution\Debug\net8.0\Scripts\Items\Misc\FlipableAddonAttribute.cs".
         Copying file from "C:\RunUO\RunUO\Scripts\Items\Misc\FlipableAttribute.cs" to "C:\RunUO\RunUO\Distribution\Debug\net8.0\Scripts\Items\Misc\FlipableAttribute.cs".
         Copying file from "C:\RunUO\RunUO\Scripts\Items\Misc\GlassItems.cs" to "C:\RunUO\RunUO\Distribution\Debug\net8.0\Scripts\Items\Misc\GlassItems.cs".
         Copying file from "C:\RunUO\RunUO\Scripts\Items\Misc\Gold.cs" to "C:\RunUO\RunUO\Distribution\Debug\net8.0\Scripts\Items\Misc\Gold.cs".
         Copying file from "C:\RunUO\RunUO\Scripts\Items\Misc\Guillotine.cs" to "C:\RunUO\RunUO\Distribution\Debug\net8.0\Scripts\Items\Misc\Guillotine.cs".
         Copying file from "C:\RunUO\RunUO\Scripts\Items\Misc\HairDye.cs" to "C:\RunUO\RunUO\Distribution\Debug\net8.0\Scripts\Items\Misc\HairDye.cs".
         Copying file from "C:\RunUO\RunUO\Scripts\Items\Misc\HoveringWisp.cs" to "C:\RunUO\RunUO\Distribution\Debug\net8.0\Scripts\Items\Misc\HoveringWisp.cs".
         Copying file from "C:\RunUO\RunUO\Scripts\Items\Misc\IDurability.cs" to "C:\RunUO\RunUO\Distribution\Debug\net8.0\Scripts\Items\Misc\IDurability.cs".
         Copying file from "C:\RunUO\RunUO\Scripts\Items\Misc\InteriorDecorator.cs" to "C:\RunUO\RunUO\Distribution\Debug\net8.0\Scripts\Items\Misc\InteriorDecorator.cs".
         Copying file from "C:\RunUO\RunUO\Scripts\Items\Misc\Key.cs" to "C:\RunUO\RunUO\Distribution\Debug\net8.0\Scripts\Items\Misc\Key.cs".
         Copying file from "C:\RunUO\RunUO\Scripts\Items\Misc\KeyRing.cs" to "C:\RunUO\RunUO\Distribution\Debug\net8.0\Scripts\Items\Misc\KeyRing.cs".
         Copying file from "C:\RunUO\RunUO\Scripts\Items\Misc\Labyrinth\MinotaurArtifact.cs" to "C:\RunUO\RunUO\Distribution\Debug\net8.0\Scripts\Items\Misc\Labyrinth\MinotaurArtifact.cs".
         Copying file from "C:\RunUO\RunUO\Scripts\Items\Misc\LOSBlocker.cs" to "C:\RunUO\RunUO\Distribution\Debug\net8.0\Scripts\Items\Misc\LOSBlocker.cs".
         Copying file from "C:\RunUO\RunUO\Scripts\Items\Misc\Moonstone.cs" to "C:\RunUO\RunUO\Distribution\Debug\net8.0\Scripts\Items\Misc\Moonstone.cs".
         Copying file from "C:\RunUO\RunUO\Scripts\Items\Misc\MoonstoneGate.cs" to "C:\RunUO\RunUO\Distribution\Debug\net8.0\Scripts\Items\Misc\MoonstoneGate.cs".
         Copying file from "C:\RunUO\RunUO\Scripts\Items\Misc\MorphItem.cs" to "C:\RunUO\RunUO\Distribution\Debug\net8.0\Scripts\Items\Misc\MorphItem.cs".
         Copying file from "C:\RunUO\RunUO\Scripts\Items\Misc\Origami.cs" to "C:\RunUO\RunUO\Distribution\Debug\net8.0\Scripts\Items\Misc\Origami.cs".
         Copying file from "C:\RunUO\RunUO\Scripts\Items\Misc\OilCloth.cs" to "C:\RunUO\RunUO\Distribution\Debug\net8.0\Scripts\Items\Misc\OilCloth.cs".
         Copying file from "C:\RunUO\RunUO\Scripts\Items\Misc\Painted Caves\GrobusFur.cs" to "C:\RunUO\RunUO\Distribution\Debug\net8.0\Scripts\Items\Misc\Painted Caves\GrobusFur.cs".
         Copying file from "C:\RunUO\RunUO\Scripts\Items\Misc\Painted Caves\PrimitiveFetish.cs" to "C:\RunUO\RunUO\Distribution\Debug\net8.0\Scripts\Items\Misc\Painted Caves\PrimitiveFetish.cs".
         Copying file from "C:\RunUO\RunUO\Scripts\Items\Misc\Palace of Paroxysmus\AcidProofRope.cs" to "C:\RunUO\RunUO\Distribution\Debug\net8.0\Scripts\Items\Misc\Palace of Paroxysmus\AcidProofRope.cs".
         Copying file from "C:\RunUO\RunUO\Scripts\Items\Misc\Palace of Paroxysmus\ParoxysmusCorrodedStein.cs" to "C:\RunUO\RunUO\Distribution\Debug\net8.0\Scripts\Items\Misc\Palace of Paroxysmus\ParoxysmusCorrodedStein.cs".
         Copying file from "C:\RunUO\RunUO\Scripts\Items\Misc\Palace of Paroxysmus\ParoxysmusDinner.cs" to "C:\RunUO\RunUO\Distribution\Debug\net8.0\Scripts\Items\Misc\Palace of Paroxysmus\ParoxysmusDinner.cs".
         Copying file from "C:\RunUO\RunUO\Scripts\Items\Misc\Palace of Paroxysmus\StringOfPartsOfParoxysmusVictims.cs" to "C:\RunUO\RunUO\Distribution\Debug\net8.0\Scripts\Items\Misc\Palace of Paroxysmus\StringOfPartsOfParoxysmusVictims.cs".
         Copying file from "C:\RunUO\RunUO\Scripts\Items\Misc\Palace of Paroxysmus\SweatOfParoxysmus.cs" to "C:\RunUO\RunUO\Distribution\Debug\net8.0\Scripts\Items\Misc\Palace of Paroxysmus\SweatOfParoxysmus.cs".
         Copying file from "C:\RunUO\RunUO\Scripts\Items\Misc\PlayerBulletinBoards.cs" to "C:\RunUO\RunUO\Distribution\Debug\net8.0\Scripts\Items\Misc\PlayerBulletinBoards.cs".
         Copying file from "C:\RunUO\RunUO\Scripts\Items\Misc\PlayerVendorDeed.cs" to "C:\RunUO\RunUO\Distribution\Debug\net8.0\Scripts\Items\Misc\PlayerVendorDeed.cs".
         Copying file from "C:\RunUO\RunUO\Scripts\Items\Misc\PoolOfAcid.cs" to "C:\RunUO\RunUO\Distribution\Debug\net8.0\Scripts\Items\Misc\PoolOfAcid.cs".
         Copying file from "C:\RunUO\RunUO\Scripts\Items\Misc\PowerCrystal.cs" to "C:\RunUO\RunUO\Distribution\Debug\net8.0\Scripts\Items\Misc\PowerCrystal.cs".
         Copying file from "C:\RunUO\RunUO\Scripts\Items\Misc\PowerGenerator.cs" to "C:\RunUO\RunUO\Distribution\Debug\net8.0\Scripts\Items\Misc\PowerGenerator.cs".
         Copying file from "C:\RunUO\RunUO\Scripts\Items\Misc\Prism of Light\CrystallineFragments.cs" to "C:\RunUO\RunUO\Distribution\Debug\net8.0\Scripts\Items\Misc\Prism of Light\CrystallineFragments.cs".
         Copying file from "C:\RunUO\RunUO\Scripts\Items\Misc\Prism of Light\IcyHeart.cs" to "C:\RunUO\RunUO\Distribution\Debug\net8.0\Scripts\Items\Misc\Prism of Light\IcyHeart.cs".
         Copying file from "C:\RunUO\RunUO\Scripts\Items\Misc\Prism of Light\LuckyDagger.cs" to "C:\RunUO\RunUO\Distribution\Debug\net8.0\Scripts\Items\Misc\Prism of Light\LuckyDagger.cs".
         Copying file from "C:\RunUO\RunUO\Scripts\Items\Misc\Prism of Light\ProtectorsEssence.cs" to "C:\RunUO\RunUO\Distribution\Debug\net8.0\Scripts\Items\Misc\Prism of Light\ProtectorsEssence.cs".
         Copying file from "C:\RunUO\RunUO\Scripts\Items\Misc\Prism of Light\ShimmeringCrystal.cs" to "C:\RunUO\RunUO\Distribution\Debug\net8.0\Scripts\Items\Misc\Prism of Light\ShimmeringCrystal.cs".
         Copying file from "C:\RunUO\RunUO\Scripts\Items\Misc\PromotionalToken.cs" to "C:\RunUO\RunUO\Distribution\Debug\net8.0\Scripts\Items\Misc\PromotionalToken.cs".
         Copying file from "C:\RunUO\RunUO\Scripts\Items\Misc\PublicMoongate.cs" to "C:\RunUO\RunUO\Distribution\Debug\net8.0\Scripts\Items\Misc\PublicMoongate.cs".
         Copying file from "C:\RunUO\RunUO\Scripts\Items\Misc\Rares.cs" to "C:\RunUO\RunUO\Distribution\Debug\net8.0\Scripts\Items\Misc\Rares.cs".
         Copying file from "C:\RunUO\RunUO\Scripts\Items\Misc\Scales.cs" to "C:\RunUO\RunUO\Distribution\Debug\net8.0\Scripts\Items\Misc\Scales.cs".
         Copying file from "C:\RunUO\RunUO\Scripts\Items\Misc\SerpentPillar.cs" to "C:\RunUO\RunUO\Distribution\Debug\net8.0\Scripts\Items\Misc\SerpentPillar.cs".
         Copying file from "C:\RunUO\RunUO\Scripts\Items\Misc\SpecialBeardDye.cs" to "C:\RunUO\RunUO\Distribution\Debug\net8.0\Scripts\Items\Misc\SpecialBeardDye.cs".
         Copying file from "C:\RunUO\RunUO\Scripts\Items\Misc\SpecialHairDye.cs" to "C:\RunUO\RunUO\Distribution\Debug\net8.0\Scripts\Items\Misc\SpecialHairDye.cs".
         Copying file from "C:\RunUO\RunUO\Scripts\Items\Misc\Static.cs" to "C:\RunUO\RunUO\Distribution\Debug\net8.0\Scripts\Items\Misc\Static.cs".
         Copying file from "C:\RunUO\RunUO\Scripts\Items\Misc\SwarmOfFlies.cs" to "C:\RunUO\RunUO\Distribution\Debug\net8.0\Scripts\Items\Misc\SwarmOfFlies.cs".
         Copying file from "C:\RunUO\RunUO\Scripts\Items\Misc\Teleporter.cs" to "C:\RunUO\RunUO\Distribution\Debug\net8.0\Scripts\Items\Misc\Teleporter.cs".
         Copying file from "C:\RunUO\RunUO\Scripts\Items\Misc\The Citadel\DragonFlameSectBadge.cs" to "C:\RunUO\RunUO\Distribution\Debug\net8.0\Scripts\Items\Misc\The Citadel\DragonFlameSectBadge.cs".
         Copying file from "C:\RunUO\RunUO\Scripts\Items\Misc\The Citadel\OrdersFromMinax.cs" to "C:\RunUO\RunUO\Distribution\Debug\net8.0\Scripts\Items\Misc\The Citadel\OrdersFromMinax.cs".
         Copying file from "C:\RunUO\RunUO\Scripts\Items\Misc\The Citadel\SerpentFangSectBadge.cs" to "C:\RunUO\RunUO\Distribution\Debug\net8.0\Scripts\Items\Misc\The Citadel\SerpentFangSectBadge.cs".
         Copying file from "C:\RunUO\RunUO\Scripts\Items\Misc\The Citadel\TigerClawSectBadge.cs" to "C:\RunUO\RunUO\Distribution\Debug\net8.0\Scripts\Items\Misc\The Citadel\TigerClawSectBadge.cs".
         Copying file from "C:\RunUO\RunUO\Scripts\Items\Misc\The Citadel\TravestysCollectionOfShells.cs" to "C:\RunUO\RunUO\Distribution\Debug\net8.0\Scripts\Items\Misc\The Citadel\TravestysCollectionOfShells.cs".
         Copying file from "C:\RunUO\RunUO\Scripts\Items\Misc\The Citadel\TravestysFineTeakwoodTray.cs" to "C:\RunUO\RunUO\Distribution\Debug\net8.0\Scripts\Items\Misc\The Citadel\TravestysFineTeakwoodTray.cs".
         Copying file from "C:\RunUO\RunUO\Scripts\Items\Misc\The Citadel\TravestysSushiPreparations.cs" to "C:\RunUO\RunUO\Distribution\Debug\net8.0\Scripts\Items\Misc\The Citadel\TravestysSushiPreparations.cs".
         Copying file from "C:\RunUO\RunUO\Scripts\Items\Misc\TrashBarrel.cs" to "C:\RunUO\RunUO\Distribution\Debug\net8.0\Scripts\Items\Misc\TrashBarrel.cs".
         Copying file from "C:\RunUO\RunUO\Scripts\Items\Misc\TrashChest.cs" to "C:\RunUO\RunUO\Distribution\Debug\net8.0\Scripts\Items\Misc\TrashChest.cs".
         Copying file from "C:\RunUO\RunUO\Scripts\Items\Misc\TribalBerry.cs" to "C:\RunUO\RunUO\Distribution\Debug\net8.0\Scripts\Items\Misc\TribalBerry.cs".
         Copying file from "C:\RunUO\RunUO\Scripts\Items\Misc\TribalPaint.cs" to "C:\RunUO\RunUO\Distribution\Debug\net8.0\Scripts\Items\Misc\TribalPaint.cs".
         Copying file from "C:\RunUO\RunUO\Scripts\Items\Misc\Twisted Weald\MangledHeadOfDreadhorn.cs" to "C:\RunUO\RunUO\Distribution\Debug\net8.0\Scripts\Items\Misc\Twisted Weald\MangledHeadOfDreadhorn.cs".
         Copying file from "C:\RunUO\RunUO\Scripts\Items\Misc\Twisted Weald\HornOfTheDreadhorn.cs" to "C:\RunUO\RunUO\Distribution\Debug\net8.0\Scripts\Items\Misc\Twisted Weald\HornOfTheDreadhorn.cs".
         Copying file from "C:\RunUO\RunUO\Scripts\Items\Misc\Twisted Weald\TaintedMushroom.cs" to "C:\RunUO\RunUO\Distribution\Debug\net8.0\Scripts\Items\Misc\Twisted Weald\TaintedMushroom.cs".
         Copying file from "C:\RunUO\RunUO\Scripts\Items\Misc\UnholyBone.cs" to "C:\RunUO\RunUO\Distribution\Debug\net8.0\Scripts\Items\Misc\UnholyBone.cs".
         Copying file from "C:\RunUO\RunUO\Scripts\Items\Misc\WarningItem.cs" to "C:\RunUO\RunUO\Distribution\Debug\net8.0\Scripts\Items\Misc\WarningItem.cs".
         Copying file from "C:\RunUO\RunUO\Scripts\Items\Misc\Waypoint.cs" to "C:\RunUO\RunUO\Distribution\Debug\net8.0\Scripts\Items\Misc\Waypoint.cs".
         Copying file from "C:\RunUO\RunUO\Scripts\Items\Misc\WindChimes.cs" to "C:\RunUO\RunUO\Distribution\Debug\net8.0\Scripts\Items\Misc\WindChimes.cs".
         Copying file from "C:\RunUO\RunUO\Scripts\Items\New Haven Quest Rewards\AmeliasToolbox.cs" to "C:\RunUO\RunUO\Distribution\Debug\net8.0\Scripts\Items\New Haven Quest Rewards\AmeliasToolbox.cs".
         Copying file from "C:\RunUO\RunUO\Scripts\Items\New Haven Quest Rewards\ArmsOfArmstrong.cs" to "C:\RunUO\RunUO\Distribution\Debug\net8.0\Scripts\Items\New Haven Quest Rewards\ArmsOfArmstrong.cs".
         Copying file from "C:\RunUO\RunUO\Scripts\Items\New Haven Quest Rewards\BagOfNecromancerReagents.cs" to "C:\RunUO\RunUO\Distribution\Debug\net8.0\Scripts\Items\New Haven Quest Rewards\BagOfNecromancerReagents.cs".
         Copying file from "C:\RunUO\RunUO\Scripts\Items\New Haven Quest Rewards\BagOfSmokeBombs.cs" to "C:\RunUO\RunUO\Distribution\Debug\net8.0\Scripts\Items\New Haven Quest Rewards\BagOfSmokeBombs.cs".
         Copying file from "C:\RunUO\RunUO\Scripts\Items\New Haven Quest Rewards\BraceletOfResilience.cs" to "C:\RunUO\RunUO\Distribution\Debug\net8.0\Scripts\Items\New Haven Quest Rewards\BraceletOfResilience.cs".
         Copying file from "C:\RunUO\RunUO\Scripts\Items\New Haven Quest Rewards\BulwarkLeggings.cs" to "C:\RunUO\RunUO\Distribution\Debug\net8.0\Scripts\Items\New Haven Quest Rewards\BulwarkLeggings.cs".
         Copying file from "C:\RunUO\RunUO\Scripts\Items\New Haven Quest Rewards\ChurchillsWarMace.cs" to "C:\RunUO\RunUO\Distribution\Debug\net8.0\Scripts\Items\New Haven Quest Rewards\ChurchillsWarMace.cs".
         Copying file from "C:\RunUO\RunUO\Scripts\Items\New Haven Quest Rewards\ClaspOfConcentration.cs" to "C:\RunUO\RunUO\Distribution\Debug\net8.0\Scripts\Items\New Haven Quest Rewards\ClaspOfConcentration.cs".
         Copying file from "C:\RunUO\RunUO\Scripts\Items\New Haven Quest Rewards\EmberStaff.cs" to "C:\RunUO\RunUO\Distribution\Debug\net8.0\Scripts\Items\New Haven Quest Rewards\EmberStaff.cs".
         Copying file from "C:\RunUO\RunUO\Scripts\Items\New Haven Quest Rewards\EscutcheonDeAriadne.cs" to "C:\RunUO\RunUO\Distribution\Debug\net8.0\Scripts\Items\New Haven Quest Rewards\EscutcheonDeAriadne.cs".
         Copying file from "C:\RunUO\RunUO\Scripts\Items\New Haven Quest Rewards\GlovesOfSafeguarding.cs" to "C:\RunUO\RunUO\Distribution\Debug\net8.0\Scripts\Items\New Haven Quest Rewards\GlovesOfSafeguarding.cs".
         Copying file from "C:\RunUO\RunUO\Scripts\Items\New Haven Quest Rewards\HallowedSpellbook.cs" to "C:\RunUO\RunUO\Distribution\Debug\net8.0\Scripts\Items\New Haven Quest Rewards\HallowedSpellbook.cs".
         Copying file from "C:\RunUO\RunUO\Scripts\Items\New Haven Quest Rewards\HammerOfHephaestus.cs" to "C:\RunUO\RunUO\Distribution\Debug\net8.0\Scripts\Items\New Haven Quest Rewards\HammerOfHephaestus.cs".
         Copying file from "C:\RunUO\RunUO\Scripts\Items\New Haven Quest Rewards\HealersTouch.cs" to "C:\RunUO\RunUO\Distribution\Debug\net8.0\Scripts\Items\New Haven Quest Rewards\HealersTouch.cs".
         Copying file from "C:\RunUO\RunUO\Scripts\Items\New Haven Quest Rewards\Heartseeker.cs" to "C:\RunUO\RunUO\Distribution\Debug\net8.0\Scripts\Items\New Haven Quest Rewards\Heartseeker.cs".
         Copying file from "C:\RunUO\RunUO\Scripts\Items\New Haven Quest Rewards\JacobsPickaxe.cs" to "C:\RunUO\RunUO\Distribution\Debug\net8.0\Scripts\Items\New Haven Quest Rewards\JacobsPickaxe.cs".
         Copying file from "C:\RunUO\RunUO\Scripts\Items\New Haven Quest Rewards\JocklesQuicksword.cs" to "C:\RunUO\RunUO\Distribution\Debug\net8.0\Scripts\Items\New Haven Quest Rewards\JocklesQuicksword.cs".
         Copying file from "C:\RunUO\RunUO\Scripts\Items\New Haven Quest Rewards\PhilosophersHat.cs" to "C:\RunUO\RunUO\Distribution\Debug\net8.0\Scripts\Items\New Haven Quest Rewards\PhilosophersHat.cs".
         Copying file from "C:\RunUO\RunUO\Scripts\Items\New Haven Quest Rewards\RingOfTheSavant.cs" to "C:\RunUO\RunUO\Distribution\Debug\net8.0\Scripts\Items\New Haven Quest Rewards\RingOfTheSavant.cs".
         Copying file from "C:\RunUO\RunUO\Scripts\Items\New Haven Quest Rewards\RecarosRiposte.cs" to "C:\RunUO\RunUO\Distribution\Debug\net8.0\Scripts\Items\New Haven Quest Rewards\RecarosRiposte.cs".
         Copying file from "C:\RunUO\RunUO\Scripts\Items\New Haven Quest Rewards\SilverSerpentBlade.cs" to "C:\RunUO\RunUO\Distribution\Debug\net8.0\Scripts\Items\New Haven Quest Rewards\SilverSerpentBlade.cs".
         Copying file from "C:\RunUO\RunUO\Scripts\Items\New Haven Quest Rewards\TheDragonsTail.cs" to "C:\RunUO\RunUO\Distribution\Debug\net8.0\Scripts\Items\New Haven Quest Rewards\TheDragonsTail.cs".
         Copying file from "C:\RunUO\RunUO\Scripts\Items\New Haven Quest Rewards\TunicOfGuarding.cs" to "C:\RunUO\RunUO\Distribution\Debug\net8.0\Scripts\Items\New Haven Quest Rewards\TunicOfGuarding.cs".
         Copying file from "C:\RunUO\RunUO\Scripts\Items\New Haven Quest Rewards\TwilightJacket.cs" to "C:\RunUO\RunUO\Distribution\Debug\net8.0\Scripts\Items\New Haven Quest Rewards\TwilightJacket.cs".
         Copying file from "C:\RunUO\RunUO\Scripts\Items\New Haven Quest Rewards\WalkersLeggings.cs" to "C:\RunUO\RunUO\Distribution\Debug\net8.0\Scripts\Items\New Haven Quest Rewards\WalkersLeggings.cs".
         Copying file from "C:\RunUO\RunUO\Scripts\Items\PlantsFlowers\Potted\EmptyPots.cs" to "C:\RunUO\RunUO\Distribution\Debug\net8.0\Scripts\Items\PlantsFlowers\Potted\EmptyPots.cs".
         Copying file from "C:\RunUO\RunUO\Scripts\Items\PlantsFlowers\Potted\PottedCactus.cs" to "C:\RunUO\RunUO\Distribution\Debug\net8.0\Scripts\Items\PlantsFlowers\Potted\PottedCactus.cs".
         Copying file from "C:\RunUO\RunUO\Scripts\Items\PlantsFlowers\Potted\PottedPlants.cs" to "C:\RunUO\RunUO\Distribution\Debug\net8.0\Scripts\Items\PlantsFlowers\Potted\PottedPlants.cs".
         Copying file from "C:\RunUO\RunUO\Scripts\Items\PlantsFlowers\Potted\PottedTrees.cs" to "C:\RunUO\RunUO\Distribution\Debug\net8.0\Scripts\Items\PlantsFlowers\Potted\PottedTrees.cs".
         Copying file from "C:\RunUO\RunUO\Scripts\Items\Quivers\BaseQuiver.cs" to "C:\RunUO\RunUO\Distribution\Debug\net8.0\Scripts\Items\Quivers\BaseQuiver.cs".
         Copying file from "C:\RunUO\RunUO\Scripts\Items\Quivers\QuiverOfBlight.cs" to "C:\RunUO\RunUO\Distribution\Debug\net8.0\Scripts\Items\Quivers\QuiverOfBlight.cs".
         Copying file from "C:\RunUO\RunUO\Scripts\Items\Quivers\ElvenQuiver.cs" to "C:\RunUO\RunUO\Distribution\Debug\net8.0\Scripts\Items\Quivers\ElvenQuiver.cs".
         Copying file from "C:\RunUO\RunUO\Scripts\Items\Quivers\QuiverOfFire.cs" to "C:\RunUO\RunUO\Distribution\Debug\net8.0\Scripts\Items\Quivers\QuiverOfFire.cs".
         Copying file from "C:\RunUO\RunUO\Scripts\Items\Quivers\QuiverOfIce.cs" to "C:\RunUO\RunUO\Distribution\Debug\net8.0\Scripts\Items\Quivers\QuiverOfIce.cs".
         Copying file from "C:\RunUO\RunUO\Scripts\Items\Quivers\QuiverOfLightning.cs" to "C:\RunUO\RunUO\Distribution\Debug\net8.0\Scripts\Items\Quivers\QuiverOfLightning.cs".
         Copying file from "C:\RunUO\RunUO\Scripts\Items\Resources\Arrows\Arrow.cs" to "C:\RunUO\RunUO\Distribution\Debug\net8.0\Scripts\Items\Resources\Arrows\Arrow.cs".
         Copying file from "C:\RunUO\RunUO\Scripts\Items\Resources\Arrows\Bolt.cs" to "C:\RunUO\RunUO\Distribution\Debug\net8.0\Scripts\Items\Resources\Arrows\Bolt.cs".
         Copying file from "C:\RunUO\RunUO\Scripts\Items\Resources\Arrows\Feather.cs" to "C:\RunUO\RunUO\Distribution\Debug\net8.0\Scripts\Items\Resources\Arrows\Feather.cs".
         Copying file from "C:\RunUO\RunUO\Scripts\Items\Resources\Arrows\Shaft.cs" to "C:\RunUO\RunUO\Distribution\Debug\net8.0\Scripts\Items\Resources\Arrows\Shaft.cs".
         Copying file from "C:\RunUO\RunUO\Scripts\Items\Resources\Blacksmithing\Ingots.cs" to "C:\RunUO\RunUO\Distribution\Debug\net8.0\Scripts\Items\Resources\Blacksmithing\Ingots.cs".
         Copying file from "C:\RunUO\RunUO\Scripts\Items\Resources\Blacksmithing\Ore.cs" to "C:\RunUO\RunUO\Distribution\Debug\net8.0\Scripts\Items\Resources\Blacksmithing\Ore.cs".
         Copying file from "C:\RunUO\RunUO\Scripts\Items\Resources\Blacksmithing\Scales.cs" to "C:\RunUO\RunUO\Distribution\Debug\net8.0\Scripts\Items\Resources\Blacksmithing\Scales.cs".
         Copying file from "C:\RunUO\RunUO\Scripts\Items\Resources\Fishing\BigFish.cs" to "C:\RunUO\RunUO\Distribution\Debug\net8.0\Scripts\Items\Resources\Fishing\BigFish.cs".
         Copying file from "C:\RunUO\RunUO\Scripts\Items\Resources\Fishing\Fish.cs" to "C:\RunUO\RunUO\Distribution\Debug\net8.0\Scripts\Items\Resources\Fishing\Fish.cs".
         Copying file from "C:\RunUO\RunUO\Scripts\Items\Resources\Fishing\MagicFish.cs" to "C:\RunUO\RunUO\Distribution\Debug\net8.0\Scripts\Items\Resources\Fishing\MagicFish.cs".
         Copying file from "C:\RunUO\RunUO\Scripts\Items\Resources\Masonry\Granite.cs" to "C:\RunUO\RunUO\Distribution\Debug\net8.0\Scripts\Items\Resources\Masonry\Granite.cs".
         Copying file from "C:\RunUO\RunUO\Scripts\Items\Resources\MiscMLResources.cs" to "C:\RunUO\RunUO\Distribution\Debug\net8.0\Scripts\Items\Resources\MiscMLResources.cs".
         Copying file from "C:\RunUO\RunUO\Scripts\Items\Resources\Reagents\BagOfAllReagents.cs" to "C:\RunUO\RunUO\Distribution\Debug\net8.0\Scripts\Items\Resources\Reagents\BagOfAllReagents.cs".
         Copying file from "C:\RunUO\RunUO\Scripts\Items\Resources\Reagents\BagOfReagents.cs" to "C:\RunUO\RunUO\Distribution\Debug\net8.0\Scripts\Items\Resources\Reagents\BagOfReagents.cs".
         Copying file from "C:\RunUO\RunUO\Scripts\Items\Resources\Reagents\BagOfNecroReagents.cs" to "C:\RunUO\RunUO\Distribution\Debug\net8.0\Scripts\Items\Resources\Reagents\BagOfNecroReagents.cs".
         Copying file from "C:\RunUO\RunUO\Scripts\Items\Resources\Reagents\BaseReagent.cs" to "C:\RunUO\RunUO\Distribution\Debug\net8.0\Scripts\Items\Resources\Reagents\BaseReagent.cs".
         Copying file from "C:\RunUO\RunUO\Scripts\Items\Resources\Reagents\BatWing.cs" to "C:\RunUO\RunUO\Distribution\Debug\net8.0\Scripts\Items\Resources\Reagents\BatWing.cs".
         Copying file from "C:\RunUO\RunUO\Scripts\Items\Resources\Reagents\BlackPearl.cs" to "C:\RunUO\RunUO\Distribution\Debug\net8.0\Scripts\Items\Resources\Reagents\BlackPearl.cs".
         Copying file from "C:\RunUO\RunUO\Scripts\Items\Resources\Reagents\Bloodmoss.cs" to "C:\RunUO\RunUO\Distribution\Debug\net8.0\Scripts\Items\Resources\Reagents\Bloodmoss.cs".
         Copying file from "C:\RunUO\RunUO\Scripts\Items\Resources\Reagents\DaemonBlood.cs" to "C:\RunUO\RunUO\Distribution\Debug\net8.0\Scripts\Items\Resources\Reagents\DaemonBlood.cs".
         Copying file from "C:\RunUO\RunUO\Scripts\Items\Resources\Reagents\DaemonBone.cs" to "C:\RunUO\RunUO\Distribution\Debug\net8.0\Scripts\Items\Resources\Reagents\DaemonBone.cs".
         Copying file from "C:\RunUO\RunUO\Scripts\Items\Resources\Reagents\DeadWood.cs" to "C:\RunUO\RunUO\Distribution\Debug\net8.0\Scripts\Items\Resources\Reagents\DeadWood.cs".
         Copying file from "C:\RunUO\RunUO\Scripts\Items\Resources\Reagents\Garlic.cs" to "C:\RunUO\RunUO\Distribution\Debug\net8.0\Scripts\Items\Resources\Reagents\Garlic.cs".
         Copying file from "C:\RunUO\RunUO\Scripts\Items\Resources\Reagents\Ginseng.cs" to "C:\RunUO\RunUO\Distribution\Debug\net8.0\Scripts\Items\Resources\Reagents\Ginseng.cs".
         Copying file from "C:\RunUO\RunUO\Scripts\Items\Resources\Reagents\GraveDust.cs" to "C:\RunUO\RunUO\Distribution\Debug\net8.0\Scripts\Items\Resources\Reagents\GraveDust.cs".
         Copying file from "C:\RunUO\RunUO\Scripts\Items\Resources\Reagents\MandrakeRoot.cs" to "C:\RunUO\RunUO\Distribution\Debug\net8.0\Scripts\Items\Resources\Reagents\MandrakeRoot.cs".
         Copying file from "C:\RunUO\RunUO\Scripts\Items\Resources\Reagents\Nightshade.cs" to "C:\RunUO\RunUO\Distribution\Debug\net8.0\Scripts\Items\Resources\Reagents\Nightshade.cs".
         Copying file from "C:\RunUO\RunUO\Scripts\Items\Resources\Reagents\PigIron.cs" to "C:\RunUO\RunUO\Distribution\Debug\net8.0\Scripts\Items\Resources\Reagents\PigIron.cs".
         Copying file from "C:\RunUO\RunUO\Scripts\Items\Resources\Reagents\NoxCrystal.cs" to "C:\RunUO\RunUO\Distribution\Debug\net8.0\Scripts\Items\Resources\Reagents\NoxCrystal.cs".
         Copying file from "C:\RunUO\RunUO\Scripts\Items\Resources\Reagents\SpidersSilk.cs" to "C:\RunUO\RunUO\Distribution\Debug\net8.0\Scripts\Items\Resources\Reagents\SpidersSilk.cs".
         Copying file from "C:\RunUO\RunUO\Scripts\Items\Resources\Reagents\SulfurousAsh.cs" to "C:\RunUO\RunUO\Distribution\Debug\net8.0\Scripts\Items\Resources\Reagents\SulfurousAsh.cs".
         Copying file from "C:\RunUO\RunUO\Scripts\Items\Resources\Tailor\BoltOfCloth.cs" to "C:\RunUO\RunUO\Distribution\Debug\net8.0\Scripts\Items\Resources\Tailor\BoltOfCloth.cs".
         Copying file from "C:\RunUO\RunUO\Scripts\Items\Resources\Tailor\Bone.cs" to "C:\RunUO\RunUO\Distribution\Debug\net8.0\Scripts\Items\Resources\Tailor\Bone.cs".
         Copying file from "C:\RunUO\RunUO\Scripts\Items\Resources\Tailor\Cloth.cs" to "C:\RunUO\RunUO\Distribution\Debug\net8.0\Scripts\Items\Resources\Tailor\Cloth.cs".
         Copying file from "C:\RunUO\RunUO\Scripts\Items\Resources\Tailor\Cotton.cs" to "C:\RunUO\RunUO\Distribution\Debug\net8.0\Scripts\Items\Resources\Tailor\Cotton.cs".
         Copying file from "C:\RunUO\RunUO\Scripts\Items\Resources\Tailor\Flax.cs" to "C:\RunUO\RunUO\Distribution\Debug\net8.0\Scripts\Items\Resources\Tailor\Flax.cs".
         Copying file from "C:\RunUO\RunUO\Scripts\Items\Resources\Tailor\Hides.cs" to "C:\RunUO\RunUO\Distribution\Debug\net8.0\Scripts\Items\Resources\Tailor\Hides.cs".
         Copying file from "C:\RunUO\RunUO\Scripts\Items\Resources\Tailor\Leathers.cs" to "C:\RunUO\RunUO\Distribution\Debug\net8.0\Scripts\Items\Resources\Tailor\Leathers.cs".
         Copying file from "C:\RunUO\RunUO\Scripts\Items\Resources\Tailor\UncutCloth.cs" to "C:\RunUO\RunUO\Distribution\Debug\net8.0\Scripts\Items\Resources\Tailor\UncutCloth.cs".
         Copying file from "C:\RunUO\RunUO\Scripts\Items\Resources\Tailor\Wool.cs" to "C:\RunUO\RunUO\Distribution\Debug\net8.0\Scripts\Items\Resources\Tailor\Wool.cs".
         Copying file from "C:\RunUO\RunUO\Scripts\Items\Shields\Artifacts\Aegis.cs" to "C:\RunUO\RunUO\Distribution\Debug\net8.0\Scripts\Items\Shields\Artifacts\Aegis.cs".
         Copying file from "C:\RunUO\RunUO\Scripts\Items\Resources\Tailor\YarnsAndThreads.cs" to "C:\RunUO\RunUO\Distribution\Debug\net8.0\Scripts\Items\Resources\Tailor\YarnsAndThreads.cs".
         Copying file from "C:\RunUO\RunUO\Scripts\Items\Shields\Artifacts\ArcaneShield.cs" to "C:\RunUO\RunUO\Distribution\Debug\net8.0\Scripts\Items\Shields\Artifacts\ArcaneShield.cs".
         Copying file from "C:\RunUO\RunUO\Scripts\Items\Shields\BaseShield.cs" to "C:\RunUO\RunUO\Distribution\Debug\net8.0\Scripts\Items\Shields\BaseShield.cs".
         Copying file from "C:\RunUO\RunUO\Scripts\Items\Shields\BronzeShield.cs" to "C:\RunUO\RunUO\Distribution\Debug\net8.0\Scripts\Items\Shields\BronzeShield.cs".
         Copying file from "C:\RunUO\RunUO\Scripts\Items\Shields\Buckler.cs" to "C:\RunUO\RunUO\Distribution\Debug\net8.0\Scripts\Items\Shields\Buckler.cs".
         Copying file from "C:\RunUO\RunUO\Scripts\Items\Shields\ChaosShield.cs" to "C:\RunUO\RunUO\Distribution\Debug\net8.0\Scripts\Items\Shields\ChaosShield.cs".
         Copying file from "C:\RunUO\RunUO\Scripts\Items\Shields\HeaterShield.cs" to "C:\RunUO\RunUO\Distribution\Debug\net8.0\Scripts\Items\Shields\HeaterShield.cs".
         Copying file from "C:\RunUO\RunUO\Scripts\Items\Shields\MetalKiteShield.cs" to "C:\RunUO\RunUO\Distribution\Debug\net8.0\Scripts\Items\Shields\MetalKiteShield.cs".
         Copying file from "C:\RunUO\RunUO\Scripts\Items\Shields\MetalShield.cs" to "C:\RunUO\RunUO\Distribution\Debug\net8.0\Scripts\Items\Shields\MetalShield.cs".
         Copying file from "C:\RunUO\RunUO\Scripts\Items\Shields\OrderShield.cs" to "C:\RunUO\RunUO\Distribution\Debug\net8.0\Scripts\Items\Shields\OrderShield.cs".
         Copying file from "C:\RunUO\RunUO\Scripts\Items\Shields\WoodenKiteShield.cs" to "C:\RunUO\RunUO\Distribution\Debug\net8.0\Scripts\Items\Shields\WoodenKiteShield.cs".
         Copying file from "C:\RunUO\RunUO\Scripts\Items\Shields\WoodenShield.cs" to "C:\RunUO\RunUO\Distribution\Debug\net8.0\Scripts\Items\Shields\WoodenShield.cs".
         Copying file from "C:\RunUO\RunUO\Scripts\Items\Skill Items\Blacksmith Items\Misc\AnvilForge.cs" to "C:\RunUO\RunUO\Distribution\Debug\net8.0\Scripts\Items\Skill Items\Blacksmith Items\Misc\AnvilForge.cs".
         Copying file from "C:\RunUO\RunUO\Scripts\Items\Skill Items\Blacksmith Items\Misc\LargeForge.cs" to "C:\RunUO\RunUO\Distribution\Debug\net8.0\Scripts\Items\Skill Items\Blacksmith Items\Misc\LargeForge.cs".
         Copying file from "C:\RunUO\RunUO\Scripts\Items\Skill Items\Camping\Bedroll.cs" to "C:\RunUO\RunUO\Distribution\Debug\net8.0\Scripts\Items\Skill Items\Camping\Bedroll.cs".
         Copying file from "C:\RunUO\RunUO\Scripts\Items\Skill Items\Camping\Campfire.cs" to "C:\RunUO\RunUO\Distribution\Debug\net8.0\Scripts\Items\Skill Items\Camping\Campfire.cs".
         Copying file from "C:\RunUO\RunUO\Scripts\Items\Skill Items\Camping\Kindling.cs" to "C:\RunUO\RunUO\Distribution\Debug\net8.0\Scripts\Items\Skill Items\Camping\Kindling.cs".
         Copying file from "C:\RunUO\RunUO\Scripts\Items\Skill Items\Carpenter Items\TaxidermyKit.cs" to "C:\RunUO\RunUO\Distribution\Debug\net8.0\Scripts\Items\Skill Items\Carpenter Items\TaxidermyKit.cs".
         Copying file from "C:\RunUO\RunUO\Scripts\Items\Skill Items\Carpenter Items\Board.cs" to "C:\RunUO\RunUO\Distribution\Debug\net8.0\Scripts\Items\Skill Items\Carpenter Items\Board.cs".
         Copying file from "C:\RunUO\RunUO\Scripts\Items\Skill Items\Fishing\FishingPole.cs" to "C:\RunUO\RunUO\Distribution\Debug\net8.0\Scripts\Items\Skill Items\Fishing\FishingPole.cs".
         Copying file from "C:\RunUO\RunUO\Scripts\Items\Skill Items\Fishing\Misc\MessageInABottle.cs" to "C:\RunUO\RunUO\Distribution\Debug\net8.0\Scripts\Items\Skill Items\Fishing\Misc\MessageInABottle.cs".
         Copying file from "C:\RunUO\RunUO\Scripts\Items\Skill Items\Fishing\Misc\Sextant.cs" to "C:\RunUO\RunUO\Distribution\Debug\net8.0\Scripts\Items\Skill Items\Fishing\Misc\Sextant.cs".
         Copying file from "C:\RunUO\RunUO\Scripts\Items\Skill Items\Fishing\Misc\ShipwreckedItem.cs" to "C:\RunUO\RunUO\Distribution\Debug\net8.0\Scripts\Items\Skill Items\Fishing\Misc\ShipwreckedItem.cs".
         Copying file from "C:\RunUO\RunUO\Scripts\Items\Skill Items\Fishing\Misc\SOS.cs" to "C:\RunUO\RunUO\Distribution\Debug\net8.0\Scripts\Items\Skill Items\Fishing\Misc\SOS.cs".
         Copying file from "C:\RunUO\RunUO\Scripts\Items\Skill Items\Fishing\Misc\SpecialFishingNet.cs" to "C:\RunUO\RunUO\Distribution\Debug\net8.0\Scripts\Items\Skill Items\Fishing\Misc\SpecialFishingNet.cs".
         Copying file from "C:\RunUO\RunUO\Scripts\Items\Skill Items\Harvest Tools\BaseHarvestTool.cs" to "C:\RunUO\RunUO\Distribution\Debug\net8.0\Scripts\Items\Skill Items\Harvest Tools\BaseHarvestTool.cs".
         Copying file from "C:\RunUO\RunUO\Scripts\Items\Skill Items\Harvest Tools\GargoylesPickaxe.cs" to "C:\RunUO\RunUO\Distribution\Debug\net8.0\Scripts\Items\Skill Items\Harvest Tools\GargoylesPickaxe.cs".
         Copying file from "C:\RunUO\RunUO\Scripts\Items\Skill Items\Harvest Tools\ProspectorsTool.cs" to "C:\RunUO\RunUO\Distribution\Debug\net8.0\Scripts\Items\Skill Items\Harvest Tools\ProspectorsTool.cs".
         Copying file from "C:\RunUO\RunUO\Scripts\Items\Skill Items\Harvest Tools\Shovel.cs" to "C:\RunUO\RunUO\Distribution\Debug\net8.0\Scripts\Items\Skill Items\Harvest Tools\Shovel.cs".
         Copying file from "C:\RunUO\RunUO\Scripts\Items\Skill Items\Harvest Tools\SturdyPickaxe.cs" to "C:\RunUO\RunUO\Distribution\Debug\net8.0\Scripts\Items\Skill Items\Harvest Tools\SturdyPickaxe.cs".
         Copying file from "C:\RunUO\RunUO\Scripts\Items\Skill Items\Harvest Tools\SturdyShovel.cs" to "C:\RunUO\RunUO\Distribution\Debug\net8.0\Scripts\Items\Skill Items\Harvest Tools\SturdyShovel.cs".
         Copying file from "C:\RunUO\RunUO\Scripts\Items\Skill Items\Lumberjack\Log.cs" to "C:\RunUO\RunUO\Distribution\Debug\net8.0\Scripts\Items\Skill Items\Lumberjack\Log.cs".
         Copying file from "C:\RunUO\RunUO\Scripts\Items\Skill Items\Magical\BookOfBushido.cs" to "C:\RunUO\RunUO\Distribution\Debug\net8.0\Scripts\Items\Skill Items\Magical\BookOfBushido.cs".
         Copying file from "C:\RunUO\RunUO\Scripts\Items\Skill Items\Magical\BookOfChivalry.cs" to "C:\RunUO\RunUO\Distribution\Debug\net8.0\Scripts\Items\Skill Items\Magical\BookOfChivalry.cs".
         Copying file from "C:\RunUO\RunUO\Scripts\Items\Skill Items\Magical\BookOfNinjitsu.cs" to "C:\RunUO\RunUO\Distribution\Debug\net8.0\Scripts\Items\Skill Items\Magical\BookOfNinjitsu.cs".
         Copying file from "C:\RunUO\RunUO\Scripts\Items\Skill Items\Magical\Misc\BlankScroll.cs" to "C:\RunUO\RunUO\Distribution\Debug\net8.0\Scripts\Items\Skill Items\Magical\Misc\BlankScroll.cs".
         Copying file from "C:\RunUO\RunUO\Scripts\Items\Skill Items\Magical\Misc\Bottle.cs" to "C:\RunUO\RunUO\Distribution\Debug\net8.0\Scripts\Items\Skill Items\Magical\Misc\Bottle.cs".
         Copying file from "C:\RunUO\RunUO\Scripts\Items\Skill Items\Magical\Misc\Moongate.cs" to "C:\RunUO\RunUO\Distribution\Debug\net8.0\Scripts\Items\Skill Items\Magical\Misc\Moongate.cs".
         Copying file from "C:\RunUO\RunUO\Scripts\Items\Skill Items\Magical\Misc\PotionKeg.cs" to "C:\RunUO\RunUO\Distribution\Debug\net8.0\Scripts\Items\Skill Items\Magical\Misc\PotionKeg.cs".
         Copying file from "C:\RunUO\RunUO\Scripts\Items\Skill Items\Magical\Misc\RecallRune.cs" to "C:\RunUO\RunUO\Distribution\Debug\net8.0\Scripts\Items\Skill Items\Magical\Misc\RecallRune.cs".
         Copying file from "C:\RunUO\RunUO\Scripts\Items\Skill Items\Magical\NecromancerSpellbook.cs" to "C:\RunUO\RunUO\Distribution\Debug\net8.0\Scripts\Items\Skill Items\Magical\NecromancerSpellbook.cs".
         Copying file from "C:\RunUO\RunUO\Scripts\Items\Skill Items\Magical\Potions\Agility Potions\AgilityPotion.cs" to "C:\RunUO\RunUO\Distribution\Debug\net8.0\Scripts\Items\Skill Items\Magical\Potions\Agility Potions\AgilityPotion.cs".
         Copying file from "C:\RunUO\RunUO\Scripts\Items\Skill Items\Magical\Potions\Agility Potions\BaseAgilityPotion.cs" to "C:\RunUO\RunUO\Distribution\Debug\net8.0\Scripts\Items\Skill Items\Magical\Potions\Agility Potions\BaseAgilityPotion.cs".
         Copying file from "C:\RunUO\RunUO\Scripts\Items\Skill Items\Magical\Potions\Agility Potions\GreaterAgilityPotion.cs" to "C:\RunUO\RunUO\Distribution\Debug\net8.0\Scripts\Items\Skill Items\Magical\Potions\Agility Potions\GreaterAgilityPotion.cs".
         Copying file from "C:\RunUO\RunUO\Scripts\Items\Skill Items\Magical\Potions\BasePotion.cs" to "C:\RunUO\RunUO\Distribution\Debug\net8.0\Scripts\Items\Skill Items\Magical\Potions\BasePotion.cs".
         Copying file from "C:\RunUO\RunUO\Scripts\Items\Skill Items\Magical\Potions\Conflagration Potions\BaseConflagrationPotion.cs" to "C:\RunUO\RunUO\Distribution\Debug\net8.0\Scripts\Items\Skill Items\Magical\Potions\Conflagration Potions\BaseConflagrationPotion.cs".
         Copying file from "C:\RunUO\RunUO\Scripts\Items\Skill Items\Magical\Potions\Conflagration Potions\ConflagrationPotion.cs" to "C:\RunUO\RunUO\Distribution\Debug\net8.0\Scripts\Items\Skill Items\Magical\Potions\Conflagration Potions\ConflagrationPotion.cs".
         Copying file from "C:\RunUO\RunUO\Scripts\Items\Skill Items\Magical\Potions\Conflagration Potions\GreaterConflagrationPotion.cs" to "C:\RunUO\RunUO\Distribution\Debug\net8.0\Scripts\Items\Skill Items\Magical\Potions\Conflagration Potions\GreaterConflagrationPotion.cs".
         Copying file from "C:\RunUO\RunUO\Scripts\Items\Skill Items\Magical\Potions\Confusion Blast Potions\BaseConfusionBlastPotion.cs" to "C:\RunUO\RunUO\Distribution\Debug\net8.0\Scripts\Items\Skill Items\Magical\Potions\Confusion Blast Potions\BaseConfusionBlastPotion.cs".
         Copying file from "C:\RunUO\RunUO\Scripts\Items\Skill Items\Magical\Potions\Confusion Blast Potions\ConfusionBlastPotion.cs" to "C:\RunUO\RunUO\Distribution\Debug\net8.0\Scripts\Items\Skill Items\Magical\Potions\Confusion Blast Potions\ConfusionBlastPotion.cs".
         Copying file from "C:\RunUO\RunUO\Scripts\Items\Skill Items\Magical\Potions\Confusion Blast Potions\GreaterConfusionBlastPotion.cs" to "C:\RunUO\RunUO\Distribution\Debug\net8.0\Scripts\Items\Skill Items\Magical\Potions\Confusion Blast Potions\GreaterConfusionBlastPotion.cs".
         Copying file from "C:\RunUO\RunUO\Scripts\Items\Skill Items\Magical\Potions\Cure Potions\BaseCurePotion.cs" to "C:\RunUO\RunUO\Distribution\Debug\net8.0\Scripts\Items\Skill Items\Magical\Potions\Cure Potions\BaseCurePotion.cs".
         Copying file from "C:\RunUO\RunUO\Scripts\Items\Skill Items\Magical\Potions\Cure Potions\CurePotion.cs" to "C:\RunUO\RunUO\Distribution\Debug\net8.0\Scripts\Items\Skill Items\Magical\Potions\Cure Potions\CurePotion.cs".
         Copying file from "C:\RunUO\RunUO\Scripts\Items\Skill Items\Magical\Potions\Cure Potions\GreaterCurePotion.cs" to "C:\RunUO\RunUO\Distribution\Debug\net8.0\Scripts\Items\Skill Items\Magical\Potions\Cure Potions\GreaterCurePotion.cs".
         Copying file from "C:\RunUO\RunUO\Scripts\Items\Skill Items\Magical\Potions\Cure Potions\LesserCurePotion.cs" to "C:\RunUO\RunUO\Distribution\Debug\net8.0\Scripts\Items\Skill Items\Magical\Potions\Cure Potions\LesserCurePotion.cs".
         Copying file from "C:\RunUO\RunUO\Scripts\Items\Skill Items\Magical\Potions\DarkglowPotion.cs" to "C:\RunUO\RunUO\Distribution\Debug\net8.0\Scripts\Items\Skill Items\Magical\Potions\DarkglowPotion.cs".
         Copying file from "C:\RunUO\RunUO\Scripts\Items\Skill Items\Magical\Potions\Explosion Potions\BaseExplosionPotion.cs" to "C:\RunUO\RunUO\Distribution\Debug\net8.0\Scripts\Items\Skill Items\Magical\Potions\Explosion Potions\BaseExplosionPotion.cs".
         Copying file from "C:\RunUO\RunUO\Scripts\Items\Skill Items\Magical\Potions\Explosion Potions\ExplosionPotion.cs" to "C:\RunUO\RunUO\Distribution\Debug\net8.0\Scripts\Items\Skill Items\Magical\Potions\Explosion Potions\ExplosionPotion.cs".
         Copying file from "C:\RunUO\RunUO\Scripts\Items\Skill Items\Magical\Potions\Explosion Potions\GreaterExplosionPotion.cs" to "C:\RunUO\RunUO\Distribution\Debug\net8.0\Scripts\Items\Skill Items\Magical\Potions\Explosion Potions\GreaterExplosionPotion.cs".
         Copying file from "C:\RunUO\RunUO\Scripts\Items\Skill Items\Magical\Potions\Explosion Potions\LesserExplosionPotion.cs" to "C:\RunUO\RunUO\Distribution\Debug\net8.0\Scripts\Items\Skill Items\Magical\Potions\Explosion Potions\LesserExplosionPotion.cs".
         Copying file from "C:\RunUO\RunUO\Scripts\Items\Skill Items\Magical\Potions\Heal Potions\BaseHealPotion.cs" to "C:\RunUO\RunUO\Distribution\Debug\net8.0\Scripts\Items\Skill Items\Magical\Potions\Heal Potions\BaseHealPotion.cs".
         Copying file from "C:\RunUO\RunUO\Scripts\Items\Skill Items\Magical\Potions\Heal Potions\HealPotion.cs" to "C:\RunUO\RunUO\Distribution\Debug\net8.0\Scripts\Items\Skill Items\Magical\Potions\Heal Potions\HealPotion.cs".
         Copying file from "C:\RunUO\RunUO\Scripts\Items\Skill Items\Magical\Potions\Heal Potions\GreaterHealPotion.cs" to "C:\RunUO\RunUO\Distribution\Debug\net8.0\Scripts\Items\Skill Items\Magical\Potions\Heal Potions\GreaterHealPotion.cs".
         Copying file from "C:\RunUO\RunUO\Scripts\Items\Skill Items\Magical\Potions\Heal Potions\LesserHealPotion.cs" to "C:\RunUO\RunUO\Distribution\Debug\net8.0\Scripts\Items\Skill Items\Magical\Potions\Heal Potions\LesserHealPotion.cs".
         Copying file from "C:\RunUO\RunUO\Scripts\Items\Skill Items\Magical\Potions\InvisibilityPotion.cs" to "C:\RunUO\RunUO\Distribution\Debug\net8.0\Scripts\Items\Skill Items\Magical\Potions\InvisibilityPotion.cs".
         Copying file from "C:\RunUO\RunUO\Scripts\Items\Skill Items\Magical\Potions\NightSight.cs" to "C:\RunUO\RunUO\Distribution\Debug\net8.0\Scripts\Items\Skill Items\Magical\Potions\NightSight.cs".
         Copying file from "C:\RunUO\RunUO\Scripts\Items\Skill Items\Magical\Potions\ParasiticPotion.cs" to "C:\RunUO\RunUO\Distribution\Debug\net8.0\Scripts\Items\Skill Items\Magical\Potions\ParasiticPotion.cs".
         Copying file from "C:\RunUO\RunUO\Scripts\Items\Skill Items\Magical\Potions\Poison Potions\BasePoisonPotion.cs" to "C:\RunUO\RunUO\Distribution\Debug\net8.0\Scripts\Items\Skill Items\Magical\Potions\Poison Potions\BasePoisonPotion.cs".
         Copying file from "C:\RunUO\RunUO\Scripts\Items\Skill Items\Magical\Potions\Poison Potions\DeadlyPoisonPotion.cs" to "C:\RunUO\RunUO\Distribution\Debug\net8.0\Scripts\Items\Skill Items\Magical\Potions\Poison Potions\DeadlyPoisonPotion.cs".
         Copying file from "C:\RunUO\RunUO\Scripts\Items\Skill Items\Magical\Potions\Poison Potions\GreaterPoisonPotion.cs" to "C:\RunUO\RunUO\Distribution\Debug\net8.0\Scripts\Items\Skill Items\Magical\Potions\Poison Potions\GreaterPoisonPotion.cs".
         Copying file from "C:\RunUO\RunUO\Scripts\Items\Skill Items\Magical\Potions\Poison Potions\LesserPoisonPotion.cs" to "C:\RunUO\RunUO\Distribution\Debug\net8.0\Scripts\Items\Skill Items\Magical\Potions\Poison Potions\LesserPoisonPotion.cs".
         Copying file from "C:\RunUO\RunUO\Scripts\Items\Skill Items\Magical\Potions\Poison Potions\PoisonPotion.cs" to "C:\RunUO\RunUO\Distribution\Debug\net8.0\Scripts\Items\Skill Items\Magical\Potions\Poison Potions\PoisonPotion.cs".
         Copying file from "C:\RunUO\RunUO\Scripts\Items\Skill Items\Magical\Potions\Refresh Potions\BaseRefreshPotion.cs" to "C:\RunUO\RunUO\Distribution\Debug\net8.0\Scripts\Items\Skill Items\Magical\Potions\Refresh Potions\BaseRefreshPotion.cs".
         Copying file from "C:\RunUO\RunUO\Scripts\Items\Skill Items\Magical\Potions\Refresh Potions\RefreshPotion.cs" to "C:\RunUO\RunUO\Distribution\Debug\net8.0\Scripts\Items\Skill Items\Magical\Potions\Refresh Potions\RefreshPotion.cs".
         Copying file from "C:\RunUO\RunUO\Scripts\Items\Skill Items\Magical\Potions\Refresh Potions\TotalRefreshPotion.cs" to "C:\RunUO\RunUO\Distribution\Debug\net8.0\Scripts\Items\Skill Items\Magical\Potions\Refresh Potions\TotalRefreshPotion.cs".
         Copying file from "C:\RunUO\RunUO\Scripts\Items\Skill Items\Magical\Potions\Strength Potions\BaseStrengthPotion.cs" to "C:\RunUO\RunUO\Distribution\Debug\net8.0\Scripts\Items\Skill Items\Magical\Potions\Strength Potions\BaseStrengthPotion.cs".
         Copying file from "C:\RunUO\RunUO\Scripts\Items\Skill Items\Magical\Potions\Strength Potions\GreaterStrengthPotion.cs" to "C:\RunUO\RunUO\Distribution\Debug\net8.0\Scripts\Items\Skill Items\Magical\Potions\Strength Potions\GreaterStrengthPotion.cs".
         Copying file from "C:\RunUO\RunUO\Scripts\Items\Skill Items\Magical\Potions\Strength Potions\StrengthPotion.cs" to "C:\RunUO\RunUO\Distribution\Debug\net8.0\Scripts\Items\Skill Items\Magical\Potions\Strength Potions\StrengthPotion.cs".
         Copying file from "C:\RunUO\RunUO\Scripts\Items\Skill Items\Magical\Runebook.cs" to "C:\RunUO\RunUO\Distribution\Debug\net8.0\Scripts\Items\Skill Items\Magical\Runebook.cs".
         Copying file from "C:\RunUO\RunUO\Scripts\Items\Skill Items\Magical\Scrolls\Eighth Circle\EarthquakeScroll.cs" to "C:\RunUO\RunUO\Distribution\Debug\net8.0\Scripts\Items\Skill Items\Magical\Scrolls\Eighth Circle\EarthquakeScroll.cs".
         Copying file from "C:\RunUO\RunUO\Scripts\Items\Skill Items\Magical\Scrolls\Eighth Circle\EnergyVortexScroll.cs" to "C:\RunUO\RunUO\Distribution\Debug\net8.0\Scripts\Items\Skill Items\Magical\Scrolls\Eighth Circle\EnergyVortexScroll.cs".
         Copying file from "C:\RunUO\RunUO\Scripts\Items\Skill Items\Magical\Scrolls\Eighth Circle\ResurrectionScroll.cs" to "C:\RunUO\RunUO\Distribution\Debug\net8.0\Scripts\Items\Skill Items\Magical\Scrolls\Eighth Circle\ResurrectionScroll.cs".
         Copying file from "C:\RunUO\RunUO\Scripts\Items\Skill Items\Magical\Scrolls\Eighth Circle\SummonAirElementalScroll.cs" to "C:\RunUO\RunUO\Distribution\Debug\net8.0\Scripts\Items\Skill Items\Magical\Scrolls\Eighth Circle\SummonAirElementalScroll.cs".
         Copying file from "C:\RunUO\RunUO\Scripts\Items\Skill Items\Magical\Scrolls\Eighth Circle\SummonDaemonScroll.cs" to "C:\RunUO\RunUO\Distribution\Debug\net8.0\Scripts\Items\Skill Items\Magical\Scrolls\Eighth Circle\SummonDaemonScroll.cs".
         Copying file from "C:\RunUO\RunUO\Scripts\Items\Skill Items\Magical\Scrolls\Eighth Circle\SummonWaterElementalScroll.cs" to "C:\RunUO\RunUO\Distribution\Debug\net8.0\Scripts\Items\Skill Items\Magical\Scrolls\Eighth Circle\SummonWaterElementalScroll.cs".
         Copying file from "C:\RunUO\RunUO\Scripts\Items\Skill Items\Magical\Scrolls\Eighth Circle\SummonFireElementalScroll.cs" to "C:\RunUO\RunUO\Distribution\Debug\net8.0\Scripts\Items\Skill Items\Magical\Scrolls\Eighth Circle\SummonFireElementalScroll.cs".
         Copying file from "C:\RunUO\RunUO\Scripts\Items\Skill Items\Magical\Scrolls\Eighth Circle\SummonEarthElementalScroll.cs" to "C:\RunUO\RunUO\Distribution\Debug\net8.0\Scripts\Items\Skill Items\Magical\Scrolls\Eighth Circle\SummonEarthElementalScroll.cs".
         Copying file from "C:\RunUO\RunUO\Scripts\Items\Skill Items\Magical\Scrolls\Fifth Circle\BladeSpiritsScroll.cs" to "C:\RunUO\RunUO\Distribution\Debug\net8.0\Scripts\Items\Skill Items\Magical\Scrolls\Fifth Circle\BladeSpiritsScroll.cs".
         Copying file from "C:\RunUO\RunUO\Scripts\Items\Skill Items\Magical\Scrolls\Fifth Circle\DispelFieldScroll.cs" to "C:\RunUO\RunUO\Distribution\Debug\net8.0\Scripts\Items\Skill Items\Magical\Scrolls\Fifth Circle\DispelFieldScroll.cs".
         Copying file from "C:\RunUO\RunUO\Scripts\Items\Skill Items\Magical\Scrolls\Fifth Circle\IncognitoScroll.cs" to "C:\RunUO\RunUO\Distribution\Debug\net8.0\Scripts\Items\Skill Items\Magical\Scrolls\Fifth Circle\IncognitoScroll.cs".
         Copying file from "C:\RunUO\RunUO\Scripts\Items\Skill Items\Magical\Scrolls\Fifth Circle\MagicReflectScroll.cs" to "C:\RunUO\RunUO\Distribution\Debug\net8.0\Scripts\Items\Skill Items\Magical\Scrolls\Fifth Circle\MagicReflectScroll.cs".
         Copying file from "C:\RunUO\RunUO\Scripts\Items\Skill Items\Magical\Scrolls\Fifth Circle\ParalyzeScroll.cs" to "C:\RunUO\RunUO\Distribution\Debug\net8.0\Scripts\Items\Skill Items\Magical\Scrolls\Fifth Circle\ParalyzeScroll.cs".
         Copying file from "C:\RunUO\RunUO\Scripts\Items\Skill Items\Magical\Scrolls\Fifth Circle\MindBlastScroll.cs" to "C:\RunUO\RunUO\Distribution\Debug\net8.0\Scripts\Items\Skill Items\Magical\Scrolls\Fifth Circle\MindBlastScroll.cs".
         Copying file from "C:\RunUO\RunUO\Scripts\Items\Skill Items\Magical\Scrolls\Fifth Circle\PoisonFieldScroll.cs" to "C:\RunUO\RunUO\Distribution\Debug\net8.0\Scripts\Items\Skill Items\Magical\Scrolls\Fifth Circle\PoisonFieldScroll.cs".
         Copying file from "C:\RunUO\RunUO\Scripts\Items\Skill Items\Magical\Scrolls\Fifth Circle\SummonCreatureScroll.cs" to "C:\RunUO\RunUO\Distribution\Debug\net8.0\Scripts\Items\Skill Items\Magical\Scrolls\Fifth Circle\SummonCreatureScroll.cs".
         Copying file from "C:\RunUO\RunUO\Scripts\Items\Skill Items\Magical\Scrolls\First Circle\ClumsyScroll.cs" to "C:\RunUO\RunUO\Distribution\Debug\net8.0\Scripts\Items\Skill Items\Magical\Scrolls\First Circle\ClumsyScroll.cs".
         Copying file from "C:\RunUO\RunUO\Scripts\Items\Skill Items\Magical\Scrolls\First Circle\CreateFoodScroll.cs" to "C:\RunUO\RunUO\Distribution\Debug\net8.0\Scripts\Items\Skill Items\Magical\Scrolls\First Circle\CreateFoodScroll.cs".
         Copying file from "C:\RunUO\RunUO\Scripts\Items\Skill Items\Magical\Scrolls\First Circle\FeeblemindScroll.cs" to "C:\RunUO\RunUO\Distribution\Debug\net8.0\Scripts\Items\Skill Items\Magical\Scrolls\First Circle\FeeblemindScroll.cs".
         Copying file from "C:\RunUO\RunUO\Scripts\Items\Skill Items\Magical\Scrolls\First Circle\HealScroll.cs" to "C:\RunUO\RunUO\Distribution\Debug\net8.0\Scripts\Items\Skill Items\Magical\Scrolls\First Circle\HealScroll.cs".
         Copying file from "C:\RunUO\RunUO\Scripts\Items\Skill Items\Magical\Scrolls\First Circle\MagicArrowScroll.cs" to "C:\RunUO\RunUO\Distribution\Debug\net8.0\Scripts\Items\Skill Items\Magical\Scrolls\First Circle\MagicArrowScroll.cs".
         Copying file from "C:\RunUO\RunUO\Scripts\Items\Skill Items\Magical\Scrolls\First Circle\NightSightScroll.cs" to "C:\RunUO\RunUO\Distribution\Debug\net8.0\Scripts\Items\Skill Items\Magical\Scrolls\First Circle\NightSightScroll.cs".
         Copying file from "C:\RunUO\RunUO\Scripts\Items\Skill Items\Magical\Scrolls\First Circle\ReactiveArmorScroll.cs" to "C:\RunUO\RunUO\Distribution\Debug\net8.0\Scripts\Items\Skill Items\Magical\Scrolls\First Circle\ReactiveArmorScroll.cs".
         Copying file from "C:\RunUO\RunUO\Scripts\Items\Skill Items\Magical\Scrolls\First Circle\WeakenScroll.cs" to "C:\RunUO\RunUO\Distribution\Debug\net8.0\Scripts\Items\Skill Items\Magical\Scrolls\First Circle\WeakenScroll.cs".
         Copying file from "C:\RunUO\RunUO\Scripts\Items\Skill Items\Magical\Scrolls\Fourth Circle\ArchcureScroll.cs" to "C:\RunUO\RunUO\Distribution\Debug\net8.0\Scripts\Items\Skill Items\Magical\Scrolls\Fourth Circle\ArchcureScroll.cs".
         Copying file from "C:\RunUO\RunUO\Scripts\Items\Skill Items\Magical\Scrolls\Fourth Circle\ArchProtectionScroll.cs" to "C:\RunUO\RunUO\Distribution\Debug\net8.0\Scripts\Items\Skill Items\Magical\Scrolls\Fourth Circle\ArchProtectionScroll.cs".
         Copying file from "C:\RunUO\RunUO\Scripts\Items\Skill Items\Magical\Scrolls\Fourth Circle\CurseScroll.cs" to "C:\RunUO\RunUO\Distribution\Debug\net8.0\Scripts\Items\Skill Items\Magical\Scrolls\Fourth Circle\CurseScroll.cs".
         Copying file from "C:\RunUO\RunUO\Scripts\Items\Skill Items\Magical\Scrolls\Fourth Circle\FireFieldScroll.cs" to "C:\RunUO\RunUO\Distribution\Debug\net8.0\Scripts\Items\Skill Items\Magical\Scrolls\Fourth Circle\FireFieldScroll.cs".
         Copying file from "C:\RunUO\RunUO\Scripts\Items\Skill Items\Magical\Scrolls\Fourth Circle\GreaterHealScroll.cs" to "C:\RunUO\RunUO\Distribution\Debug\net8.0\Scripts\Items\Skill Items\Magical\Scrolls\Fourth Circle\GreaterHealScroll.cs".
         Copying file from "C:\RunUO\RunUO\Scripts\Items\Skill Items\Magical\Scrolls\Fourth Circle\LightningScroll.cs" to "C:\RunUO\RunUO\Distribution\Debug\net8.0\Scripts\Items\Skill Items\Magical\Scrolls\Fourth Circle\LightningScroll.cs".
         Copying file from "C:\RunUO\RunUO\Scripts\Items\Skill Items\Magical\Scrolls\Fourth Circle\ManaDrainScroll.cs" to "C:\RunUO\RunUO\Distribution\Debug\net8.0\Scripts\Items\Skill Items\Magical\Scrolls\Fourth Circle\ManaDrainScroll.cs".
         Copying file from "C:\RunUO\RunUO\Scripts\Items\Skill Items\Magical\Scrolls\Fourth Circle\RecallScroll.cs" to "C:\RunUO\RunUO\Distribution\Debug\net8.0\Scripts\Items\Skill Items\Magical\Scrolls\Fourth Circle\RecallScroll.cs".
         Copying file from "C:\RunUO\RunUO\Scripts\Items\Skill Items\Magical\Scrolls\Necromancy\AnimateDeadScroll.cs" to "C:\RunUO\RunUO\Distribution\Debug\net8.0\Scripts\Items\Skill Items\Magical\Scrolls\Necromancy\AnimateDeadScroll.cs".
         Copying file from "C:\RunUO\RunUO\Scripts\Items\Skill Items\Magical\Scrolls\Necromancy\BloodOathScroll.cs" to "C:\RunUO\RunUO\Distribution\Debug\net8.0\Scripts\Items\Skill Items\Magical\Scrolls\Necromancy\BloodOathScroll.cs".
         Copying file from "C:\RunUO\RunUO\Scripts\Items\Skill Items\Magical\Scrolls\Necromancy\CorpseSkinScroll.cs" to "C:\RunUO\RunUO\Distribution\Debug\net8.0\Scripts\Items\Skill Items\Magical\Scrolls\Necromancy\CorpseSkinScroll.cs".
         Copying file from "C:\RunUO\RunUO\Scripts\Items\Skill Items\Magical\Scrolls\Necromancy\CurseWeaponScroll.cs" to "C:\RunUO\RunUO\Distribution\Debug\net8.0\Scripts\Items\Skill Items\Magical\Scrolls\Necromancy\CurseWeaponScroll.cs".
         Copying file from "C:\RunUO\RunUO\Scripts\Items\Skill Items\Magical\Scrolls\Necromancy\EvilOmenScroll.cs" to "C:\RunUO\RunUO\Distribution\Debug\net8.0\Scripts\Items\Skill Items\Magical\Scrolls\Necromancy\EvilOmenScroll.cs".
         Copying file from "C:\RunUO\RunUO\Scripts\Items\Skill Items\Magical\Scrolls\Necromancy\ExorcismScroll.cs" to "C:\RunUO\RunUO\Distribution\Debug\net8.0\Scripts\Items\Skill Items\Magical\Scrolls\Necromancy\ExorcismScroll.cs".
         Copying file from "C:\RunUO\RunUO\Scripts\Items\Skill Items\Magical\Scrolls\Necromancy\HorrificBeastScroll.cs" to "C:\RunUO\RunUO\Distribution\Debug\net8.0\Scripts\Items\Skill Items\Magical\Scrolls\Necromancy\HorrificBeastScroll.cs".
         Copying file from "C:\RunUO\RunUO\Scripts\Items\Skill Items\Magical\Scrolls\Necromancy\LichFormScroll.cs" to "C:\RunUO\RunUO\Distribution\Debug\net8.0\Scripts\Items\Skill Items\Magical\Scrolls\Necromancy\LichFormScroll.cs".
         Copying file from "C:\RunUO\RunUO\Scripts\Items\Skill Items\Magical\Scrolls\Necromancy\MindRotScroll.cs" to "C:\RunUO\RunUO\Distribution\Debug\net8.0\Scripts\Items\Skill Items\Magical\Scrolls\Necromancy\MindRotScroll.cs".
         Copying file from "C:\RunUO\RunUO\Scripts\Items\Skill Items\Magical\Scrolls\Necromancy\PainSpikeScroll.cs" to "C:\RunUO\RunUO\Distribution\Debug\net8.0\Scripts\Items\Skill Items\Magical\Scrolls\Necromancy\PainSpikeScroll.cs".
         Copying file from "C:\RunUO\RunUO\Scripts\Items\Skill Items\Magical\Scrolls\Necromancy\PoisonStrikeScroll.cs" to "C:\RunUO\RunUO\Distribution\Debug\net8.0\Scripts\Items\Skill Items\Magical\Scrolls\Necromancy\PoisonStrikeScroll.cs".
         Copying file from "C:\RunUO\RunUO\Scripts\Items\Skill Items\Magical\Scrolls\Necromancy\StrangleScroll.cs" to "C:\RunUO\RunUO\Distribution\Debug\net8.0\Scripts\Items\Skill Items\Magical\Scrolls\Necromancy\StrangleScroll.cs".
         Copying file from "C:\RunUO\RunUO\Scripts\Items\Skill Items\Magical\Scrolls\Necromancy\SummonFamiliarScroll.cs" to "C:\RunUO\RunUO\Distribution\Debug\net8.0\Scripts\Items\Skill Items\Magical\Scrolls\Necromancy\SummonFamiliarScroll.cs".
         Copying file from "C:\RunUO\RunUO\Scripts\Items\Skill Items\Magical\Scrolls\Necromancy\VampiricEmbraceScroll.cs" to "C:\RunUO\RunUO\Distribution\Debug\net8.0\Scripts\Items\Skill Items\Magical\Scrolls\Necromancy\VampiricEmbraceScroll.cs".
         Copying file from "C:\RunUO\RunUO\Scripts\Items\Skill Items\Magical\Scrolls\Necromancy\VengefulSpiritScroll.cs" to "C:\RunUO\RunUO\Distribution\Debug\net8.0\Scripts\Items\Skill Items\Magical\Scrolls\Necromancy\VengefulSpiritScroll.cs".
         Copying file from "C:\RunUO\RunUO\Scripts\Items\Skill Items\Magical\Scrolls\Necromancy\WitherScroll.cs" to "C:\RunUO\RunUO\Distribution\Debug\net8.0\Scripts\Items\Skill Items\Magical\Scrolls\Necromancy\WitherScroll.cs".
         Copying file from "C:\RunUO\RunUO\Scripts\Items\Skill Items\Magical\Scrolls\Necromancy\WraithFormScroll.cs" to "C:\RunUO\RunUO\Distribution\Debug\net8.0\Scripts\Items\Skill Items\Magical\Scrolls\Necromancy\WraithFormScroll.cs".
         Copying file from "C:\RunUO\RunUO\Scripts\Items\Skill Items\Magical\Scrolls\Second Circle\AgilityScroll.cs" to "C:\RunUO\RunUO\Distribution\Debug\net8.0\Scripts\Items\Skill Items\Magical\Scrolls\Second Circle\AgilityScroll.cs".
         Copying file from "C:\RunUO\RunUO\Scripts\Items\Skill Items\Magical\Scrolls\Second Circle\CunningScroll.cs" to "C:\RunUO\RunUO\Distribution\Debug\net8.0\Scripts\Items\Skill Items\Magical\Scrolls\Second Circle\CunningScroll.cs".
         Copying file from "C:\RunUO\RunUO\Scripts\Items\Skill Items\Magical\Scrolls\Second Circle\CureScroll.cs" to "C:\RunUO\RunUO\Distribution\Debug\net8.0\Scripts\Items\Skill Items\Magical\Scrolls\Second Circle\CureScroll.cs".
         Copying file from "C:\RunUO\RunUO\Scripts\Items\Skill Items\Magical\Scrolls\Second Circle\HarmScroll.cs" to "C:\RunUO\RunUO\Distribution\Debug\net8.0\Scripts\Items\Skill Items\Magical\Scrolls\Second Circle\HarmScroll.cs".
         Copying file from "C:\RunUO\RunUO\Scripts\Items\Skill Items\Magical\Scrolls\Second Circle\MagicTrapScroll.cs" to "C:\RunUO\RunUO\Distribution\Debug\net8.0\Scripts\Items\Skill Items\Magical\Scrolls\Second Circle\MagicTrapScroll.cs".
         Copying file from "C:\RunUO\RunUO\Scripts\Items\Skill Items\Magical\Scrolls\Second Circle\MagicUnTrapScroll.cs" to "C:\RunUO\RunUO\Distribution\Debug\net8.0\Scripts\Items\Skill Items\Magical\Scrolls\Second Circle\MagicUnTrapScroll.cs".
         Copying file from "C:\RunUO\RunUO\Scripts\Items\Skill Items\Magical\Scrolls\Second Circle\ProtectionScroll.cs" to "C:\RunUO\RunUO\Distribution\Debug\net8.0\Scripts\Items\Skill Items\Magical\Scrolls\Second Circle\ProtectionScroll.cs".
         Copying file from "C:\RunUO\RunUO\Scripts\Items\Skill Items\Magical\Scrolls\Second Circle\StrengthScroll.cs" to "C:\RunUO\RunUO\Distribution\Debug\net8.0\Scripts\Items\Skill Items\Magical\Scrolls\Second Circle\StrengthScroll.cs".
         Copying file from "C:\RunUO\RunUO\Scripts\Items\Skill Items\Magical\Scrolls\Seventh Circle\ChainLightningScroll.cs" to "C:\RunUO\RunUO\Distribution\Debug\net8.0\Scripts\Items\Skill Items\Magical\Scrolls\Seventh Circle\ChainLightningScroll.cs".
         Copying file from "C:\RunUO\RunUO\Scripts\Items\Skill Items\Magical\Scrolls\Seventh Circle\EnergyFieldScroll.cs" to "C:\RunUO\RunUO\Distribution\Debug\net8.0\Scripts\Items\Skill Items\Magical\Scrolls\Seventh Circle\EnergyFieldScroll.cs".
         Copying file from "C:\RunUO\RunUO\Scripts\Items\Skill Items\Magical\Scrolls\Seventh Circle\FlamestrikeScroll.cs" to "C:\RunUO\RunUO\Distribution\Debug\net8.0\Scripts\Items\Skill Items\Magical\Scrolls\Seventh Circle\FlamestrikeScroll.cs".
         Copying file from "C:\RunUO\RunUO\Scripts\Items\Skill Items\Magical\Scrolls\Seventh Circle\GateTravelScroll.cs" to "C:\RunUO\RunUO\Distribution\Debug\net8.0\Scripts\Items\Skill Items\Magical\Scrolls\Seventh Circle\GateTravelScroll.cs".
         Copying file from "C:\RunUO\RunUO\Scripts\Items\Skill Items\Magical\Scrolls\Seventh Circle\ManaVampireScroll.cs" to "C:\RunUO\RunUO\Distribution\Debug\net8.0\Scripts\Items\Skill Items\Magical\Scrolls\Seventh Circle\ManaVampireScroll.cs".
         Copying file from "C:\RunUO\RunUO\Scripts\Items\Skill Items\Magical\Scrolls\Seventh Circle\MassDispelScroll.cs" to "C:\RunUO\RunUO\Distribution\Debug\net8.0\Scripts\Items\Skill Items\Magical\Scrolls\Seventh Circle\MassDispelScroll.cs".
         Copying file from "C:\RunUO\RunUO\Scripts\Items\Skill Items\Magical\Scrolls\Seventh Circle\MeteorStormScroll.cs" to "C:\RunUO\RunUO\Distribution\Debug\net8.0\Scripts\Items\Skill Items\Magical\Scrolls\Seventh Circle\MeteorStormScroll.cs".
         Copying file from "C:\RunUO\RunUO\Scripts\Items\Skill Items\Magical\Scrolls\Seventh Circle\PolymorphScroll.cs" to "C:\RunUO\RunUO\Distribution\Debug\net8.0\Scripts\Items\Skill Items\Magical\Scrolls\Seventh Circle\PolymorphScroll.cs".
         Copying file from "C:\RunUO\RunUO\Scripts\Items\Skill Items\Magical\Scrolls\Sixth Circle\DispelScroll.cs" to "C:\RunUO\RunUO\Distribution\Debug\net8.0\Scripts\Items\Skill Items\Magical\Scrolls\Sixth Circle\DispelScroll.cs".
         Copying file from "C:\RunUO\RunUO\Scripts\Items\Skill Items\Magical\Scrolls\Sixth Circle\EnergyBoltScroll.cs" to "C:\RunUO\RunUO\Distribution\Debug\net8.0\Scripts\Items\Skill Items\Magical\Scrolls\Sixth Circle\EnergyBoltScroll.cs".
         Copying file from "C:\RunUO\RunUO\Scripts\Items\Skill Items\Magical\Scrolls\Sixth Circle\ExplosionScroll.cs" to "C:\RunUO\RunUO\Distribution\Debug\net8.0\Scripts\Items\Skill Items\Magical\Scrolls\Sixth Circle\ExplosionScroll.cs".
         Copying file from "C:\RunUO\RunUO\Scripts\Items\Skill Items\Magical\Scrolls\Sixth Circle\InvisibilityScroll.cs" to "C:\RunUO\RunUO\Distribution\Debug\net8.0\Scripts\Items\Skill Items\Magical\Scrolls\Sixth Circle\InvisibilityScroll.cs".
         Copying file from "C:\RunUO\RunUO\Scripts\Items\Skill Items\Magical\Scrolls\Sixth Circle\MarkScroll.cs" to "C:\RunUO\RunUO\Distribution\Debug\net8.0\Scripts\Items\Skill Items\Magical\Scrolls\Sixth Circle\MarkScroll.cs".
         Copying file from "C:\RunUO\RunUO\Scripts\Items\Skill Items\Magical\Scrolls\Sixth Circle\MassCurseScroll.cs" to "C:\RunUO\RunUO\Distribution\Debug\net8.0\Scripts\Items\Skill Items\Magical\Scrolls\Sixth Circle\MassCurseScroll.cs".
         Copying file from "C:\RunUO\RunUO\Scripts\Items\Skill Items\Magical\Scrolls\Sixth Circle\ParalyzeFieldSpell.cs" to "C:\RunUO\RunUO\Distribution\Debug\net8.0\Scripts\Items\Skill Items\Magical\Scrolls\Sixth Circle\ParalyzeFieldSpell.cs".
         Copying file from "C:\RunUO\RunUO\Scripts\Items\Skill Items\Magical\Scrolls\Sixth Circle\RevealScroll.cs" to "C:\RunUO\RunUO\Distribution\Debug\net8.0\Scripts\Items\Skill Items\Magical\Scrolls\Sixth Circle\RevealScroll.cs".
         Copying file from "C:\RunUO\RunUO\Scripts\Items\Skill Items\Magical\Scrolls\SpellScroll.cs" to "C:\RunUO\RunUO\Distribution\Debug\net8.0\Scripts\Items\Skill Items\Magical\Scrolls\SpellScroll.cs".
         Copying file from "C:\RunUO\RunUO\Scripts\Items\Skill Items\Magical\Scrolls\SpellweavingScrolls.cs" to "C:\RunUO\RunUO\Distribution\Debug\net8.0\Scripts\Items\Skill Items\Magical\Scrolls\SpellweavingScrolls.cs".
         Copying file from "C:\RunUO\RunUO\Scripts\Items\Skill Items\Magical\Scrolls\Third Circle\FireballScroll.cs" to "C:\RunUO\RunUO\Distribution\Debug\net8.0\Scripts\Items\Skill Items\Magical\Scrolls\Third Circle\FireballScroll.cs".
         Copying file from "C:\RunUO\RunUO\Scripts\Items\Skill Items\Magical\Scrolls\Third Circle\BlessScroll.cs" to "C:\RunUO\RunUO\Distribution\Debug\net8.0\Scripts\Items\Skill Items\Magical\Scrolls\Third Circle\BlessScroll.cs".
         Copying file from "C:\RunUO\RunUO\Scripts\Items\Skill Items\Magical\Scrolls\Third Circle\MagicLockScroll.cs" to "C:\RunUO\RunUO\Distribution\Debug\net8.0\Scripts\Items\Skill Items\Magical\Scrolls\Third Circle\MagicLockScroll.cs".
         Copying file from "C:\RunUO\RunUO\Scripts\Items\Skill Items\Magical\Scrolls\Third Circle\PoisonScroll.cs" to "C:\RunUO\RunUO\Distribution\Debug\net8.0\Scripts\Items\Skill Items\Magical\Scrolls\Third Circle\PoisonScroll.cs".
         Copying file from "C:\RunUO\RunUO\Scripts\Items\Skill Items\Magical\Scrolls\Third Circle\TelekinisisScroll.cs" to "C:\RunUO\RunUO\Distribution\Debug\net8.0\Scripts\Items\Skill Items\Magical\Scrolls\Third Circle\TelekinisisScroll.cs".
         Copying file from "C:\RunUO\RunUO\Scripts\Items\Skill Items\Magical\Scrolls\Third Circle\TeleportScroll.cs" to "C:\RunUO\RunUO\Distribution\Debug\net8.0\Scripts\Items\Skill Items\Magical\Scrolls\Third Circle\TeleportScroll.cs".
         Copying file from "C:\RunUO\RunUO\Scripts\Items\Skill Items\Magical\Scrolls\Third Circle\WallOfStoneScroll.cs" to "C:\RunUO\RunUO\Distribution\Debug\net8.0\Scripts\Items\Skill Items\Magical\Scrolls\Third Circle\WallOfStoneScroll.cs".
         Copying file from "C:\RunUO\RunUO\Scripts\Items\Skill Items\Magical\Spellbook.cs" to "C:\RunUO\RunUO\Distribution\Debug\net8.0\Scripts\Items\Skill Items\Magical\Spellbook.cs".
         Copying file from "C:\RunUO\RunUO\Scripts\Items\Skill Items\Magical\Scrolls\Third Circle\UnlockScroll.cs" to "C:\RunUO\RunUO\Distribution\Debug\net8.0\Scripts\Items\Skill Items\Magical\Scrolls\Third Circle\UnlockScroll.cs".
         Copying file from "C:\RunUO\RunUO\Scripts\Items\Skill Items\Magical\SpellweavingBook.cs" to "C:\RunUO\RunUO\Distribution\Debug\net8.0\Scripts\Items\Skill Items\Magical\SpellweavingBook.cs".
         Copying file from "C:\RunUO\RunUO\Scripts\Items\Skill Items\Misc\Bandage.cs" to "C:\RunUO\RunUO\Distribution\Debug\net8.0\Scripts\Items\Skill Items\Misc\Bandage.cs".
         Copying file from "C:\RunUO\RunUO\Scripts\Items\Skill Items\Misc\FireHorn.cs" to "C:\RunUO\RunUO\Distribution\Debug\net8.0\Scripts\Items\Skill Items\Misc\FireHorn.cs".
         Copying file from "C:\RunUO\RunUO\Scripts\Items\Skill Items\Misc\RecipeScroll.cs" to "C:\RunUO\RunUO\Distribution\Debug\net8.0\Scripts\Items\Skill Items\Misc\RecipeScroll.cs".
         Copying file from "C:\RunUO\RunUO\Scripts\Items\Skill Items\Misc\RepairDeed.cs" to "C:\RunUO\RunUO\Distribution\Debug\net8.0\Scripts\Items\Skill Items\Misc\RepairDeed.cs".
         Copying file from "C:\RunUO\RunUO\Scripts\Items\Skill Items\Musical Instruments\BambooFlute.cs" to "C:\RunUO\RunUO\Distribution\Debug\net8.0\Scripts\Items\Skill Items\Musical Instruments\BambooFlute.cs".
         Copying file from "C:\RunUO\RunUO\Scripts\Items\Skill Items\Musical Instruments\BaseInstrument.cs" to "C:\RunUO\RunUO\Distribution\Debug\net8.0\Scripts\Items\Skill Items\Musical Instruments\BaseInstrument.cs".
         Copying file from "C:\RunUO\RunUO\Scripts\Items\Skill Items\Musical Instruments\Drums.cs" to "C:\RunUO\RunUO\Distribution\Debug\net8.0\Scripts\Items\Skill Items\Musical Instruments\Drums.cs".
         Copying file from "C:\RunUO\RunUO\Scripts\Items\Skill Items\Musical Instruments\Harp.cs" to "C:\RunUO\RunUO\Distribution\Debug\net8.0\Scripts\Items\Skill Items\Musical Instruments\Harp.cs".
         Copying file from "C:\RunUO\RunUO\Scripts\Items\Skill Items\Musical Instruments\LapHarp.cs" to "C:\RunUO\RunUO\Distribution\Debug\net8.0\Scripts\Items\Skill Items\Musical Instruments\LapHarp.cs".
         Copying file from "C:\RunUO\RunUO\Scripts\Items\Skill Items\Musical Instruments\Lute.cs" to "C:\RunUO\RunUO\Distribution\Debug\net8.0\Scripts\Items\Skill Items\Musical Instruments\Lute.cs".
         Copying file from "C:\RunUO\RunUO\Scripts\Items\Skill Items\Musical Instruments\Tambourine.cs" to "C:\RunUO\RunUO\Distribution\Debug\net8.0\Scripts\Items\Skill Items\Musical Instruments\Tambourine.cs".
         Copying file from "C:\RunUO\RunUO\Scripts\Items\Skill Items\Musical Instruments\TambourineTassel.cs" to "C:\RunUO\RunUO\Distribution\Debug\net8.0\Scripts\Items\Skill Items\Musical Instruments\TambourineTassel.cs".
         Copying file from "C:\RunUO\RunUO\Scripts\Items\Skill Items\Ninjitsu\EggBomb.cs" to "C:\RunUO\RunUO\Distribution\Debug\net8.0\Scripts\Items\Skill Items\Ninjitsu\EggBomb.cs".
         Copying file from "C:\RunUO\RunUO\Scripts\Items\Skill Items\Ninjitsu\Fukiya.cs" to "C:\RunUO\RunUO\Distribution\Debug\net8.0\Scripts\Items\Skill Items\Ninjitsu\Fukiya.cs".
         Copying file from "C:\RunUO\RunUO\Scripts\Items\Skill Items\Ninjitsu\FukiyaDarts.cs" to "C:\RunUO\RunUO\Distribution\Debug\net8.0\Scripts\Items\Skill Items\Ninjitsu\FukiyaDarts.cs".
         Copying file from "C:\RunUO\RunUO\Scripts\Items\Skill Items\Ninjitsu\LeatherNinjaBelt.cs" to "C:\RunUO\RunUO\Distribution\Debug\net8.0\Scripts\Items\Skill Items\Ninjitsu\LeatherNinjaBelt.cs".
         Copying file from "C:\RunUO\RunUO\Scripts\Items\Skill Items\Ninjitsu\NinjaWeapons.cs" to "C:\RunUO\RunUO\Distribution\Debug\net8.0\Scripts\Items\Skill Items\Ninjitsu\NinjaWeapons.cs".
         Copying file from "C:\RunUO\RunUO\Scripts\Items\Skill Items\Ninjitsu\Shuriken.cs" to "C:\RunUO\RunUO\Distribution\Debug\net8.0\Scripts\Items\Skill Items\Ninjitsu\Shuriken.cs".
         Copying file from "C:\RunUO\RunUO\Scripts\Items\Skill Items\Ninjitsu\SmokeBomb.cs" to "C:\RunUO\RunUO\Distribution\Debug\net8.0\Scripts\Items\Skill Items\Ninjitsu\SmokeBomb.cs".
         Copying file from "C:\RunUO\RunUO\Scripts\Items\Skill Items\Specialized\GlassblowingBook.cs" to "C:\RunUO\RunUO\Distribution\Debug\net8.0\Scripts\Items\Skill Items\Specialized\GlassblowingBook.cs".
         Copying file from "C:\RunUO\RunUO\Scripts\Items\Skill Items\Specialized\MasonryBook.cs" to "C:\RunUO\RunUO\Distribution\Debug\net8.0\Scripts\Items\Skill Items\Specialized\MasonryBook.cs".
         Copying file from "C:\RunUO\RunUO\Scripts\Items\Skill Items\Specialized\Sand.cs" to "C:\RunUO\RunUO\Distribution\Debug\net8.0\Scripts\Items\Skill Items\Specialized\Sand.cs".
         Copying file from "C:\RunUO\RunUO\Scripts\Items\Skill Items\Specialized\SandMiningBook.cs" to "C:\RunUO\RunUO\Distribution\Debug\net8.0\Scripts\Items\Skill Items\Specialized\SandMiningBook.cs".
         Copying file from "C:\RunUO\RunUO\Scripts\Items\Skill Items\Tailor Items\Dyetubs\BlackDyeTub.cs" to "C:\RunUO\RunUO\Distribution\Debug\net8.0\Scripts\Items\Skill Items\Tailor Items\Dyetubs\BlackDyeTub.cs".
         Copying file from "C:\RunUO\RunUO\Scripts\Items\Skill Items\Specialized\StoneMiningBook.cs" to "C:\RunUO\RunUO\Distribution\Debug\net8.0\Scripts\Items\Skill Items\Specialized\StoneMiningBook.cs".
         Copying file from "C:\RunUO\RunUO\Scripts\Items\Skill Items\Tailor Items\Dyetubs\BlazeDyeTub.cs" to "C:\RunUO\RunUO\Distribution\Debug\net8.0\Scripts\Items\Skill Items\Tailor Items\Dyetubs\BlazeDyeTub.cs".
         Copying file from "C:\RunUO\RunUO\Scripts\Items\Skill Items\Tailor Items\Dyetubs\CustomHuePicker.cs" to "C:\RunUO\RunUO\Distribution\Debug\net8.0\Scripts\Items\Skill Items\Tailor Items\Dyetubs\CustomHuePicker.cs".
         Copying file from "C:\RunUO\RunUO\Scripts\Items\Skill Items\Tailor Items\Dyetubs\DyeTub.cs" to "C:\RunUO\RunUO\Distribution\Debug\net8.0\Scripts\Items\Skill Items\Tailor Items\Dyetubs\DyeTub.cs".
         Copying file from "C:\RunUO\RunUO\Scripts\Items\Skill Items\Tailor Items\Dyetubs\FurnitureDyeTub.cs" to "C:\RunUO\RunUO\Distribution\Debug\net8.0\Scripts\Items\Skill Items\Tailor Items\Dyetubs\FurnitureDyeTub.cs".
         Copying file from "C:\RunUO\RunUO\Scripts\Items\Skill Items\Tailor Items\Dyetubs\MetallicClothDyetub.cs" to "C:\RunUO\RunUO\Distribution\Debug\net8.0\Scripts\Items\Skill Items\Tailor Items\Dyetubs\MetallicClothDyetub.cs".
         Copying file from "C:\RunUO\RunUO\Scripts\Items\Skill Items\Tailor Items\Dyetubs\LeatherDyeTub.cs" to "C:\RunUO\RunUO\Distribution\Debug\net8.0\Scripts\Items\Skill Items\Tailor Items\Dyetubs\LeatherDyeTub.cs".
         Copying file from "C:\RunUO\RunUO\Scripts\Items\Skill Items\Tailor Items\Dyetubs\MetallicHuePicker.cs" to "C:\RunUO\RunUO\Distribution\Debug\net8.0\Scripts\Items\Skill Items\Tailor Items\Dyetubs\MetallicHuePicker.cs".
         Copying file from "C:\RunUO\RunUO\Scripts\Items\Skill Items\Tailor Items\Dyetubs\MetallicLeatherDyeTub.cs" to "C:\RunUO\RunUO\Distribution\Debug\net8.0\Scripts\Items\Skill Items\Tailor Items\Dyetubs\MetallicLeatherDyeTub.cs".
         Copying file from "C:\RunUO\RunUO\Scripts\Items\Skill Items\Tailor Items\Dyetubs\RewardBlackDyeTub.cs" to "C:\RunUO\RunUO\Distribution\Debug\net8.0\Scripts\Items\Skill Items\Tailor Items\Dyetubs\RewardBlackDyeTub.cs".
         Copying file from "C:\RunUO\RunUO\Scripts\Items\Skill Items\Tailor Items\Dyetubs\RunebookDyeTub.cs" to "C:\RunUO\RunUO\Distribution\Debug\net8.0\Scripts\Items\Skill Items\Tailor Items\Dyetubs\RunebookDyeTub.cs".
         Copying file from "C:\RunUO\RunUO\Scripts\Items\Skill Items\Tailor Items\Dyetubs\SpecialDyeTub.cs" to "C:\RunUO\RunUO\Distribution\Debug\net8.0\Scripts\Items\Skill Items\Tailor Items\Dyetubs\SpecialDyeTub.cs".
         Copying file from "C:\RunUO\RunUO\Scripts\Items\Skill Items\Tailor Items\Dyetubs\StatuetteDyeTub.cs" to "C:\RunUO\RunUO\Distribution\Debug\net8.0\Scripts\Items\Skill Items\Tailor Items\Dyetubs\StatuetteDyeTub.cs".
         Copying file from "C:\RunUO\RunUO\Scripts\Items\Skill Items\Tailor Items\Dyetubs\WhiteClothDyeTub.cs" to "C:\RunUO\RunUO\Distribution\Debug\net8.0\Scripts\Items\Skill Items\Tailor Items\Dyetubs\WhiteClothDyeTub.cs".
         Copying file from "C:\RunUO\RunUO\Scripts\Items\Skill Items\Tailor Items\Dyetubs\WhiteLeatherDyeTub.cs" to "C:\RunUO\RunUO\Distribution\Debug\net8.0\Scripts\Items\Skill Items\Tailor Items\Dyetubs\WhiteLeatherDyeTub.cs".
         Copying file from "C:\RunUO\RunUO\Scripts\Items\Skill Items\Tailor Items\Misc\Dressform.cs" to "C:\RunUO\RunUO\Distribution\Debug\net8.0\Scripts\Items\Skill Items\Tailor Items\Misc\Dressform.cs".
         Copying file from "C:\RunUO\RunUO\Scripts\Items\Skill Items\Tailor Items\Misc\Dyes.cs" to "C:\RunUO\RunUO\Distribution\Debug\net8.0\Scripts\Items\Skill Items\Tailor Items\Misc\Dyes.cs".
         Copying file from "C:\RunUO\RunUO\Scripts\Items\Skill Items\Tailor Items\Misc\Scissors.cs" to "C:\RunUO\RunUO\Distribution\Debug\net8.0\Scripts\Items\Skill Items\Tailor Items\Misc\Scissors.cs".
         Copying file from "C:\RunUO\RunUO\Scripts\Items\Skill Items\Thief\DisguiseKit.cs" to "C:\RunUO\RunUO\Distribution\Debug\net8.0\Scripts\Items\Skill Items\Thief\DisguiseKit.cs".
         Copying file from "C:\RunUO\RunUO\Scripts\Items\Skill Items\Thief\LockPick.cs" to "C:\RunUO\RunUO\Distribution\Debug\net8.0\Scripts\Items\Skill Items\Thief\LockPick.cs".
         Copying file from "C:\RunUO\RunUO\Scripts\Items\Skill Items\Thief\DisguisePersistance.cs" to "C:\RunUO\RunUO\Distribution\Debug\net8.0\Scripts\Items\Skill Items\Thief\DisguisePersistance.cs".
         Copying file from "C:\RunUO\RunUO\Scripts\Items\Skill Items\Tinkering\AxleGears.cs" to "C:\RunUO\RunUO\Distribution\Debug\net8.0\Scripts\Items\Skill Items\Tinkering\AxleGears.cs".
         Copying file from "C:\RunUO\RunUO\Scripts\Items\Skill Items\Tinkering\ClockFrame.cs" to "C:\RunUO\RunUO\Distribution\Debug\net8.0\Scripts\Items\Skill Items\Tinkering\ClockFrame.cs".
         Copying file from "C:\RunUO\RunUO\Scripts\Items\Skill Items\Tinkering\Axle.cs" to "C:\RunUO\RunUO\Distribution\Debug\net8.0\Scripts\Items\Skill Items\Tinkering\Axle.cs".
         Copying file from "C:\RunUO\RunUO\Scripts\Items\Skill Items\Tinkering\ClockParts.cs" to "C:\RunUO\RunUO\Distribution\Debug\net8.0\Scripts\Items\Skill Items\Tinkering\ClockParts.cs".
         Copying file from "C:\RunUO\RunUO\Scripts\Items\Skill Items\Tinkering\Clocks.cs" to "C:\RunUO\RunUO\Distribution\Debug\net8.0\Scripts\Items\Skill Items\Tinkering\Clocks.cs".
         Copying file from "C:\RunUO\RunUO\Scripts\Items\Skill Items\Tinkering\Gears.cs" to "C:\RunUO\RunUO\Distribution\Debug\net8.0\Scripts\Items\Skill Items\Tinkering\Gears.cs".
         Copying file from "C:\RunUO\RunUO\Scripts\Items\Skill Items\Tinkering\Globe.cs" to "C:\RunUO\RunUO\Distribution\Debug\net8.0\Scripts\Items\Skill Items\Tinkering\Globe.cs".
         Copying file from "C:\RunUO\RunUO\Scripts\Items\Skill Items\Tinkering\Hinge.cs" to "C:\RunUO\RunUO\Distribution\Debug\net8.0\Scripts\Items\Skill Items\Tinkering\Hinge.cs".
         Copying file from "C:\RunUO\RunUO\Scripts\Items\Skill Items\Tinkering\SextantParts.cs" to "C:\RunUO\RunUO\Distribution\Debug\net8.0\Scripts\Items\Skill Items\Tinkering\SextantParts.cs".
         Copying file from "C:\RunUO\RunUO\Scripts\Items\Skill Items\Tinkering\Springs.cs" to "C:\RunUO\RunUO\Distribution\Debug\net8.0\Scripts\Items\Skill Items\Tinkering\Springs.cs".
         Copying file from "C:\RunUO\RunUO\Scripts\Items\Skill Items\Tinkering\Spyglass.cs" to "C:\RunUO\RunUO\Distribution\Debug\net8.0\Scripts\Items\Skill Items\Tinkering\Spyglass.cs".
         Copying file from "C:\RunUO\RunUO\Scripts\Items\Skill Items\Tinkering\Utensils.cs" to "C:\RunUO\RunUO\Distribution\Debug\net8.0\Scripts\Items\Skill Items\Tinkering\Utensils.cs".
         Copying file from "C:\RunUO\RunUO\Scripts\Items\Skill Items\Tools\BaseRunicTool.cs" to "C:\RunUO\RunUO\Distribution\Debug\net8.0\Scripts\Items\Skill Items\Tools\BaseRunicTool.cs".
         Copying file from "C:\RunUO\RunUO\Scripts\Items\Skill Items\Tools\BaseTool.cs" to "C:\RunUO\RunUO\Distribution\Debug\net8.0\Scripts\Items\Skill Items\Tools\BaseTool.cs".
         Copying file from "C:\RunUO\RunUO\Scripts\Items\Skill Items\Tools\Blowpipe.cs" to "C:\RunUO\RunUO\Distribution\Debug\net8.0\Scripts\Items\Skill Items\Tools\Blowpipe.cs".
         Copying file from "C:\RunUO\RunUO\Scripts\Items\Skill Items\Tools\DovetailSaw.cs" to "C:\RunUO\RunUO\Distribution\Debug\net8.0\Scripts\Items\Skill Items\Tools\DovetailSaw.cs".
         Copying file from "C:\RunUO\RunUO\Scripts\Items\Skill Items\Tools\DrawKnife.cs" to "C:\RunUO\RunUO\Distribution\Debug\net8.0\Scripts\Items\Skill Items\Tools\DrawKnife.cs".
         Copying file from "C:\RunUO\RunUO\Scripts\Items\Skill Items\Tools\FletcherTools.cs" to "C:\RunUO\RunUO\Distribution\Debug\net8.0\Scripts\Items\Skill Items\Tools\FletcherTools.cs".
         Copying file from "C:\RunUO\RunUO\Scripts\Items\Skill Items\Tools\FlourSifter.cs" to "C:\RunUO\RunUO\Distribution\Debug\net8.0\Scripts\Items\Skill Items\Tools\FlourSifter.cs".
         Copying file from "C:\RunUO\RunUO\Scripts\Items\Skill Items\Tools\Froe.cs" to "C:\RunUO\RunUO\Distribution\Debug\net8.0\Scripts\Items\Skill Items\Tools\Froe.cs".
         Copying file from "C:\RunUO\RunUO\Scripts\Items\Skill Items\Tools\Hammer.cs" to "C:\RunUO\RunUO\Distribution\Debug\net8.0\Scripts\Items\Skill Items\Tools\Hammer.cs".
         Copying file from "C:\RunUO\RunUO\Scripts\Items\Skill Items\Tools\Inshave.cs" to "C:\RunUO\RunUO\Distribution\Debug\net8.0\Scripts\Items\Skill Items\Tools\Inshave.cs".
         Copying file from "C:\RunUO\RunUO\Scripts\Items\Skill Items\Tools\JointingPlane.cs" to "C:\RunUO\RunUO\Distribution\Debug\net8.0\Scripts\Items\Skill Items\Tools\JointingPlane.cs".
         Copying file from "C:\RunUO\RunUO\Scripts\Items\Skill Items\Tools\MalletAndChisel.cs" to "C:\RunUO\RunUO\Distribution\Debug\net8.0\Scripts\Items\Skill Items\Tools\MalletAndChisel.cs".
         Copying file from "C:\RunUO\RunUO\Scripts\Items\Skill Items\Tools\MapmakersPen.cs" to "C:\RunUO\RunUO\Distribution\Debug\net8.0\Scripts\Items\Skill Items\Tools\MapmakersPen.cs".
         Copying file from "C:\RunUO\RunUO\Scripts\Items\Skill Items\Tools\MortarPestle.cs" to "C:\RunUO\RunUO\Distribution\Debug\net8.0\Scripts\Items\Skill Items\Tools\MortarPestle.cs".
         Copying file from "C:\RunUO\RunUO\Scripts\Items\Skill Items\Tools\MouldingPlane.cs" to "C:\RunUO\RunUO\Distribution\Debug\net8.0\Scripts\Items\Skill Items\Tools\MouldingPlane.cs".
         Copying file from "C:\RunUO\RunUO\Scripts\Items\Skill Items\Tools\Nails.cs" to "C:\RunUO\RunUO\Distribution\Debug\net8.0\Scripts\Items\Skill Items\Tools\Nails.cs".
         Copying file from "C:\RunUO\RunUO\Scripts\Items\Skill Items\Tools\RollingPin.cs" to "C:\RunUO\RunUO\Distribution\Debug\net8.0\Scripts\Items\Skill Items\Tools\RollingPin.cs".
         Copying file from "C:\RunUO\RunUO\Scripts\Items\Skill Items\Tools\RunicDovetailSaw.cs" to "C:\RunUO\RunUO\Distribution\Debug\net8.0\Scripts\Items\Skill Items\Tools\RunicDovetailSaw.cs".
         Copying file from "C:\RunUO\RunUO\Scripts\Items\Skill Items\Tools\RunicFletcherTool.cs" to "C:\RunUO\RunUO\Distribution\Debug\net8.0\Scripts\Items\Skill Items\Tools\RunicFletcherTool.cs".
         Copying file from "C:\RunUO\RunUO\Scripts\Items\Skill Items\Tools\RunicHammer.cs" to "C:\RunUO\RunUO\Distribution\Debug\net8.0\Scripts\Items\Skill Items\Tools\RunicHammer.cs".
         Copying file from "C:\RunUO\RunUO\Scripts\Items\Skill Items\Tools\RunicSewingKit.cs" to "C:\RunUO\RunUO\Distribution\Debug\net8.0\Scripts\Items\Skill Items\Tools\RunicSewingKit.cs".
         Copying file from "C:\RunUO\RunUO\Scripts\Items\Skill Items\Tools\Saw.cs" to "C:\RunUO\RunUO\Distribution\Debug\net8.0\Scripts\Items\Skill Items\Tools\Saw.cs".
         Copying file from "C:\RunUO\RunUO\Scripts\Items\Skill Items\Tools\Scorp.cs" to "C:\RunUO\RunUO\Distribution\Debug\net8.0\Scripts\Items\Skill Items\Tools\Scorp.cs".
         Copying file from "C:\RunUO\RunUO\Scripts\Items\Skill Items\Tools\ScribesPen.cs" to "C:\RunUO\RunUO\Distribution\Debug\net8.0\Scripts\Items\Skill Items\Tools\ScribesPen.cs".
         Copying file from "C:\RunUO\RunUO\Scripts\Items\Skill Items\Tools\SewingKit.cs" to "C:\RunUO\RunUO\Distribution\Debug\net8.0\Scripts\Items\Skill Items\Tools\SewingKit.cs".
         Copying file from "C:\RunUO\RunUO\Scripts\Items\Skill Items\Tools\Skillet.cs" to "C:\RunUO\RunUO\Distribution\Debug\net8.0\Scripts\Items\Skill Items\Tools\Skillet.cs".
         Copying file from "C:\RunUO\RunUO\Scripts\Items\Skill Items\Tools\SledgeHammer.cs" to "C:\RunUO\RunUO\Distribution\Debug\net8.0\Scripts\Items\Skill Items\Tools\SledgeHammer.cs".
         Copying file from "C:\RunUO\RunUO\Scripts\Items\Skill Items\Tools\SmithHammer.cs" to "C:\RunUO\RunUO\Distribution\Debug\net8.0\Scripts\Items\Skill Items\Tools\SmithHammer.cs".
         Copying file from "C:\RunUO\RunUO\Scripts\Items\Skill Items\Tools\SmoothingPlane.cs" to "C:\RunUO\RunUO\Distribution\Debug\net8.0\Scripts\Items\Skill Items\Tools\SmoothingPlane.cs".
         Copying file from "C:\RunUO\RunUO\Scripts\Items\Skill Items\Tools\TinkerTools.cs" to "C:\RunUO\RunUO\Distribution\Debug\net8.0\Scripts\Items\Skill Items\Tools\TinkerTools.cs".
         Copying file from "C:\RunUO\RunUO\Scripts\Items\Skill Items\Tools\Tongs.cs" to "C:\RunUO\RunUO\Distribution\Debug\net8.0\Scripts\Items\Skill Items\Tools\Tongs.cs".
         Copying file from "C:\RunUO\RunUO\Scripts\Items\Special\11th Year promo\EarringsOfProtection.cs" to "C:\RunUO\RunUO\Distribution\Debug\net8.0\Scripts\Items\Special\11th Year promo\EarringsOfProtection.cs".
         Copying file from "C:\RunUO\RunUO\Scripts\Items\Special\8th Anniversary Items\Dawn's Music Box\DawnsMusicBox.cs" to "C:\RunUO\RunUO\Distribution\Debug\net8.0\Scripts\Items\Special\8th Anniversary Items\Dawn's Music Box\DawnsMusicBox.cs".
         Copying file from "C:\RunUO\RunUO\Scripts\Items\Special\8th Anniversary Items\Dawn's Music Box\DawnsMusicGear.cs" to "C:\RunUO\RunUO\Distribution\Debug\net8.0\Scripts\Items\Special\8th Anniversary Items\Dawn's Music Box\DawnsMusicGear.cs".
         Copying file from "C:\RunUO\RunUO\Scripts\Items\Special\8th Anniversary Items\Dawn's Music Box\DawnsMusicInfo.cs" to "C:\RunUO\RunUO\Distribution\Debug\net8.0\Scripts\Items\Special\8th Anniversary Items\Dawn's Music Box\DawnsMusicInfo.cs".
         Copying file from "C:\RunUO\RunUO\Scripts\Items\Special\8th Anniversary Items\FountainOfLife.cs" to "C:\RunUO\RunUO\Distribution\Debug\net8.0\Scripts\Items\Special\8th Anniversary Items\FountainOfLife.cs".
         Copying file from "C:\RunUO\RunUO\Scripts\Items\Special\8th Anniversary Items\DupresShield.cs" to "C:\RunUO\RunUO\Distribution\Debug\net8.0\Scripts\Items\Special\8th Anniversary Items\DupresShield.cs".
         Copying file from "C:\RunUO\RunUO\Scripts\Items\Special\8th Anniversary Items\OssianGrimoire.cs" to "C:\RunUO\RunUO\Distribution\Debug\net8.0\Scripts\Items\Special\8th Anniversary Items\OssianGrimoire.cs".
         Copying file from "C:\RunUO\RunUO\Scripts\Items\Special\8th Anniversary Items\QuiverOfInfinity.cs" to "C:\RunUO\RunUO\Distribution\Debug\net8.0\Scripts\Items\Special\8th Anniversary Items\QuiverOfInfinity.cs".
         Copying file from "C:\RunUO\RunUO\Scripts\Items\Special\8th Anniversary Items\Talismans.cs" to "C:\RunUO\RunUO\Distribution\Debug\net8.0\Scripts\Items\Special\8th Anniversary Items\Talismans.cs".
         Copying file from "C:\RunUO\RunUO\Scripts\Items\Special\AoS Promotional\HoodedShroudOfShadows.cs" to "C:\RunUO\RunUO\Distribution\Debug\net8.0\Scripts\Items\Special\AoS Promotional\HoodedShroudOfShadows.cs".
         Copying file from "C:\RunUO\RunUO\Scripts\Items\Special\AoS Promotional\LuckyNecklace.cs" to "C:\RunUO\RunUO\Distribution\Debug\net8.0\Scripts\Items\Special\AoS Promotional\LuckyNecklace.cs".
         Copying file from "C:\RunUO\RunUO\Scripts\Items\Special\Broken Furniture Collection\BrokenArmoire.cs" to "C:\RunUO\RunUO\Distribution\Debug\net8.0\Scripts\Items\Special\Broken Furniture Collection\BrokenArmoire.cs".
         Copying file from "C:\RunUO\RunUO\Scripts\Items\Special\Broken Furniture Collection\BrokenBed.cs" to "C:\RunUO\RunUO\Distribution\Debug\net8.0\Scripts\Items\Special\Broken Furniture Collection\BrokenBed.cs".
         Copying file from "C:\RunUO\RunUO\Scripts\Items\Special\Broken Furniture Collection\BrokenBookcase.cs" to "C:\RunUO\RunUO\Distribution\Debug\net8.0\Scripts\Items\Special\Broken Furniture Collection\BrokenBookcase.cs".
         Copying file from "C:\RunUO\RunUO\Scripts\Items\Special\Broken Furniture Collection\BrokenChestOfDrawers.cs" to "C:\RunUO\RunUO\Distribution\Debug\net8.0\Scripts\Items\Special\Broken Furniture Collection\BrokenChestOfDrawers.cs".
         Copying file from "C:\RunUO\RunUO\Scripts\Items\Special\Broken Furniture Collection\BrokenCoveredChair.cs" to "C:\RunUO\RunUO\Distribution\Debug\net8.0\Scripts\Items\Special\Broken Furniture Collection\BrokenCoveredChair.cs".
         Copying file from "C:\RunUO\RunUO\Scripts\Items\Special\Broken Furniture Collection\BrokenFallenChair.cs" to "C:\RunUO\RunUO\Distribution\Debug\net8.0\Scripts\Items\Special\Broken Furniture Collection\BrokenFallenChair.cs".
         Copying file from "C:\RunUO\RunUO\Scripts\Items\Special\Broken Furniture Collection\BrokenVanity.cs" to "C:\RunUO\RunUO\Distribution\Debug\net8.0\Scripts\Items\Special\Broken Furniture Collection\BrokenVanity.cs".
         Copying file from "C:\RunUO\RunUO\Scripts\Items\Special\Broken Furniture Collection\StandingBrokenChair.cs" to "C:\RunUO\RunUO\Distribution\Debug\net8.0\Scripts\Items\Special\Broken Furniture Collection\StandingBrokenChair.cs".
         Copying file from "C:\RunUO\RunUO\Scripts\Items\Special\Bulk Order Rewards\Blacksmithy\AncientSmithyHammer.cs" to "C:\RunUO\RunUO\Distribution\Debug\net8.0\Scripts\Items\Special\Bulk Order Rewards\Blacksmithy\AncientSmithyHammer.cs".
         Copying file from "C:\RunUO\RunUO\Scripts\Items\Special\Bulk Order Rewards\Blacksmithy\ColoredAnvil.cs" to "C:\RunUO\RunUO\Distribution\Debug\net8.0\Scripts\Items\Special\Bulk Order Rewards\Blacksmithy\ColoredAnvil.cs".
         Copying file from "C:\RunUO\RunUO\Scripts\Items\Special\Bulk Order Rewards\Blacksmithy\GlovesOfMining.cs" to "C:\RunUO\RunUO\Distribution\Debug\net8.0\Scripts\Items\Special\Bulk Order Rewards\Blacksmithy\GlovesOfMining.cs".
         Copying file from "C:\RunUO\RunUO\Scripts\Items\Special\Bulk Order Rewards\Blacksmithy\PowderOfTemperament.cs" to "C:\RunUO\RunUO\Distribution\Debug\net8.0\Scripts\Items\Special\Bulk Order Rewards\Blacksmithy\PowderOfTemperament.cs".
         Copying file from "C:\RunUO\RunUO\Scripts\Items\Special\Community Collection\JesterHatofChuckles.cs" to "C:\RunUO\RunUO\Distribution\Debug\net8.0\Scripts\Items\Special\Community Collection\JesterHatofChuckles.cs".
         Copying file from "C:\RunUO\RunUO\Scripts\Items\Special\Evil Home Decor Collection\AwesomeDisturbingPortrait.cs" to "C:\RunUO\RunUO\Distribution\Debug\net8.0\Scripts\Items\Special\Evil Home Decor Collection\AwesomeDisturbingPortrait.cs".
         Copying file from "C:\RunUO\RunUO\Scripts\Items\Special\Evil Home Decor Collection\BedOfNails.cs" to "C:\RunUO\RunUO\Distribution\Debug\net8.0\Scripts\Items\Special\Evil Home Decor Collection\BedOfNails.cs".
         Copying file from "C:\RunUO\RunUO\Scripts\Items\Special\Evil Home Decor Collection\BoneCouch.cs" to "C:\RunUO\RunUO\Distribution\Debug\net8.0\Scripts\Items\Special\Evil Home Decor Collection\BoneCouch.cs".
         Copying file from "C:\RunUO\RunUO\Scripts\Items\Special\Evil Home Decor Collection\BoneTable.cs" to "C:\RunUO\RunUO\Distribution\Debug\net8.0\Scripts\Items\Special\Evil Home Decor Collection\BoneTable.cs".
         Copying file from "C:\RunUO\RunUO\Scripts\Items\Special\Evil Home Decor Collection\BoneThrone.cs" to "C:\RunUO\RunUO\Distribution\Debug\net8.0\Scripts\Items\Special\Evil Home Decor Collection\BoneThrone.cs".
         Copying file from "C:\RunUO\RunUO\Scripts\Items\Special\Evil Home Decor Collection\CreepyPortrait.cs" to "C:\RunUO\RunUO\Distribution\Debug\net8.0\Scripts\Items\Special\Evil Home Decor Collection\CreepyPortrait.cs".
         Copying file from "C:\RunUO\RunUO\Scripts\Items\Special\Evil Home Decor Collection\DisturbingPortrait.cs" to "C:\RunUO\RunUO\Distribution\Debug\net8.0\Scripts\Items\Special\Evil Home Decor Collection\DisturbingPortrait.cs".
         Copying file from "C:\RunUO\RunUO\Scripts\Items\Special\Evil Home Decor Collection\MountedPixieBlue.cs" to "C:\RunUO\RunUO\Distribution\Debug\net8.0\Scripts\Items\Special\Evil Home Decor Collection\MountedPixieBlue.cs".
         Copying file from "C:\RunUO\RunUO\Scripts\Items\Special\Evil Home Decor Collection\HauntedMirror.cs" to "C:\RunUO\RunUO\Distribution\Debug\net8.0\Scripts\Items\Special\Evil Home Decor Collection\HauntedMirror.cs".
         Copying file from "C:\RunUO\RunUO\Scripts\Items\Special\Evil Home Decor Collection\MountedPixieGreen.cs" to "C:\RunUO\RunUO\Distribution\Debug\net8.0\Scripts\Items\Special\Evil Home Decor Collection\MountedPixieGreen.cs".
         Copying file from "C:\RunUO\RunUO\Scripts\Items\Special\Evil Home Decor Collection\MountedPixieLime.cs" to "C:\RunUO\RunUO\Distribution\Debug\net8.0\Scripts\Items\Special\Evil Home Decor Collection\MountedPixieLime.cs".
         Copying file from "C:\RunUO\RunUO\Scripts\Items\Special\Evil Home Decor Collection\MountedPixieOrange.cs" to "C:\RunUO\RunUO\Distribution\Debug\net8.0\Scripts\Items\Special\Evil Home Decor Collection\MountedPixieOrange.cs".
         Copying file from "C:\RunUO\RunUO\Scripts\Items\Special\Evil Home Decor Collection\MountedPixieWhite.cs" to "C:\RunUO\RunUO\Distribution\Debug\net8.0\Scripts\Items\Special\Evil Home Decor Collection\MountedPixieWhite.cs".
         Copying file from "C:\RunUO\RunUO\Scripts\Items\Special\Evil Home Decor Collection\SacrificialAltar.cs" to "C:\RunUO\RunUO\Distribution\Debug\net8.0\Scripts\Items\Special\Evil Home Decor Collection\SacrificialAltar.cs".
         Copying file from "C:\RunUO\RunUO\Scripts\Items\Special\Evil Home Decor Collection\UnsettlingPortrait.cs" to "C:\RunUO\RunUO\Distribution\Debug\net8.0\Scripts\Items\Special\Evil Home Decor Collection\UnsettlingPortrait.cs".
         Copying file from "C:\RunUO\RunUO\Scripts\Items\Special\Gifts\HearthOfHomeFire.cs" to "C:\RunUO\RunUO\Distribution\Debug\net8.0\Scripts\Items\Special\Gifts\HearthOfHomeFire.cs".
         Copying file from "C:\RunUO\RunUO\Scripts\Items\Special\Gifts\HolySword.cs" to "C:\RunUO\RunUO\Distribution\Debug\net8.0\Scripts\Items\Special\Gifts\HolySword.cs".
         Copying file from "C:\RunUO\RunUO\Scripts\Items\Special\Gifts\LeggingsOfEmbers.cs" to "C:\RunUO\RunUO\Distribution\Debug\net8.0\Scripts\Items\Special\Gifts\LeggingsOfEmbers.cs".
         Copying file from "C:\RunUO\RunUO\Scripts\Items\Special\Gifts\RoseOfTrinsic.cs" to "C:\RunUO\RunUO\Distribution\Debug\net8.0\Scripts\Items\Special\Gifts\RoseOfTrinsic.cs".
         Copying file from "C:\RunUO\RunUO\Scripts\Items\Special\Gifts\SamuraiHelm.cs" to "C:\RunUO\RunUO\Distribution\Debug\net8.0\Scripts\Items\Special\Gifts\SamuraiHelm.cs".
         Copying file from "C:\RunUO\RunUO\Scripts\Items\Special\Gifts\ShaminoCrossbow.cs" to "C:\RunUO\RunUO\Distribution\Debug\net8.0\Scripts\Items\Special\Gifts\ShaminoCrossbow.cs".
         Copying file from "C:\RunUO\RunUO\Scripts\Items\Special\Gifts\TapestryOfSosaria.cs" to "C:\RunUO\RunUO\Distribution\Debug\net8.0\Scripts\Items\Special\Gifts\TapestryOfSosaria.cs".
         Copying file from "C:\RunUO\RunUO\Scripts\Items\Special\Heritage Items\AppleTrunk.cs" to "C:\RunUO\RunUO\Distribution\Debug\net8.0\Scripts\Items\Special\Heritage Items\AppleTrunk.cs".
         Copying file from "C:\RunUO\RunUO\Scripts\Items\Special\Heritage Items\BlueDecorativeRug.cs" to "C:\RunUO\RunUO\Distribution\Debug\net8.0\Scripts\Items\Special\Heritage Items\BlueDecorativeRug.cs".
         Copying file from "C:\RunUO\RunUO\Scripts\Items\Special\Heritage Items\BlueFancyRug.cs" to "C:\RunUO\RunUO\Distribution\Debug\net8.0\Scripts\Items\Special\Heritage Items\BlueFancyRug.cs".
         Copying file from "C:\RunUO\RunUO\Scripts\Items\Special\Heritage Items\BluePlainRug.cs" to "C:\RunUO\RunUO\Distribution\Debug\net8.0\Scripts\Items\Special\Heritage Items\BluePlainRug.cs".
         Copying file from "C:\RunUO\RunUO\Scripts\Items\Special\Heritage Items\BoilingCauldron.cs" to "C:\RunUO\RunUO\Distribution\Debug\net8.0\Scripts\Items\Special\Heritage Items\BoilingCauldron.cs".
         Copying file from "C:\RunUO\RunUO\Scripts\Items\Special\Heritage Items\CherryBlossomTree.cs" to "C:\RunUO\RunUO\Distribution\Debug\net8.0\Scripts\Items\Special\Heritage Items\CherryBlossomTree.cs".
         Copying file from "C:\RunUO\RunUO\Scripts\Items\Special\Heritage Items\CherryBlossomTrunk.cs" to "C:\RunUO\RunUO\Distribution\Debug\net8.0\Scripts\Items\Special\Heritage Items\CherryBlossomTrunk.cs".
         Copying file from "C:\RunUO\RunUO\Scripts\Items\Special\Heritage Items\CinnamonFancyRug.cs" to "C:\RunUO\RunUO\Distribution\Debug\net8.0\Scripts\Items\Special\Heritage Items\CinnamonFancyRug.cs".
         Copying file from "C:\RunUO\RunUO\Scripts\Items\Special\Heritage Items\Curtains.cs" to "C:\RunUO\RunUO\Distribution\Debug\net8.0\Scripts\Items\Special\Heritage Items\Curtains.cs".
         Copying file from "C:\RunUO\RunUO\Scripts\Items\Special\Heritage Items\Fountain.cs" to "C:\RunUO\RunUO\Distribution\Debug\net8.0\Scripts\Items\Special\Heritage Items\Fountain.cs".
         Copying file from "C:\RunUO\RunUO\Scripts\Items\Special\Heritage Items\FruitTrees.cs" to "C:\RunUO\RunUO\Distribution\Debug\net8.0\Scripts\Items\Special\Heritage Items\FruitTrees.cs".
         Copying file from "C:\RunUO\RunUO\Scripts\Items\Special\Heritage Items\GoldenDecorativeRug.cs" to "C:\RunUO\RunUO\Distribution\Debug\net8.0\Scripts\Items\Special\Heritage Items\GoldenDecorativeRug.cs".
         Copying file from "C:\RunUO\RunUO\Scripts\Items\Special\Heritage Items\Guillotine.cs" to "C:\RunUO\RunUO\Distribution\Debug\net8.0\Scripts\Items\Special\Heritage Items\Guillotine.cs".
         Copying file from "C:\RunUO\RunUO\Scripts\Items\Special\Heritage Items\HangingAxes.cs" to "C:\RunUO\RunUO\Distribution\Debug\net8.0\Scripts\Items\Special\Heritage Items\HangingAxes.cs".
         Copying file from "C:\RunUO\RunUO\Scripts\Items\Special\Heritage Items\HangingSwords.cs" to "C:\RunUO\RunUO\Distribution\Debug\net8.0\Scripts\Items\Special\Heritage Items\HangingSwords.cs".
         Copying file from "C:\RunUO\RunUO\Scripts\Items\Special\Heritage Items\HouseLadder.cs" to "C:\RunUO\RunUO\Distribution\Debug\net8.0\Scripts\Items\Special\Heritage Items\HouseLadder.cs".
         Copying file from "C:\RunUO\RunUO\Scripts\Items\Special\Heritage Items\IronMaiden.cs" to "C:\RunUO\RunUO\Distribution\Debug\net8.0\Scripts\Items\Special\Heritage Items\IronMaiden.cs".
         Copying file from "C:\RunUO\RunUO\Scripts\Items\Special\Heritage Items\LargeFishingNet.cs" to "C:\RunUO\RunUO\Distribution\Debug\net8.0\Scripts\Items\Special\Heritage Items\LargeFishingNet.cs".
         Copying file from "C:\RunUO\RunUO\Scripts\Items\Special\Heritage Items\PeachTrunk.cs" to "C:\RunUO\RunUO\Distribution\Debug\net8.0\Scripts\Items\Special\Heritage Items\PeachTrunk.cs".
         Copying file from "C:\RunUO\RunUO\Scripts\Items\Special\Heritage Items\RedPlainRug.cs" to "C:\RunUO\RunUO\Distribution\Debug\net8.0\Scripts\Items\Special\Heritage Items\RedPlainRug.cs".
         Copying file from "C:\RunUO\RunUO\Scripts\Items\Special\Heritage Items\PinkFancyRug.cs" to "C:\RunUO\RunUO\Distribution\Debug\net8.0\Scripts\Items\Special\Heritage Items\PinkFancyRug.cs".
         Copying file from "C:\RunUO\RunUO\Scripts\Items\Special\Heritage Items\Scarecrow.cs" to "C:\RunUO\RunUO\Distribution\Debug\net8.0\Scripts\Items\Special\Heritage Items\Scarecrow.cs".
         Copying file from "C:\RunUO\RunUO\Scripts\Items\Special\Heritage Items\Statue.cs" to "C:\RunUO\RunUO\Distribution\Debug\net8.0\Scripts\Items\Special\Heritage Items\Statue.cs".
         Copying file from "C:\RunUO\RunUO\Scripts\Items\Special\Heritage Items\SuitOfGoldArmor.cs" to "C:\RunUO\RunUO\Distribution\Debug\net8.0\Scripts\Items\Special\Heritage Items\SuitOfGoldArmor.cs".
         Copying file from "C:\RunUO\RunUO\Scripts\Items\Special\Heritage Items\SmallFishingNet.cs" to "C:\RunUO\RunUO\Distribution\Debug\net8.0\Scripts\Items\Special\Heritage Items\SmallFishingNet.cs".
         Copying file from "C:\RunUO\RunUO\Scripts\Items\Special\Heritage Items\SuitOfSilverArmor.cs" to "C:\RunUO\RunUO\Distribution\Debug\net8.0\Scripts\Items\Special\Heritage Items\SuitOfSilverArmor.cs".
         Copying file from "C:\RunUO\RunUO\Scripts\Items\Special\Heritage Items\TableWithBlueCloth.cs" to "C:\RunUO\RunUO\Distribution\Debug\net8.0\Scripts\Items\Special\Heritage Items\TableWithBlueCloth.cs".
         Copying file from "C:\RunUO\RunUO\Scripts\Items\Special\Heritage Items\TableWithOrangeCloth.cs" to "C:\RunUO\RunUO\Distribution\Debug\net8.0\Scripts\Items\Special\Heritage Items\TableWithOrangeCloth.cs".
         Copying file from "C:\RunUO\RunUO\Scripts\Items\Special\Heritage Items\TableWithPurpleCloth.cs" to "C:\RunUO\RunUO\Distribution\Debug\net8.0\Scripts\Items\Special\Heritage Items\TableWithPurpleCloth.cs".
         Copying file from "C:\RunUO\RunUO\Scripts\Items\Special\Heritage Items\TableWithRedCloth.cs" to "C:\RunUO\RunUO\Distribution\Debug\net8.0\Scripts\Items\Special\Heritage Items\TableWithRedCloth.cs".
         Copying file from "C:\RunUO\RunUO\Scripts\Items\Special\Heritage Items\UnmadeBed.cs" to "C:\RunUO\RunUO\Distribution\Debug\net8.0\Scripts\Items\Special\Heritage Items\UnmadeBed.cs".
         Copying file from "C:\RunUO\RunUO\Scripts\Items\Special\Heritage Items\Vanity.cs" to "C:\RunUO\RunUO\Distribution\Debug\net8.0\Scripts\Items\Special\Heritage Items\Vanity.cs".
         Copying file from "C:\RunUO\RunUO\Scripts\Items\Special\Heritage Items\WallTorch.cs" to "C:\RunUO\RunUO\Distribution\Debug\net8.0\Scripts\Items\Special\Heritage Items\WallTorch.cs".
         Copying file from "C:\RunUO\RunUO\Scripts\Items\Special\Heritage Items\WoodenCoffin.cs" to "C:\RunUO\RunUO\Distribution\Debug\net8.0\Scripts\Items\Special\Heritage Items\WoodenCoffin.cs".
         Copying file from "C:\RunUO\RunUO\Scripts\Items\Special\HeritageToken.cs" to "C:\RunUO\RunUO\Distribution\Debug\net8.0\Scripts\Items\Special\HeritageToken.cs".
         Copying file from "C:\RunUO\RunUO\Scripts\Items\Special\Holiday\Christmas\HolidayTree.cs" to "C:\RunUO\RunUO\Distribution\Debug\net8.0\Scripts\Items\Special\Holiday\Christmas\HolidayTree.cs".
         Copying file from "C:\RunUO\RunUO\Scripts\Items\Special\Holiday\GingerBreadHouseDeed.cs" to "C:\RunUO\RunUO\Distribution\Debug\net8.0\Scripts\Items\Special\Holiday\GingerBreadHouseDeed.cs".
         Copying file from "C:\RunUO\RunUO\Scripts\Items\Special\Holiday\GiftBox.cs" to "C:\RunUO\RunUO\Distribution\Debug\net8.0\Scripts\Items\Special\Holiday\GiftBox.cs".
         Copying file from "C:\RunUO\RunUO\Scripts\Items\Special\Holiday\HolidayBell.cs" to "C:\RunUO\RunUO\Distribution\Debug\net8.0\Scripts\Items\Special\Holiday\HolidayBell.cs".
         Copying file from "C:\RunUO\RunUO\Scripts\Items\Special\Holiday\HolidayFoods.cs" to "C:\RunUO\RunUO\Distribution\Debug\net8.0\Scripts\Items\Special\Holiday\HolidayFoods.cs".
         Copying file from "C:\RunUO\RunUO\Scripts\Items\Special\Holiday\HolidayGiftBoxes.cs" to "C:\RunUO\RunUO\Distribution\Debug\net8.0\Scripts\Items\Special\Holiday\HolidayGiftBoxes.cs".
         Copying file from "C:\RunUO\RunUO\Scripts\Items\Special\Holiday\HolidayPottedPlant.cs" to "C:\RunUO\RunUO\Distribution\Debug\net8.0\Scripts\Items\Special\Holiday\HolidayPottedPlant.cs".
         Copying file from "C:\RunUO\RunUO\Scripts\Items\Special\Holiday\HolidayTimepiece.cs" to "C:\RunUO\RunUO\Distribution\Debug\net8.0\Scripts\Items\Special\Holiday\HolidayTimepiece.cs".
         Copying file from "C:\RunUO\RunUO\Scripts\Items\Special\Holiday\Icecicles.cs" to "C:\RunUO\RunUO\Distribution\Debug\net8.0\Scripts\Items\Special\Holiday\Icecicles.cs".
         Copying file from "C:\RunUO\RunUO\Scripts\Items\Special\Holiday\IcyPatch.cs" to "C:\RunUO\RunUO\Distribution\Debug\net8.0\Scripts\Items\Special\Holiday\IcyPatch.cs".
         Copying file from "C:\RunUO\RunUO\Scripts\Items\Special\Holiday\PKHolidayStuff.cs" to "C:\RunUO\RunUO\Distribution\Debug\net8.0\Scripts\Items\Special\Holiday\PKHolidayStuff.cs".
         Copying file from "C:\RunUO\RunUO\Scripts\Items\Special\Holiday\Poinsettias.cs" to "C:\RunUO\RunUO\Distribution\Debug\net8.0\Scripts\Items\Special\Holiday\Poinsettias.cs".
         Copying file from "C:\RunUO\RunUO\Scripts\Items\Special\Holiday\Snowflakes.cs" to "C:\RunUO\RunUO\Distribution\Debug\net8.0\Scripts\Items\Special\Holiday\Snowflakes.cs".
         Copying file from "C:\RunUO\RunUO\Scripts\Items\Special\Holiday\SnowGlobes.cs" to "C:\RunUO\RunUO\Distribution\Debug\net8.0\Scripts\Items\Special\Holiday\SnowGlobes.cs".
         Copying file from "C:\RunUO\RunUO\Scripts\Items\Special\Holiday\Snowman.cs" to "C:\RunUO\RunUO\Distribution\Debug\net8.0\Scripts\Items\Special\Holiday\Snowman.cs".
         Copying file from "C:\RunUO\RunUO\Scripts\Items\Special\Holiday\SnowPiles.cs" to "C:\RunUO\RunUO\Distribution\Debug\net8.0\Scripts\Items\Special\Holiday\SnowPiles.cs".
         Copying file from "C:\RunUO\RunUO\Scripts\Items\Special\Holiday\SnowStatue.cs" to "C:\RunUO\RunUO\Distribution\Debug\net8.0\Scripts\Items\Special\Holiday\SnowStatue.cs".
         Copying file from "C:\RunUO\RunUO\Scripts\Items\Special\Holiday\WinterGiftPackage2003.cs" to "C:\RunUO\RunUO\Distribution\Debug\net8.0\Scripts\Items\Special\Holiday\WinterGiftPackage2003.cs".
         Copying file from "C:\RunUO\RunUO\Scripts\Items\Special\Holiday\Wreath.cs" to "C:\RunUO\RunUO\Distribution\Debug\net8.0\Scripts\Items\Special\Holiday\Wreath.cs".
         Copying file from "C:\RunUO\RunUO\Scripts\Items\Special\Holiday\Stockings.cs" to "C:\RunUO\RunUO\Distribution\Debug\net8.0\Scripts\Items\Special\Holiday\Stockings.cs".
         Copying file from "C:\RunUO\RunUO\Scripts\Items\Special\Holiday\WristWatch.cs" to "C:\RunUO\RunUO\Distribution\Debug\net8.0\Scripts\Items\Special\Holiday\WristWatch.cs".
         Copying file from "C:\RunUO\RunUO\Scripts\Items\Special\House Raffle\HouseRaffleDeed.cs" to "C:\RunUO\RunUO\Distribution\Debug\net8.0\Scripts\Items\Special\House Raffle\HouseRaffleDeed.cs".
         Copying file from "C:\RunUO\RunUO\Scripts\Items\Special\House Raffle\HouseRaffleManagementGump.cs" to "C:\RunUO\RunUO\Distribution\Debug\net8.0\Scripts\Items\Special\House Raffle\HouseRaffleManagementGump.cs".
         Copying file from "C:\RunUO\RunUO\Scripts\Items\Special\House Raffle\HouseRaffleRegion.cs" to "C:\RunUO\RunUO\Distribution\Debug\net8.0\Scripts\Items\Special\House Raffle\HouseRaffleRegion.cs".
         Copying file from "C:\RunUO\RunUO\Scripts\Items\Special\House Raffle\HouseRaffleStone.cs" to "C:\RunUO\RunUO\Distribution\Debug\net8.0\Scripts\Items\Special\House Raffle\HouseRaffleStone.cs".
         Copying file from "C:\RunUO\RunUO\Scripts\Items\Special\MiniHouses.cs" to "C:\RunUO\RunUO\Distribution\Debug\net8.0\Scripts\Items\Special\MiniHouses.cs".
         Copying file from "C:\RunUO\RunUO\Scripts\Items\Special\ML\BaseImprisonedMobile.cs" to "C:\RunUO\RunUO\Distribution\Debug\net8.0\Scripts\Items\Special\ML\BaseImprisonedMobile.cs".
         Copying file from "C:\RunUO\RunUO\Scripts\Items\Special\ML\GrizzledMareStatuette.cs" to "C:\RunUO\RunUO\Distribution\Debug\net8.0\Scripts\Items\Special\ML\GrizzledMareStatuette.cs".
         Copying file from "C:\RunUO\RunUO\Scripts\Items\Special\ML\MinotaurHedge.cs" to "C:\RunUO\RunUO\Distribution\Debug\net8.0\Scripts\Items\Special\ML\MinotaurHedge.cs".
         Copying file from "C:\RunUO\RunUO\Scripts\Items\Special\ML\TormentedChains.cs" to "C:\RunUO\RunUO\Distribution\Debug\net8.0\Scripts\Items\Special\ML\TormentedChains.cs".
         Copying file from "C:\RunUO\RunUO\Scripts\Items\Special\MonsterStatuette.cs" to "C:\RunUO\RunUO\Distribution\Debug\net8.0\Scripts\Items\Special\MonsterStatuette.cs".
         Copying file from "C:\RunUO\RunUO\Scripts\Items\Special\Mutation Core\PlagueBeastBackpack.cs" to "C:\RunUO\RunUO\Distribution\Debug\net8.0\Scripts\Items\Special\Mutation Core\PlagueBeastBackpack.cs".
         Copying file from "C:\RunUO\RunUO\Scripts\Items\Special\Mutation Core\PlagueBeastBlood.cs" to "C:\RunUO\RunUO\Distribution\Debug\net8.0\Scripts\Items\Special\Mutation Core\PlagueBeastBlood.cs".
         Copying file from "C:\RunUO\RunUO\Scripts\Items\Special\Mutation Core\PlagueBeastGland.cs" to "C:\RunUO\RunUO\Distribution\Debug\net8.0\Scripts\Items\Special\Mutation Core\PlagueBeastGland.cs".
         Copying file from "C:\RunUO\RunUO\Scripts\Items\Special\Mutation Core\PlagueBeastHeart.cs" to "C:\RunUO\RunUO\Distribution\Debug\net8.0\Scripts\Items\Special\Mutation Core\PlagueBeastHeart.cs".
         Copying file from "C:\RunUO\RunUO\Scripts\Items\Special\Mutation Core\PlagueBeastInnard.cs" to "C:\RunUO\RunUO\Distribution\Debug\net8.0\Scripts\Items\Special\Mutation Core\PlagueBeastInnard.cs".
         Copying file from "C:\RunUO\RunUO\Scripts\Items\Special\Mutation Core\PlagueBeastMutationCore.cs" to "C:\RunUO\RunUO\Distribution\Debug\net8.0\Scripts\Items\Special\Mutation Core\PlagueBeastMutationCore.cs".
         Copying file from "C:\RunUO\RunUO\Scripts\Items\Special\Mutation Core\PlagueBeastOrgans.cs" to "C:\RunUO\RunUO\Distribution\Debug\net8.0\Scripts\Items\Special\Mutation Core\PlagueBeastOrgans.cs".
         Copying file from "C:\RunUO\RunUO\Scripts\Items\Special\Mutation Core\PlagueBeastVein.cs" to "C:\RunUO\RunUO\Distribution\Debug\net8.0\Scripts\Items\Special\Mutation Core\PlagueBeastVein.cs".
         Copying file from "C:\RunUO\RunUO\Scripts\Items\Special\Rares\Containers\BaseWaterContainer.cs" to "C:\RunUO\RunUO\Distribution\Debug\net8.0\Scripts\Items\Special\Rares\Containers\BaseWaterContainer.cs".
         Copying file from "C:\RunUO\RunUO\Scripts\Items\Special\Rares\Containers\Bucket.cs" to "C:\RunUO\RunUO\Distribution\Debug\net8.0\Scripts\Items\Special\Rares\Containers\Bucket.cs".
         Copying file from "C:\RunUO\RunUO\Scripts\Items\Special\Rares\Containers\ClosedBarrel.cs" to "C:\RunUO\RunUO\Distribution\Debug\net8.0\Scripts\Items\Special\Rares\Containers\ClosedBarrel.cs".
         Copying file from "C:\RunUO\RunUO\Scripts\Items\Special\Rares\Containers\UnfinishedBarrel.cs" to "C:\RunUO\RunUO\Distribution\Debug\net8.0\Scripts\Items\Special\Rares\Containers\UnfinishedBarrel.cs".
         Copying file from "C:\RunUO\RunUO\Scripts\Items\Special\Rares\Containers\WaterBarrel.cs" to "C:\RunUO\RunUO\Distribution\Debug\net8.0\Scripts\Items\Special\Rares\Containers\WaterBarrel.cs".
         Copying file from "C:\RunUO\RunUO\Scripts\Items\Special\Rares\Daily\DecoRock.cs" to "C:\RunUO\RunUO\Distribution\Debug\net8.0\Scripts\Items\Special\Rares\Daily\DecoRock.cs".
         Copying file from "C:\RunUO\RunUO\Scripts\Items\Special\Rares\Containers\WaterTub.cs" to "C:\RunUO\RunUO\Distribution\Debug\net8.0\Scripts\Items\Special\Rares\Containers\WaterTub.cs".
         Copying file from "C:\RunUO\RunUO\Scripts\Items\Special\Rares\Daily\DecoRock2.cs" to "C:\RunUO\RunUO\Distribution\Debug\net8.0\Scripts\Items\Special\Rares\Daily\DecoRock2.cs".
         Copying file from "C:\RunUO\RunUO\Scripts\Items\Special\Rares\Daily\DecoRocks.cs" to "C:\RunUO\RunUO\Distribution\Debug\net8.0\Scripts\Items\Special\Rares\Daily\DecoRocks.cs".
         Copying file from "C:\RunUO\RunUO\Scripts\Items\Special\Rares\Daily\DecoRocks2.cs" to "C:\RunUO\RunUO\Distribution\Debug\net8.0\Scripts\Items\Special\Rares\Daily\DecoRocks2.cs".
         Copying file from "C:\RunUO\RunUO\Scripts\Items\Special\Rares\Flowers\DecoRoseOfTrinsic.cs" to "C:\RunUO\RunUO\Distribution\Debug\net8.0\Scripts\Items\Special\Rares\Flowers\DecoRoseOfTrinsic.cs".
         Copying file from "C:\RunUO\RunUO\Scripts\Items\Special\Rares\Flowers\DecoFlower.cs" to "C:\RunUO\RunUO\Distribution\Debug\net8.0\Scripts\Items\Special\Rares\Flowers\DecoFlower.cs".
         Copying file from "C:\RunUO\RunUO\Scripts\Items\Special\Rares\Flowers\DecoFlower2.cs" to "C:\RunUO\RunUO\Distribution\Debug\net8.0\Scripts\Items\Special\Rares\Flowers\DecoFlower2.cs".
         Copying file from "C:\RunUO\RunUO\Scripts\Items\Special\Rares\Flowers\DecoRoseOfTrinsic2.cs" to "C:\RunUO\RunUO\Distribution\Debug\net8.0\Scripts\Items\Special\Rares\Flowers\DecoRoseOfTrinsic2.cs".
         Copying file from "C:\RunUO\RunUO\Scripts\Items\Special\Rares\Flowers\DecoRoseOfTrinsic3.cs" to "C:\RunUO\RunUO\Distribution\Debug\net8.0\Scripts\Items\Special\Rares\Flowers\DecoRoseOfTrinsic3.cs".
         Copying file from "C:\RunUO\RunUO\Scripts\Items\Special\Rares\Food\BottlesOfLiquor.cs" to "C:\RunUO\RunUO\Distribution\Debug\net8.0\Scripts\Items\Special\Rares\Food\BottlesOfLiquor.cs".
         Copying file from "C:\RunUO\RunUO\Scripts\Items\Special\Rares\Food\Tray2.cs" to "C:\RunUO\RunUO\Distribution\Debug\net8.0\Scripts\Items\Special\Rares\Food\Tray2.cs".
         Copying file from "C:\RunUO\RunUO\Scripts\Items\Special\Rares\Food\Trays.cs" to "C:\RunUO\RunUO\Distribution\Debug\net8.0\Scripts\Items\Special\Rares\Food\Trays.cs".
         Copying file from "C:\RunUO\RunUO\Scripts\Items\Special\Rares\Furniture\BrokenChair.cs" to "C:\RunUO\RunUO\Distribution\Debug\net8.0\Scripts\Items\Special\Rares\Furniture\BrokenChair.cs".
         Copying file from "C:\RunUO\RunUO\Scripts\Items\Special\Rares\GamePieces\Checkers.cs" to "C:\RunUO\RunUO\Distribution\Debug\net8.0\Scripts\Items\Special\Rares\GamePieces\Checkers.cs".
         Copying file from "C:\RunUO\RunUO\Scripts\Items\Special\Rares\GamePieces\Checkers2.cs" to "C:\RunUO\RunUO\Distribution\Debug\net8.0\Scripts\Items\Special\Rares\GamePieces\Checkers2.cs".
         Copying file from "C:\RunUO\RunUO\Scripts\Items\Special\Rares\GamePieces\Chessmen.cs" to "C:\RunUO\RunUO\Distribution\Debug\net8.0\Scripts\Items\Special\Rares\GamePieces\Chessmen.cs".
         Copying file from "C:\RunUO\RunUO\Scripts\Items\Special\Rares\GamePieces\Chessmen2.cs" to "C:\RunUO\RunUO\Distribution\Debug\net8.0\Scripts\Items\Special\Rares\GamePieces\Chessmen2.cs".
         Copying file from "C:\RunUO\RunUO\Scripts\Items\Special\Rares\Ingots\DecoGoldIngot2.cs" to "C:\RunUO\RunUO\Distribution\Debug\net8.0\Scripts\Items\Special\Rares\Ingots\DecoGoldIngot2.cs".
         Copying file from "C:\RunUO\RunUO\Scripts\Items\Special\Rares\GamePieces\Chessmen3.cs" to "C:\RunUO\RunUO\Distribution\Debug\net8.0\Scripts\Items\Special\Rares\GamePieces\Chessmen3.cs".
         Copying file from "C:\RunUO\RunUO\Scripts\Items\Special\Rares\Ingots\DecoGoldIngot.cs" to "C:\RunUO\RunUO\Distribution\Debug\net8.0\Scripts\Items\Special\Rares\Ingots\DecoGoldIngot.cs".
         Copying file from "C:\RunUO\RunUO\Scripts\Items\Special\Rares\Ingots\DecoGoldIngots.cs" to "C:\RunUO\RunUO\Distribution\Debug\net8.0\Scripts\Items\Special\Rares\Ingots\DecoGoldIngots.cs".
         Copying file from "C:\RunUO\RunUO\Scripts\Items\Special\Rares\Ingots\DecoGoldIngots2.cs" to "C:\RunUO\RunUO\Distribution\Debug\net8.0\Scripts\Items\Special\Rares\Ingots\DecoGoldIngots2.cs".
         Copying file from "C:\RunUO\RunUO\Scripts\Items\Special\Rares\Ingots\DecoGoldIngots3.cs" to "C:\RunUO\RunUO\Distribution\Debug\net8.0\Scripts\Items\Special\Rares\Ingots\DecoGoldIngots3.cs".
         Copying file from "C:\RunUO\RunUO\Scripts\Items\Special\Rares\Ingots\DecoGoldIngots4.cs" to "C:\RunUO\RunUO\Distribution\Debug\net8.0\Scripts\Items\Special\Rares\Ingots\DecoGoldIngots4.cs".
         Copying file from "C:\RunUO\RunUO\Scripts\Items\Special\Rares\Ingots\DecoIronIngot.cs" to "C:\RunUO\RunUO\Distribution\Debug\net8.0\Scripts\Items\Special\Rares\Ingots\DecoIronIngot.cs".
         Copying file from "C:\RunUO\RunUO\Scripts\Items\Special\Rares\Ingots\DecoIronIngot2.cs" to "C:\RunUO\RunUO\Distribution\Debug\net8.0\Scripts\Items\Special\Rares\Ingots\DecoIronIngot2.cs".
         Copying file from "C:\RunUO\RunUO\Scripts\Items\Special\Rares\Ingots\DecoIronIngots.cs" to "C:\RunUO\RunUO\Distribution\Debug\net8.0\Scripts\Items\Special\Rares\Ingots\DecoIronIngots.cs".
         Copying file from "C:\RunUO\RunUO\Scripts\Items\Special\Rares\Ingots\DecoIronIngots2.cs" to "C:\RunUO\RunUO\Distribution\Debug\net8.0\Scripts\Items\Special\Rares\Ingots\DecoIronIngots2.cs".
         Copying file from "C:\RunUO\RunUO\Scripts\Items\Special\Rares\Ingots\DecoIronIngots3.cs" to "C:\RunUO\RunUO\Distribution\Debug\net8.0\Scripts\Items\Special\Rares\Ingots\DecoIronIngots3.cs".
         Copying file from "C:\RunUO\RunUO\Scripts\Items\Special\Rares\Ingots\DecoIronIngots4.cs" to "C:\RunUO\RunUO\Distribution\Debug\net8.0\Scripts\Items\Special\Rares\Ingots\DecoIronIngots4.cs".
         Copying file from "C:\RunUO\RunUO\Scripts\Items\Special\Rares\Ingots\DecoIronIngots5.cs" to "C:\RunUO\RunUO\Distribution\Debug\net8.0\Scripts\Items\Special\Rares\Ingots\DecoIronIngots5.cs".
         Copying file from "C:\RunUO\RunUO\Scripts\Items\Special\Rares\Ingots\DecoSilverIngot.cs" to "C:\RunUO\RunUO\Distribution\Debug\net8.0\Scripts\Items\Special\Rares\Ingots\DecoSilverIngot.cs".
         Copying file from "C:\RunUO\RunUO\Scripts\Items\Special\Rares\Ingots\DecoIronIngots6.cs" to "C:\RunUO\RunUO\Distribution\Debug\net8.0\Scripts\Items\Special\Rares\Ingots\DecoIronIngots6.cs".
         Copying file from "C:\RunUO\RunUO\Scripts\Items\Special\Rares\Ingots\DecoSilverIngot2.cs" to "C:\RunUO\RunUO\Distribution\Debug\net8.0\Scripts\Items\Special\Rares\Ingots\DecoSilverIngot2.cs".
         Copying file from "C:\RunUO\RunUO\Scripts\Items\Special\Rares\Ingots\DecoSilverIngots.cs" to "C:\RunUO\RunUO\Distribution\Debug\net8.0\Scripts\Items\Special\Rares\Ingots\DecoSilverIngots.cs".
         Copying file from "C:\RunUO\RunUO\Scripts\Items\Special\Rares\Ingots\DecoSilverIngots2.cs" to "C:\RunUO\RunUO\Distribution\Debug\net8.0\Scripts\Items\Special\Rares\Ingots\DecoSilverIngots2.cs".
         Copying file from "C:\RunUO\RunUO\Scripts\Items\Special\Rares\Ingots\DecoSilverIngots3.cs" to "C:\RunUO\RunUO\Distribution\Debug\net8.0\Scripts\Items\Special\Rares\Ingots\DecoSilverIngots3.cs".
         Copying file from "C:\RunUO\RunUO\Scripts\Items\Special\Rares\Ingots\DecoSilverIngots4.cs" to "C:\RunUO\RunUO\Distribution\Debug\net8.0\Scripts\Items\Special\Rares\Ingots\DecoSilverIngots4.cs".
         Copying file from "C:\RunUO\RunUO\Scripts\Items\Special\Rares\Ingots\DecoSilverIngots5.cs" to "C:\RunUO\RunUO\Distribution\Debug\net8.0\Scripts\Items\Special\Rares\Ingots\DecoSilverIngots5.cs".
         Copying file from "C:\RunUO\RunUO\Scripts\Items\Special\Rares\Jars\EmptyJars.cs" to "C:\RunUO\RunUO\Distribution\Debug\net8.0\Scripts\Items\Special\Rares\Jars\EmptyJars.cs".
         Copying file from "C:\RunUO\RunUO\Scripts\Items\Special\Rares\Jars\HalfEmptyJars.cs" to "C:\RunUO\RunUO\Distribution\Debug\net8.0\Scripts\Items\Special\Rares\Jars\HalfEmptyJars.cs".
         Copying file from "C:\RunUO\RunUO\Scripts\Items\Special\Rares\Jars\FullJars.cs" to "C:\RunUO\RunUO\Distribution\Debug\net8.0\Scripts\Items\Special\Rares\Jars\FullJars.cs".
         Copying file from "C:\RunUO\RunUO\Scripts\Items\Special\Rares\Magic\DecoCrystalBall.cs" to "C:\RunUO\RunUO\Distribution\Debug\net8.0\Scripts\Items\Special\Rares\Magic\DecoCrystalBall.cs".
         Copying file from "C:\RunUO\RunUO\Scripts\Items\Special\Rares\Magic\DecoMagicalCrystal.cs" to "C:\RunUO\RunUO\Distribution\Debug\net8.0\Scripts\Items\Special\Rares\Magic\DecoMagicalCrystal.cs".
         Copying file from "C:\RunUO\RunUO\Scripts\Items\Special\Rares\Misc\DecoSpittoon.cs" to "C:\RunUO\RunUO\Distribution\Debug\net8.0\Scripts\Items\Special\Rares\Misc\DecoSpittoon.cs".
         Copying file from "C:\RunUO\RunUO\Scripts\Items\Special\Rares\PaganReagents\DecoBlackmoor.cs" to "C:\RunUO\RunUO\Distribution\Debug\net8.0\Scripts\Items\Special\Rares\PaganReagents\DecoBlackmoor.cs".
         Copying file from "C:\RunUO\RunUO\Scripts\Items\Special\Rares\PaganReagents\DecoBloodspawn.cs" to "C:\RunUO\RunUO\Distribution\Debug\net8.0\Scripts\Items\Special\Rares\PaganReagents\DecoBloodspawn.cs".
         Copying file from "C:\RunUO\RunUO\Scripts\Items\Special\Rares\PaganReagents\DecoDragonsBlood.cs" to "C:\RunUO\RunUO\Distribution\Debug\net8.0\Scripts\Items\Special\Rares\PaganReagents\DecoDragonsBlood.cs".
         Copying file from "C:\RunUO\RunUO\Scripts\Items\Special\Rares\PaganReagents\DecoDragonsBlood2.cs" to "C:\RunUO\RunUO\Distribution\Debug\net8.0\Scripts\Items\Special\Rares\PaganReagents\DecoDragonsBlood2.cs".
         Copying file from "C:\RunUO\RunUO\Scripts\Items\Special\Rares\PaganReagents\DecoBrimstone.cs" to "C:\RunUO\RunUO\Distribution\Debug\net8.0\Scripts\Items\Special\Rares\PaganReagents\DecoBrimstone.cs".
         Copying file from "C:\RunUO\RunUO\Scripts\Items\Special\Rares\PaganReagents\DecoEyeOfNewt.cs" to "C:\RunUO\RunUO\Distribution\Debug\net8.0\Scripts\Items\Special\Rares\PaganReagents\DecoEyeOfNewt.cs".
         Copying file from "C:\RunUO\RunUO\Scripts\Items\Special\Rares\PaganReagents\DecoGarlic.cs" to "C:\RunUO\RunUO\Distribution\Debug\net8.0\Scripts\Items\Special\Rares\PaganReagents\DecoGarlic.cs".
         Copying file from "C:\RunUO\RunUO\Scripts\Items\Special\Rares\PaganReagents\DecoGarlic2.cs" to "C:\RunUO\RunUO\Distribution\Debug\net8.0\Scripts\Items\Special\Rares\PaganReagents\DecoGarlic2.cs".
         Copying file from "C:\RunUO\RunUO\Scripts\Items\Special\Rares\PaganReagents\DecoGarlicBulb.cs" to "C:\RunUO\RunUO\Distribution\Debug\net8.0\Scripts\Items\Special\Rares\PaganReagents\DecoGarlicBulb.cs".
         Copying file from "C:\RunUO\RunUO\Scripts\Items\Special\Rares\PaganReagents\DecoGarlicBulb2.cs" to "C:\RunUO\RunUO\Distribution\Debug\net8.0\Scripts\Items\Special\Rares\PaganReagents\DecoGarlicBulb2.cs".
         Copying file from "C:\RunUO\RunUO\Scripts\Items\Special\Rares\PaganReagents\DecoGinseng.cs" to "C:\RunUO\RunUO\Distribution\Debug\net8.0\Scripts\Items\Special\Rares\PaganReagents\DecoGinseng.cs".
         Copying file from "C:\RunUO\RunUO\Scripts\Items\Special\Rares\PaganReagents\DecoGinseng2.cs" to "C:\RunUO\RunUO\Distribution\Debug\net8.0\Scripts\Items\Special\Rares\PaganReagents\DecoGinseng2.cs".
         Copying file from "C:\RunUO\RunUO\Scripts\Items\Special\Rares\PaganReagents\DecoGinsengRoot.cs" to "C:\RunUO\RunUO\Distribution\Debug\net8.0\Scripts\Items\Special\Rares\PaganReagents\DecoGinsengRoot.cs".
         Copying file from "C:\RunUO\RunUO\Scripts\Items\Special\Rares\PaganReagents\DecoGinsengRoot2.cs" to "C:\RunUO\RunUO\Distribution\Debug\net8.0\Scripts\Items\Special\Rares\PaganReagents\DecoGinsengRoot2.cs".
         Copying file from "C:\RunUO\RunUO\Scripts\Items\Special\Rares\PaganReagents\DecoMandrake2.cs" to "C:\RunUO\RunUO\Distribution\Debug\net8.0\Scripts\Items\Special\Rares\PaganReagents\DecoMandrake2.cs".
         Copying file from "C:\RunUO\RunUO\Scripts\Items\Special\Rares\PaganReagents\DecoMandrake.cs" to "C:\RunUO\RunUO\Distribution\Debug\net8.0\Scripts\Items\Special\Rares\PaganReagents\DecoMandrake.cs".
         Copying file from "C:\RunUO\RunUO\Scripts\Items\Special\Rares\PaganReagents\DecoMandrake3.cs" to "C:\RunUO\RunUO\Distribution\Debug\net8.0\Scripts\Items\Special\Rares\PaganReagents\DecoMandrake3.cs".
         Copying file from "C:\RunUO\RunUO\Scripts\Items\Special\Rares\PaganReagents\DecoMandrakeRoot.cs" to "C:\RunUO\RunUO\Distribution\Debug\net8.0\Scripts\Items\Special\Rares\PaganReagents\DecoMandrakeRoot.cs".
         Copying file from "C:\RunUO\RunUO\Scripts\Items\Special\Rares\PaganReagents\DecoMandrakeRoot2.cs" to "C:\RunUO\RunUO\Distribution\Debug\net8.0\Scripts\Items\Special\Rares\PaganReagents\DecoMandrakeRoot2.cs".
         Copying file from "C:\RunUO\RunUO\Scripts\Items\Special\Rares\PaganReagents\DecoNightshade.cs" to "C:\RunUO\RunUO\Distribution\Debug\net8.0\Scripts\Items\Special\Rares\PaganReagents\DecoNightshade.cs".
         Copying file from "C:\RunUO\RunUO\Scripts\Items\Special\Rares\PaganReagents\DecoNightshade2.cs" to "C:\RunUO\RunUO\Distribution\Debug\net8.0\Scripts\Items\Special\Rares\PaganReagents\DecoNightshade2.cs".
         Copying file from "C:\RunUO\RunUO\Scripts\Items\Special\Rares\PaganReagents\DecoObsidian.cs" to "C:\RunUO\RunUO\Distribution\Debug\net8.0\Scripts\Items\Special\Rares\PaganReagents\DecoObsidian.cs".
         Copying file from "C:\RunUO\RunUO\Scripts\Items\Special\Rares\PaganReagents\DecoNightshade3.cs" to "C:\RunUO\RunUO\Distribution\Debug\net8.0\Scripts\Items\Special\Rares\PaganReagents\DecoNightshade3.cs".
         Copying file from "C:\RunUO\RunUO\Scripts\Items\Special\Rares\PaganReagents\DecoWyrmsHeart.cs" to "C:\RunUO\RunUO\Distribution\Debug\net8.0\Scripts\Items\Special\Rares\PaganReagents\DecoWyrmsHeart.cs".
         Copying file from "C:\RunUO\RunUO\Scripts\Items\Special\Rares\PaganReagents\DecoPumice.cs" to "C:\RunUO\RunUO\Distribution\Debug\net8.0\Scripts\Items\Special\Rares\PaganReagents\DecoPumice.cs".
         Copying file from "C:\RunUO\RunUO\Scripts\Items\Special\Rares\PlayingCards\Cards.cs" to "C:\RunUO\RunUO\Distribution\Debug\net8.0\Scripts\Items\Special\Rares\PlayingCards\Cards.cs".
         Copying file from "C:\RunUO\RunUO\Scripts\Items\Special\Rares\PlayingCards\Cards2.cs" to "C:\RunUO\RunUO\Distribution\Debug\net8.0\Scripts\Items\Special\Rares\PlayingCards\Cards2.cs".
         Copying file from "C:\RunUO\RunUO\Scripts\Items\Special\Rares\PlayingCards\Cards3.cs" to "C:\RunUO\RunUO\Distribution\Debug\net8.0\Scripts\Items\Special\Rares\PlayingCards\Cards3.cs".
         Copying file from "C:\RunUO\RunUO\Scripts\Items\Special\Rares\PlayingCards\Cards4.cs" to "C:\RunUO\RunUO\Distribution\Debug\net8.0\Scripts\Items\Special\Rares\PlayingCards\Cards4.cs".
         Copying file from "C:\RunUO\RunUO\Scripts\Items\Special\Rares\PlayingCards\Cards5.cs" to "C:\RunUO\RunUO\Distribution\Debug\net8.0\Scripts\Items\Special\Rares\PlayingCards\Cards5.cs".
         Copying file from "C:\RunUO\RunUO\Scripts\Items\Special\Rares\PlayingCards\PlayingCards.cs" to "C:\RunUO\RunUO\Distribution\Debug\net8.0\Scripts\Items\Special\Rares\PlayingCards\PlayingCards.cs".
         Copying file from "C:\RunUO\RunUO\Scripts\Items\Special\Rares\PlayingCards\PlayingCards2.cs" to "C:\RunUO\RunUO\Distribution\Debug\net8.0\Scripts\Items\Special\Rares\PlayingCards\PlayingCards2.cs".
         Copying file from "C:\RunUO\RunUO\Scripts\Items\Special\Rares\Stables\Bridle.cs" to "C:\RunUO\RunUO\Distribution\Debug\net8.0\Scripts\Items\Special\Rares\Stables\Bridle.cs".
         Copying file from "C:\RunUO\RunUO\Scripts\Items\Special\Rares\Stables\Bridle2.cs" to "C:\RunUO\RunUO\Distribution\Debug\net8.0\Scripts\Items\Special\Rares\Stables\Bridle2.cs".
         Copying file from "C:\RunUO\RunUO\Scripts\Items\Special\Rares\Stables\DecoHay.cs" to "C:\RunUO\RunUO\Distribution\Debug\net8.0\Scripts\Items\Special\Rares\Stables\DecoHay.cs".
         Copying file from "C:\RunUO\RunUO\Scripts\Items\Special\Rares\Stables\DecoHay2.cs" to "C:\RunUO\RunUO\Distribution\Debug\net8.0\Scripts\Items\Special\Rares\Stables\DecoHay2.cs".
         Copying file from "C:\RunUO\RunUO\Scripts\Items\Special\Rares\Stables\DecoHorseDung.cs" to "C:\RunUO\RunUO\Distribution\Debug\net8.0\Scripts\Items\Special\Rares\Stables\DecoHorseDung.cs".
         Copying file from "C:\RunUO\RunUO\Scripts\Items\Special\Rares\TarotCards\DecoDeckOfTarot.cs" to "C:\RunUO\RunUO\Distribution\Debug\net8.0\Scripts\Items\Special\Rares\TarotCards\DecoDeckOfTarot.cs".
         Copying file from "C:\RunUO\RunUO\Scripts\Items\Special\Rares\TarotCards\DecoDeckOfTarot2.cs" to "C:\RunUO\RunUO\Distribution\Debug\net8.0\Scripts\Items\Special\Rares\TarotCards\DecoDeckOfTarot2.cs".
         Copying file from "C:\RunUO\RunUO\Scripts\Items\Special\Rares\TarotCards\DecoTarot.cs" to "C:\RunUO\RunUO\Distribution\Debug\net8.0\Scripts\Items\Special\Rares\TarotCards\DecoTarot.cs".
         Copying file from "C:\RunUO\RunUO\Scripts\Items\Special\Rares\TarotCards\DecoTarot2.cs" to "C:\RunUO\RunUO\Distribution\Debug\net8.0\Scripts\Items\Special\Rares\TarotCards\DecoTarot2.cs".
         Copying file from "C:\RunUO\RunUO\Scripts\Items\Special\Rares\TarotCards\DecoTarot3.cs" to "C:\RunUO\RunUO\Distribution\Debug\net8.0\Scripts\Items\Special\Rares\TarotCards\DecoTarot3.cs".
         Copying file from "C:\RunUO\RunUO\Scripts\Items\Special\Rares\TarotCards\DecoTarot4.cs" to "C:\RunUO\RunUO\Distribution\Debug\net8.0\Scripts\Items\Special\Rares\TarotCards\DecoTarot4.cs".
         Copying file from "C:\RunUO\RunUO\Scripts\Items\Special\Rares\TarotCards\DecoTarot5.cs" to "C:\RunUO\RunUO\Distribution\Debug\net8.0\Scripts\Items\Special\Rares\TarotCards\DecoTarot5.cs".
         Copying file from "C:\RunUO\RunUO\Scripts\Items\Special\Rares\TarotCards\DecoTarot6.cs" to "C:\RunUO\RunUO\Distribution\Debug\net8.0\Scripts\Items\Special\Rares\TarotCards\DecoTarot6.cs".
         Copying file from "C:\RunUO\RunUO\Scripts\Items\Special\Rares\TarotCards\DecoTarot7.cs" to "C:\RunUO\RunUO\Distribution\Debug\net8.0\Scripts\Items\Special\Rares\TarotCards\DecoTarot7.cs".
         Copying file from "C:\RunUO\RunUO\Scripts\Items\Special\Rares\Tinker\ArrowShafts.cs" to "C:\RunUO\RunUO\Distribution\Debug\net8.0\Scripts\Items\Special\Rares\Tinker\ArrowShafts.cs".
         Copying file from "C:\RunUO\RunUO\Scripts\Items\Special\Rares\Tinker\CrossbowBolts.cs" to "C:\RunUO\RunUO\Distribution\Debug\net8.0\Scripts\Items\Special\Rares\Tinker\CrossbowBolts.cs".
         Copying file from "C:\RunUO\RunUO\Scripts\Items\Special\Rares\Tinker\EmptyToolKit.cs" to "C:\RunUO\RunUO\Distribution\Debug\net8.0\Scripts\Items\Special\Rares\Tinker\EmptyToolKit.cs".
         Copying file from "C:\RunUO\RunUO\Scripts\Items\Special\Rares\Tinker\Lockpicks.cs" to "C:\RunUO\RunUO\Distribution\Debug\net8.0\Scripts\Items\Special\Rares\Tinker\Lockpicks.cs".
         Copying file from "C:\RunUO\RunUO\Scripts\Items\Special\Rares\Tinker\EmptyToolKit2.cs" to "C:\RunUO\RunUO\Distribution\Debug\net8.0\Scripts\Items\Special\Rares\Tinker\EmptyToolKit2.cs".
         Copying file from "C:\RunUO\RunUO\Scripts\Items\Special\Rares\Tinker\ToolKit.cs" to "C:\RunUO\RunUO\Distribution\Debug\net8.0\Scripts\Items\Special\Rares\Tinker\ToolKit.cs".
         Copying file from "C:\RunUO\RunUO\Scripts\Items\Special\RewardCake.cs" to "C:\RunUO\RunUO\Distribution\Debug\net8.0\Scripts\Items\Special\RewardCake.cs".
         Copying file from "C:\RunUO\RunUO\Scripts\Items\Special\Solen Items\BagOfSending.cs" to "C:\RunUO\RunUO\Distribution\Debug\net8.0\Scripts\Items\Special\Solen Items\BagOfSending.cs".
         Copying file from "C:\RunUO\RunUO\Scripts\Items\Special\Solen Items\BallOfSummoning.cs" to "C:\RunUO\RunUO\Distribution\Debug\net8.0\Scripts\Items\Special\Solen Items\BallOfSummoning.cs".
         Copying file from "C:\RunUO\RunUO\Scripts\Items\Special\Solen Items\BraceletOfBinding.cs" to "C:\RunUO\RunUO\Distribution\Debug\net8.0\Scripts\Items\Special\Solen Items\BraceletOfBinding.cs".
         Copying file from "C:\RunUO\RunUO\Scripts\Items\Special\Solen Items\MessageHelper.cs" to "C:\RunUO\RunUO\Distribution\Debug\net8.0\Scripts\Items\Special\Solen Items\MessageHelper.cs".
         Copying file from "C:\RunUO\RunUO\Scripts\Items\Special\Solen Items\PowderOfTranslocation.cs" to "C:\RunUO\RunUO\Distribution\Debug\net8.0\Scripts\Items\Special\Solen Items\PowderOfTranslocation.cs".
         Copying file from "C:\RunUO\RunUO\Scripts\Items\Special\Solen Items\ZoogiFungus.cs" to "C:\RunUO\RunUO\Distribution\Debug\net8.0\Scripts\Items\Special\Solen Items\ZoogiFungus.cs".
         Copying file from "C:\RunUO\RunUO\Scripts\Items\Special\Special Scrolls\PowerScroll.cs" to "C:\RunUO\RunUO\Distribution\Debug\net8.0\Scripts\Items\Special\Special Scrolls\PowerScroll.cs".
         Copying file from "C:\RunUO\RunUO\Scripts\Items\Special\SoulStone.cs" to "C:\RunUO\RunUO\Distribution\Debug\net8.0\Scripts\Items\Special\SoulStone.cs".
         Copying file from "C:\RunUO\RunUO\Scripts\Items\Special\Special Scrolls\ScrollofTranscendence.cs" to "C:\RunUO\RunUO\Distribution\Debug\net8.0\Scripts\Items\Special\Special Scrolls\ScrollofTranscendence.cs".
         Copying file from "C:\RunUO\RunUO\Scripts\Items\Special\Special Scrolls\SpecialScroll.cs" to "C:\RunUO\RunUO\Distribution\Debug\net8.0\Scripts\Items\Special\Special Scrolls\SpecialScroll.cs".
         Copying file from "C:\RunUO\RunUO\Scripts\Items\Special\Special Scrolls\ScrollofAlacrity.cs" to "C:\RunUO\RunUO\Distribution\Debug\net8.0\Scripts\Items\Special\Special Scrolls\ScrollofAlacrity.cs".
         Copying file from "C:\RunUO\RunUO\Scripts\Items\Special\Special Scrolls\StatScroll.cs" to "C:\RunUO\RunUO\Distribution\Debug\net8.0\Scripts\Items\Special\Special Scrolls\StatScroll.cs".
         Copying file from "C:\RunUO\RunUO\Scripts\Items\Special\Valentines\2007\RedVelvetGiftBox.cs" to "C:\RunUO\RunUO\Distribution\Debug\net8.0\Scripts\Items\Special\Valentines\2007\RedVelvetGiftBox.cs".
         Copying file from "C:\RunUO\RunUO\Scripts\Items\Special\Valentines\2007\RoseInAVase.cs" to "C:\RunUO\RunUO\Distribution\Debug\net8.0\Scripts\Items\Special\Valentines\2007\RoseInAVase.cs".
         Copying file from "C:\RunUO\RunUO\Scripts\Items\Special\Valentines\2007\ValentinesCard.cs" to "C:\RunUO\RunUO\Distribution\Debug\net8.0\Scripts\Items\Special\Valentines\2007\ValentinesCard.cs".
         Copying file from "C:\RunUO\RunUO\Scripts\Items\Special\Veteran Rewards\Banner.cs" to "C:\RunUO\RunUO\Distribution\Debug\net8.0\Scripts\Items\Special\Veteran Rewards\Banner.cs".
         Copying file from "C:\RunUO\RunUO\Scripts\Items\Special\Veteran Rewards\BloodyPentagram.cs" to "C:\RunUO\RunUO\Distribution\Debug\net8.0\Scripts\Items\Special\Veteran Rewards\BloodyPentagram.cs".
         Copying file from "C:\RunUO\RunUO\Scripts\Items\Special\Veteran Rewards\AnkhOfSacrifice.cs" to "C:\RunUO\RunUO\Distribution\Debug\net8.0\Scripts\Items\Special\Veteran Rewards\AnkhOfSacrifice.cs".
         Copying file from "C:\RunUO\RunUO\Scripts\Items\Special\Veteran Rewards\Brazier.cs" to "C:\RunUO\RunUO\Distribution\Debug\net8.0\Scripts\Items\Special\Veteran Rewards\Brazier.cs".
         Copying file from "C:\RunUO\RunUO\Scripts\Items\Special\Veteran Rewards\Cannon.cs" to "C:\RunUO\RunUO\Distribution\Debug\net8.0\Scripts\Items\Special\Veteran Rewards\Cannon.cs".
         Copying file from "C:\RunUO\RunUO\Scripts\Items\Special\Veteran Rewards\CommodityDeedBox.cs" to "C:\RunUO\RunUO\Distribution\Debug\net8.0\Scripts\Items\Special\Veteran Rewards\CommodityDeedBox.cs".
         Copying file from "C:\RunUO\RunUO\Scripts\Items\Special\Veteran Rewards\ContestMiniHouse.cs" to "C:\RunUO\RunUO\Distribution\Debug\net8.0\Scripts\Items\Special\Veteran Rewards\ContestMiniHouse.cs".
         Copying file from "C:\RunUO\RunUO\Scripts\Items\Special\Veteran Rewards\DecorativeShield.cs" to "C:\RunUO\RunUO\Distribution\Debug\net8.0\Scripts\Items\Special\Veteran Rewards\DecorativeShield.cs".
         Copying file from "C:\RunUO\RunUO\Scripts\Items\Special\Veteran Rewards\FlamingHead.cs" to "C:\RunUO\RunUO\Distribution\Debug\net8.0\Scripts\Items\Special\Veteran Rewards\FlamingHead.cs".
         Copying file from "C:\RunUO\RunUO\Scripts\Items\Special\Veteran Rewards\HangingSkeleton.cs" to "C:\RunUO\RunUO\Distribution\Debug\net8.0\Scripts\Items\Special\Veteran Rewards\HangingSkeleton.cs".
         Copying file from "C:\RunUO\RunUO\Scripts\Items\Special\Veteran Rewards\MiningCart.cs" to "C:\RunUO\RunUO\Distribution\Debug\net8.0\Scripts\Items\Special\Veteran Rewards\MiningCart.cs".
         Copying file from "C:\RunUO\RunUO\Scripts\Items\Special\Veteran Rewards\MinotaurStatue.cs" to "C:\RunUO\RunUO\Distribution\Debug\net8.0\Scripts\Items\Special\Veteran Rewards\MinotaurStatue.cs".
         Copying file from "C:\RunUO\RunUO\Scripts\Items\Special\Veteran Rewards\PottedCactus.cs" to "C:\RunUO\RunUO\Distribution\Debug\net8.0\Scripts\Items\Special\Veteran Rewards\PottedCactus.cs".
         Copying file from "C:\RunUO\RunUO\Scripts\Items\Special\Veteran Rewards\TreeStump.cs" to "C:\RunUO\RunUO\Distribution\Debug\net8.0\Scripts\Items\Special\Veteran Rewards\TreeStump.cs".
         Copying file from "C:\RunUO\RunUO\Scripts\Items\Special\Veteran Rewards\StoneAnkh.cs" to "C:\RunUO\RunUO\Distribution\Debug\net8.0\Scripts\Items\Special\Veteran Rewards\StoneAnkh.cs".
         Copying file from "C:\RunUO\RunUO\Scripts\Items\Special\Veteran Rewards\WallBanner.cs" to "C:\RunUO\RunUO\Distribution\Debug\net8.0\Scripts\Items\Special\Veteran Rewards\WallBanner.cs".
         Copying file from "C:\RunUO\RunUO\Scripts\Items\Special\Veteran Rewards\WeaponEngravingTool.cs" to "C:\RunUO\RunUO\Distribution\Debug\net8.0\Scripts\Items\Special\Veteran Rewards\WeaponEngravingTool.cs".
         Copying file from "C:\RunUO\RunUO\Scripts\Items\Suits\AdminRobe.cs" to "C:\RunUO\RunUO\Distribution\Debug\net8.0\Scripts\Items\Suits\AdminRobe.cs".
         Copying file from "C:\RunUO\RunUO\Scripts\Items\Suits\BaseSuit.cs" to "C:\RunUO\RunUO\Distribution\Debug\net8.0\Scripts\Items\Suits\BaseSuit.cs".
         Copying file from "C:\RunUO\RunUO\Scripts\Items\Suits\CounselorRobe.cs" to "C:\RunUO\RunUO\Distribution\Debug\net8.0\Scripts\Items\Suits\CounselorRobe.cs".
         Copying file from "C:\RunUO\RunUO\Scripts\Items\Suits\DeathShroud.cs" to "C:\RunUO\RunUO\Distribution\Debug\net8.0\Scripts\Items\Suits\DeathShroud.cs".
         Copying file from "C:\RunUO\RunUO\Scripts\Items\Suits\DupreSuit.cs" to "C:\RunUO\RunUO\Distribution\Debug\net8.0\Scripts\Items\Suits\DupreSuit.cs".
         Copying file from "C:\RunUO\RunUO\Scripts\Items\Suits\GMRobe.cs" to "C:\RunUO\RunUO\Distribution\Debug\net8.0\Scripts\Items\Suits\GMRobe.cs".
         Copying file from "C:\RunUO\RunUO\Scripts\Items\Suits\LordBlackthorneSuit.cs" to "C:\RunUO\RunUO\Distribution\Debug\net8.0\Scripts\Items\Suits\LordBlackthorneSuit.cs".
         Copying file from "C:\RunUO\RunUO\Scripts\Items\Suits\LordBritishSuit.cs" to "C:\RunUO\RunUO\Distribution\Debug\net8.0\Scripts\Items\Suits\LordBritishSuit.cs".
         Copying file from "C:\RunUO\RunUO\Scripts\Items\Suits\SeerRobe.cs" to "C:\RunUO\RunUO\Distribution\Debug\net8.0\Scripts\Items\Suits\SeerRobe.cs".
         Copying file from "C:\RunUO\RunUO\Scripts\Items\Talismans\BaseTalisman.cs" to "C:\RunUO\RunUO\Distribution\Debug\net8.0\Scripts\Items\Talismans\BaseTalisman.cs".
         Copying file from "C:\RunUO\RunUO\Scripts\Items\Talismans\Items\EnchantedSwitch.cs" to "C:\RunUO\RunUO\Distribution\Debug\net8.0\Scripts\Items\Talismans\Items\EnchantedSwitch.cs".
         Copying file from "C:\RunUO\RunUO\Scripts\Items\Talismans\Items\HollowPrism.cs" to "C:\RunUO\RunUO\Distribution\Debug\net8.0\Scripts\Items\Talismans\Items\HollowPrism.cs".
         Copying file from "C:\RunUO\RunUO\Scripts\Items\Talismans\Items\JeweledFiligree.cs" to "C:\RunUO\RunUO\Distribution\Debug\net8.0\Scripts\Items\Talismans\Items\JeweledFiligree.cs".
         Copying file from "C:\RunUO\RunUO\Scripts\Items\Talismans\Items\RunedSwitch.cs" to "C:\RunUO\RunUO\Distribution\Debug\net8.0\Scripts\Items\Talismans\Items\RunedSwitch.cs".
         Copying file from "C:\RunUO\RunUO\Scripts\Items\Talismans\Items\RunedPrism.cs" to "C:\RunUO\RunUO\Distribution\Debug\net8.0\Scripts\Items\Talismans\Items\RunedPrism.cs".
         Copying file from "C:\RunUO\RunUO\Scripts\Items\Talismans\RandomTalisman.cs" to "C:\RunUO\RunUO\Distribution\Debug\net8.0\Scripts\Items\Talismans\RandomTalisman.cs".
         Copying file from "C:\RunUO\RunUO\Scripts\Items\Talismans\TalismanAttribute.cs" to "C:\RunUO\RunUO\Distribution\Debug\net8.0\Scripts\Items\Talismans\TalismanAttribute.cs".
         Copying file from "C:\RunUO\RunUO\Scripts\Items\Talismans\TalismanSlayer.cs" to "C:\RunUO\RunUO\Distribution\Debug\net8.0\Scripts\Items\Talismans\TalismanSlayer.cs".
         Copying file from "C:\RunUO\RunUO\Scripts\Items\Talismans\TalismanSummons.cs" to "C:\RunUO\RunUO\Distribution\Debug\net8.0\Scripts\Items\Talismans\TalismanSummons.cs".
         Copying file from "C:\RunUO\RunUO\Scripts\Items\Traps\BaseTrap.cs" to "C:\RunUO\RunUO\Distribution\Debug\net8.0\Scripts\Items\Traps\BaseTrap.cs".
         Copying file from "C:\RunUO\RunUO\Scripts\Items\Traps\FireColumnTrap.cs" to "C:\RunUO\RunUO\Distribution\Debug\net8.0\Scripts\Items\Traps\FireColumnTrap.cs".
         Copying file from "C:\RunUO\RunUO\Scripts\Items\Traps\FlameSpurtTrap.cs" to "C:\RunUO\RunUO\Distribution\Debug\net8.0\Scripts\Items\Traps\FlameSpurtTrap.cs".
         Copying file from "C:\RunUO\RunUO\Scripts\Items\Traps\GasTrap.cs" to "C:\RunUO\RunUO\Distribution\Debug\net8.0\Scripts\Items\Traps\GasTrap.cs".
         Copying file from "C:\RunUO\RunUO\Scripts\Items\Traps\GiantSpikeTrap.cs" to "C:\RunUO\RunUO\Distribution\Debug\net8.0\Scripts\Items\Traps\GiantSpikeTrap.cs".
         Copying file from "C:\RunUO\RunUO\Scripts\Items\Traps\MushroomTrap.cs" to "C:\RunUO\RunUO\Distribution\Debug\net8.0\Scripts\Items\Traps\MushroomTrap.cs".
         Copying file from "C:\RunUO\RunUO\Scripts\Items\Traps\SawTrap.cs" to "C:\RunUO\RunUO\Distribution\Debug\net8.0\Scripts\Items\Traps\SawTrap.cs".
         Copying file from "C:\RunUO\RunUO\Scripts\Items\Traps\SpikeTrap.cs" to "C:\RunUO\RunUO\Distribution\Debug\net8.0\Scripts\Items\Traps\SpikeTrap.cs".
         Copying file from "C:\RunUO\RunUO\Scripts\Items\Traps\StoneFaceTrap.cs" to "C:\RunUO\RunUO\Distribution\Debug\net8.0\Scripts\Items\Traps\StoneFaceTrap.cs".
         Copying file from "C:\RunUO\RunUO\Scripts\Items\TreasureChests\TreasureChestLevel1.cs" to "C:\RunUO\RunUO\Distribution\Debug\net8.0\Scripts\Items\TreasureChests\TreasureChestLevel1.cs".
         Copying file from "C:\RunUO\RunUO\Scripts\Items\TreasureChests\TreasureChestLevel2.cs" to "C:\RunUO\RunUO\Distribution\Debug\net8.0\Scripts\Items\TreasureChests\TreasureChestLevel2.cs".
         Copying file from "C:\RunUO\RunUO\Scripts\Items\TreasureChests\TreasureChestLevel3.cs" to "C:\RunUO\RunUO\Distribution\Debug\net8.0\Scripts\Items\TreasureChests\TreasureChestLevel3.cs".
         Copying file from "C:\RunUO\RunUO\Scripts\Items\TreasureChests\TreasureChestLevel4.cs" to "C:\RunUO\RunUO\Distribution\Debug\net8.0\Scripts\Items\TreasureChests\TreasureChestLevel4.cs".
         Copying file from "C:\RunUO\RunUO\Scripts\Items\Wands\BaseWand.cs" to "C:\RunUO\RunUO\Distribution\Debug\net8.0\Scripts\Items\Wands\BaseWand.cs".
         Copying file from "C:\RunUO\RunUO\Scripts\Items\Wands\ClumsyWand.cs" to "C:\RunUO\RunUO\Distribution\Debug\net8.0\Scripts\Items\Wands\ClumsyWand.cs".
         Copying file from "C:\RunUO\RunUO\Scripts\Items\Wands\FeebleWand.cs" to "C:\RunUO\RunUO\Distribution\Debug\net8.0\Scripts\Items\Wands\FeebleWand.cs".
         Copying file from "C:\RunUO\RunUO\Scripts\Items\Wands\FireballWand.cs" to "C:\RunUO\RunUO\Distribution\Debug\net8.0\Scripts\Items\Wands\FireballWand.cs".
         Copying file from "C:\RunUO\RunUO\Scripts\Items\Wands\GreaterHealWand.cs" to "C:\RunUO\RunUO\Distribution\Debug\net8.0\Scripts\Items\Wands\GreaterHealWand.cs".
         Copying file from "C:\RunUO\RunUO\Scripts\Items\Wands\HarmWand.cs" to "C:\RunUO\RunUO\Distribution\Debug\net8.0\Scripts\Items\Wands\HarmWand.cs".
         Copying file from "C:\RunUO\RunUO\Scripts\Items\Wands\HealWand.cs" to "C:\RunUO\RunUO\Distribution\Debug\net8.0\Scripts\Items\Wands\HealWand.cs".
         Copying file from "C:\RunUO\RunUO\Scripts\Items\Wands\IDWand.cs" to "C:\RunUO\RunUO\Distribution\Debug\net8.0\Scripts\Items\Wands\IDWand.cs".
         Copying file from "C:\RunUO\RunUO\Scripts\Items\Wands\LightningWand.cs" to "C:\RunUO\RunUO\Distribution\Debug\net8.0\Scripts\Items\Wands\LightningWand.cs".
         Copying file from "C:\RunUO\RunUO\Scripts\Items\Wands\MagicArrowWand.cs" to "C:\RunUO\RunUO\Distribution\Debug\net8.0\Scripts\Items\Wands\MagicArrowWand.cs".
         Copying file from "C:\RunUO\RunUO\Scripts\Items\Wands\ManaDrainWand.cs" to "C:\RunUO\RunUO\Distribution\Debug\net8.0\Scripts\Items\Wands\ManaDrainWand.cs".
         Copying file from "C:\RunUO\RunUO\Scripts\Items\Wands\RandomWand.cs" to "C:\RunUO\RunUO\Distribution\Debug\net8.0\Scripts\Items\Wands\RandomWand.cs".
         Copying file from "C:\RunUO\RunUO\Scripts\Items\Wands\WandTarget.cs" to "C:\RunUO\RunUO\Distribution\Debug\net8.0\Scripts\Items\Wands\WandTarget.cs".
         Copying file from "C:\RunUO\RunUO\Scripts\Items\Wands\WeaknessWand.cs" to "C:\RunUO\RunUO\Distribution\Debug\net8.0\Scripts\Items\Wands\WeaknessWand.cs".
         Copying file from "C:\RunUO\RunUO\Scripts\Items\Weapons\Abilities\ArmorIgnore.cs" to "C:\RunUO\RunUO\Distribution\Debug\net8.0\Scripts\Items\Weapons\Abilities\ArmorIgnore.cs".
         Copying file from "C:\RunUO\RunUO\Scripts\Items\Weapons\Abilities\ArmorPierce.cs" to "C:\RunUO\RunUO\Distribution\Debug\net8.0\Scripts\Items\Weapons\Abilities\ArmorPierce.cs".
         Copying file from "C:\RunUO\RunUO\Scripts\Items\Weapons\Abilities\BleedAttack.cs" to "C:\RunUO\RunUO\Distribution\Debug\net8.0\Scripts\Items\Weapons\Abilities\BleedAttack.cs".
         Copying file from "C:\RunUO\RunUO\Scripts\Items\Weapons\Abilities\Block.cs" to "C:\RunUO\RunUO\Distribution\Debug\net8.0\Scripts\Items\Weapons\Abilities\Block.cs".
         Copying file from "C:\RunUO\RunUO\Scripts\Items\Weapons\Abilities\ConcussionBlow.cs" to "C:\RunUO\RunUO\Distribution\Debug\net8.0\Scripts\Items\Weapons\Abilities\ConcussionBlow.cs".
         Copying file from "C:\RunUO\RunUO\Scripts\Items\Weapons\Abilities\CrushingBlow.cs" to "C:\RunUO\RunUO\Distribution\Debug\net8.0\Scripts\Items\Weapons\Abilities\CrushingBlow.cs".
         Copying file from "C:\RunUO\RunUO\Scripts\Items\Weapons\Abilities\DefenseMastery.cs" to "C:\RunUO\RunUO\Distribution\Debug\net8.0\Scripts\Items\Weapons\Abilities\DefenseMastery.cs".
         Copying file from "C:\RunUO\RunUO\Scripts\Items\Weapons\Abilities\Disarm.cs" to "C:\RunUO\RunUO\Distribution\Debug\net8.0\Scripts\Items\Weapons\Abilities\Disarm.cs".
         Copying file from "C:\RunUO\RunUO\Scripts\Items\Weapons\Abilities\Dismount.cs" to "C:\RunUO\RunUO\Distribution\Debug\net8.0\Scripts\Items\Weapons\Abilities\Dismount.cs".
         Copying file from "C:\RunUO\RunUO\Scripts\Items\Weapons\Abilities\Disrobe.cs" to "C:\RunUO\RunUO\Distribution\Debug\net8.0\Scripts\Items\Weapons\Abilities\Disrobe.cs".
         Copying file from "C:\RunUO\RunUO\Scripts\Items\Weapons\Abilities\DoubleShot.cs" to "C:\RunUO\RunUO\Distribution\Debug\net8.0\Scripts\Items\Weapons\Abilities\DoubleShot.cs".
         Copying file from "C:\RunUO\RunUO\Scripts\Items\Weapons\Abilities\DoubleStrike.cs" to "C:\RunUO\RunUO\Distribution\Debug\net8.0\Scripts\Items\Weapons\Abilities\DoubleStrike.cs".
         Copying file from "C:\RunUO\RunUO\Scripts\Items\Weapons\Abilities\DualWield.cs" to "C:\RunUO\RunUO\Distribution\Debug\net8.0\Scripts\Items\Weapons\Abilities\DualWield.cs".
         Copying file from "C:\RunUO\RunUO\Scripts\Items\Weapons\Abilities\Feint.cs" to "C:\RunUO\RunUO\Distribution\Debug\net8.0\Scripts\Items\Weapons\Abilities\Feint.cs".
         Copying file from "C:\RunUO\RunUO\Scripts\Items\Weapons\Abilities\FrenziedWhirlwind.cs" to "C:\RunUO\RunUO\Distribution\Debug\net8.0\Scripts\Items\Weapons\Abilities\FrenziedWhirlwind.cs".
         Copying file from "C:\RunUO\RunUO\Scripts\Items\Weapons\Abilities\InfectiousStrike.cs" to "C:\RunUO\RunUO\Distribution\Debug\net8.0\Scripts\Items\Weapons\Abilities\InfectiousStrike.cs".
         Copying file from "C:\RunUO\RunUO\Scripts\Items\Weapons\Abilities\MortalStrike.cs" to "C:\RunUO\RunUO\Distribution\Debug\net8.0\Scripts\Items\Weapons\Abilities\MortalStrike.cs".
         Copying file from "C:\RunUO\RunUO\Scripts\Items\Weapons\Abilities\MovingShot.cs" to "C:\RunUO\RunUO\Distribution\Debug\net8.0\Scripts\Items\Weapons\Abilities\MovingShot.cs".
         Copying file from "C:\RunUO\RunUO\Scripts\Items\Weapons\Abilities\NerveStrike.cs" to "C:\RunUO\RunUO\Distribution\Debug\net8.0\Scripts\Items\Weapons\Abilities\NerveStrike.cs".
         Copying file from "C:\RunUO\RunUO\Scripts\Items\Weapons\Abilities\ParalyzingBlow.cs" to "C:\RunUO\RunUO\Distribution\Debug\net8.0\Scripts\Items\Weapons\Abilities\ParalyzingBlow.cs".
         Copying file from "C:\RunUO\RunUO\Scripts\Items\Weapons\Abilities\RidingSwipe.cs" to "C:\RunUO\RunUO\Distribution\Debug\net8.0\Scripts\Items\Weapons\Abilities\RidingSwipe.cs".
         Copying file from "C:\RunUO\RunUO\Scripts\Items\Weapons\Abilities\ShadowStrike.cs" to "C:\RunUO\RunUO\Distribution\Debug\net8.0\Scripts\Items\Weapons\Abilities\ShadowStrike.cs".
         Copying file from "C:\RunUO\RunUO\Scripts\Items\Weapons\Abilities\TalonStrike.cs" to "C:\RunUO\RunUO\Distribution\Debug\net8.0\Scripts\Items\Weapons\Abilities\TalonStrike.cs".
         Copying file from "C:\RunUO\RunUO\Scripts\Items\Weapons\Abilities\WeaponAbility.cs" to "C:\RunUO\RunUO\Distribution\Debug\net8.0\Scripts\Items\Weapons\Abilities\WeaponAbility.cs".
         Copying file from "C:\RunUO\RunUO\Scripts\Items\Weapons\Abilities\WhirlwindAttack.cs" to "C:\RunUO\RunUO\Distribution\Debug\net8.0\Scripts\Items\Weapons\Abilities\WhirlwindAttack.cs".
         Copying file from "C:\RunUO\RunUO\Scripts\Items\Weapons\Artifacts\AxeOfTheHeavens.cs" to "C:\RunUO\RunUO\Distribution\Debug\net8.0\Scripts\Items\Weapons\Artifacts\AxeOfTheHeavens.cs".
         Copying file from "C:\RunUO\RunUO\Scripts\Items\Weapons\Artifacts\BladeOfInsanity.cs" to "C:\RunUO\RunUO\Distribution\Debug\net8.0\Scripts\Items\Weapons\Artifacts\BladeOfInsanity.cs".
         Copying file from "C:\RunUO\RunUO\Scripts\Items\Weapons\Artifacts\BladeOfTheRighteous.cs" to "C:\RunUO\RunUO\Distribution\Debug\net8.0\Scripts\Items\Weapons\Artifacts\BladeOfTheRighteous.cs".
         Copying file from "C:\RunUO\RunUO\Scripts\Items\Weapons\Artifacts\BoneCrusher.cs" to "C:\RunUO\RunUO\Distribution\Debug\net8.0\Scripts\Items\Weapons\Artifacts\BoneCrusher.cs".
         Copying file from "C:\RunUO\RunUO\Scripts\Items\Weapons\Artifacts\BreathOfTheDead.cs" to "C:\RunUO\RunUO\Distribution\Debug\net8.0\Scripts\Items\Weapons\Artifacts\BreathOfTheDead.cs".
         Copying file from "C:\RunUO\RunUO\Scripts\Items\Weapons\Artifacts\Frostbringer.cs" to "C:\RunUO\RunUO\Distribution\Debug\net8.0\Scripts\Items\Weapons\Artifacts\Frostbringer.cs".
         Copying file from "C:\RunUO\RunUO\Scripts\Items\Weapons\Artifacts\LegacyOfTheDreadLord.cs" to "C:\RunUO\RunUO\Distribution\Debug\net8.0\Scripts\Items\Weapons\Artifacts\LegacyOfTheDreadLord.cs".
         Copying file from "C:\RunUO\RunUO\Scripts\Items\Weapons\Artifacts\SerpentsFang.cs" to "C:\RunUO\RunUO\Distribution\Debug\net8.0\Scripts\Items\Weapons\Artifacts\SerpentsFang.cs".
         Copying file from "C:\RunUO\RunUO\Scripts\Items\Weapons\Artifacts\StaffOfTheMagi.cs" to "C:\RunUO\RunUO\Distribution\Debug\net8.0\Scripts\Items\Weapons\Artifacts\StaffOfTheMagi.cs".
         Copying file from "C:\RunUO\RunUO\Scripts\Items\Weapons\Artifacts\TheBeserkersMaul.cs" to "C:\RunUO\RunUO\Distribution\Debug\net8.0\Scripts\Items\Weapons\Artifacts\TheBeserkersMaul.cs".
         Copying file from "C:\RunUO\RunUO\Scripts\Items\Weapons\Artifacts\TheDragonSlayer.cs" to "C:\RunUO\RunUO\Distribution\Debug\net8.0\Scripts\Items\Weapons\Artifacts\TheDragonSlayer.cs".
         Copying file from "C:\RunUO\RunUO\Scripts\Items\Weapons\Artifacts\TheDryadBow.cs" to "C:\RunUO\RunUO\Distribution\Debug\net8.0\Scripts\Items\Weapons\Artifacts\TheDryadBow.cs".
         Copying file from "C:\RunUO\RunUO\Scripts\Items\Weapons\Artifacts\TheTaskmaster.cs" to "C:\RunUO\RunUO\Distribution\Debug\net8.0\Scripts\Items\Weapons\Artifacts\TheTaskmaster.cs".
         Copying file from "C:\RunUO\RunUO\Scripts\Items\Weapons\Artifacts\TitansHammer.cs" to "C:\RunUO\RunUO\Distribution\Debug\net8.0\Scripts\Items\Weapons\Artifacts\TitansHammer.cs".
         Copying file from "C:\RunUO\RunUO\Scripts\Items\Weapons\Artifacts\ZyronicClaw.cs" to "C:\RunUO\RunUO\Distribution\Debug\net8.0\Scripts\Items\Weapons\Artifacts\ZyronicClaw.cs".
         Copying file from "C:\RunUO\RunUO\Scripts\Items\Weapons\Axes\Axe.cs" to "C:\RunUO\RunUO\Distribution\Debug\net8.0\Scripts\Items\Weapons\Axes\Axe.cs".
         Copying file from "C:\RunUO\RunUO\Scripts\Items\Weapons\Axes\BaseAxe.cs" to "C:\RunUO\RunUO\Distribution\Debug\net8.0\Scripts\Items\Weapons\Axes\BaseAxe.cs".
         Copying file from "C:\RunUO\RunUO\Scripts\Items\Weapons\Axes\BattleAxe.cs" to "C:\RunUO\RunUO\Distribution\Debug\net8.0\Scripts\Items\Weapons\Axes\BattleAxe.cs".
         Copying file from "C:\RunUO\RunUO\Scripts\Items\Weapons\Axes\DoubleAxe.cs" to "C:\RunUO\RunUO\Distribution\Debug\net8.0\Scripts\Items\Weapons\Axes\DoubleAxe.cs".
         Copying file from "C:\RunUO\RunUO\Scripts\Items\Weapons\Axes\ExecutionersAxe.cs" to "C:\RunUO\RunUO\Distribution\Debug\net8.0\Scripts\Items\Weapons\Axes\ExecutionersAxe.cs".
         Copying file from "C:\RunUO\RunUO\Scripts\Items\Weapons\Axes\GuardianAxe.cs" to "C:\RunUO\RunUO\Distribution\Debug\net8.0\Scripts\Items\Weapons\Axes\GuardianAxe.cs".
         Copying file from "C:\RunUO\RunUO\Scripts\Items\Weapons\Axes\Hatchet.cs" to "C:\RunUO\RunUO\Distribution\Debug\net8.0\Scripts\Items\Weapons\Axes\Hatchet.cs".
         Copying file from "C:\RunUO\RunUO\Scripts\Items\Weapons\Axes\HeavyOrnateAxe.cs" to "C:\RunUO\RunUO\Distribution\Debug\net8.0\Scripts\Items\Weapons\Axes\HeavyOrnateAxe.cs".
         Copying file from "C:\RunUO\RunUO\Scripts\Items\Weapons\Axes\LargeBattleAxe.cs" to "C:\RunUO\RunUO\Distribution\Debug\net8.0\Scripts\Items\Weapons\Axes\LargeBattleAxe.cs".
         Copying file from "C:\RunUO\RunUO\Scripts\Items\Weapons\Axes\Pickaxe.cs" to "C:\RunUO\RunUO\Distribution\Debug\net8.0\Scripts\Items\Weapons\Axes\Pickaxe.cs".
         Copying file from "C:\RunUO\RunUO\Scripts\Items\Weapons\Axes\SingingAxe.cs" to "C:\RunUO\RunUO\Distribution\Debug\net8.0\Scripts\Items\Weapons\Axes\SingingAxe.cs".
         Copying file from "C:\RunUO\RunUO\Scripts\Items\Weapons\Axes\ThunderingAxe.cs" to "C:\RunUO\RunUO\Distribution\Debug\net8.0\Scripts\Items\Weapons\Axes\ThunderingAxe.cs".
         Copying file from "C:\RunUO\RunUO\Scripts\Items\Weapons\Axes\TwoHandedAxe.cs" to "C:\RunUO\RunUO\Distribution\Debug\net8.0\Scripts\Items\Weapons\Axes\TwoHandedAxe.cs".
         Copying file from "C:\RunUO\RunUO\Scripts\Items\Weapons\Axes\WarAxe.cs" to "C:\RunUO\RunUO\Distribution\Debug\net8.0\Scripts\Items\Weapons\Axes\WarAxe.cs".
         Copying file from "C:\RunUO\RunUO\Scripts\Items\Weapons\BaseMeleeWeapon.cs" to "C:\RunUO\RunUO\Distribution\Debug\net8.0\Scripts\Items\Weapons\BaseMeleeWeapon.cs".
         Copying file from "C:\RunUO\RunUO\Scripts\Items\Weapons\BaseWeapon.cs" to "C:\RunUO\RunUO\Distribution\Debug\net8.0\Scripts\Items\Weapons\BaseWeapon.cs".
         Copying file from "C:\RunUO\RunUO\Scripts\Items\Weapons\Fists.cs" to "C:\RunUO\RunUO\Distribution\Debug\net8.0\Scripts\Items\Weapons\Fists.cs".
         Copying file from "C:\RunUO\RunUO\Scripts\Items\Weapons\Knives\BaseKnife.cs" to "C:\RunUO\RunUO\Distribution\Debug\net8.0\Scripts\Items\Weapons\Knives\BaseKnife.cs".
         Copying file from "C:\RunUO\RunUO\Scripts\Items\Weapons\HitLower.cs" to "C:\RunUO\RunUO\Distribution\Debug\net8.0\Scripts\Items\Weapons\HitLower.cs".
         Copying file from "C:\RunUO\RunUO\Scripts\Items\Weapons\Knives\ButcherKnife.cs" to "C:\RunUO\RunUO\Distribution\Debug\net8.0\Scripts\Items\Weapons\Knives\ButcherKnife.cs".
         Copying file from "C:\RunUO\RunUO\Scripts\Items\Weapons\Knives\Cleaver.cs" to "C:\RunUO\RunUO\Distribution\Debug\net8.0\Scripts\Items\Weapons\Knives\Cleaver.cs".
         Copying file from "C:\RunUO\RunUO\Scripts\Items\Weapons\Knives\Dagger.cs" to "C:\RunUO\RunUO\Distribution\Debug\net8.0\Scripts\Items\Weapons\Knives\Dagger.cs".
         Copying file from "C:\RunUO\RunUO\Scripts\Items\Weapons\Knives\SkinningKnife.cs" to "C:\RunUO\RunUO\Distribution\Debug\net8.0\Scripts\Items\Weapons\Knives\SkinningKnife.cs".
         Copying file from "C:\RunUO\RunUO\Scripts\Items\Weapons\Knives\ThrowingDagger.cs" to "C:\RunUO\RunUO\Distribution\Debug\net8.0\Scripts\Items\Weapons\Knives\ThrowingDagger.cs".
         Copying file from "C:\RunUO\RunUO\Scripts\Items\Weapons\Maces\Club.cs" to "C:\RunUO\RunUO\Distribution\Debug\net8.0\Scripts\Items\Weapons\Maces\Club.cs".
         Copying file from "C:\RunUO\RunUO\Scripts\Items\Weapons\Maces\BaseBashing.cs" to "C:\RunUO\RunUO\Distribution\Debug\net8.0\Scripts\Items\Weapons\Maces\BaseBashing.cs".
         Copying file from "C:\RunUO\RunUO\Scripts\Items\Weapons\Maces\EmeraldMace.cs" to "C:\RunUO\RunUO\Distribution\Debug\net8.0\Scripts\Items\Weapons\Maces\EmeraldMace.cs".
         Copying file from "C:\RunUO\RunUO\Scripts\Items\Weapons\Maces\FireworksWand.cs" to "C:\RunUO\RunUO\Distribution\Debug\net8.0\Scripts\Items\Weapons\Maces\FireworksWand.cs".
         Copying file from "C:\RunUO\RunUO\Scripts\Items\Weapons\Maces\HammerPick.cs" to "C:\RunUO\RunUO\Distribution\Debug\net8.0\Scripts\Items\Weapons\Maces\HammerPick.cs".
         Copying file from "C:\RunUO\RunUO\Scripts\Items\Weapons\Maces\Mace.cs" to "C:\RunUO\RunUO\Distribution\Debug\net8.0\Scripts\Items\Weapons\Maces\Mace.cs".
         Copying file from "C:\RunUO\RunUO\Scripts\Items\Weapons\Maces\MagicWand.cs" to "C:\RunUO\RunUO\Distribution\Debug\net8.0\Scripts\Items\Weapons\Maces\MagicWand.cs".
         Copying file from "C:\RunUO\RunUO\Scripts\Items\Weapons\Maces\Maul.cs" to "C:\RunUO\RunUO\Distribution\Debug\net8.0\Scripts\Items\Weapons\Maces\Maul.cs".
         Copying file from "C:\RunUO\RunUO\Scripts\Items\Weapons\Maces\RubyMace.cs" to "C:\RunUO\RunUO\Distribution\Debug\net8.0\Scripts\Items\Weapons\Maces\RubyMace.cs".
         Copying file from "C:\RunUO\RunUO\Scripts\Items\Weapons\Maces\SapphireMace.cs" to "C:\RunUO\RunUO\Distribution\Debug\net8.0\Scripts\Items\Weapons\Maces\SapphireMace.cs".
         Copying file from "C:\RunUO\RunUO\Scripts\Items\Weapons\Maces\Scepter.cs" to "C:\RunUO\RunUO\Distribution\Debug\net8.0\Scripts\Items\Weapons\Maces\Scepter.cs".
         Copying file from "C:\RunUO\RunUO\Scripts\Items\Weapons\Maces\SilverEtchedMace.cs" to "C:\RunUO\RunUO\Distribution\Debug\net8.0\Scripts\Items\Weapons\Maces\SilverEtchedMace.cs".
         Copying file from "C:\RunUO\RunUO\Scripts\Items\Weapons\Maces\WarHammer.cs" to "C:\RunUO\RunUO\Distribution\Debug\net8.0\Scripts\Items\Weapons\Maces\WarHammer.cs".
         Copying file from "C:\RunUO\RunUO\Scripts\Items\Weapons\Maces\WarMace.cs" to "C:\RunUO\RunUO\Distribution\Debug\net8.0\Scripts\Items\Weapons\Maces\WarMace.cs".
         Copying file from "C:\RunUO\RunUO\Scripts\Items\Weapons\ML Weapons\Artifacts\BlightGrippedLongbow.cs" to "C:\RunUO\RunUO\Distribution\Debug\net8.0\Scripts\Items\Weapons\ML Weapons\Artifacts\BlightGrippedLongbow.cs".
         Copying file from "C:\RunUO\RunUO\Scripts\Items\Weapons\ML Weapons\Artifacts\ColdForgedBlade.cs" to "C:\RunUO\RunUO\Distribution\Debug\net8.0\Scripts\Items\Weapons\ML Weapons\Artifacts\ColdForgedBlade.cs".
         Copying file from "C:\RunUO\RunUO\Scripts\Items\Weapons\ML Weapons\Artifacts\LuminousRuneBlade.cs" to "C:\RunUO\RunUO\Distribution\Debug\net8.0\Scripts\Items\Weapons\ML Weapons\Artifacts\LuminousRuneBlade.cs".
         Copying file from "C:\RunUO\RunUO\Scripts\Items\Weapons\ML Weapons\Artifacts\OverseerSunderedBlade.cs" to "C:\RunUO\RunUO\Distribution\Debug\net8.0\Scripts\Items\Weapons\ML Weapons\Artifacts\OverseerSunderedBlade.cs".
         Copying file from "C:\RunUO\RunUO\Scripts\Items\Weapons\ML Weapons\Artifacts\PhantomStaff.cs" to "C:\RunUO\RunUO\Distribution\Debug\net8.0\Scripts\Items\Weapons\ML Weapons\Artifacts\PhantomStaff.cs".
         Copying file from "C:\RunUO\RunUO\Scripts\Items\Weapons\ML Weapons\Artifacts\RuneCarvingKnife.cs" to "C:\RunUO\RunUO\Distribution\Debug\net8.0\Scripts\Items\Weapons\ML Weapons\Artifacts\RuneCarvingKnife.cs".
         Copying file from "C:\RunUO\RunUO\Scripts\Items\Weapons\ML Weapons\Artifacts\ShardTrasher.cs" to "C:\RunUO\RunUO\Distribution\Debug\net8.0\Scripts\Items\Weapons\ML Weapons\Artifacts\ShardTrasher.cs".
         Copying file from "C:\RunUO\RunUO\Scripts\Items\Weapons\ML Weapons\Artifacts\SilvanisFeywoodBow.cs" to "C:\RunUO\RunUO\Distribution\Debug\net8.0\Scripts\Items\Weapons\ML Weapons\Artifacts\SilvanisFeywoodBow.cs".
         Copying file from "C:\RunUO\RunUO\Scripts\Items\Weapons\ML Weapons\Artifacts\TheNightReaper.cs" to "C:\RunUO\RunUO\Distribution\Debug\net8.0\Scripts\Items\Weapons\ML Weapons\Artifacts\TheNightReaper.cs".
         Copying file from "C:\RunUO\RunUO\Scripts\Items\Weapons\ML Weapons\ButchersWarCleaver.cs" to "C:\RunUO\RunUO\Distribution\Debug\net8.0\Scripts\Items\Weapons\ML Weapons\ButchersWarCleaver.cs".
         Copying file from "C:\RunUO\RunUO\Scripts\Items\Weapons\ML Weapons\DiamondMace.cs" to "C:\RunUO\RunUO\Distribution\Debug\net8.0\Scripts\Items\Weapons\ML Weapons\DiamondMace.cs".
         Copying file from "C:\RunUO\RunUO\Scripts\Items\Weapons\ML Weapons\AssassinSpike.cs" to "C:\RunUO\RunUO\Distribution\Debug\net8.0\Scripts\Items\Weapons\ML Weapons\AssassinSpike.cs".
         Copying file from "C:\RunUO\RunUO\Scripts\Items\Weapons\ML Weapons\ElvenCompositeLongbow.cs" to "C:\RunUO\RunUO\Distribution\Debug\net8.0\Scripts\Items\Weapons\ML Weapons\ElvenCompositeLongbow.cs".
         Copying file from "C:\RunUO\RunUO\Scripts\Items\Weapons\ML Weapons\ElvenMachete.cs" to "C:\RunUO\RunUO\Distribution\Debug\net8.0\Scripts\Items\Weapons\ML Weapons\ElvenMachete.cs".
         Copying file from "C:\RunUO\RunUO\Scripts\Items\Weapons\ML Weapons\ElvenSpellblade.cs" to "C:\RunUO\RunUO\Distribution\Debug\net8.0\Scripts\Items\Weapons\ML Weapons\ElvenSpellblade.cs".
         Copying file from "C:\RunUO\RunUO\Scripts\Items\Weapons\ML Weapons\MagicalShortbow.cs" to "C:\RunUO\RunUO\Distribution\Debug\net8.0\Scripts\Items\Weapons\ML Weapons\MagicalShortbow.cs".
         Copying file from "C:\RunUO\RunUO\Scripts\Items\Weapons\ML Weapons\Leafblade.cs" to "C:\RunUO\RunUO\Distribution\Debug\net8.0\Scripts\Items\Weapons\ML Weapons\Leafblade.cs".
         Copying file from "C:\RunUO\RunUO\Scripts\Items\Weapons\ML Weapons\OrnateAxe.cs" to "C:\RunUO\RunUO\Distribution\Debug\net8.0\Scripts\Items\Weapons\ML Weapons\OrnateAxe.cs".
         Copying file from "C:\RunUO\RunUO\Scripts\Items\Weapons\ML Weapons\RadiantScimitar.cs" to "C:\RunUO\RunUO\Distribution\Debug\net8.0\Scripts\Items\Weapons\ML Weapons\RadiantScimitar.cs".
         Copying file from "C:\RunUO\RunUO\Scripts\Items\Weapons\ML Weapons\RuneBlade.cs" to "C:\RunUO\RunUO\Distribution\Debug\net8.0\Scripts\Items\Weapons\ML Weapons\RuneBlade.cs".
         Copying file from "C:\RunUO\RunUO\Scripts\Items\Weapons\ML Weapons\WarCleaver.cs" to "C:\RunUO\RunUO\Distribution\Debug\net8.0\Scripts\Items\Weapons\ML Weapons\WarCleaver.cs".
         Copying file from "C:\RunUO\RunUO\Scripts\Items\Weapons\ML Weapons\WildStaff.cs" to "C:\RunUO\RunUO\Distribution\Debug\net8.0\Scripts\Items\Weapons\ML Weapons\WildStaff.cs".
         Copying file from "C:\RunUO\RunUO\Scripts\Items\Weapons\PoleArms\Bardiche.cs" to "C:\RunUO\RunUO\Distribution\Debug\net8.0\Scripts\Items\Weapons\PoleArms\Bardiche.cs".
         Copying file from "C:\RunUO\RunUO\Scripts\Items\Weapons\PoleArms\BasePoleArm.cs" to "C:\RunUO\RunUO\Distribution\Debug\net8.0\Scripts\Items\Weapons\PoleArms\BasePoleArm.cs".
         Copying file from "C:\RunUO\RunUO\Scripts\Items\Weapons\PoleArms\Halberd.cs" to "C:\RunUO\RunUO\Distribution\Debug\net8.0\Scripts\Items\Weapons\PoleArms\Halberd.cs".
         Copying file from "C:\RunUO\RunUO\Scripts\Items\Weapons\PoleArms\Scythe.cs" to "C:\RunUO\RunUO\Distribution\Debug\net8.0\Scripts\Items\Weapons\PoleArms\Scythe.cs".
         Copying file from "C:\RunUO\RunUO\Scripts\Items\Weapons\Ranged\AssassinsShortbow.cs" to "C:\RunUO\RunUO\Distribution\Debug\net8.0\Scripts\Items\Weapons\Ranged\AssassinsShortbow.cs".
         Copying file from "C:\RunUO\RunUO\Scripts\Items\Weapons\Ranged\BarbedLongbow.cs" to "C:\RunUO\RunUO\Distribution\Debug\net8.0\Scripts\Items\Weapons\Ranged\BarbedLongbow.cs".
         Copying file from "C:\RunUO\RunUO\Scripts\Items\Weapons\Ranged\BaseRanged.cs" to "C:\RunUO\RunUO\Distribution\Debug\net8.0\Scripts\Items\Weapons\Ranged\BaseRanged.cs".
         Copying file from "C:\RunUO\RunUO\Scripts\Items\Weapons\Ranged\Bow.cs" to "C:\RunUO\RunUO\Distribution\Debug\net8.0\Scripts\Items\Weapons\Ranged\Bow.cs".
         Copying file from "C:\RunUO\RunUO\Scripts\Items\Weapons\Ranged\CompositeBow.cs" to "C:\RunUO\RunUO\Distribution\Debug\net8.0\Scripts\Items\Weapons\Ranged\CompositeBow.cs".
         Copying file from "C:\RunUO\RunUO\Scripts\Items\Weapons\Ranged\Crossbow.cs" to "C:\RunUO\RunUO\Distribution\Debug\net8.0\Scripts\Items\Weapons\Ranged\Crossbow.cs".
         Copying file from "C:\RunUO\RunUO\Scripts\Items\Weapons\Ranged\FrozenLongbow.cs" to "C:\RunUO\RunUO\Distribution\Debug\net8.0\Scripts\Items\Weapons\Ranged\FrozenLongbow.cs".
         Copying file from "C:\RunUO\RunUO\Scripts\Items\Weapons\Ranged\HeavyCrossbow.cs" to "C:\RunUO\RunUO\Distribution\Debug\net8.0\Scripts\Items\Weapons\Ranged\HeavyCrossbow.cs".
         Copying file from "C:\RunUO\RunUO\Scripts\Items\Weapons\Ranged\JukaBow.cs" to "C:\RunUO\RunUO\Distribution\Debug\net8.0\Scripts\Items\Weapons\Ranged\JukaBow.cs".
         Copying file from "C:\RunUO\RunUO\Scripts\Items\Weapons\Ranged\LightweightShortbow.cs" to "C:\RunUO\RunUO\Distribution\Debug\net8.0\Scripts\Items\Weapons\Ranged\LightweightShortbow.cs".
         Copying file from "C:\RunUO\RunUO\Scripts\Items\Weapons\Ranged\LongbowOfMight.cs" to "C:\RunUO\RunUO\Distribution\Debug\net8.0\Scripts\Items\Weapons\Ranged\LongbowOfMight.cs".
         Copying file from "C:\RunUO\RunUO\Scripts\Items\Weapons\Ranged\MysticalShortbow.cs" to "C:\RunUO\RunUO\Distribution\Debug\net8.0\Scripts\Items\Weapons\Ranged\MysticalShortbow.cs".
         Copying file from "C:\RunUO\RunUO\Scripts\Items\Weapons\Ranged\RangersShortbow.cs" to "C:\RunUO\RunUO\Distribution\Debug\net8.0\Scripts\Items\Weapons\Ranged\RangersShortbow.cs".
         Copying file from "C:\RunUO\RunUO\Scripts\Items\Weapons\Ranged\RepeatingCrossbow.cs" to "C:\RunUO\RunUO\Distribution\Debug\net8.0\Scripts\Items\Weapons\Ranged\RepeatingCrossbow.cs".
         Copying file from "C:\RunUO\RunUO\Scripts\Items\Weapons\Ranged\SlayerLongbow.cs" to "C:\RunUO\RunUO\Distribution\Debug\net8.0\Scripts\Items\Weapons\Ranged\SlayerLongbow.cs".
         Copying file from "C:\RunUO\RunUO\Scripts\Items\Weapons\SE Weapons\Bokuto.cs" to "C:\RunUO\RunUO\Distribution\Debug\net8.0\Scripts\Items\Weapons\SE Weapons\Bokuto.cs".
         Copying file from "C:\RunUO\RunUO\Scripts\Items\Weapons\SE Weapons\Daisho.cs" to "C:\RunUO\RunUO\Distribution\Debug\net8.0\Scripts\Items\Weapons\SE Weapons\Daisho.cs".
         Copying file from "C:\RunUO\RunUO\Scripts\Items\Weapons\SE Weapons\Kama.cs" to "C:\RunUO\RunUO\Distribution\Debug\net8.0\Scripts\Items\Weapons\SE Weapons\Kama.cs".
         Copying file from "C:\RunUO\RunUO\Scripts\Items\Weapons\SE Weapons\Lajatang.cs" to "C:\RunUO\RunUO\Distribution\Debug\net8.0\Scripts\Items\Weapons\SE Weapons\Lajatang.cs".
         Copying file from "C:\RunUO\RunUO\Scripts\Items\Weapons\SE Weapons\NoDachi.cs" to "C:\RunUO\RunUO\Distribution\Debug\net8.0\Scripts\Items\Weapons\SE Weapons\NoDachi.cs".
         Copying file from "C:\RunUO\RunUO\Scripts\Items\Weapons\SE Weapons\Nunchaku.cs" to "C:\RunUO\RunUO\Distribution\Debug\net8.0\Scripts\Items\Weapons\SE Weapons\Nunchaku.cs".
         Copying file from "C:\RunUO\RunUO\Scripts\Items\Weapons\SE Weapons\Sai.cs" to "C:\RunUO\RunUO\Distribution\Debug\net8.0\Scripts\Items\Weapons\SE Weapons\Sai.cs".
         Copying file from "C:\RunUO\RunUO\Scripts\Items\Weapons\SE Weapons\Tekagi.cs" to "C:\RunUO\RunUO\Distribution\Debug\net8.0\Scripts\Items\Weapons\SE Weapons\Tekagi.cs".
         Copying file from "C:\RunUO\RunUO\Scripts\Items\Weapons\SE Weapons\Tessen.cs" to "C:\RunUO\RunUO\Distribution\Debug\net8.0\Scripts\Items\Weapons\SE Weapons\Tessen.cs".
         Copying file from "C:\RunUO\RunUO\Scripts\Items\Weapons\SE Weapons\Tetsubo.cs" to "C:\RunUO\RunUO\Distribution\Debug\net8.0\Scripts\Items\Weapons\SE Weapons\Tetsubo.cs".
         Copying file from "C:\RunUO\RunUO\Scripts\Items\Weapons\SE Weapons\Wakizashi.cs" to "C:\RunUO\RunUO\Distribution\Debug\net8.0\Scripts\Items\Weapons\SE Weapons\Wakizashi.cs".
         Copying file from "C:\RunUO\RunUO\Scripts\Items\Weapons\SE Weapons\Yumi.cs" to "C:\RunUO\RunUO\Distribution\Debug\net8.0\Scripts\Items\Weapons\SE Weapons\Yumi.cs".
         Copying file from "C:\RunUO\RunUO\Scripts\Items\Weapons\SlayerEntry.cs" to "C:\RunUO\RunUO\Distribution\Debug\net8.0\Scripts\Items\Weapons\SlayerEntry.cs".
         Copying file from "C:\RunUO\RunUO\Scripts\Items\Weapons\SlayerName.cs" to "C:\RunUO\RunUO\Distribution\Debug\net8.0\Scripts\Items\Weapons\SlayerName.cs".
         Copying file from "C:\RunUO\RunUO\Scripts\Items\Weapons\SlayerGroup.cs" to "C:\RunUO\RunUO\Distribution\Debug\net8.0\Scripts\Items\Weapons\SlayerGroup.cs".
         Copying file from "C:\RunUO\RunUO\Scripts\Items\Weapons\SpearsAndForks\BaseSpear.cs" to "C:\RunUO\RunUO\Distribution\Debug\net8.0\Scripts\Items\Weapons\SpearsAndForks\BaseSpear.cs".
         Copying file from "C:\RunUO\RunUO\Scripts\Items\Weapons\SpearsAndForks\BladedStaff.cs" to "C:\RunUO\RunUO\Distribution\Debug\net8.0\Scripts\Items\Weapons\SpearsAndForks\BladedStaff.cs".
         Copying file from "C:\RunUO\RunUO\Scripts\Items\Weapons\SpearsAndForks\DoubleBladedStaff.cs" to "C:\RunUO\RunUO\Distribution\Debug\net8.0\Scripts\Items\Weapons\SpearsAndForks\DoubleBladedStaff.cs".
         Copying file from "C:\RunUO\RunUO\Scripts\Items\Weapons\SpearsAndForks\Pike.cs" to "C:\RunUO\RunUO\Distribution\Debug\net8.0\Scripts\Items\Weapons\SpearsAndForks\Pike.cs".
         Copying file from "C:\RunUO\RunUO\Scripts\Items\Weapons\SpearsAndForks\Pitchfork.cs" to "C:\RunUO\RunUO\Distribution\Debug\net8.0\Scripts\Items\Weapons\SpearsAndForks\Pitchfork.cs".
         Copying file from "C:\RunUO\RunUO\Scripts\Items\Weapons\SpearsAndForks\ShortSpear.cs" to "C:\RunUO\RunUO\Distribution\Debug\net8.0\Scripts\Items\Weapons\SpearsAndForks\ShortSpear.cs".
         Copying file from "C:\RunUO\RunUO\Scripts\Items\Weapons\SpearsAndForks\Spear.cs" to "C:\RunUO\RunUO\Distribution\Debug\net8.0\Scripts\Items\Weapons\SpearsAndForks\Spear.cs".
         Copying file from "C:\RunUO\RunUO\Scripts\Items\Weapons\SpearsAndForks\TribalSpear.cs" to "C:\RunUO\RunUO\Distribution\Debug\net8.0\Scripts\Items\Weapons\SpearsAndForks\TribalSpear.cs".
         Copying file from "C:\RunUO\RunUO\Scripts\Items\Weapons\SpearsAndForks\WarFork.cs" to "C:\RunUO\RunUO\Distribution\Debug\net8.0\Scripts\Items\Weapons\SpearsAndForks\WarFork.cs".
         Copying file from "C:\RunUO\RunUO\Scripts\Items\Weapons\Staves\BaseStaff.cs" to "C:\RunUO\RunUO\Distribution\Debug\net8.0\Scripts\Items\Weapons\Staves\BaseStaff.cs".
         Copying file from "C:\RunUO\RunUO\Scripts\Items\Weapons\Staves\BlackStaff.cs" to "C:\RunUO\RunUO\Distribution\Debug\net8.0\Scripts\Items\Weapons\Staves\BlackStaff.cs".
         Copying file from "C:\RunUO\RunUO\Scripts\Items\Weapons\Staves\GlacialStaff.cs" to "C:\RunUO\RunUO\Distribution\Debug\net8.0\Scripts\Items\Weapons\Staves\GlacialStaff.cs".
         Copying file from "C:\RunUO\RunUO\Scripts\Items\Weapons\Staves\GnarledStaff.cs" to "C:\RunUO\RunUO\Distribution\Debug\net8.0\Scripts\Items\Weapons\Staves\GnarledStaff.cs".
         Copying file from "C:\RunUO\RunUO\Scripts\Items\Weapons\Staves\QuarterStaff.cs" to "C:\RunUO\RunUO\Distribution\Debug\net8.0\Scripts\Items\Weapons\Staves\QuarterStaff.cs".
         Copying file from "C:\RunUO\RunUO\Scripts\Items\Weapons\Staves\ShepherdsCrook.cs" to "C:\RunUO\RunUO\Distribution\Debug\net8.0\Scripts\Items\Weapons\Staves\ShepherdsCrook.cs".
         Copying file from "C:\RunUO\RunUO\Scripts\Items\Weapons\Swords\AdventurersMachete.cs" to "C:\RunUO\RunUO\Distribution\Debug\net8.0\Scripts\Items\Weapons\Swords\AdventurersMachete.cs".
         Copying file from "C:\RunUO\RunUO\Scripts\Items\Weapons\Swords\BaseSword.cs" to "C:\RunUO\RunUO\Distribution\Debug\net8.0\Scripts\Items\Weapons\Swords\BaseSword.cs".
         Copying file from "C:\RunUO\RunUO\Scripts\Items\Weapons\Swords\BoneHarvester.cs" to "C:\RunUO\RunUO\Distribution\Debug\net8.0\Scripts\Items\Weapons\Swords\BoneHarvester.cs".
         Copying file from "C:\RunUO\RunUO\Scripts\Items\Weapons\Swords\BoneMachete.cs" to "C:\RunUO\RunUO\Distribution\Debug\net8.0\Scripts\Items\Weapons\Swords\BoneMachete.cs".
         Copying file from "C:\RunUO\RunUO\Scripts\Items\Weapons\Swords\ChargedAssassinSpike.cs" to "C:\RunUO\RunUO\Distribution\Debug\net8.0\Scripts\Items\Weapons\Swords\ChargedAssassinSpike.cs".
         Copying file from "C:\RunUO\RunUO\Scripts\Items\Weapons\Swords\Broadsword.cs" to "C:\RunUO\RunUO\Distribution\Debug\net8.0\Scripts\Items\Weapons\Swords\Broadsword.cs".
         Copying file from "C:\RunUO\RunUO\Scripts\Items\Weapons\Swords\CorruptedRuneBlade.cs" to "C:\RunUO\RunUO\Distribution\Debug\net8.0\Scripts\Items\Weapons\Swords\CorruptedRuneBlade.cs".
         Copying file from "C:\RunUO\RunUO\Scripts\Items\Weapons\Swords\CrescentBlade.cs" to "C:\RunUO\RunUO\Distribution\Debug\net8.0\Scripts\Items\Weapons\Swords\CrescentBlade.cs".
         Copying file from "C:\RunUO\RunUO\Scripts\Items\Weapons\Swords\Cutlass.cs" to "C:\RunUO\RunUO\Distribution\Debug\net8.0\Scripts\Items\Weapons\Swords\Cutlass.cs".
         Copying file from "C:\RunUO\RunUO\Scripts\Items\Weapons\Swords\FierySpellblade.cs" to "C:\RunUO\RunUO\Distribution\Debug\net8.0\Scripts\Items\Weapons\Swords\FierySpellblade.cs".
         Copying file from "C:\RunUO\RunUO\Scripts\Items\Weapons\Swords\DarkglowScimitar.cs" to "C:\RunUO\RunUO\Distribution\Debug\net8.0\Scripts\Items\Weapons\Swords\DarkglowScimitar.cs".
         Copying file from "C:\RunUO\RunUO\Scripts\Items\Weapons\Swords\DiseasedMachete.cs" to "C:\RunUO\RunUO\Distribution\Debug\net8.0\Scripts\Items\Weapons\Swords\DiseasedMachete.cs".
         Copying file from "C:\RunUO\RunUO\Scripts\Items\Weapons\Swords\IcyScimitar.cs" to "C:\RunUO\RunUO\Distribution\Debug\net8.0\Scripts\Items\Weapons\Swords\IcyScimitar.cs".
         Copying file from "C:\RunUO\RunUO\Scripts\Items\Weapons\Swords\IcySpellblade.cs" to "C:\RunUO\RunUO\Distribution\Debug\net8.0\Scripts\Items\Weapons\Swords\IcySpellblade.cs".
         Copying file from "C:\RunUO\RunUO\Scripts\Items\Weapons\Swords\Katana.cs" to "C:\RunUO\RunUO\Distribution\Debug\net8.0\Scripts\Items\Weapons\Swords\Katana.cs".
         Copying file from "C:\RunUO\RunUO\Scripts\Items\Weapons\Swords\KnightsWarCleaver.cs" to "C:\RunUO\RunUO\Distribution\Debug\net8.0\Scripts\Items\Weapons\Swords\KnightsWarCleaver.cs".
         Copying file from "C:\RunUO\RunUO\Scripts\Items\Weapons\Swords\Kryss.cs" to "C:\RunUO\RunUO\Distribution\Debug\net8.0\Scripts\Items\Weapons\Swords\Kryss.cs".
         Copying file from "C:\RunUO\RunUO\Scripts\Items\Weapons\Swords\LeafbladeOfEase.cs" to "C:\RunUO\RunUO\Distribution\Debug\net8.0\Scripts\Items\Weapons\Swords\LeafbladeOfEase.cs".
         Copying file from "C:\RunUO\RunUO\Scripts\Items\Weapons\Swords\Lance.cs" to "C:\RunUO\RunUO\Distribution\Debug\net8.0\Scripts\Items\Weapons\Swords\Lance.cs".
         Copying file from "C:\RunUO\RunUO\Scripts\Items\Weapons\Swords\Longsword.cs" to "C:\RunUO\RunUO\Distribution\Debug\net8.0\Scripts\Items\Weapons\Swords\Longsword.cs".
         Copying file from "C:\RunUO\RunUO\Scripts\Items\Weapons\Swords\Luckblade.cs" to "C:\RunUO\RunUO\Distribution\Debug\net8.0\Scripts\Items\Weapons\Swords\Luckblade.cs".
         Copying file from "C:\RunUO\RunUO\Scripts\Items\Weapons\Swords\MacheteOfDefense.cs" to "C:\RunUO\RunUO\Distribution\Debug\net8.0\Scripts\Items\Weapons\Swords\MacheteOfDefense.cs".
         Copying file from "C:\RunUO\RunUO\Scripts\Items\Weapons\Swords\MagekillerAssassinSpike.cs" to "C:\RunUO\RunUO\Distribution\Debug\net8.0\Scripts\Items\Weapons\Swords\MagekillerAssassinSpike.cs".
         Copying file from "C:\RunUO\RunUO\Scripts\Items\Weapons\Swords\MagekillerLeafblade.cs" to "C:\RunUO\RunUO\Distribution\Debug\net8.0\Scripts\Items\Weapons\Swords\MagekillerLeafblade.cs".
         Copying file from "C:\RunUO\RunUO\Scripts\Items\Weapons\Swords\MagesRuneBlade.cs" to "C:\RunUO\RunUO\Distribution\Debug\net8.0\Scripts\Items\Weapons\Swords\MagesRuneBlade.cs".
         Copying file from "C:\RunUO\RunUO\Scripts\Items\Weapons\Swords\OrcishMachete.cs" to "C:\RunUO\RunUO\Distribution\Debug\net8.0\Scripts\Items\Weapons\Swords\OrcishMachete.cs".
         Copying file from "C:\RunUO\RunUO\Scripts\Items\Weapons\Swords\RuneBladeOfKnowledge.cs" to "C:\RunUO\RunUO\Distribution\Debug\net8.0\Scripts\Items\Weapons\Swords\RuneBladeOfKnowledge.cs".
         Copying file from "C:\RunUO\RunUO\Scripts\Items\Weapons\Swords\Runesabre.cs" to "C:\RunUO\RunUO\Distribution\Debug\net8.0\Scripts\Items\Weapons\Swords\Runesabre.cs".
         Copying file from "C:\RunUO\RunUO\Scripts\Items\Weapons\Swords\Scimitar.cs" to "C:\RunUO\RunUO\Distribution\Debug\net8.0\Scripts\Items\Weapons\Swords\Scimitar.cs".
         Copying file from "C:\RunUO\RunUO\Scripts\Items\Weapons\Swords\SerratedWarCleaver.cs" to "C:\RunUO\RunUO\Distribution\Debug\net8.0\Scripts\Items\Weapons\Swords\SerratedWarCleaver.cs".
         Copying file from "C:\RunUO\RunUO\Scripts\Items\Weapons\Swords\SpellbladeOfDefense.cs" to "C:\RunUO\RunUO\Distribution\Debug\net8.0\Scripts\Items\Weapons\Swords\SpellbladeOfDefense.cs".
         Copying file from "C:\RunUO\RunUO\Scripts\Items\Weapons\Swords\ThinLongsword.cs" to "C:\RunUO\RunUO\Distribution\Debug\net8.0\Scripts\Items\Weapons\Swords\ThinLongsword.cs".
         Copying file from "C:\RunUO\RunUO\Scripts\Items\Weapons\Swords\TrueAssassinSpike.cs" to "C:\RunUO\RunUO\Distribution\Debug\net8.0\Scripts\Items\Weapons\Swords\TrueAssassinSpike.cs".
         Copying file from "C:\RunUO\RunUO\Scripts\Items\Weapons\Swords\TrueLeafblade.cs" to "C:\RunUO\RunUO\Distribution\Debug\net8.0\Scripts\Items\Weapons\Swords\TrueLeafblade.cs".
         Copying file from "C:\RunUO\RunUO\Scripts\Items\Weapons\Swords\TrueRadiantScimitar.cs" to "C:\RunUO\RunUO\Distribution\Debug\net8.0\Scripts\Items\Weapons\Swords\TrueRadiantScimitar.cs".
         Copying file from "C:\RunUO\RunUO\Scripts\Items\Weapons\Swords\TrueSpellblade.cs" to "C:\RunUO\RunUO\Distribution\Debug\net8.0\Scripts\Items\Weapons\Swords\TrueSpellblade.cs".
         Copying file from "C:\RunUO\RunUO\Scripts\Items\Weapons\Swords\TrueWarCleaver.cs" to "C:\RunUO\RunUO\Distribution\Debug\net8.0\Scripts\Items\Weapons\Swords\TrueWarCleaver.cs".
         Copying file from "C:\RunUO\RunUO\Scripts\Items\Weapons\Swords\TwinklingScimitar.cs" to "C:\RunUO\RunUO\Distribution\Debug\net8.0\Scripts\Items\Weapons\Swords\TwinklingScimitar.cs".
         Copying file from "C:\RunUO\RunUO\Scripts\Items\Weapons\Swords\VikingSword.cs" to "C:\RunUO\RunUO\Distribution\Debug\net8.0\Scripts\Items\Weapons\Swords\VikingSword.cs".
         Copying file from "C:\RunUO\RunUO\Scripts\Items\Weapons\Swords\WoundingAssassinSpike.cs" to "C:\RunUO\RunUO\Distribution\Debug\net8.0\Scripts\Items\Weapons\Swords\WoundingAssassinSpike.cs".
         Copying file from "C:\RunUO\RunUO\Scripts\Items\Weapons\WeaponEnums.cs" to "C:\RunUO\RunUO\Distribution\Debug\net8.0\Scripts\Items\Weapons\WeaponEnums.cs".
         Copying file from "C:\RunUO\RunUO\Scripts\Items\Weapons\Wooden\AncientWildStaff.cs" to "C:\RunUO\RunUO\Distribution\Debug\net8.0\Scripts\Items\Weapons\Wooden\AncientWildStaff.cs".
         Copying file from "C:\RunUO\RunUO\Scripts\Items\Weapons\Wooden\ArcanistsWildStaff.cs" to "C:\RunUO\RunUO\Distribution\Debug\net8.0\Scripts\Items\Weapons\Wooden\ArcanistsWildStaff.cs".
         Copying file from "C:\RunUO\RunUO\Scripts\Items\Weapons\Wooden\HardenedWildStaff.cs" to "C:\RunUO\RunUO\Distribution\Debug\net8.0\Scripts\Items\Weapons\Wooden\HardenedWildStaff.cs".
         Copying file from "C:\RunUO\RunUO\Scripts\Items\Weapons\Wooden\ThornedWildStaff.cs" to "C:\RunUO\RunUO\Distribution\Debug\net8.0\Scripts\Items\Weapons\Wooden\ThornedWildStaff.cs".
         Copying file from "C:\RunUO\RunUO\Scripts\Misc\AccountPrompt.cs" to "C:\RunUO\RunUO\Distribution\Debug\net8.0\Scripts\Misc\AccountPrompt.cs".
         Copying file from "C:\RunUO\RunUO\Scripts\Misc\Animations.cs" to "C:\RunUO\RunUO\Distribution\Debug\net8.0\Scripts\Misc\Animations.cs".
         Copying file from "C:\RunUO\RunUO\Scripts\Misc\AOS.cs" to "C:\RunUO\RunUO\Distribution\Debug\net8.0\Scripts\Misc\AOS.cs".
         Copying file from "C:\RunUO\RunUO\Scripts\Misc\Assistants.cs" to "C:\RunUO\RunUO\Distribution\Debug\net8.0\Scripts\Misc\Assistants.cs".
         Copying file from "C:\RunUO\RunUO\Scripts\Misc\AttackMessage.cs" to "C:\RunUO\RunUO\Distribution\Debug\net8.0\Scripts\Misc\AttackMessage.cs".
         Copying file from "C:\RunUO\RunUO\Scripts\Misc\AutoRestart.cs" to "C:\RunUO\RunUO\Distribution\Debug\net8.0\Scripts\Misc\AutoRestart.cs".
         Copying file from "C:\RunUO\RunUO\Scripts\Misc\AutoSave.cs" to "C:\RunUO\RunUO\Distribution\Debug\net8.0\Scripts\Misc\AutoSave.cs".
         Copying file from "C:\RunUO\RunUO\Scripts\Misc\Broadcasts.cs" to "C:\RunUO\RunUO\Distribution\Debug\net8.0\Scripts\Misc\Broadcasts.cs".
         Copying file from "C:\RunUO\RunUO\Scripts\Misc\BuffIcons.cs" to "C:\RunUO\RunUO\Distribution\Debug\net8.0\Scripts\Misc\BuffIcons.cs".
         Copying file from "C:\RunUO\RunUO\Scripts\Misc\Cleanup.cs" to "C:\RunUO\RunUO\Distribution\Debug\net8.0\Scripts\Misc\Cleanup.cs".
         Copying file from "C:\RunUO\RunUO\Scripts\Misc\CharacterCreation.cs" to "C:\RunUO\RunUO\Distribution\Debug\net8.0\Scripts\Misc\CharacterCreation.cs".
         Copying file from "C:\RunUO\RunUO\Scripts\Misc\ClientVerification.cs" to "C:\RunUO\RunUO\Distribution\Debug\net8.0\Scripts\Misc\ClientVerification.cs".
         Copying file from "C:\RunUO\RunUO\Scripts\Misc\CrashGuard.cs" to "C:\RunUO\RunUO\Distribution\Debug\net8.0\Scripts\Misc\CrashGuard.cs".
         Copying file from "C:\RunUO\RunUO\Scripts\Misc\CurrentExpansion.cs" to "C:\RunUO\RunUO\Distribution\Debug\net8.0\Scripts\Misc\CurrentExpansion.cs".
         Copying file from "C:\RunUO\RunUO\Scripts\Misc\DataPath.cs" to "C:\RunUO\RunUO\Distribution\Debug\net8.0\Scripts\Misc\DataPath.cs".
         Copying file from "C:\RunUO\RunUO\Scripts\Misc\DispellableAttribute.cs" to "C:\RunUO\RunUO\Distribution\Debug\net8.0\Scripts\Misc\DispellableAttribute.cs".
         Copying file from "C:\RunUO\RunUO\Scripts\Misc\DispellableFieldAttribute.cs" to "C:\RunUO\RunUO\Distribution\Debug\net8.0\Scripts\Misc\DispellableFieldAttribute.cs".
         Copying file from "C:\RunUO\RunUO\Scripts\Misc\DoorGenerator.cs" to "C:\RunUO\RunUO\Distribution\Debug\net8.0\Scripts\Misc\DoorGenerator.cs".
         Copying file from "C:\RunUO\RunUO\Scripts\Misc\Email.cs" to "C:\RunUO\RunUO\Distribution\Debug\net8.0\Scripts\Misc\Email.cs".
         Copying file from "C:\RunUO\RunUO\Scripts\Misc\Emitter.cs" to "C:\RunUO\RunUO\Distribution\Debug\net8.0\Scripts\Misc\Emitter.cs".
         Copying file from "C:\RunUO\RunUO\Scripts\Misc\Fastwalk.cs" to "C:\RunUO\RunUO\Distribution\Debug\net8.0\Scripts\Misc\Fastwalk.cs".
         Copying file from "C:\RunUO\RunUO\Scripts\Misc\FoodDecay.cs" to "C:\RunUO\RunUO\Distribution\Debug\net8.0\Scripts\Misc\FoodDecay.cs".
         Copying file from "C:\RunUO\RunUO\Scripts\Misc\Geometry.cs" to "C:\RunUO\RunUO\Distribution\Debug\net8.0\Scripts\Misc\Geometry.cs".
         Copying file from "C:\RunUO\RunUO\Scripts\Misc\Gifts\Winter2004\DecorativeTopiary.cs" to "C:\RunUO\RunUO\Distribution\Debug\net8.0\Scripts\Misc\Gifts\Winter2004\DecorativeTopiary.cs".
         Copying file from "C:\RunUO\RunUO\Scripts\Misc\Gifts\Winter2004\FestiveCactus.cs" to "C:\RunUO\RunUO\Distribution\Debug\net8.0\Scripts\Misc\Gifts\Winter2004\FestiveCactus.cs".
         Copying file from "C:\RunUO\RunUO\Scripts\Misc\Gifts\Winter2004\LightOfTheWinterSolstice.cs" to "C:\RunUO\RunUO\Distribution\Debug\net8.0\Scripts\Misc\Gifts\Winter2004\LightOfTheWinterSolstice.cs".
         Copying file from "C:\RunUO\RunUO\Scripts\Misc\Gifts\Winter2004\Mistletoe.cs" to "C:\RunUO\RunUO\Distribution\Debug\net8.0\Scripts\Misc\Gifts\Winter2004\Mistletoe.cs".
         Copying file from "C:\RunUO\RunUO\Scripts\Misc\Gifts\Winter2004\PileOfGlacialSnow.cs" to "C:\RunUO\RunUO\Distribution\Debug\net8.0\Scripts\Misc\Gifts\Winter2004\PileOfGlacialSnow.cs".
         Copying file from "C:\RunUO\RunUO\Scripts\Misc\Gifts\Winter2004\SnowPile.cs" to "C:\RunUO\RunUO\Distribution\Debug\net8.0\Scripts\Misc\Gifts\Winter2004\SnowPile.cs".
         Copying file from "C:\RunUO\RunUO\Scripts\Misc\Gifts\Winter2004\SnowyTree.cs" to "C:\RunUO\RunUO\Distribution\Debug\net8.0\Scripts\Misc\Gifts\Winter2004\SnowyTree.cs".
         Copying file from "C:\RunUO\RunUO\Scripts\Misc\Gifts\Winter2004\Winter2004.cs" to "C:\RunUO\RunUO\Distribution\Debug\net8.0\Scripts\Misc\Gifts\Winter2004\Winter2004.cs".
         Copying file from "C:\RunUO\RunUO\Scripts\Misc\Guild.cs" to "C:\RunUO\RunUO\Distribution\Debug\net8.0\Scripts\Misc\Guild.cs".
         Copying file from "C:\RunUO\RunUO\Scripts\Misc\HardwareInfo.cs" to "C:\RunUO\RunUO\Distribution\Debug\net8.0\Scripts\Misc\HardwareInfo.cs".
         Copying file from "C:\RunUO\RunUO\Scripts\Misc\Keywords.cs" to "C:\RunUO\RunUO\Distribution\Debug\net8.0\Scripts\Misc\Keywords.cs".
         Copying file from "C:\RunUO\RunUO\Scripts\Misc\InhumanSpeech.cs" to "C:\RunUO\RunUO\Distribution\Debug\net8.0\Scripts\Misc\InhumanSpeech.cs".
         Copying file from "C:\RunUO\RunUO\Scripts\Misc\LanguageStatistics.cs" to "C:\RunUO\RunUO\Distribution\Debug\net8.0\Scripts\Misc\LanguageStatistics.cs".
         Copying file from "C:\RunUO\RunUO\Scripts\Misc\LightCycle.cs" to "C:\RunUO\RunUO\Distribution\Debug\net8.0\Scripts\Misc\LightCycle.cs".
         Copying file from "C:\RunUO\RunUO\Scripts\Misc\LoginStats.cs" to "C:\RunUO\RunUO\Distribution\Debug\net8.0\Scripts\Misc\LoginStats.cs".
         Copying file from "C:\RunUO\RunUO\Scripts\Misc\Loot.cs" to "C:\RunUO\RunUO\Distribution\Debug\net8.0\Scripts\Misc\Loot.cs".
         Copying file from "C:\RunUO\RunUO\Scripts\Misc\LootPack.cs" to "C:\RunUO\RunUO\Distribution\Debug\net8.0\Scripts\Misc\LootPack.cs".
         Copying file from "C:\RunUO\RunUO\Scripts\Misc\MapDefinitions.cs" to "C:\RunUO\RunUO\Distribution\Debug\net8.0\Scripts\Misc\MapDefinitions.cs".
         Copying file from "C:\RunUO\RunUO\Scripts\Misc\MapUO.cs" to "C:\RunUO\RunUO\Distribution\Debug\net8.0\Scripts\Misc\MapUO.cs".
         Copying file from "C:\RunUO\RunUO\Scripts\Misc\MondainsLegacy.cs" to "C:\RunUO\RunUO\Distribution\Debug\net8.0\Scripts\Misc\MondainsLegacy.cs".
         Copying file from "C:\RunUO\RunUO\Scripts\Misc\NameList.cs" to "C:\RunUO\RunUO\Distribution\Debug\net8.0\Scripts\Misc\NameList.cs".
         Copying file from "C:\RunUO\RunUO\Scripts\Misc\NameVerification.cs" to "C:\RunUO\RunUO\Distribution\Debug\net8.0\Scripts\Misc\NameVerification.cs".
         Copying file from "C:\RunUO\RunUO\Scripts\Misc\Notoriety.cs" to "C:\RunUO\RunUO\Distribution\Debug\net8.0\Scripts\Misc\Notoriety.cs".
         Copying file from "C:\RunUO\RunUO\Scripts\Misc\Paperdoll.cs" to "C:\RunUO\RunUO\Distribution\Debug\net8.0\Scripts\Misc\Paperdoll.cs".
         Copying file from "C:\RunUO\RunUO\Scripts\Misc\Poison.cs" to "C:\RunUO\RunUO\Distribution\Debug\net8.0\Scripts\Misc\Poison.cs".
         Copying file from "C:\RunUO\RunUO\Scripts\Misc\ProfanityProtection.cs" to "C:\RunUO\RunUO\Distribution\Debug\net8.0\Scripts\Misc\ProfanityProtection.cs".
         Copying file from "C:\RunUO\RunUO\Scripts\Misc\Profile.cs" to "C:\RunUO\RunUO\Distribution\Debug\net8.0\Scripts\Misc\Profile.cs".
         Copying file from "C:\RunUO\RunUO\Scripts\Misc\ProtocolExtensions.cs" to "C:\RunUO\RunUO\Distribution\Debug\net8.0\Scripts\Misc\ProtocolExtensions.cs".
         Copying file from "C:\RunUO\RunUO\Scripts\Misc\RaceDefinitions.cs" to "C:\RunUO\RunUO\Distribution\Debug\net8.0\Scripts\Misc\RaceDefinitions.cs".
         Copying file from "C:\RunUO\RunUO\Scripts\Misc\RegenRates.cs" to "C:\RunUO\RunUO\Distribution\Debug\net8.0\Scripts\Misc\RegenRates.cs".
         Copying file from "C:\RunUO\RunUO\Scripts\Misc\RenameRequests.cs" to "C:\RunUO\RunUO\Distribution\Debug\net8.0\Scripts\Misc\RenameRequests.cs".
         Copying file from "C:\RunUO\RunUO\Scripts\Misc\ResourceInfo.cs" to "C:\RunUO\RunUO\Distribution\Debug\net8.0\Scripts\Misc\ResourceInfo.cs".
         Copying file from "C:\RunUO\RunUO\Scripts\Misc\ServerList.cs" to "C:\RunUO\RunUO\Distribution\Debug\net8.0\Scripts\Misc\ServerList.cs".
         Copying file from "C:\RunUO\RunUO\Scripts\Misc\ShardPoller.cs" to "C:\RunUO\RunUO\Distribution\Debug\net8.0\Scripts\Misc\ShardPoller.cs".
         Copying file from "C:\RunUO\RunUO\Scripts\Misc\ShrinkTable.cs" to "C:\RunUO\RunUO\Distribution\Debug\net8.0\Scripts\Misc\ShrinkTable.cs".
         Copying file from "C:\RunUO\RunUO\Scripts\Misc\SkillCheck.cs" to "C:\RunUO\RunUO\Distribution\Debug\net8.0\Scripts\Misc\SkillCheck.cs".
         Copying file from "C:\RunUO\RunUO\Scripts\Misc\SocketOptions.cs" to "C:\RunUO\RunUO\Distribution\Debug\net8.0\Scripts\Misc\SocketOptions.cs".
         Copying file from "C:\RunUO\RunUO\Scripts\Misc\TextDefinition.cs" to "C:\RunUO\RunUO\Distribution\Debug\net8.0\Scripts\Misc\TextDefinition.cs".
         Copying file from "C:\RunUO\RunUO\Scripts\Misc\Titles.cs" to "C:\RunUO\RunUO\Distribution\Debug\net8.0\Scripts\Misc\Titles.cs".
         Copying file from "C:\RunUO\RunUO\Scripts\Misc\ToggleItem.cs" to "C:\RunUO\RunUO\Distribution\Debug\net8.0\Scripts\Misc\ToggleItem.cs".
         Copying file from "C:\RunUO\RunUO\Scripts\Misc\TreasureMapProtection.cs" to "C:\RunUO\RunUO\Distribution\Debug\net8.0\Scripts\Misc\TreasureMapProtection.cs".
         Copying file from "C:\RunUO\RunUO\Scripts\Misc\uoamVendors.cs" to "C:\RunUO\RunUO\Distribution\Debug\net8.0\Scripts\Misc\uoamVendors.cs".
         Copying file from "C:\RunUO\RunUO\Scripts\Misc\ValidationQueue.cs" to "C:\RunUO\RunUO\Distribution\Debug\net8.0\Scripts\Misc\ValidationQueue.cs".
         Copying file from "C:\RunUO\RunUO\Scripts\Misc\VendorGenerator.cs" to "C:\RunUO\RunUO\Distribution\Debug\net8.0\Scripts\Misc\VendorGenerator.cs".
         Copying file from "C:\RunUO\RunUO\Scripts\Misc\Weather.cs" to "C:\RunUO\RunUO\Distribution\Debug\net8.0\Scripts\Misc\Weather.cs".
         Copying file from "C:\RunUO\RunUO\Scripts\Misc\WebStatus.cs" to "C:\RunUO\RunUO\Distribution\Debug\net8.0\Scripts\Misc\WebStatus.cs".
         Copying file from "C:\RunUO\RunUO\Scripts\Misc\WelcomeTimer.cs" to "C:\RunUO\RunUO\Distribution\Debug\net8.0\Scripts\Misc\WelcomeTimer.cs".
         Copying file from "C:\RunUO\RunUO\Scripts\Misc\WeightOverloading.cs" to "C:\RunUO\RunUO\Distribution\Debug\net8.0\Scripts\Misc\WeightOverloading.cs".
         Copying file from "C:\RunUO\RunUO\Scripts\Mobiles\AI\AIControlMobileTarget.cs" to "C:\RunUO\RunUO\Distribution\Debug\net8.0\Scripts\Mobiles\AI\AIControlMobileTarget.cs".
         Copying file from "C:\RunUO\RunUO\Scripts\Mobiles\AI\AnimalAI.cs" to "C:\RunUO\RunUO\Distribution\Debug\net8.0\Scripts\Mobiles\AI\AnimalAI.cs".
         Copying file from "C:\RunUO\RunUO\Scripts\Mobiles\AI\ArcherAI.cs" to "C:\RunUO\RunUO\Distribution\Debug\net8.0\Scripts\Mobiles\AI\ArcherAI.cs".
         Copying file from "C:\RunUO\RunUO\Scripts\Mobiles\AI\BaseAI.cs" to "C:\RunUO\RunUO\Distribution\Debug\net8.0\Scripts\Mobiles\AI\BaseAI.cs".
         Copying file from "C:\RunUO\RunUO\Scripts\Mobiles\AI\BerserkAI.cs" to "C:\RunUO\RunUO\Distribution\Debug\net8.0\Scripts\Mobiles\AI\BerserkAI.cs".
         Copying file from "C:\RunUO\RunUO\Scripts\Mobiles\AI\HealerAI.cs" to "C:\RunUO\RunUO\Distribution\Debug\net8.0\Scripts\Mobiles\AI\HealerAI.cs".
         Copying file from "C:\RunUO\RunUO\Scripts\Mobiles\AI\MageAI.cs" to "C:\RunUO\RunUO\Distribution\Debug\net8.0\Scripts\Mobiles\AI\MageAI.cs".
         Copying file from "C:\RunUO\RunUO\Scripts\Mobiles\AI\MeleeAI.cs" to "C:\RunUO\RunUO\Distribution\Debug\net8.0\Scripts\Mobiles\AI\MeleeAI.cs".
         Copying file from "C:\RunUO\RunUO\Scripts\Mobiles\AI\OppositionGroup.cs" to "C:\RunUO\RunUO\Distribution\Debug\net8.0\Scripts\Mobiles\AI\OppositionGroup.cs".
         Copying file from "C:\RunUO\RunUO\Scripts\Mobiles\AI\PredatorAI.cs" to "C:\RunUO\RunUO\Distribution\Debug\net8.0\Scripts\Mobiles\AI\PredatorAI.cs".
         Copying file from "C:\RunUO\RunUO\Scripts\Mobiles\AI\SpeedInfo.cs" to "C:\RunUO\RunUO\Distribution\Debug\net8.0\Scripts\Mobiles\AI\SpeedInfo.cs".
         Copying file from "C:\RunUO\RunUO\Scripts\Mobiles\AI\VendorAI.cs" to "C:\RunUO\RunUO\Distribution\Debug\net8.0\Scripts\Mobiles\AI\VendorAI.cs".
         Copying file from "C:\RunUO\RunUO\Scripts\Mobiles\AI\ThiefAI.cs" to "C:\RunUO\RunUO\Distribution\Debug\net8.0\Scripts\Mobiles\AI\ThiefAI.cs".
         Copying file from "C:\RunUO\RunUO\Scripts\Mobiles\Animals\Bears\BlackBear.cs" to "C:\RunUO\RunUO\Distribution\Debug\net8.0\Scripts\Mobiles\Animals\Bears\BlackBear.cs".
         Copying file from "C:\RunUO\RunUO\Scripts\Mobiles\Animals\Bears\BrownBear.cs" to "C:\RunUO\RunUO\Distribution\Debug\net8.0\Scripts\Mobiles\Animals\Bears\BrownBear.cs".
         Copying file from "C:\RunUO\RunUO\Scripts\Mobiles\Animals\Bears\GrizzlyBear.cs" to "C:\RunUO\RunUO\Distribution\Debug\net8.0\Scripts\Mobiles\Animals\Bears\GrizzlyBear.cs".
         Copying file from "C:\RunUO\RunUO\Scripts\Mobiles\Animals\Bears\PolarBear.cs" to "C:\RunUO\RunUO\Distribution\Debug\net8.0\Scripts\Mobiles\Animals\Bears\PolarBear.cs".
         Copying file from "C:\RunUO\RunUO\Scripts\Mobiles\Animals\Birds\Chicken.cs" to "C:\RunUO\RunUO\Distribution\Debug\net8.0\Scripts\Mobiles\Animals\Birds\Chicken.cs".
         Copying file from "C:\RunUO\RunUO\Scripts\Mobiles\Animals\Birds\Crane.cs" to "C:\RunUO\RunUO\Distribution\Debug\net8.0\Scripts\Mobiles\Animals\Birds\Crane.cs".
         Copying file from "C:\RunUO\RunUO\Scripts\Mobiles\Animals\Birds\Eagle.cs" to "C:\RunUO\RunUO\Distribution\Debug\net8.0\Scripts\Mobiles\Animals\Birds\Eagle.cs".
         Copying file from "C:\RunUO\RunUO\Scripts\Mobiles\Animals\Birds\Phoenix.cs" to "C:\RunUO\RunUO\Distribution\Debug\net8.0\Scripts\Mobiles\Animals\Birds\Phoenix.cs".
         Copying file from "C:\RunUO\RunUO\Scripts\Mobiles\Animals\Canines\GreyWolf.cs" to "C:\RunUO\RunUO\Distribution\Debug\net8.0\Scripts\Mobiles\Animals\Canines\GreyWolf.cs".
         Copying file from "C:\RunUO\RunUO\Scripts\Mobiles\Animals\Canines\DireWolf.cs" to "C:\RunUO\RunUO\Distribution\Debug\net8.0\Scripts\Mobiles\Animals\Canines\DireWolf.cs".
         Copying file from "C:\RunUO\RunUO\Scripts\Mobiles\Animals\Canines\TimberWolf.cs" to "C:\RunUO\RunUO\Distribution\Debug\net8.0\Scripts\Mobiles\Animals\Canines\TimberWolf.cs".
         Copying file from "C:\RunUO\RunUO\Scripts\Mobiles\Animals\Canines\WhiteWolf.cs" to "C:\RunUO\RunUO\Distribution\Debug\net8.0\Scripts\Mobiles\Animals\Canines\WhiteWolf.cs".
         Copying file from "C:\RunUO\RunUO\Scripts\Mobiles\Animals\Cows\Bull.cs" to "C:\RunUO\RunUO\Distribution\Debug\net8.0\Scripts\Mobiles\Animals\Cows\Bull.cs".
         Copying file from "C:\RunUO\RunUO\Scripts\Mobiles\Animals\Cows\Cow.cs" to "C:\RunUO\RunUO\Distribution\Debug\net8.0\Scripts\Mobiles\Animals\Cows\Cow.cs".
         Copying file from "C:\RunUO\RunUO\Scripts\Mobiles\Animals\Felines\Cougar.cs" to "C:\RunUO\RunUO\Distribution\Debug\net8.0\Scripts\Mobiles\Animals\Felines\Cougar.cs".
         Copying file from "C:\RunUO\RunUO\Scripts\Mobiles\Animals\Felines\HellCat.cs" to "C:\RunUO\RunUO\Distribution\Debug\net8.0\Scripts\Mobiles\Animals\Felines\HellCat.cs".
         Copying file from "C:\RunUO\RunUO\Scripts\Mobiles\Animals\Felines\Panther.cs" to "C:\RunUO\RunUO\Distribution\Debug\net8.0\Scripts\Mobiles\Animals\Felines\Panther.cs".
         Copying file from "C:\RunUO\RunUO\Scripts\Mobiles\Animals\Felines\PredatorHellCat.cs" to "C:\RunUO\RunUO\Distribution\Debug\net8.0\Scripts\Mobiles\Animals\Felines\PredatorHellCat.cs".
         Copying file from "C:\RunUO\RunUO\Scripts\Mobiles\Animals\Felines\SnowLeopard.cs" to "C:\RunUO\RunUO\Distribution\Debug\net8.0\Scripts\Mobiles\Animals\Felines\SnowLeopard.cs".
         Copying file from "C:\RunUO\RunUO\Scripts\Mobiles\Animals\Misc\Boar.cs" to "C:\RunUO\RunUO\Distribution\Debug\net8.0\Scripts\Mobiles\Animals\Misc\Boar.cs".
         Copying file from "C:\RunUO\RunUO\Scripts\Mobiles\Animals\Misc\BullFrog.cs" to "C:\RunUO\RunUO\Distribution\Debug\net8.0\Scripts\Mobiles\Animals\Misc\BullFrog.cs".
         Copying file from "C:\RunUO\RunUO\Scripts\Mobiles\Animals\Misc\Dolphin.cs" to "C:\RunUO\RunUO\Distribution\Debug\net8.0\Scripts\Mobiles\Animals\Misc\Dolphin.cs".
         Copying file from "C:\RunUO\RunUO\Scripts\Mobiles\Animals\Misc\Gaman.cs" to "C:\RunUO\RunUO\Distribution\Debug\net8.0\Scripts\Mobiles\Animals\Misc\Gaman.cs".
         Copying file from "C:\RunUO\RunUO\Scripts\Mobiles\Animals\Misc\GiantToad.cs" to "C:\RunUO\RunUO\Distribution\Debug\net8.0\Scripts\Mobiles\Animals\Misc\GiantToad.cs".
         Copying file from "C:\RunUO\RunUO\Scripts\Mobiles\Animals\Misc\Goat.cs" to "C:\RunUO\RunUO\Distribution\Debug\net8.0\Scripts\Mobiles\Animals\Misc\Goat.cs".
         Copying file from "C:\RunUO\RunUO\Scripts\Mobiles\Animals\Misc\Gorilla.cs" to "C:\RunUO\RunUO\Distribution\Debug\net8.0\Scripts\Mobiles\Animals\Misc\Gorilla.cs".
         Copying file from "C:\RunUO\RunUO\Scripts\Mobiles\Animals\Misc\GreatHart.cs" to "C:\RunUO\RunUO\Distribution\Debug\net8.0\Scripts\Mobiles\Animals\Misc\GreatHart.cs".
         Copying file from "C:\RunUO\RunUO\Scripts\Mobiles\Animals\Misc\Hind.cs" to "C:\RunUO\RunUO\Distribution\Debug\net8.0\Scripts\Mobiles\Animals\Misc\Hind.cs".
         Copying file from "C:\RunUO\RunUO\Scripts\Mobiles\Animals\Misc\Llama.cs" to "C:\RunUO\RunUO\Distribution\Debug\net8.0\Scripts\Mobiles\Animals\Misc\Llama.cs".
         Copying file from "C:\RunUO\RunUO\Scripts\Mobiles\Animals\Misc\MountainGoat.cs" to "C:\RunUO\RunUO\Distribution\Debug\net8.0\Scripts\Mobiles\Animals\Misc\MountainGoat.cs".
         Copying file from "C:\RunUO\RunUO\Scripts\Mobiles\Animals\Misc\PackHorse.cs" to "C:\RunUO\RunUO\Distribution\Debug\net8.0\Scripts\Mobiles\Animals\Misc\PackHorse.cs".
         Copying file from "C:\RunUO\RunUO\Scripts\Mobiles\Animals\Misc\PackLlama.cs" to "C:\RunUO\RunUO\Distribution\Debug\net8.0\Scripts\Mobiles\Animals\Misc\PackLlama.cs".
         Copying file from "C:\RunUO\RunUO\Scripts\Mobiles\Animals\Misc\Pig.cs" to "C:\RunUO\RunUO\Distribution\Debug\net8.0\Scripts\Mobiles\Animals\Misc\Pig.cs".
         Copying file from "C:\RunUO\RunUO\Scripts\Mobiles\Animals\Misc\Sheep.cs" to "C:\RunUO\RunUO\Distribution\Debug\net8.0\Scripts\Mobiles\Animals\Misc\Sheep.cs".
         Copying file from "C:\RunUO\RunUO\Scripts\Mobiles\Animals\Misc\Walrus.cs" to "C:\RunUO\RunUO\Distribution\Debug\net8.0\Scripts\Mobiles\Animals\Misc\Walrus.cs".
         Copying file from "C:\RunUO\RunUO\Scripts\Mobiles\Animals\Mounts\BaseMount.cs" to "C:\RunUO\RunUO\Distribution\Debug\net8.0\Scripts\Mobiles\Animals\Mounts\BaseMount.cs".
         Copying file from "C:\RunUO\RunUO\Scripts\Mobiles\Animals\Mounts\Beetle.cs" to "C:\RunUO\RunUO\Distribution\Debug\net8.0\Scripts\Mobiles\Animals\Mounts\Beetle.cs".
         Copying file from "C:\RunUO\RunUO\Scripts\Mobiles\Animals\Mounts\DesertOstard.cs" to "C:\RunUO\RunUO\Distribution\Debug\net8.0\Scripts\Mobiles\Animals\Mounts\DesertOstard.cs".
         Copying file from "C:\RunUO\RunUO\Scripts\Mobiles\Animals\Mounts\Ethereals.cs" to "C:\RunUO\RunUO\Distribution\Debug\net8.0\Scripts\Mobiles\Animals\Mounts\Ethereals.cs".
         Copying file from "C:\RunUO\RunUO\Scripts\Mobiles\Animals\Mounts\FireSteed.cs" to "C:\RunUO\RunUO\Distribution\Debug\net8.0\Scripts\Mobiles\Animals\Mounts\FireSteed.cs".
         Copying file from "C:\RunUO\RunUO\Scripts\Mobiles\Animals\Mounts\ForestOstard.cs" to "C:\RunUO\RunUO\Distribution\Debug\net8.0\Scripts\Mobiles\Animals\Mounts\ForestOstard.cs".
         Copying file from "C:\RunUO\RunUO\Scripts\Mobiles\Animals\Mounts\FrenziedOstard.cs" to "C:\RunUO\RunUO\Distribution\Debug\net8.0\Scripts\Mobiles\Animals\Mounts\FrenziedOstard.cs".
         Copying file from "C:\RunUO\RunUO\Scripts\Mobiles\Animals\Mounts\HellSteed.cs" to "C:\RunUO\RunUO\Distribution\Debug\net8.0\Scripts\Mobiles\Animals\Mounts\HellSteed.cs".
         Copying file from "C:\RunUO\RunUO\Scripts\Mobiles\Animals\Mounts\Hiryu.cs" to "C:\RunUO\RunUO\Distribution\Debug\net8.0\Scripts\Mobiles\Animals\Mounts\Hiryu.cs".
         Copying file from "C:\RunUO\RunUO\Scripts\Mobiles\Animals\Mounts\Horse.cs" to "C:\RunUO\RunUO\Distribution\Debug\net8.0\Scripts\Mobiles\Animals\Mounts\Horse.cs".
         Copying file from "C:\RunUO\RunUO\Scripts\Mobiles\Animals\Mounts\Kirin.cs" to "C:\RunUO\RunUO\Distribution\Debug\net8.0\Scripts\Mobiles\Animals\Mounts\Kirin.cs".
         Copying file from "C:\RunUO\RunUO\Scripts\Mobiles\Animals\Mounts\LesserHiryu.cs" to "C:\RunUO\RunUO\Distribution\Debug\net8.0\Scripts\Mobiles\Animals\Mounts\LesserHiryu.cs".
         Copying file from "C:\RunUO\RunUO\Scripts\Mobiles\Animals\Mounts\Nightmare.cs" to "C:\RunUO\RunUO\Distribution\Debug\net8.0\Scripts\Mobiles\Animals\Mounts\Nightmare.cs".
         Copying file from "C:\RunUO\RunUO\Scripts\Mobiles\Animals\Mounts\RidableLlama.cs" to "C:\RunUO\RunUO\Distribution\Debug\net8.0\Scripts\Mobiles\Animals\Mounts\RidableLlama.cs".
         Copying file from "C:\RunUO\RunUO\Scripts\Mobiles\Animals\Mounts\Ridgeback.cs" to "C:\RunUO\RunUO\Distribution\Debug\net8.0\Scripts\Mobiles\Animals\Mounts\Ridgeback.cs".
         Copying file from "C:\RunUO\RunUO\Scripts\Mobiles\Animals\Mounts\SavageRidgeback.cs" to "C:\RunUO\RunUO\Distribution\Debug\net8.0\Scripts\Mobiles\Animals\Mounts\SavageRidgeback.cs".
         Copying file from "C:\RunUO\RunUO\Scripts\Mobiles\Animals\Mounts\ScaledSwampDragon.cs" to "C:\RunUO\RunUO\Distribution\Debug\net8.0\Scripts\Mobiles\Animals\Mounts\ScaledSwampDragon.cs".
         Copying file from "C:\RunUO\RunUO\Scripts\Mobiles\Animals\Mounts\SeaHorse.cs" to "C:\RunUO\RunUO\Distribution\Debug\net8.0\Scripts\Mobiles\Animals\Mounts\SeaHorse.cs".
         Copying file from "C:\RunUO\RunUO\Scripts\Mobiles\Animals\Mounts\SilverSteed.cs" to "C:\RunUO\RunUO\Distribution\Debug\net8.0\Scripts\Mobiles\Animals\Mounts\SilverSteed.cs".
         Copying file from "C:\RunUO\RunUO\Scripts\Mobiles\Animals\Mounts\SkeletalMount.cs" to "C:\RunUO\RunUO\Distribution\Debug\net8.0\Scripts\Mobiles\Animals\Mounts\SkeletalMount.cs".
         Copying file from "C:\RunUO\RunUO\Scripts\Mobiles\Animals\Mounts\SwampDragon.cs" to "C:\RunUO\RunUO\Distribution\Debug\net8.0\Scripts\Mobiles\Animals\Mounts\SwampDragon.cs".
         Copying file from "C:\RunUO\RunUO\Scripts\Mobiles\Animals\Mounts\Unicorn.cs" to "C:\RunUO\RunUO\Distribution\Debug\net8.0\Scripts\Mobiles\Animals\Mounts\Unicorn.cs".
         Copying file from "C:\RunUO\RunUO\Scripts\Mobiles\Animals\Mounts\War Horses\BaseWarHorse.cs" to "C:\RunUO\RunUO\Distribution\Debug\net8.0\Scripts\Mobiles\Animals\Mounts\War Horses\BaseWarHorse.cs".
         Copying file from "C:\RunUO\RunUO\Scripts\Mobiles\Animals\Mounts\War Horses\CoMWarHorse.cs" to "C:\RunUO\RunUO\Distribution\Debug\net8.0\Scripts\Mobiles\Animals\Mounts\War Horses\CoMWarHorse.cs".
         Copying file from "C:\RunUO\RunUO\Scripts\Mobiles\Animals\Mounts\War Horses\MinaxWarHorse.cs" to "C:\RunUO\RunUO\Distribution\Debug\net8.0\Scripts\Mobiles\Animals\Mounts\War Horses\MinaxWarHorse.cs".
         Copying file from "C:\RunUO\RunUO\Scripts\Mobiles\Animals\Mounts\War Horses\SLWarHorse.cs" to "C:\RunUO\RunUO\Distribution\Debug\net8.0\Scripts\Mobiles\Animals\Mounts\War Horses\SLWarHorse.cs".
         Copying file from "C:\RunUO\RunUO\Scripts\Mobiles\Animals\Reptiles\Alligator.cs" to "C:\RunUO\RunUO\Distribution\Debug\net8.0\Scripts\Mobiles\Animals\Reptiles\Alligator.cs".
         Copying file from "C:\RunUO\RunUO\Scripts\Mobiles\Animals\Mounts\War Horses\TBWarHorse.cs" to "C:\RunUO\RunUO\Distribution\Debug\net8.0\Scripts\Mobiles\Animals\Mounts\War Horses\TBWarHorse.cs".
         Copying file from "C:\RunUO\RunUO\Scripts\Mobiles\Animals\Reptiles\GiantSerpent.cs" to "C:\RunUO\RunUO\Distribution\Debug\net8.0\Scripts\Mobiles\Animals\Reptiles\GiantSerpent.cs".
         Copying file from "C:\RunUO\RunUO\Scripts\Mobiles\Animals\Reptiles\IceSerpent.cs" to "C:\RunUO\RunUO\Distribution\Debug\net8.0\Scripts\Mobiles\Animals\Reptiles\IceSerpent.cs".
         Copying file from "C:\RunUO\RunUO\Scripts\Mobiles\Animals\Reptiles\IceSnake.cs" to "C:\RunUO\RunUO\Distribution\Debug\net8.0\Scripts\Mobiles\Animals\Reptiles\IceSnake.cs".
         Copying file from "C:\RunUO\RunUO\Scripts\Mobiles\Animals\Reptiles\LavaLizard.cs" to "C:\RunUO\RunUO\Distribution\Debug\net8.0\Scripts\Mobiles\Animals\Reptiles\LavaLizard.cs".
         Copying file from "C:\RunUO\RunUO\Scripts\Mobiles\Animals\Reptiles\LavaSerpent.cs" to "C:\RunUO\RunUO\Distribution\Debug\net8.0\Scripts\Mobiles\Animals\Reptiles\LavaSerpent.cs".
         Copying file from "C:\RunUO\RunUO\Scripts\Mobiles\Animals\Reptiles\LavaSnake.cs" to "C:\RunUO\RunUO\Distribution\Debug\net8.0\Scripts\Mobiles\Animals\Reptiles\LavaSnake.cs".
         Copying file from "C:\RunUO\RunUO\Scripts\Mobiles\Animals\Reptiles\SilverSerpent.cs" to "C:\RunUO\RunUO\Distribution\Debug\net8.0\Scripts\Mobiles\Animals\Reptiles\SilverSerpent.cs".
         Copying file from "C:\RunUO\RunUO\Scripts\Mobiles\Animals\Reptiles\Snake.cs" to "C:\RunUO\RunUO\Distribution\Debug\net8.0\Scripts\Mobiles\Animals\Reptiles\Snake.cs".
         Copying file from "C:\RunUO\RunUO\Scripts\Mobiles\Animals\Rodents\GiantRat.cs" to "C:\RunUO\RunUO\Distribution\Debug\net8.0\Scripts\Mobiles\Animals\Rodents\GiantRat.cs".
         Copying file from "C:\RunUO\RunUO\Scripts\Mobiles\Animals\Rodents\JackRabbit.cs" to "C:\RunUO\RunUO\Distribution\Debug\net8.0\Scripts\Mobiles\Animals\Rodents\JackRabbit.cs".
         Copying file from "C:\RunUO\RunUO\Scripts\Mobiles\Animals\Rodents\Rabbit.cs" to "C:\RunUO\RunUO\Distribution\Debug\net8.0\Scripts\Mobiles\Animals\Rodents\Rabbit.cs".
         Copying file from "C:\RunUO\RunUO\Scripts\Mobiles\Animals\Rodents\SewerRat.cs" to "C:\RunUO\RunUO\Distribution\Debug\net8.0\Scripts\Mobiles\Animals\Rodents\SewerRat.cs".
         Copying file from "C:\RunUO\RunUO\Scripts\Mobiles\Animals\Slimes\Jwilson.cs" to "C:\RunUO\RunUO\Distribution\Debug\net8.0\Scripts\Mobiles\Animals\Slimes\Jwilson.cs".
         Copying file from "C:\RunUO\RunUO\Scripts\Mobiles\Animals\Town Critters\(UO 3D Only) Parrot.cs" to "C:\RunUO\RunUO\Distribution\Debug\net8.0\Scripts\Mobiles\Animals\Town Critters\(UO 3D Only) Parrot.cs".
         Copying file from "C:\RunUO\RunUO\Scripts\Mobiles\Animals\Town Critters\Bird.cs" to "C:\RunUO\RunUO\Distribution\Debug\net8.0\Scripts\Mobiles\Animals\Town Critters\Bird.cs".
         Copying file from "C:\RunUO\RunUO\Scripts\Mobiles\Animals\Town Critters\Cat.cs" to "C:\RunUO\RunUO\Distribution\Debug\net8.0\Scripts\Mobiles\Animals\Town Critters\Cat.cs".
         Copying file from "C:\RunUO\RunUO\Scripts\Mobiles\Animals\Town Critters\Dog.cs" to "C:\RunUO\RunUO\Distribution\Debug\net8.0\Scripts\Mobiles\Animals\Town Critters\Dog.cs".
         Copying file from "C:\RunUO\RunUO\Scripts\Mobiles\Animals\Town Critters\Rat.cs" to "C:\RunUO\RunUO\Distribution\Debug\net8.0\Scripts\Mobiles\Animals\Town Critters\Rat.cs".
         Copying file from "C:\RunUO\RunUO\Scripts\Mobiles\BaseCreature.cs" to "C:\RunUO\RunUO\Distribution\Debug\net8.0\Scripts\Mobiles\BaseCreature.cs".
         Copying file from "C:\RunUO\RunUO\Scripts\Mobiles\Familiars\BaseFamiliar.cs" to "C:\RunUO\RunUO\Distribution\Debug\net8.0\Scripts\Mobiles\Familiars\BaseFamiliar.cs".
         Copying file from "C:\RunUO\RunUO\Scripts\Mobiles\Familiars\DarkWolf.cs" to "C:\RunUO\RunUO\Distribution\Debug\net8.0\Scripts\Mobiles\Familiars\DarkWolf.cs".
         Copying file from "C:\RunUO\RunUO\Scripts\Mobiles\Familiars\DeathAdder.cs" to "C:\RunUO\RunUO\Distribution\Debug\net8.0\Scripts\Mobiles\Familiars\DeathAdder.cs".
         Copying file from "C:\RunUO\RunUO\Scripts\Mobiles\Familiars\HordeMinion.cs" to "C:\RunUO\RunUO\Distribution\Debug\net8.0\Scripts\Mobiles\Familiars\HordeMinion.cs".
         Copying file from "C:\RunUO\RunUO\Scripts\Mobiles\Familiars\ShadowWisp.cs" to "C:\RunUO\RunUO\Distribution\Debug\net8.0\Scripts\Mobiles\Familiars\ShadowWisp.cs".
         Copying file from "C:\RunUO\RunUO\Scripts\Mobiles\Familiars\VampireBat.cs" to "C:\RunUO\RunUO\Distribution\Debug\net8.0\Scripts\Mobiles\Familiars\VampireBat.cs".
         Copying file from "C:\RunUO\RunUO\Scripts\Mobiles\Guards\ArcherGuard.cs" to "C:\RunUO\RunUO\Distribution\Debug\net8.0\Scripts\Mobiles\Guards\ArcherGuard.cs".
         Copying file from "C:\RunUO\RunUO\Scripts\Mobiles\Guards\BaseGuard.cs" to "C:\RunUO\RunUO\Distribution\Debug\net8.0\Scripts\Mobiles\Guards\BaseGuard.cs".
         Copying file from "C:\RunUO\RunUO\Scripts\Mobiles\Guards\WarriorGuard.cs" to "C:\RunUO\RunUO\Distribution\Debug\net8.0\Scripts\Mobiles\Guards\WarriorGuard.cs".
         Copying file from "C:\RunUO\RunUO\Scripts\Mobiles\Healers\BaseHealer.cs" to "C:\RunUO\RunUO\Distribution\Debug\net8.0\Scripts\Mobiles\Healers\BaseHealer.cs".
         Copying file from "C:\RunUO\RunUO\Scripts\Mobiles\Healers\EvilHealer.cs" to "C:\RunUO\RunUO\Distribution\Debug\net8.0\Scripts\Mobiles\Healers\EvilHealer.cs".
         Copying file from "C:\RunUO\RunUO\Scripts\Mobiles\Healers\EvilWanderingHealer.cs" to "C:\RunUO\RunUO\Distribution\Debug\net8.0\Scripts\Mobiles\Healers\EvilWanderingHealer.cs".
         Copying file from "C:\RunUO\RunUO\Scripts\Mobiles\Healers\FortuneTeller.cs" to "C:\RunUO\RunUO\Distribution\Debug\net8.0\Scripts\Mobiles\Healers\FortuneTeller.cs".
         Copying file from "C:\RunUO\RunUO\Scripts\Mobiles\Healers\Healer.cs" to "C:\RunUO\RunUO\Distribution\Debug\net8.0\Scripts\Mobiles\Healers\Healer.cs".
         Copying file from "C:\RunUO\RunUO\Scripts\Mobiles\Healers\PricedHealer.cs" to "C:\RunUO\RunUO\Distribution\Debug\net8.0\Scripts\Mobiles\Healers\PricedHealer.cs".
         Copying file from "C:\RunUO\RunUO\Scripts\Mobiles\Healers\WanderingHealer.cs" to "C:\RunUO\RunUO\Distribution\Debug\net8.0\Scripts\Mobiles\Healers\WanderingHealer.cs".
         Copying file from "C:\RunUO\RunUO\Scripts\Mobiles\Monsters\Ants\AntLion.cs" to "C:\RunUO\RunUO\Distribution\Debug\net8.0\Scripts\Mobiles\Monsters\Ants\AntLion.cs".
         Copying file from "C:\RunUO\RunUO\Scripts\Mobiles\Monsters\Ants\BlackSolenInfiltratorQueen.cs" to "C:\RunUO\RunUO\Distribution\Debug\net8.0\Scripts\Mobiles\Monsters\Ants\BlackSolenInfiltratorQueen.cs".
         Copying file from "C:\RunUO\RunUO\Scripts\Mobiles\Monsters\Ants\BlackSolenInfiltratorWarrior.cs" to "C:\RunUO\RunUO\Distribution\Debug\net8.0\Scripts\Mobiles\Monsters\Ants\BlackSolenInfiltratorWarrior.cs".
         Copying file from "C:\RunUO\RunUO\Scripts\Mobiles\Monsters\Ants\BlackSolenQueen.cs" to "C:\RunUO\RunUO\Distribution\Debug\net8.0\Scripts\Mobiles\Monsters\Ants\BlackSolenQueen.cs".
         Copying file from "C:\RunUO\RunUO\Scripts\Mobiles\Monsters\Ants\BlackSolenWarrior.cs" to "C:\RunUO\RunUO\Distribution\Debug\net8.0\Scripts\Mobiles\Monsters\Ants\BlackSolenWarrior.cs".
         Copying file from "C:\RunUO\RunUO\Scripts\Mobiles\Monsters\Ants\BlackSolenWorker.cs" to "C:\RunUO\RunUO\Distribution\Debug\net8.0\Scripts\Mobiles\Monsters\Ants\BlackSolenWorker.cs".
         Copying file from "C:\RunUO\RunUO\Scripts\Mobiles\Monsters\Ants\RedSolenInfiltratorQueen.cs" to "C:\RunUO\RunUO\Distribution\Debug\net8.0\Scripts\Mobiles\Monsters\Ants\RedSolenInfiltratorQueen.cs".
         Copying file from "C:\RunUO\RunUO\Scripts\Mobiles\Monsters\Ants\RedSolenInfiltratorWarrior.cs" to "C:\RunUO\RunUO\Distribution\Debug\net8.0\Scripts\Mobiles\Monsters\Ants\RedSolenInfiltratorWarrior.cs".
         Copying file from "C:\RunUO\RunUO\Scripts\Mobiles\Monsters\Ants\RedSolenQueen.cs" to "C:\RunUO\RunUO\Distribution\Debug\net8.0\Scripts\Mobiles\Monsters\Ants\RedSolenQueen.cs".
         Copying file from "C:\RunUO\RunUO\Scripts\Mobiles\Monsters\Ants\RedSolenWarrior.cs" to "C:\RunUO\RunUO\Distribution\Debug\net8.0\Scripts\Mobiles\Monsters\Ants\RedSolenWarrior.cs".
         Copying file from "C:\RunUO\RunUO\Scripts\Mobiles\Monsters\Ants\RedSolenWorker.cs" to "C:\RunUO\RunUO\Distribution\Debug\net8.0\Scripts\Mobiles\Monsters\Ants\RedSolenWorker.cs".
         Copying file from "C:\RunUO\RunUO\Scripts\Mobiles\Monsters\Ants\SolenHelper.cs" to "C:\RunUO\RunUO\Distribution\Debug\net8.0\Scripts\Mobiles\Monsters\Ants\SolenHelper.cs".
         Copying file from "C:\RunUO\RunUO\Scripts\Mobiles\Monsters\AOS\AbysmalHorror.cs" to "C:\RunUO\RunUO\Distribution\Debug\net8.0\Scripts\Mobiles\Monsters\AOS\AbysmalHorror.cs".
         Copying file from "C:\RunUO\RunUO\Scripts\Mobiles\Monsters\AOS\BoneDemon.cs" to "C:\RunUO\RunUO\Distribution\Debug\net8.0\Scripts\Mobiles\Monsters\AOS\BoneDemon.cs".
         Copying file from "C:\RunUO\RunUO\Scripts\Mobiles\Monsters\AOS\DarknightCreeper.cs" to "C:\RunUO\RunUO\Distribution\Debug\net8.0\Scripts\Mobiles\Monsters\AOS\DarknightCreeper.cs".
         Copying file from "C:\RunUO\RunUO\Scripts\Mobiles\Monsters\AOS\CrystalElemental.cs" to "C:\RunUO\RunUO\Distribution\Debug\net8.0\Scripts\Mobiles\Monsters\AOS\CrystalElemental.cs".
         Copying file from "C:\RunUO\RunUO\Scripts\Mobiles\Monsters\AOS\DemonKnight.cs" to "C:\RunUO\RunUO\Distribution\Debug\net8.0\Scripts\Mobiles\Monsters\AOS\DemonKnight.cs".
         Copying file from "C:\RunUO\RunUO\Scripts\Mobiles\Monsters\AOS\Devourer.cs" to "C:\RunUO\RunUO\Distribution\Debug\net8.0\Scripts\Mobiles\Monsters\AOS\Devourer.cs".
         Copying file from "C:\RunUO\RunUO\Scripts\Mobiles\Monsters\AOS\FleshGolem.cs" to "C:\RunUO\RunUO\Distribution\Debug\net8.0\Scripts\Mobiles\Monsters\AOS\FleshGolem.cs".
         Copying file from "C:\RunUO\RunUO\Scripts\Mobiles\Monsters\AOS\FleshRenderer.cs" to "C:\RunUO\RunUO\Distribution\Debug\net8.0\Scripts\Mobiles\Monsters\AOS\FleshRenderer.cs".
         Copying file from "C:\RunUO\RunUO\Scripts\Mobiles\Monsters\AOS\Gibberling.cs" to "C:\RunUO\RunUO\Distribution\Debug\net8.0\Scripts\Mobiles\Monsters\AOS\Gibberling.cs".
         Copying file from "C:\RunUO\RunUO\Scripts\Mobiles\Monsters\AOS\GoreFiend.cs" to "C:\RunUO\RunUO\Distribution\Debug\net8.0\Scripts\Mobiles\Monsters\AOS\GoreFiend.cs".
         Copying file from "C:\RunUO\RunUO\Scripts\Mobiles\Monsters\AOS\Impaler.cs" to "C:\RunUO\RunUO\Distribution\Debug\net8.0\Scripts\Mobiles\Monsters\AOS\Impaler.cs".
         Copying file from "C:\RunUO\RunUO\Scripts\Mobiles\Monsters\AOS\MoundOfMaggots.cs" to "C:\RunUO\RunUO\Distribution\Debug\net8.0\Scripts\Mobiles\Monsters\AOS\MoundOfMaggots.cs".
         Copying file from "C:\RunUO\RunUO\Scripts\Mobiles\Monsters\AOS\PatchworkSkeleton.cs" to "C:\RunUO\RunUO\Distribution\Debug\net8.0\Scripts\Mobiles\Monsters\AOS\PatchworkSkeleton.cs".
         Copying file from "C:\RunUO\RunUO\Scripts\Mobiles\Monsters\AOS\Ravager.cs" to "C:\RunUO\RunUO\Distribution\Debug\net8.0\Scripts\Mobiles\Monsters\AOS\Ravager.cs".
         Copying file from "C:\RunUO\RunUO\Scripts\Mobiles\Monsters\AOS\Revenant.cs" to "C:\RunUO\RunUO\Distribution\Debug\net8.0\Scripts\Mobiles\Monsters\AOS\Revenant.cs".
         Copying file from "C:\RunUO\RunUO\Scripts\Mobiles\Monsters\AOS\ShadowKnight.cs" to "C:\RunUO\RunUO\Distribution\Debug\net8.0\Scripts\Mobiles\Monsters\AOS\ShadowKnight.cs".
         Copying file from "C:\RunUO\RunUO\Scripts\Mobiles\Monsters\AOS\SkitteringHopper.cs" to "C:\RunUO\RunUO\Distribution\Debug\net8.0\Scripts\Mobiles\Monsters\AOS\SkitteringHopper.cs".
         Copying file from "C:\RunUO\RunUO\Scripts\Mobiles\Monsters\AOS\Treefellow.cs" to "C:\RunUO\RunUO\Distribution\Debug\net8.0\Scripts\Mobiles\Monsters\AOS\Treefellow.cs".
         Copying file from "C:\RunUO\RunUO\Scripts\Mobiles\Monsters\AOS\VampireBat.cs" to "C:\RunUO\RunUO\Distribution\Debug\net8.0\Scripts\Mobiles\Monsters\AOS\VampireBat.cs".
         Copying file from "C:\RunUO\RunUO\Scripts\Mobiles\Monsters\AOS\WailingBanshee.cs" to "C:\RunUO\RunUO\Distribution\Debug\net8.0\Scripts\Mobiles\Monsters\AOS\WailingBanshee.cs".
         Copying file from "C:\RunUO\RunUO\Scripts\Mobiles\Monsters\Arachnid\Magic\TerathanAvenger.cs" to "C:\RunUO\RunUO\Distribution\Debug\net8.0\Scripts\Mobiles\Monsters\Arachnid\Magic\TerathanAvenger.cs".
         Copying file from "C:\RunUO\RunUO\Scripts\Mobiles\Monsters\Arachnid\Magic\DreadSpider.cs" to "C:\RunUO\RunUO\Distribution\Debug\net8.0\Scripts\Mobiles\Monsters\Arachnid\Magic\DreadSpider.cs".
         Copying file from "C:\RunUO\RunUO\Scripts\Mobiles\Monsters\AOS\WandererOfTheVoid.cs" to "C:\RunUO\RunUO\Distribution\Debug\net8.0\Scripts\Mobiles\Monsters\AOS\WandererOfTheVoid.cs".
         Copying file from "C:\RunUO\RunUO\Scripts\Mobiles\Monsters\Arachnid\Magic\TerathanMatriarch.cs" to "C:\RunUO\RunUO\Distribution\Debug\net8.0\Scripts\Mobiles\Monsters\Arachnid\Magic\TerathanMatriarch.cs".
         Copying file from "C:\RunUO\RunUO\Scripts\Mobiles\Monsters\Arachnid\Melee\FrostSpider.cs" to "C:\RunUO\RunUO\Distribution\Debug\net8.0\Scripts\Mobiles\Monsters\Arachnid\Melee\FrostSpider.cs".
         Copying file from "C:\RunUO\RunUO\Scripts\Mobiles\Monsters\Arachnid\Melee\GiantBlackWidow.cs" to "C:\RunUO\RunUO\Distribution\Debug\net8.0\Scripts\Mobiles\Monsters\Arachnid\Melee\GiantBlackWidow.cs".
         Copying file from "C:\RunUO\RunUO\Scripts\Mobiles\Monsters\Arachnid\Melee\GiantSpider.cs" to "C:\RunUO\RunUO\Distribution\Debug\net8.0\Scripts\Mobiles\Monsters\Arachnid\Melee\GiantSpider.cs".
         Copying file from "C:\RunUO\RunUO\Scripts\Mobiles\Monsters\Arachnid\Melee\TerathanDrone.cs" to "C:\RunUO\RunUO\Distribution\Debug\net8.0\Scripts\Mobiles\Monsters\Arachnid\Melee\TerathanDrone.cs".
         Copying file from "C:\RunUO\RunUO\Scripts\Mobiles\Monsters\Arachnid\Melee\TerathanWarrior.cs" to "C:\RunUO\RunUO\Distribution\Debug\net8.0\Scripts\Mobiles\Monsters\Arachnid\Melee\TerathanWarrior.cs".
         Copying file from "C:\RunUO\RunUO\Scripts\Mobiles\Monsters\Elemental\Magic\AcidElemental.cs" to "C:\RunUO\RunUO\Distribution\Debug\net8.0\Scripts\Mobiles\Monsters\Elemental\Magic\AcidElemental.cs".
         Copying file from "C:\RunUO\RunUO\Scripts\Mobiles\Monsters\Elemental\Magic\AirElemental.cs" to "C:\RunUO\RunUO\Distribution\Debug\net8.0\Scripts\Mobiles\Monsters\Elemental\Magic\AirElemental.cs".
         Copying file from "C:\RunUO\RunUO\Scripts\Mobiles\Monsters\Elemental\Magic\BloodElemental.cs" to "C:\RunUO\RunUO\Distribution\Debug\net8.0\Scripts\Mobiles\Monsters\Elemental\Magic\BloodElemental.cs".
         Copying file from "C:\RunUO\RunUO\Scripts\Mobiles\Monsters\Elemental\Magic\Efreet.cs" to "C:\RunUO\RunUO\Distribution\Debug\net8.0\Scripts\Mobiles\Monsters\Elemental\Magic\Efreet.cs".
         Copying file from "C:\RunUO\RunUO\Scripts\Mobiles\Monsters\Elemental\Magic\IceElemental.cs" to "C:\RunUO\RunUO\Distribution\Debug\net8.0\Scripts\Mobiles\Monsters\Elemental\Magic\IceElemental.cs".
         Copying file from "C:\RunUO\RunUO\Scripts\Mobiles\Monsters\Elemental\Magic\FireElemental.cs" to "C:\RunUO\RunUO\Distribution\Debug\net8.0\Scripts\Mobiles\Monsters\Elemental\Magic\FireElemental.cs".
         Copying file from "C:\RunUO\RunUO\Scripts\Mobiles\Monsters\Elemental\Magic\PoisonElemental.cs" to "C:\RunUO\RunUO\Distribution\Debug\net8.0\Scripts\Mobiles\Monsters\Elemental\Magic\PoisonElemental.cs".
         Copying file from "C:\RunUO\RunUO\Scripts\Mobiles\Monsters\Elemental\Magic\WaterElemental.cs" to "C:\RunUO\RunUO\Distribution\Debug\net8.0\Scripts\Mobiles\Monsters\Elemental\Magic\WaterElemental.cs".
         Copying file from "C:\RunUO\RunUO\Scripts\Mobiles\Monsters\Elemental\Melee\EarthElemental.cs" to "C:\RunUO\RunUO\Distribution\Debug\net8.0\Scripts\Mobiles\Monsters\Elemental\Melee\EarthElemental.cs".
         Copying file from "C:\RunUO\RunUO\Scripts\Mobiles\Monsters\Elemental\Melee\SnowElemental.cs" to "C:\RunUO\RunUO\Distribution\Debug\net8.0\Scripts\Mobiles\Monsters\Elemental\Melee\SnowElemental.cs".
         Copying file from "C:\RunUO\RunUO\Scripts\Mobiles\Monsters\Humanoid\Magic\AncientLich.cs" to "C:\RunUO\RunUO\Distribution\Debug\net8.0\Scripts\Mobiles\Monsters\Humanoid\Magic\AncientLich.cs".
         Copying file from "C:\RunUO\RunUO\Scripts\Mobiles\Monsters\Humanoid\Magic\ArcaneDaemon.cs" to "C:\RunUO\RunUO\Distribution\Debug\net8.0\Scripts\Mobiles\Monsters\Humanoid\Magic\ArcaneDaemon.cs".
         Copying file from "C:\RunUO\RunUO\Scripts\Mobiles\Monsters\Humanoid\Magic\Balron.cs" to "C:\RunUO\RunUO\Distribution\Debug\net8.0\Scripts\Mobiles\Monsters\Humanoid\Magic\Balron.cs".
         Copying file from "C:\RunUO\RunUO\Scripts\Mobiles\Monsters\Humanoid\Magic\Betrayer.cs" to "C:\RunUO\RunUO\Distribution\Debug\net8.0\Scripts\Mobiles\Monsters\Humanoid\Magic\Betrayer.cs".
         Copying file from "C:\RunUO\RunUO\Scripts\Mobiles\Monsters\Humanoid\Magic\BoneMagi.cs" to "C:\RunUO\RunUO\Distribution\Debug\net8.0\Scripts\Mobiles\Monsters\Humanoid\Magic\BoneMagi.cs".
         Copying file from "C:\RunUO\RunUO\Scripts\Mobiles\Monsters\Humanoid\Magic\Bogle.cs" to "C:\RunUO\RunUO\Distribution\Debug\net8.0\Scripts\Mobiles\Monsters\Humanoid\Magic\Bogle.cs".
         Copying file from "C:\RunUO\RunUO\Scripts\Mobiles\Monsters\Humanoid\Magic\Daemon.cs" to "C:\RunUO\RunUO\Distribution\Debug\net8.0\Scripts\Mobiles\Monsters\Humanoid\Magic\Daemon.cs".
         Copying file from "C:\RunUO\RunUO\Scripts\Mobiles\Monsters\Humanoid\Magic\ElderGazer.cs" to "C:\RunUO\RunUO\Distribution\Debug\net8.0\Scripts\Mobiles\Monsters\Humanoid\Magic\ElderGazer.cs".
         Copying file from "C:\RunUO\RunUO\Scripts\Mobiles\Monsters\Humanoid\Magic\EvilMage.cs" to "C:\RunUO\RunUO\Distribution\Debug\net8.0\Scripts\Mobiles\Monsters\Humanoid\Magic\EvilMage.cs".
         Copying file from "C:\RunUO\RunUO\Scripts\Mobiles\Monsters\Humanoid\Magic\EvilMageLord.cs" to "C:\RunUO\RunUO\Distribution\Debug\net8.0\Scripts\Mobiles\Monsters\Humanoid\Magic\EvilMageLord.cs".
         Copying file from "C:\RunUO\RunUO\Scripts\Mobiles\Monsters\Humanoid\Magic\FireGargoyle.cs" to "C:\RunUO\RunUO\Distribution\Debug\net8.0\Scripts\Mobiles\Monsters\Humanoid\Magic\FireGargoyle.cs".
         Copying file from "C:\RunUO\RunUO\Scripts\Mobiles\Monsters\Humanoid\Magic\Gargoyle.cs" to "C:\RunUO\RunUO\Distribution\Debug\net8.0\Scripts\Mobiles\Monsters\Humanoid\Magic\Gargoyle.cs".
         Copying file from "C:\RunUO\RunUO\Scripts\Mobiles\Monsters\Humanoid\Magic\GargoyleDestroyer.cs" to "C:\RunUO\RunUO\Distribution\Debug\net8.0\Scripts\Mobiles\Monsters\Humanoid\Magic\GargoyleDestroyer.cs".
         Copying file from "C:\RunUO\RunUO\Scripts\Mobiles\Monsters\Humanoid\Magic\GargoyleEnforcer.cs" to "C:\RunUO\RunUO\Distribution\Debug\net8.0\Scripts\Mobiles\Monsters\Humanoid\Magic\GargoyleEnforcer.cs".
         Copying file from "C:\RunUO\RunUO\Scripts\Mobiles\Monsters\Humanoid\Magic\Gazer.cs" to "C:\RunUO\RunUO\Distribution\Debug\net8.0\Scripts\Mobiles\Monsters\Humanoid\Magic\Gazer.cs".
         Copying file from "C:\RunUO\RunUO\Scripts\Mobiles\Monsters\Humanoid\Magic\GolemController.cs" to "C:\RunUO\RunUO\Distribution\Debug\net8.0\Scripts\Mobiles\Monsters\Humanoid\Magic\GolemController.cs".
         Copying file from "C:\RunUO\RunUO\Scripts\Mobiles\Monsters\Humanoid\Magic\Imp.cs" to "C:\RunUO\RunUO\Distribution\Debug\net8.0\Scripts\Mobiles\Monsters\Humanoid\Magic\Imp.cs".
         Copying file from "C:\RunUO\RunUO\Scripts\Mobiles\Monsters\Humanoid\Magic\Lich.cs" to "C:\RunUO\RunUO\Distribution\Debug\net8.0\Scripts\Mobiles\Monsters\Humanoid\Magic\Lich.cs".
         Copying file from "C:\RunUO\RunUO\Scripts\Mobiles\Monsters\Humanoid\Magic\IceFiend.cs" to "C:\RunUO\RunUO\Distribution\Debug\net8.0\Scripts\Mobiles\Monsters\Humanoid\Magic\IceFiend.cs".
         Copying file from "C:\RunUO\RunUO\Scripts\Mobiles\Monsters\Humanoid\Magic\LichLord.cs" to "C:\RunUO\RunUO\Distribution\Debug\net8.0\Scripts\Mobiles\Monsters\Humanoid\Magic\LichLord.cs".
         Copying file from "C:\RunUO\RunUO\Scripts\Mobiles\Monsters\Humanoid\Magic\OrcishMage.cs" to "C:\RunUO\RunUO\Distribution\Debug\net8.0\Scripts\Mobiles\Monsters\Humanoid\Magic\OrcishMage.cs".
         Copying file from "C:\RunUO\RunUO\Scripts\Mobiles\Monsters\Humanoid\Magic\RatmanMage.cs" to "C:\RunUO\RunUO\Distribution\Debug\net8.0\Scripts\Mobiles\Monsters\Humanoid\Magic\RatmanMage.cs".
         Copying file from "C:\RunUO\RunUO\Scripts\Mobiles\Monsters\Humanoid\Magic\Shade.cs" to "C:\RunUO\RunUO\Distribution\Debug\net8.0\Scripts\Mobiles\Monsters\Humanoid\Magic\Shade.cs".
         Copying file from "C:\RunUO\RunUO\Scripts\Mobiles\Monsters\Humanoid\Magic\SavageShaman.cs" to "C:\RunUO\RunUO\Distribution\Debug\net8.0\Scripts\Mobiles\Monsters\Humanoid\Magic\SavageShaman.cs".
         Copying file from "C:\RunUO\RunUO\Scripts\Mobiles\Monsters\Humanoid\Magic\Spectre.cs" to "C:\RunUO\RunUO\Distribution\Debug\net8.0\Scripts\Mobiles\Monsters\Humanoid\Magic\Spectre.cs".
         Copying file from "C:\RunUO\RunUO\Scripts\Mobiles\Monsters\Humanoid\Magic\SkeletalMage.cs" to "C:\RunUO\RunUO\Distribution\Debug\net8.0\Scripts\Mobiles\Monsters\Humanoid\Magic\SkeletalMage.cs".
         Copying file from "C:\RunUO\RunUO\Scripts\Mobiles\Monsters\Humanoid\Magic\Succubus.cs" to "C:\RunUO\RunUO\Distribution\Debug\net8.0\Scripts\Mobiles\Monsters\Humanoid\Magic\Succubus.cs".
         Copying file from "C:\RunUO\RunUO\Scripts\Mobiles\Monsters\Humanoid\Magic\Titan.cs" to "C:\RunUO\RunUO\Distribution\Debug\net8.0\Scripts\Mobiles\Monsters\Humanoid\Magic\Titan.cs".
         Copying file from "C:\RunUO\RunUO\Scripts\Mobiles\Monsters\Humanoid\Magic\Wraith.cs" to "C:\RunUO\RunUO\Distribution\Debug\net8.0\Scripts\Mobiles\Monsters\Humanoid\Magic\Wraith.cs".
         Copying file from "C:\RunUO\RunUO\Scripts\Mobiles\Monsters\Humanoid\Melee\ArcticOgreLord.cs" to "C:\RunUO\RunUO\Distribution\Debug\net8.0\Scripts\Mobiles\Monsters\Humanoid\Melee\ArcticOgreLord.cs".
         Copying file from "C:\RunUO\RunUO\Scripts\Mobiles\Monsters\Humanoid\Melee\BoneKnight.cs" to "C:\RunUO\RunUO\Distribution\Debug\net8.0\Scripts\Mobiles\Monsters\Humanoid\Melee\BoneKnight.cs".
         Copying file from "C:\RunUO\RunUO\Scripts\Mobiles\Monsters\Humanoid\Melee\Brigand.cs" to "C:\RunUO\RunUO\Distribution\Debug\net8.0\Scripts\Mobiles\Monsters\Humanoid\Melee\Brigand.cs".
         Copying file from "C:\RunUO\RunUO\Scripts\Mobiles\Monsters\Humanoid\Melee\ChaosDaemon.cs" to "C:\RunUO\RunUO\Distribution\Debug\net8.0\Scripts\Mobiles\Monsters\Humanoid\Melee\ChaosDaemon.cs".
         Copying file from "C:\RunUO\RunUO\Scripts\Mobiles\Monsters\Humanoid\Melee\Cursed.cs" to "C:\RunUO\RunUO\Distribution\Debug\net8.0\Scripts\Mobiles\Monsters\Humanoid\Melee\Cursed.cs".
         Copying file from "C:\RunUO\RunUO\Scripts\Mobiles\Monsters\Humanoid\Melee\Cyclops.cs" to "C:\RunUO\RunUO\Distribution\Debug\net8.0\Scripts\Mobiles\Monsters\Humanoid\Melee\Cyclops.cs".
         Copying file from "C:\RunUO\RunUO\Scripts\Mobiles\Monsters\Humanoid\Melee\Doppleganger.cs" to "C:\RunUO\RunUO\Distribution\Debug\net8.0\Scripts\Mobiles\Monsters\Humanoid\Melee\Doppleganger.cs".
         Copying file from "C:\RunUO\RunUO\Scripts\Mobiles\Monsters\Humanoid\Melee\ElfBrigand.cs" to "C:\RunUO\RunUO\Distribution\Debug\net8.0\Scripts\Mobiles\Monsters\Humanoid\Melee\ElfBrigand.cs".
         Copying file from "C:\RunUO\RunUO\Scripts\Mobiles\Monsters\Humanoid\Melee\EnslavedGargoyle.cs" to "C:\RunUO\RunUO\Distribution\Debug\net8.0\Scripts\Mobiles\Monsters\Humanoid\Melee\EnslavedGargoyle.cs".
         Copying file from "C:\RunUO\RunUO\Scripts\Mobiles\Monsters\Humanoid\Melee\Ettin.cs" to "C:\RunUO\RunUO\Distribution\Debug\net8.0\Scripts\Mobiles\Monsters\Humanoid\Melee\Ettin.cs".
         Copying file from "C:\RunUO\RunUO\Scripts\Mobiles\Monsters\Humanoid\Melee\Executioner.cs" to "C:\RunUO\RunUO\Distribution\Debug\net8.0\Scripts\Mobiles\Monsters\Humanoid\Melee\Executioner.cs".
         Copying file from "C:\RunUO\RunUO\Scripts\Mobiles\Monsters\Humanoid\Melee\FrostTroll.cs" to "C:\RunUO\RunUO\Distribution\Debug\net8.0\Scripts\Mobiles\Monsters\Humanoid\Melee\FrostTroll.cs".
         Copying file from "C:\RunUO\RunUO\Scripts\Mobiles\Monsters\Humanoid\Melee\GazerLarva.cs" to "C:\RunUO\RunUO\Distribution\Debug\net8.0\Scripts\Mobiles\Monsters\Humanoid\Melee\GazerLarva.cs".
         Copying file from "C:\RunUO\RunUO\Scripts\Mobiles\Monsters\Humanoid\Melee\GreaterMongbat.cs" to "C:\RunUO\RunUO\Distribution\Debug\net8.0\Scripts\Mobiles\Monsters\Humanoid\Melee\GreaterMongbat.cs".
         Copying file from "C:\RunUO\RunUO\Scripts\Mobiles\Monsters\Humanoid\Melee\Ghoul.cs" to "C:\RunUO\RunUO\Distribution\Debug\net8.0\Scripts\Mobiles\Monsters\Humanoid\Melee\Ghoul.cs".
         Copying file from "C:\RunUO\RunUO\Scripts\Mobiles\Monsters\Humanoid\Melee\Guardian.cs" to "C:\RunUO\RunUO\Distribution\Debug\net8.0\Scripts\Mobiles\Monsters\Humanoid\Melee\Guardian.cs".
         Copying file from "C:\RunUO\RunUO\Scripts\Mobiles\Monsters\Humanoid\Melee\HeadlessOne.cs" to "C:\RunUO\RunUO\Distribution\Debug\net8.0\Scripts\Mobiles\Monsters\Humanoid\Melee\HeadlessOne.cs".
         Copying file from "C:\RunUO\RunUO\Scripts\Mobiles\Monsters\Humanoid\Melee\HordeMinion.cs" to "C:\RunUO\RunUO\Distribution\Debug\net8.0\Scripts\Mobiles\Monsters\Humanoid\Melee\HordeMinion.cs".
         Copying file from "C:\RunUO\RunUO\Scripts\Mobiles\Monsters\Humanoid\Melee\Juggernaut.cs" to "C:\RunUO\RunUO\Distribution\Debug\net8.0\Scripts\Mobiles\Monsters\Humanoid\Melee\Juggernaut.cs".
         Copying file from "C:\RunUO\RunUO\Scripts\Mobiles\Monsters\Humanoid\Melee\KhaldunRevenant.cs" to "C:\RunUO\RunUO\Distribution\Debug\net8.0\Scripts\Mobiles\Monsters\Humanoid\Melee\KhaldunRevenant.cs".
         Copying file from "C:\RunUO\RunUO\Scripts\Mobiles\Monsters\Humanoid\Melee\KhaldunSummoner.cs" to "C:\RunUO\RunUO\Distribution\Debug\net8.0\Scripts\Mobiles\Monsters\Humanoid\Melee\KhaldunSummoner.cs".
         Copying file from "C:\RunUO\RunUO\Scripts\Mobiles\Monsters\Humanoid\Melee\KhaldunZealot.cs" to "C:\RunUO\RunUO\Distribution\Debug\net8.0\Scripts\Mobiles\Monsters\Humanoid\Melee\KhaldunZealot.cs".
         Copying file from "C:\RunUO\RunUO\Scripts\Mobiles\Monsters\Humanoid\Melee\Moloch.cs" to "C:\RunUO\RunUO\Distribution\Debug\net8.0\Scripts\Mobiles\Monsters\Humanoid\Melee\Moloch.cs".
         Copying file from "C:\RunUO\RunUO\Scripts\Mobiles\Monsters\Humanoid\Melee\Mongbat.cs" to "C:\RunUO\RunUO\Distribution\Debug\net8.0\Scripts\Mobiles\Monsters\Humanoid\Melee\Mongbat.cs".
         Copying file from "C:\RunUO\RunUO\Scripts\Mobiles\Monsters\Humanoid\Melee\Ogre.cs" to "C:\RunUO\RunUO\Distribution\Debug\net8.0\Scripts\Mobiles\Monsters\Humanoid\Melee\Ogre.cs".
         Copying file from "C:\RunUO\RunUO\Scripts\Mobiles\Monsters\Humanoid\Melee\Mummy.cs" to "C:\RunUO\RunUO\Distribution\Debug\net8.0\Scripts\Mobiles\Monsters\Humanoid\Melee\Mummy.cs".
         Copying file from "C:\RunUO\RunUO\Scripts\Mobiles\Monsters\Humanoid\Melee\OgreLord.cs" to "C:\RunUO\RunUO\Distribution\Debug\net8.0\Scripts\Mobiles\Monsters\Humanoid\Melee\OgreLord.cs".
         Copying file from "C:\RunUO\RunUO\Scripts\Mobiles\Monsters\Humanoid\Melee\Orc.cs" to "C:\RunUO\RunUO\Distribution\Debug\net8.0\Scripts\Mobiles\Monsters\Humanoid\Melee\Orc.cs".
         Copying file from "C:\RunUO\RunUO\Scripts\Mobiles\Monsters\Humanoid\Melee\OrcBomber.cs" to "C:\RunUO\RunUO\Distribution\Debug\net8.0\Scripts\Mobiles\Monsters\Humanoid\Melee\OrcBomber.cs".
         Copying file from "C:\RunUO\RunUO\Scripts\Mobiles\Monsters\Humanoid\Melee\OrcBrute.cs" to "C:\RunUO\RunUO\Distribution\Debug\net8.0\Scripts\Mobiles\Monsters\Humanoid\Melee\OrcBrute.cs".
         Copying file from "C:\RunUO\RunUO\Scripts\Mobiles\Monsters\Humanoid\Melee\OrcCaptain.cs" to "C:\RunUO\RunUO\Distribution\Debug\net8.0\Scripts\Mobiles\Monsters\Humanoid\Melee\OrcCaptain.cs".
         Copying file from "C:\RunUO\RunUO\Scripts\Mobiles\Monsters\Humanoid\Melee\OrcishLord.cs" to "C:\RunUO\RunUO\Distribution\Debug\net8.0\Scripts\Mobiles\Monsters\Humanoid\Melee\OrcishLord.cs".
         Copying file from "C:\RunUO\RunUO\Scripts\Mobiles\Monsters\Humanoid\Melee\Ratman.cs" to "C:\RunUO\RunUO\Distribution\Debug\net8.0\Scripts\Mobiles\Monsters\Humanoid\Melee\Ratman.cs".
         Copying file from "C:\RunUO\RunUO\Scripts\Mobiles\Monsters\Humanoid\Melee\RatmanArcher.cs" to "C:\RunUO\RunUO\Distribution\Debug\net8.0\Scripts\Mobiles\Monsters\Humanoid\Melee\RatmanArcher.cs".
         Copying file from "C:\RunUO\RunUO\Scripts\Mobiles\Monsters\Humanoid\Melee\RestlessSoul.cs" to "C:\RunUO\RunUO\Distribution\Debug\net8.0\Scripts\Mobiles\Monsters\Humanoid\Melee\RestlessSoul.cs".
         Copying file from "C:\RunUO\RunUO\Scripts\Mobiles\Monsters\Humanoid\Melee\RottingCorpse.cs" to "C:\RunUO\RunUO\Distribution\Debug\net8.0\Scripts\Mobiles\Monsters\Humanoid\Melee\RottingCorpse.cs".
         Copying file from "C:\RunUO\RunUO\Scripts\Mobiles\Monsters\Humanoid\Melee\Savage.cs" to "C:\RunUO\RunUO\Distribution\Debug\net8.0\Scripts\Mobiles\Monsters\Humanoid\Melee\Savage.cs".
         Copying file from "C:\RunUO\RunUO\Scripts\Mobiles\Monsters\Humanoid\Melee\SavageRider.cs" to "C:\RunUO\RunUO\Distribution\Debug\net8.0\Scripts\Mobiles\Monsters\Humanoid\Melee\SavageRider.cs".
         Copying file from "C:\RunUO\RunUO\Scripts\Mobiles\Monsters\Humanoid\Melee\ShadowFiend.cs" to "C:\RunUO\RunUO\Distribution\Debug\net8.0\Scripts\Mobiles\Monsters\Humanoid\Melee\ShadowFiend.cs".
         Copying file from "C:\RunUO\RunUO\Scripts\Mobiles\Monsters\Humanoid\Melee\SkeletalKnight.cs" to "C:\RunUO\RunUO\Distribution\Debug\net8.0\Scripts\Mobiles\Monsters\Humanoid\Melee\SkeletalKnight.cs".
         Copying file from "C:\RunUO\RunUO\Scripts\Mobiles\Monsters\Humanoid\Melee\Skeleton.cs" to "C:\RunUO\RunUO\Distribution\Debug\net8.0\Scripts\Mobiles\Monsters\Humanoid\Melee\Skeleton.cs".
         Copying file from "C:\RunUO\RunUO\Scripts\Mobiles\Monsters\Humanoid\Melee\SpawnedOrcishLord.cs" to "C:\RunUO\RunUO\Distribution\Debug\net8.0\Scripts\Mobiles\Monsters\Humanoid\Melee\SpawnedOrcishLord.cs".
         Copying file from "C:\RunUO\RunUO\Scripts\Mobiles\Monsters\Humanoid\Melee\SpectralArmour.cs" to "C:\RunUO\RunUO\Distribution\Debug\net8.0\Scripts\Mobiles\Monsters\Humanoid\Melee\SpectralArmour.cs".
         Copying file from "C:\RunUO\RunUO\Scripts\Mobiles\Monsters\Humanoid\Melee\StoneGargoyle.cs" to "C:\RunUO\RunUO\Distribution\Debug\net8.0\Scripts\Mobiles\Monsters\Humanoid\Melee\StoneGargoyle.cs".
         Copying file from "C:\RunUO\RunUO\Scripts\Mobiles\Monsters\Humanoid\Melee\StrongMongbat.cs" to "C:\RunUO\RunUO\Distribution\Debug\net8.0\Scripts\Mobiles\Monsters\Humanoid\Melee\StrongMongbat.cs".
         Copying file from "C:\RunUO\RunUO\Scripts\Mobiles\Monsters\Humanoid\Melee\Troll.cs" to "C:\RunUO\RunUO\Distribution\Debug\net8.0\Scripts\Mobiles\Monsters\Humanoid\Melee\Troll.cs".
         Copying file from "C:\RunUO\RunUO\Scripts\Mobiles\Monsters\LBR\Exodus\ExodusMinion.cs" to "C:\RunUO\RunUO\Distribution\Debug\net8.0\Scripts\Mobiles\Monsters\LBR\Exodus\ExodusMinion.cs".
         Copying file from "C:\RunUO\RunUO\Scripts\Mobiles\Monsters\Humanoid\Melee\Zombie.cs" to "C:\RunUO\RunUO\Distribution\Debug\net8.0\Scripts\Mobiles\Monsters\Humanoid\Melee\Zombie.cs".
         Copying file from "C:\RunUO\RunUO\Scripts\Mobiles\Monsters\LBR\Exodus\ExodusOverseer.cs" to "C:\RunUO\RunUO\Distribution\Debug\net8.0\Scripts\Mobiles\Monsters\LBR\Exodus\ExodusOverseer.cs".
         Copying file from "C:\RunUO\RunUO\Scripts\Mobiles\Monsters\LBR\Jukas\ChaosDragoon.cs" to "C:\RunUO\RunUO\Distribution\Debug\net8.0\Scripts\Mobiles\Monsters\LBR\Jukas\ChaosDragoon.cs".
         Copying file from "C:\RunUO\RunUO\Scripts\Mobiles\Monsters\LBR\Jukas\ChaosDragoonElite.cs" to "C:\RunUO\RunUO\Distribution\Debug\net8.0\Scripts\Mobiles\Monsters\LBR\Jukas\ChaosDragoonElite.cs".
         Copying file from "C:\RunUO\RunUO\Scripts\Mobiles\Monsters\LBR\Jukas\JukaLord.cs" to "C:\RunUO\RunUO\Distribution\Debug\net8.0\Scripts\Mobiles\Monsters\LBR\Jukas\JukaLord.cs".
         Copying file from "C:\RunUO\RunUO\Scripts\Mobiles\Monsters\LBR\Jukas\JukaWarrior.cs" to "C:\RunUO\RunUO\Distribution\Debug\net8.0\Scripts\Mobiles\Monsters\LBR\Jukas\JukaWarrior.cs".
         Copying file from "C:\RunUO\RunUO\Scripts\Mobiles\Monsters\LBR\Jukas\JukaMage.cs" to "C:\RunUO\RunUO\Distribution\Debug\net8.0\Scripts\Mobiles\Monsters\LBR\Jukas\JukaMage.cs".
         Copying file from "C:\RunUO\RunUO\Scripts\Mobiles\Monsters\LBR\Meers\EnragedCreatures.cs" to "C:\RunUO\RunUO\Distribution\Debug\net8.0\Scripts\Mobiles\Monsters\LBR\Meers\EnragedCreatures.cs".
         Copying file from "C:\RunUO\RunUO\Scripts\Mobiles\Monsters\LBR\Meers\MeerCaptain.cs" to "C:\RunUO\RunUO\Distribution\Debug\net8.0\Scripts\Mobiles\Monsters\LBR\Meers\MeerCaptain.cs".
         Copying file from "C:\RunUO\RunUO\Scripts\Mobiles\Monsters\LBR\Meers\MeerEternal.cs" to "C:\RunUO\RunUO\Distribution\Debug\net8.0\Scripts\Mobiles\Monsters\LBR\Meers\MeerEternal.cs".
         Copying file from "C:\RunUO\RunUO\Scripts\Mobiles\Monsters\LBR\Meers\MeerMage.cs" to "C:\RunUO\RunUO\Distribution\Debug\net8.0\Scripts\Mobiles\Monsters\LBR\Meers\MeerMage.cs".
         Copying file from "C:\RunUO\RunUO\Scripts\Mobiles\Monsters\LBR\Meers\MeerWarrior.cs" to "C:\RunUO\RunUO\Distribution\Debug\net8.0\Scripts\Mobiles\Monsters\LBR\Meers\MeerWarrior.cs".
         Copying file from "C:\RunUO\RunUO\Scripts\Mobiles\Monsters\Mammal\Melee\HellHound.cs" to "C:\RunUO\RunUO\Distribution\Debug\net8.0\Scripts\Mobiles\Monsters\Mammal\Melee\HellHound.cs".
         Copying file from "C:\RunUO\RunUO\Scripts\Mobiles\Monsters\Mammal\Melee\VorpalBunny.cs" to "C:\RunUO\RunUO\Distribution\Debug\net8.0\Scripts\Mobiles\Monsters\Mammal\Melee\VorpalBunny.cs".
         Copying file from "C:\RunUO\RunUO\Scripts\Mobiles\Monsters\Misc\Magic\EtherealWarrior.cs" to "C:\RunUO\RunUO\Distribution\Debug\net8.0\Scripts\Mobiles\Monsters\Misc\Magic\EtherealWarrior.cs".
         Copying file from "C:\RunUO\RunUO\Scripts\Mobiles\Monsters\Misc\Magic\DarkWisp.cs" to "C:\RunUO\RunUO\Distribution\Debug\net8.0\Scripts\Mobiles\Monsters\Misc\Magic\DarkWisp.cs".
         Copying file from "C:\RunUO\RunUO\Scripts\Mobiles\Monsters\Misc\Magic\ShadowWisp.cs" to "C:\RunUO\RunUO\Distribution\Debug\net8.0\Scripts\Mobiles\Monsters\Misc\Magic\ShadowWisp.cs".
         Copying file from "C:\RunUO\RunUO\Scripts\Mobiles\Monsters\Misc\Magic\Pixie.cs" to "C:\RunUO\RunUO\Distribution\Debug\net8.0\Scripts\Mobiles\Monsters\Misc\Magic\Pixie.cs".
         Copying file from "C:\RunUO\RunUO\Scripts\Mobiles\Monsters\Misc\Magic\Wisp.cs" to "C:\RunUO\RunUO\Distribution\Debug\net8.0\Scripts\Mobiles\Monsters\Misc\Magic\Wisp.cs".
         Copying file from "C:\RunUO\RunUO\Scripts\Mobiles\Monsters\Misc\Melee\BladeSpirits.cs" to "C:\RunUO\RunUO\Distribution\Debug\net8.0\Scripts\Mobiles\Monsters\Misc\Melee\BladeSpirits.cs".
         Copying file from "C:\RunUO\RunUO\Scripts\Mobiles\Monsters\Misc\Melee\Centaur.cs" to "C:\RunUO\RunUO\Distribution\Debug\net8.0\Scripts\Mobiles\Monsters\Misc\Melee\Centaur.cs".
         Copying file from "C:\RunUO\RunUO\Scripts\Mobiles\Monsters\Misc\Melee\EnergyVortex.cs" to "C:\RunUO\RunUO\Distribution\Debug\net8.0\Scripts\Mobiles\Monsters\Misc\Melee\EnergyVortex.cs".
         Copying file from "C:\RunUO\RunUO\Scripts\Mobiles\Monsters\Misc\Melee\FrostOoze.cs" to "C:\RunUO\RunUO\Distribution\Debug\net8.0\Scripts\Mobiles\Monsters\Misc\Melee\FrostOoze.cs".
         Copying file from "C:\RunUO\RunUO\Scripts\Mobiles\Monsters\Misc\Melee\Golem.cs" to "C:\RunUO\RunUO\Distribution\Debug\net8.0\Scripts\Mobiles\Monsters\Misc\Melee\Golem.cs".
         Copying file from "C:\RunUO\RunUO\Scripts\Mobiles\Monsters\Misc\Melee\PlagueBeast.cs" to "C:\RunUO\RunUO\Distribution\Debug\net8.0\Scripts\Mobiles\Monsters\Misc\Melee\PlagueBeast.cs".
         Copying file from "C:\RunUO\RunUO\Scripts\Mobiles\Monsters\Misc\Melee\PlagueBeastLord.cs" to "C:\RunUO\RunUO\Distribution\Debug\net8.0\Scripts\Mobiles\Monsters\Misc\Melee\PlagueBeastLord.cs".
         Copying file from "C:\RunUO\RunUO\Scripts\Mobiles\Monsters\Misc\Melee\PlagueSpawn.cs" to "C:\RunUO\RunUO\Distribution\Debug\net8.0\Scripts\Mobiles\Monsters\Misc\Melee\PlagueSpawn.cs".
         Copying file from "C:\RunUO\RunUO\Scripts\Mobiles\Monsters\Misc\Melee\SandVortex.cs" to "C:\RunUO\RunUO\Distribution\Debug\net8.0\Scripts\Mobiles\Monsters\Misc\Melee\SandVortex.cs".
         Copying file from "C:\RunUO\RunUO\Scripts\Mobiles\Monsters\Misc\Melee\Slime.cs" to "C:\RunUO\RunUO\Distribution\Debug\net8.0\Scripts\Mobiles\Monsters\Misc\Melee\Slime.cs".
         Copying file from "C:\RunUO\RunUO\Scripts\Mobiles\Monsters\ML\Animal\CuSidhe.cs" to "C:\RunUO\RunUO\Distribution\Debug\net8.0\Scripts\Mobiles\Monsters\ML\Animal\CuSidhe.cs".
         Copying file from "C:\RunUO\RunUO\Scripts\Mobiles\Monsters\ML\Animal\Ferret.cs" to "C:\RunUO\RunUO\Distribution\Debug\net8.0\Scripts\Mobiles\Monsters\ML\Animal\Ferret.cs".
         Copying file from "C:\RunUO\RunUO\Scripts\Mobiles\Monsters\ML\Animal\RagingGrizzlyBear.cs" to "C:\RunUO\RunUO\Distribution\Debug\net8.0\Scripts\Mobiles\Monsters\ML\Animal\RagingGrizzlyBear.cs".
         Copying file from "C:\RunUO\RunUO\Scripts\Mobiles\Monsters\ML\Animal\Squirrel.cs" to "C:\RunUO\RunUO\Distribution\Debug\net8.0\Scripts\Mobiles\Monsters\ML\Animal\Squirrel.cs".
         Copying file from "C:\RunUO\RunUO\Scripts\Mobiles\Monsters\ML\Bedlam\LadyJennifyr.cs" to "C:\RunUO\RunUO\Distribution\Debug\net8.0\Scripts\Mobiles\Monsters\ML\Bedlam\LadyJennifyr.cs".
         Copying file from "C:\RunUO\RunUO\Scripts\Mobiles\Monsters\ML\Bedlam\LadyMarai.cs" to "C:\RunUO\RunUO\Distribution\Debug\net8.0\Scripts\Mobiles\Monsters\ML\Bedlam\LadyMarai.cs".
         Copying file from "C:\RunUO\RunUO\Scripts\Mobiles\Monsters\ML\Bedlam\MasterJonath.cs" to "C:\RunUO\RunUO\Distribution\Debug\net8.0\Scripts\Mobiles\Monsters\ML\Bedlam\MasterJonath.cs".
         Copying file from "C:\RunUO\RunUO\Scripts\Mobiles\Monsters\ML\Bedlam\MasterMikael.cs" to "C:\RunUO\RunUO\Distribution\Debug\net8.0\Scripts\Mobiles\Monsters\ML\Bedlam\MasterMikael.cs".
         Copying file from "C:\RunUO\RunUO\Scripts\Mobiles\Monsters\ML\Bedlam\MasterTheophilus.cs" to "C:\RunUO\RunUO\Distribution\Debug\net8.0\Scripts\Mobiles\Monsters\ML\Bedlam\MasterTheophilus.cs".
         Copying file from "C:\RunUO\RunUO\Scripts\Mobiles\Monsters\ML\Bedlam\RedDeath.cs" to "C:\RunUO\RunUO\Distribution\Debug\net8.0\Scripts\Mobiles\Monsters\ML\Bedlam\RedDeath.cs".
         Copying file from "C:\RunUO\RunUO\Scripts\Mobiles\Monsters\ML\Bedlam\SirPatrick.cs" to "C:\RunUO\RunUO\Distribution\Debug\net8.0\Scripts\Mobiles\Monsters\ML\Bedlam\SirPatrick.cs".
         Copying file from "C:\RunUO\RunUO\Scripts\Mobiles\Monsters\ML\Blighted Grove\Abscess.cs" to "C:\RunUO\RunUO\Distribution\Debug\net8.0\Scripts\Mobiles\Monsters\ML\Blighted Grove\Abscess.cs".
         Copying file from "C:\RunUO\RunUO\Scripts\Mobiles\Monsters\ML\Blighted Grove\Coil.cs" to "C:\RunUO\RunUO\Distribution\Debug\net8.0\Scripts\Mobiles\Monsters\ML\Blighted Grove\Coil.cs".
         Copying file from "C:\RunUO\RunUO\Scripts\Mobiles\Monsters\ML\Blighted Grove\EnslavedSatyr.cs" to "C:\RunUO\RunUO\Distribution\Debug\net8.0\Scripts\Mobiles\Monsters\ML\Blighted Grove\EnslavedSatyr.cs".
         Copying file from "C:\RunUO\RunUO\Scripts\Mobiles\Monsters\ML\Blighted Grove\Hydra.cs" to "C:\RunUO\RunUO\Distribution\Debug\net8.0\Scripts\Mobiles\Monsters\ML\Blighted Grove\Hydra.cs".
         Copying file from "C:\RunUO\RunUO\Scripts\Mobiles\Monsters\ML\Blighted Grove\InsaneDryad.cs" to "C:\RunUO\RunUO\Distribution\Debug\net8.0\Scripts\Mobiles\Monsters\ML\Blighted Grove\InsaneDryad.cs".
         Copying file from "C:\RunUO\RunUO\Scripts\Mobiles\Monsters\ML\Blighted Grove\Saliva.cs" to "C:\RunUO\RunUO\Distribution\Debug\net8.0\Scripts\Mobiles\Monsters\ML\Blighted Grove\Saliva.cs".
         Copying file from "C:\RunUO\RunUO\Scripts\Mobiles\Monsters\ML\Blighted Grove\Tangle.cs" to "C:\RunUO\RunUO\Distribution\Debug\net8.0\Scripts\Mobiles\Monsters\ML\Blighted Grove\Tangle.cs".
         Copying file from "C:\RunUO\RunUO\Scripts\Mobiles\Monsters\ML\Blighted Grove\Thrasher.cs" to "C:\RunUO\RunUO\Distribution\Debug\net8.0\Scripts\Mobiles\Monsters\ML\Blighted Grove\Thrasher.cs".
         Copying file from "C:\RunUO\RunUO\Scripts\Mobiles\Monsters\ML\Humanoid\Magic\FetidEssence.cs" to "C:\RunUO\RunUO\Distribution\Debug\net8.0\Scripts\Mobiles\Monsters\ML\Humanoid\Magic\FetidEssence.cs".
         Copying file from "C:\RunUO\RunUO\Scripts\Mobiles\Monsters\ML\Humanoid\Magic\InterredGrizzle .cs" to "C:\RunUO\RunUO\Distribution\Debug\net8.0\Scripts\Mobiles\Monsters\ML\Humanoid\Magic\InterredGrizzle .cs".
         Copying file from "C:\RunUO\RunUO\Scripts\Mobiles\Monsters\ML\Humanoid\Magic\MLDryad.cs" to "C:\RunUO\RunUO\Distribution\Debug\net8.0\Scripts\Mobiles\Monsters\ML\Humanoid\Magic\MLDryad.cs".
         Copying file from "C:\RunUO\RunUO\Scripts\Mobiles\Monsters\ML\Humanoid\Magic\Satyr.cs" to "C:\RunUO\RunUO\Distribution\Debug\net8.0\Scripts\Mobiles\Monsters\ML\Humanoid\Magic\Satyr.cs".
         Copying file from "C:\RunUO\RunUO\Scripts\Mobiles\Monsters\ML\Humanoid\Melee\CorruptedSoul.cs" to "C:\RunUO\RunUO\Distribution\Debug\net8.0\Scripts\Mobiles\Monsters\ML\Humanoid\Melee\CorruptedSoul.cs".
         Copying file from "C:\RunUO\RunUO\Scripts\Mobiles\Monsters\ML\Humanoid\Melee\FerelTreefellow.cs" to "C:\RunUO\RunUO\Distribution\Debug\net8.0\Scripts\Mobiles\Monsters\ML\Humanoid\Melee\FerelTreefellow.cs".
         Copying file from "C:\RunUO\RunUO\Scripts\Mobiles\Monsters\ML\Humanoid\Melee\Minotaur.cs" to "C:\RunUO\RunUO\Distribution\Debug\net8.0\Scripts\Mobiles\Monsters\ML\Humanoid\Melee\Minotaur.cs".
         Copying file from "C:\RunUO\RunUO\Scripts\Mobiles\Monsters\ML\Humanoid\Melee\MinotaurCaptain.cs" to "C:\RunUO\RunUO\Distribution\Debug\net8.0\Scripts\Mobiles\Monsters\ML\Humanoid\Melee\MinotaurCaptain.cs".
         Copying file from "C:\RunUO\RunUO\Scripts\Mobiles\Monsters\ML\Humanoid\Melee\MinotaurScout.cs" to "C:\RunUO\RunUO\Distribution\Debug\net8.0\Scripts\Mobiles\Monsters\ML\Humanoid\Melee\MinotaurScout.cs".
         Copying file from "C:\RunUO\RunUO\Scripts\Mobiles\Monsters\ML\Humanoid\Melee\PestilentBandage.cs" to "C:\RunUO\RunUO\Distribution\Debug\net8.0\Scripts\Mobiles\Monsters\ML\Humanoid\Melee\PestilentBandage.cs".
         Copying file from "C:\RunUO\RunUO\Scripts\Mobiles\Monsters\ML\Humanoid\Melee\Tormented Minotaur.cs" to "C:\RunUO\RunUO\Distribution\Debug\net8.0\Scripts\Mobiles\Monsters\ML\Humanoid\Melee\Tormented Minotaur.cs".
         Copying file from "C:\RunUO\RunUO\Scripts\Mobiles\Monsters\ML\Humanoid\Melee\Troglodyte.cs" to "C:\RunUO\RunUO\Distribution\Debug\net8.0\Scripts\Mobiles\Monsters\ML\Humanoid\Melee\Troglodyte.cs".
         Copying file from "C:\RunUO\RunUO\Scripts\Mobiles\Monsters\ML\Labyrinth\Miasma.cs" to "C:\RunUO\RunUO\Distribution\Debug\net8.0\Scripts\Mobiles\Monsters\ML\Labyrinth\Miasma.cs".
         Copying file from "C:\RunUO\RunUO\Scripts\Mobiles\Monsters\ML\Labyrinth\Pyre.cs" to "C:\RunUO\RunUO\Distribution\Debug\net8.0\Scripts\Mobiles\Monsters\ML\Labyrinth\Pyre.cs".
         Copying file from "C:\RunUO\RunUO\Scripts\Mobiles\Monsters\ML\Labyrinth\Rend.cs" to "C:\RunUO\RunUO\Distribution\Debug\net8.0\Scripts\Mobiles\Monsters\ML\Labyrinth\Rend.cs".
         Copying file from "C:\RunUO\RunUO\Scripts\Mobiles\Monsters\ML\Misc\Magic\GreaterDragon.cs" to "C:\RunUO\RunUO\Distribution\Debug\net8.0\Scripts\Mobiles\Monsters\ML\Misc\Magic\GreaterDragon.cs".
         Copying file from "C:\RunUO\RunUO\Scripts\Mobiles\Monsters\ML\Misc\Melee\CorrosiveSlime.cs" to "C:\RunUO\RunUO\Distribution\Debug\net8.0\Scripts\Mobiles\Monsters\ML\Misc\Melee\CorrosiveSlime.cs".
         Copying file from "C:\RunUO\RunUO\Scripts\Mobiles\Monsters\ML\Misc\Melee\Reptalon.cs" to "C:\RunUO\RunUO\Distribution\Debug\net8.0\Scripts\Mobiles\Monsters\ML\Misc\Melee\Reptalon.cs".
         Copying file from "C:\RunUO\RunUO\Scripts\Mobiles\Monsters\ML\Painted Caves\Lurg.cs" to "C:\RunUO\RunUO\Distribution\Debug\net8.0\Scripts\Mobiles\Monsters\ML\Painted Caves\Lurg.cs".
         Copying file from "C:\RunUO\RunUO\Scripts\Mobiles\Monsters\ML\Painted Caves\Grobu.cs" to "C:\RunUO\RunUO\Distribution\Debug\net8.0\Scripts\Mobiles\Monsters\ML\Painted Caves\Grobu.cs".
         Copying file from "C:\RunUO\RunUO\Scripts\Mobiles\Monsters\ML\Palace of Paroxysmus\Putrefier.cs" to "C:\RunUO\RunUO\Distribution\Debug\net8.0\Scripts\Mobiles\Monsters\ML\Palace of Paroxysmus\Putrefier.cs".
         Copying file from "C:\RunUO\RunUO\Scripts\Mobiles\Monsters\ML\Prism of Light\CorporealBrume.cs" to "C:\RunUO\RunUO\Distribution\Debug\net8.0\Scripts\Mobiles\Monsters\ML\Prism of Light\CorporealBrume.cs".
         Copying file from "C:\RunUO\RunUO\Scripts\Mobiles\Monsters\ML\Prism of Light\CrystalDaemon.cs" to "C:\RunUO\RunUO\Distribution\Debug\net8.0\Scripts\Mobiles\Monsters\ML\Prism of Light\CrystalDaemon.cs".
         Copying file from "C:\RunUO\RunUO\Scripts\Mobiles\Monsters\ML\Prism of Light\CrystalLatticeSeeker.cs" to "C:\RunUO\RunUO\Distribution\Debug\net8.0\Scripts\Mobiles\Monsters\ML\Prism of Light\CrystalLatticeSeeker.cs".
         Copying file from "C:\RunUO\RunUO\Scripts\Mobiles\Monsters\ML\Prism of Light\CrystalSeaSerpent.cs" to "C:\RunUO\RunUO\Distribution\Debug\net8.0\Scripts\Mobiles\Monsters\ML\Prism of Light\CrystalSeaSerpent.cs".
         Copying file from "C:\RunUO\RunUO\Scripts\Mobiles\Monsters\ML\Prism of Light\CrystalVortex.cs" to "C:\RunUO\RunUO\Distribution\Debug\net8.0\Scripts\Mobiles\Monsters\ML\Prism of Light\CrystalVortex.cs".
         Copying file from "C:\RunUO\RunUO\Scripts\Mobiles\Monsters\ML\Prism of Light\CrystalWisp.cs" to "C:\RunUO\RunUO\Distribution\Debug\net8.0\Scripts\Mobiles\Monsters\ML\Prism of Light\CrystalWisp.cs".
         Copying file from "C:\RunUO\RunUO\Scripts\Mobiles\Monsters\ML\Prism of Light\MantraEffervescence.cs" to "C:\RunUO\RunUO\Distribution\Debug\net8.0\Scripts\Mobiles\Monsters\ML\Prism of Light\MantraEffervescence.cs".
         Copying file from "C:\RunUO\RunUO\Scripts\Mobiles\Monsters\ML\Prism of Light\Protector.cs" to "C:\RunUO\RunUO\Distribution\Debug\net8.0\Scripts\Mobiles\Monsters\ML\Prism of Light\Protector.cs".
         Copying file from "C:\RunUO\RunUO\Scripts\Mobiles\Monsters\ML\Prism of Light\UnfrozenMummy.cs" to "C:\RunUO\RunUO\Distribution\Debug\net8.0\Scripts\Mobiles\Monsters\ML\Prism of Light\UnfrozenMummy.cs".
         Copying file from "C:\RunUO\RunUO\Scripts\Mobiles\Monsters\ML\Sanctuary\Chiikkaha.cs" to "C:\RunUO\RunUO\Distribution\Debug\net8.0\Scripts\Mobiles\Monsters\ML\Sanctuary\Chiikkaha.cs".
         Copying file from "C:\RunUO\RunUO\Scripts\Mobiles\Monsters\ML\Sanctuary\Szavetra.cs" to "C:\RunUO\RunUO\Distribution\Debug\net8.0\Scripts\Mobiles\Monsters\ML\Sanctuary\Szavetra.cs".
         Copying file from "C:\RunUO\RunUO\Scripts\Mobiles\Monsters\ML\Sanctuary\MougGuur.cs" to "C:\RunUO\RunUO\Distribution\Debug\net8.0\Scripts\Mobiles\Monsters\ML\Sanctuary\MougGuur.cs".
         Copying file from "C:\RunUO\RunUO\Scripts\Mobiles\Monsters\ML\Special\Ilhenir.cs" to "C:\RunUO\RunUO\Distribution\Debug\net8.0\Scripts\Mobiles\Monsters\ML\Special\Ilhenir.cs".
         Copying file from "C:\RunUO\RunUO\Scripts\Mobiles\Monsters\ML\Special\Meraktus.cs" to "C:\RunUO\RunUO\Distribution\Debug\net8.0\Scripts\Mobiles\Monsters\ML\Special\Meraktus.cs".
         Copying file from "C:\RunUO\RunUO\Scripts\Mobiles\Monsters\ML\Special\Twaulo.cs" to "C:\RunUO\RunUO\Distribution\Debug\net8.0\Scripts\Mobiles\Monsters\ML\Special\Twaulo.cs".
         Copying file from "C:\RunUO\RunUO\Scripts\Mobiles\Monsters\ML\Twisted Weald\Changeling.cs" to "C:\RunUO\RunUO\Distribution\Debug\net8.0\Scripts\Mobiles\Monsters\ML\Twisted Weald\Changeling.cs".
         Copying file from "C:\RunUO\RunUO\Scripts\Mobiles\Monsters\ML\Twisted Weald\Gnaw.cs" to "C:\RunUO\RunUO\Distribution\Debug\net8.0\Scripts\Mobiles\Monsters\ML\Twisted Weald\Gnaw.cs".
         Copying file from "C:\RunUO\RunUO\Scripts\Mobiles\Monsters\ML\Twisted Weald\Guile.cs" to "C:\RunUO\RunUO\Distribution\Debug\net8.0\Scripts\Mobiles\Monsters\ML\Twisted Weald\Guile.cs".
         Copying file from "C:\RunUO\RunUO\Scripts\Mobiles\Monsters\ML\Twisted Weald\Irk.cs" to "C:\RunUO\RunUO\Distribution\Debug\net8.0\Scripts\Mobiles\Monsters\ML\Twisted Weald\Irk.cs".
         Copying file from "C:\RunUO\RunUO\Scripts\Mobiles\Monsters\ML\Twisted Weald\LadyLissith.cs" to "C:\RunUO\RunUO\Distribution\Debug\net8.0\Scripts\Mobiles\Monsters\ML\Twisted Weald\LadyLissith.cs".
         Copying file from "C:\RunUO\RunUO\Scripts\Mobiles\Monsters\ML\Twisted Weald\LadySabrix.cs" to "C:\RunUO\RunUO\Distribution\Debug\net8.0\Scripts\Mobiles\Monsters\ML\Twisted Weald\LadySabrix.cs".
         Copying file from "C:\RunUO\RunUO\Scripts\Mobiles\Monsters\ML\Twisted Weald\Malefic.cs" to "C:\RunUO\RunUO\Distribution\Debug\net8.0\Scripts\Mobiles\Monsters\ML\Twisted Weald\Malefic.cs".
         Copying file from "C:\RunUO\RunUO\Scripts\Mobiles\Monsters\ML\Twisted Weald\Silk.cs" to "C:\RunUO\RunUO\Distribution\Debug\net8.0\Scripts\Mobiles\Monsters\ML\Twisted Weald\Silk.cs".
         Copying file from "C:\RunUO\RunUO\Scripts\Mobiles\Monsters\ML\Twisted Weald\Spite.cs" to "C:\RunUO\RunUO\Distribution\Debug\net8.0\Scripts\Mobiles\Monsters\ML\Twisted Weald\Spite.cs".
         Copying file from "C:\RunUO\RunUO\Scripts\Mobiles\Monsters\ML\Twisted Weald\Swoop.cs" to "C:\RunUO\RunUO\Distribution\Debug\net8.0\Scripts\Mobiles\Monsters\ML\Twisted Weald\Swoop.cs".
         Copying file from "C:\RunUO\RunUO\Scripts\Mobiles\Monsters\ML\Twisted Weald\Virulent.cs" to "C:\RunUO\RunUO\Distribution\Debug\net8.0\Scripts\Mobiles\Monsters\ML\Twisted Weald\Virulent.cs".
         Copying file from "C:\RunUO\RunUO\Scripts\Mobiles\Monsters\Ore Elementals\AgapiteElemental.cs" to "C:\RunUO\RunUO\Distribution\Debug\net8.0\Scripts\Mobiles\Monsters\Ore Elementals\AgapiteElemental.cs".
         Copying file from "C:\RunUO\RunUO\Scripts\Mobiles\Monsters\Ore Elementals\BronzeElemental.cs" to "C:\RunUO\RunUO\Distribution\Debug\net8.0\Scripts\Mobiles\Monsters\Ore Elementals\BronzeElemental.cs".
         Copying file from "C:\RunUO\RunUO\Scripts\Mobiles\Monsters\Ore Elementals\CopperElemental.cs" to "C:\RunUO\RunUO\Distribution\Debug\net8.0\Scripts\Mobiles\Monsters\Ore Elementals\CopperElemental.cs".
         Copying file from "C:\RunUO\RunUO\Scripts\Mobiles\Monsters\Ore Elementals\DullCopperElemental.cs" to "C:\RunUO\RunUO\Distribution\Debug\net8.0\Scripts\Mobiles\Monsters\Ore Elementals\DullCopperElemental.cs".
         Copying file from "C:\RunUO\RunUO\Scripts\Mobiles\Monsters\Ore Elementals\GoldenElemental.cs" to "C:\RunUO\RunUO\Distribution\Debug\net8.0\Scripts\Mobiles\Monsters\Ore Elementals\GoldenElemental.cs".
         Copying file from "C:\RunUO\RunUO\Scripts\Mobiles\Monsters\Ore Elementals\ShadowIronElemental.cs" to "C:\RunUO\RunUO\Distribution\Debug\net8.0\Scripts\Mobiles\Monsters\Ore Elementals\ShadowIronElemental.cs".
         Copying file from "C:\RunUO\RunUO\Scripts\Mobiles\Monsters\Ore Elementals\ValoriteElemental.cs" to "C:\RunUO\RunUO\Distribution\Debug\net8.0\Scripts\Mobiles\Monsters\Ore Elementals\ValoriteElemental.cs".
         Copying file from "C:\RunUO\RunUO\Scripts\Mobiles\Monsters\Ore Elementals\VeriteElemental.cs" to "C:\RunUO\RunUO\Distribution\Debug\net8.0\Scripts\Mobiles\Monsters\Ore Elementals\VeriteElemental.cs".
         Copying file from "C:\RunUO\RunUO\Scripts\Mobiles\Monsters\Plant\Magic\Reaper.cs" to "C:\RunUO\RunUO\Distribution\Debug\net8.0\Scripts\Mobiles\Monsters\Plant\Magic\Reaper.cs".
         Copying file from "C:\RunUO\RunUO\Scripts\Mobiles\Monsters\Plant\Melee\Bogling.cs" to "C:\RunUO\RunUO\Distribution\Debug\net8.0\Scripts\Mobiles\Monsters\Plant\Melee\Bogling.cs".
         Copying file from "C:\RunUO\RunUO\Scripts\Mobiles\Monsters\Plant\Melee\BogThing.cs" to "C:\RunUO\RunUO\Distribution\Debug\net8.0\Scripts\Mobiles\Monsters\Plant\Melee\BogThing.cs".
         Copying file from "C:\RunUO\RunUO\Scripts\Mobiles\Monsters\Plant\Melee\Corpser.cs" to "C:\RunUO\RunUO\Distribution\Debug\net8.0\Scripts\Mobiles\Monsters\Plant\Melee\Corpser.cs".
         Copying file from "C:\RunUO\RunUO\Scripts\Mobiles\Monsters\Plant\Melee\Quagmire.cs" to "C:\RunUO\RunUO\Distribution\Debug\net8.0\Scripts\Mobiles\Monsters\Plant\Melee\Quagmire.cs".
         Copying file from "C:\RunUO\RunUO\Scripts\Mobiles\Monsters\Plant\Melee\SwampTentacle.cs" to "C:\RunUO\RunUO\Distribution\Debug\net8.0\Scripts\Mobiles\Monsters\Plant\Melee\SwampTentacle.cs".
         Copying file from "C:\RunUO\RunUO\Scripts\Mobiles\Monsters\Plant\Melee\WhippingVine.cs" to "C:\RunUO\RunUO\Distribution\Debug\net8.0\Scripts\Mobiles\Monsters\Plant\Melee\WhippingVine.cs".
         Copying file from "C:\RunUO\RunUO\Scripts\Mobiles\Monsters\Reptile\Magic\AncientWyrm.cs" to "C:\RunUO\RunUO\Distribution\Debug\net8.0\Scripts\Mobiles\Monsters\Reptile\Magic\AncientWyrm.cs".
         Copying file from "C:\RunUO\RunUO\Scripts\Mobiles\Monsters\Reptile\Magic\DeepSeaSerpent.cs" to "C:\RunUO\RunUO\Distribution\Debug\net8.0\Scripts\Mobiles\Monsters\Reptile\Magic\DeepSeaSerpent.cs".
         Copying file from "C:\RunUO\RunUO\Scripts\Mobiles\Monsters\Reptile\Magic\Dragon.cs" to "C:\RunUO\RunUO\Distribution\Debug\net8.0\Scripts\Mobiles\Monsters\Reptile\Magic\Dragon.cs".
         Copying file from "C:\RunUO\RunUO\Scripts\Mobiles\Monsters\Reptile\Magic\Leviathan.cs" to "C:\RunUO\RunUO\Distribution\Debug\net8.0\Scripts\Mobiles\Monsters\Reptile\Magic\Leviathan.cs".
         Copying file from "C:\RunUO\RunUO\Scripts\Mobiles\Monsters\Reptile\Magic\OphidianArchmage.cs" to "C:\RunUO\RunUO\Distribution\Debug\net8.0\Scripts\Mobiles\Monsters\Reptile\Magic\OphidianArchmage.cs".
         Copying file from "C:\RunUO\RunUO\Scripts\Mobiles\Monsters\Reptile\Magic\OphidianMage.cs" to "C:\RunUO\RunUO\Distribution\Debug\net8.0\Scripts\Mobiles\Monsters\Reptile\Magic\OphidianMage.cs".
         Copying file from "C:\RunUO\RunUO\Scripts\Mobiles\Monsters\Reptile\Magic\OphidianMatriarch.cs" to "C:\RunUO\RunUO\Distribution\Debug\net8.0\Scripts\Mobiles\Monsters\Reptile\Magic\OphidianMatriarch.cs".
         Copying file from "C:\RunUO\RunUO\Scripts\Mobiles\Monsters\Reptile\Magic\SeaSerpent.cs" to "C:\RunUO\RunUO\Distribution\Debug\net8.0\Scripts\Mobiles\Monsters\Reptile\Magic\SeaSerpent.cs".
         Copying file from "C:\RunUO\RunUO\Scripts\Mobiles\Monsters\Reptile\Magic\SerpentineDragon.cs" to "C:\RunUO\RunUO\Distribution\Debug\net8.0\Scripts\Mobiles\Monsters\Reptile\Magic\SerpentineDragon.cs".
         Copying file from "C:\RunUO\RunUO\Scripts\Mobiles\Monsters\Reptile\Magic\ShadowWyrm.cs" to "C:\RunUO\RunUO\Distribution\Debug\net8.0\Scripts\Mobiles\Monsters\Reptile\Magic\ShadowWyrm.cs".
         Copying file from "C:\RunUO\RunUO\Scripts\Mobiles\Monsters\Reptile\Magic\SkeletalDragon.cs" to "C:\RunUO\RunUO\Distribution\Debug\net8.0\Scripts\Mobiles\Monsters\Reptile\Magic\SkeletalDragon.cs".
         Copying file from "C:\RunUO\RunUO\Scripts\Mobiles\Monsters\Reptile\Magic\WhiteWyrm.cs" to "C:\RunUO\RunUO\Distribution\Debug\net8.0\Scripts\Mobiles\Monsters\Reptile\Magic\WhiteWyrm.cs".
         Copying file from "C:\RunUO\RunUO\Scripts\Mobiles\Monsters\Reptile\Melee\Drake.cs" to "C:\RunUO\RunUO\Distribution\Debug\net8.0\Scripts\Mobiles\Monsters\Reptile\Melee\Drake.cs".
         Copying file from "C:\RunUO\RunUO\Scripts\Mobiles\Monsters\Reptile\Melee\Harpy.cs" to "C:\RunUO\RunUO\Distribution\Debug\net8.0\Scripts\Mobiles\Monsters\Reptile\Melee\Harpy.cs".
         Copying file from "C:\RunUO\RunUO\Scripts\Mobiles\Monsters\Reptile\Melee\Kraken.cs" to "C:\RunUO\RunUO\Distribution\Debug\net8.0\Scripts\Mobiles\Monsters\Reptile\Melee\Kraken.cs".
         Copying file from "C:\RunUO\RunUO\Scripts\Mobiles\Monsters\Reptile\Melee\Lizardman.cs" to "C:\RunUO\RunUO\Distribution\Debug\net8.0\Scripts\Mobiles\Monsters\Reptile\Melee\Lizardman.cs".
         Copying file from "C:\RunUO\RunUO\Scripts\Mobiles\Monsters\Reptile\Melee\OphidianKnight.cs" to "C:\RunUO\RunUO\Distribution\Debug\net8.0\Scripts\Mobiles\Monsters\Reptile\Melee\OphidianKnight.cs".
         Copying file from "C:\RunUO\RunUO\Scripts\Mobiles\Monsters\Reptile\Melee\OphidianWarrior.cs" to "C:\RunUO\RunUO\Distribution\Debug\net8.0\Scripts\Mobiles\Monsters\Reptile\Melee\OphidianWarrior.cs".
         Copying file from "C:\RunUO\RunUO\Scripts\Mobiles\Monsters\Reptile\Melee\Scorpion.cs" to "C:\RunUO\RunUO\Distribution\Debug\net8.0\Scripts\Mobiles\Monsters\Reptile\Melee\Scorpion.cs".
         Copying file from "C:\RunUO\RunUO\Scripts\Mobiles\Monsters\Reptile\Melee\StoneHarpy.cs" to "C:\RunUO\RunUO\Distribution\Debug\net8.0\Scripts\Mobiles\Monsters\Reptile\Melee\StoneHarpy.cs".
         Copying file from "C:\RunUO\RunUO\Scripts\Mobiles\Monsters\Reptile\Melee\Wyvern.cs" to "C:\RunUO\RunUO\Distribution\Debug\net8.0\Scripts\Mobiles\Monsters\Reptile\Melee\Wyvern.cs".
         Copying file from "C:\RunUO\RunUO\Scripts\Mobiles\Monsters\SE\BakeKitsune.cs" to "C:\RunUO\RunUO\Distribution\Debug\net8.0\Scripts\Mobiles\Monsters\SE\BakeKitsune.cs".
         Copying file from "C:\RunUO\RunUO\Scripts\Mobiles\Monsters\SE\DeathWatchBeetle.cs" to "C:\RunUO\RunUO\Distribution\Debug\net8.0\Scripts\Mobiles\Monsters\SE\DeathWatchBeetle.cs".
         Copying file from "C:\RunUO\RunUO\Scripts\Mobiles\Monsters\SE\DeathWatchBeetleHatchling.cs" to "C:\RunUO\RunUO\Distribution\Debug\net8.0\Scripts\Mobiles\Monsters\SE\DeathWatchBeetleHatchling.cs".
         Copying file from "C:\RunUO\RunUO\Scripts\Mobiles\Monsters\SE\FanDancer.cs" to "C:\RunUO\RunUO\Distribution\Debug\net8.0\Scripts\Mobiles\Monsters\SE\FanDancer.cs".
         Copying file from "C:\RunUO\RunUO\Scripts\Mobiles\Monsters\SE\EliteNinja.cs" to "C:\RunUO\RunUO\Distribution\Debug\net8.0\Scripts\Mobiles\Monsters\SE\EliteNinja.cs".
         Copying file from "C:\RunUO\RunUO\Scripts\Mobiles\Monsters\SE\FireBeetle.cs" to "C:\RunUO\RunUO\Distribution\Debug\net8.0\Scripts\Mobiles\Monsters\SE\FireBeetle.cs".
         Copying file from "C:\RunUO\RunUO\Scripts\Mobiles\Monsters\SE\Kappa.cs" to "C:\RunUO\RunUO\Distribution\Debug\net8.0\Scripts\Mobiles\Monsters\SE\Kappa.cs".
         Copying file from "C:\RunUO\RunUO\Scripts\Mobiles\Monsters\SE\KazeKemono.cs" to "C:\RunUO\RunUO\Distribution\Debug\net8.0\Scripts\Mobiles\Monsters\SE\KazeKemono.cs".
         Copying file from "C:\RunUO\RunUO\Scripts\Mobiles\Monsters\SE\LadyOfTheSnow.cs" to "C:\RunUO\RunUO\Distribution\Debug\net8.0\Scripts\Mobiles\Monsters\SE\LadyOfTheSnow.cs".
         Copying file from "C:\RunUO\RunUO\Scripts\Mobiles\Monsters\SE\Oni.cs" to "C:\RunUO\RunUO\Distribution\Debug\net8.0\Scripts\Mobiles\Monsters\SE\Oni.cs".
         Copying file from "C:\RunUO\RunUO\Scripts\Mobiles\Monsters\SE\RaiJu.cs" to "C:\RunUO\RunUO\Distribution\Debug\net8.0\Scripts\Mobiles\Monsters\SE\RaiJu.cs".
         Copying file from "C:\RunUO\RunUO\Scripts\Mobiles\Monsters\SE\RevenantLion.cs" to "C:\RunUO\RunUO\Distribution\Debug\net8.0\Scripts\Mobiles\Monsters\SE\RevenantLion.cs".
         Copying file from "C:\RunUO\RunUO\Scripts\Mobiles\Monsters\SE\Ronin.cs" to "C:\RunUO\RunUO\Distribution\Debug\net8.0\Scripts\Mobiles\Monsters\SE\Ronin.cs".
         Copying file from "C:\RunUO\RunUO\Scripts\Mobiles\Monsters\SE\RuneBeetle.cs" to "C:\RunUO\RunUO\Distribution\Debug\net8.0\Scripts\Mobiles\Monsters\SE\RuneBeetle.cs".
         Copying file from "C:\RunUO\RunUO\Scripts\Mobiles\Monsters\SE\TsukiWolf.cs" to "C:\RunUO\RunUO\Distribution\Debug\net8.0\Scripts\Mobiles\Monsters\SE\TsukiWolf.cs".
         Copying file from "C:\RunUO\RunUO\Scripts\Mobiles\Monsters\SE\YomotsuElder.cs" to "C:\RunUO\RunUO\Distribution\Debug\net8.0\Scripts\Mobiles\Monsters\SE\YomotsuElder.cs".
         Copying file from "C:\RunUO\RunUO\Scripts\Mobiles\Monsters\SE\Yamandon.cs" to "C:\RunUO\RunUO\Distribution\Debug\net8.0\Scripts\Mobiles\Monsters\SE\Yamandon.cs".
         Copying file from "C:\RunUO\RunUO\Scripts\Mobiles\Monsters\SE\YomotsuPriest.cs" to "C:\RunUO\RunUO\Distribution\Debug\net8.0\Scripts\Mobiles\Monsters\SE\YomotsuPriest.cs".
         Copying file from "C:\RunUO\RunUO\Scripts\Mobiles\Monsters\SE\YomotsuWarrior.cs" to "C:\RunUO\RunUO\Distribution\Debug\net8.0\Scripts\Mobiles\Monsters\SE\YomotsuWarrior.cs".
         Copying file from "C:\RunUO\RunUO\Scripts\Mobiles\Monsters\Summons\SummonedAirElemental.cs" to "C:\RunUO\RunUO\Distribution\Debug\net8.0\Scripts\Mobiles\Monsters\Summons\SummonedAirElemental.cs".
         Copying file from "C:\RunUO\RunUO\Scripts\Mobiles\Monsters\Summons\SummonedDaemon.cs" to "C:\RunUO\RunUO\Distribution\Debug\net8.0\Scripts\Mobiles\Monsters\Summons\SummonedDaemon.cs".
         Copying file from "C:\RunUO\RunUO\Scripts\Mobiles\Monsters\Summons\SummonedEarthElemental.cs" to "C:\RunUO\RunUO\Distribution\Debug\net8.0\Scripts\Mobiles\Monsters\Summons\SummonedEarthElemental.cs".
         Copying file from "C:\RunUO\RunUO\Scripts\Mobiles\Monsters\Summons\SummonedFireElemental.cs" to "C:\RunUO\RunUO\Distribution\Debug\net8.0\Scripts\Mobiles\Monsters\Summons\SummonedFireElemental.cs".
         Copying file from "C:\RunUO\RunUO\Scripts\Mobiles\Monsters\Summons\SummonedWaterElemental.cs" to "C:\RunUO\RunUO\Distribution\Debug\net8.0\Scripts\Mobiles\Monsters\Summons\SummonedWaterElemental.cs".
         Copying file from "C:\RunUO\RunUO\Scripts\Mobiles\PlayerMobile.cs" to "C:\RunUO\RunUO\Distribution\Debug\net8.0\Scripts\Mobiles\PlayerMobile.cs".
         Copying file from "C:\RunUO\RunUO\Scripts\Mobiles\Special\Barracoon.cs" to "C:\RunUO\RunUO\Distribution\Debug\net8.0\Scripts\Mobiles\Special\Barracoon.cs".
         Copying file from "C:\RunUO\RunUO\Scripts\Mobiles\Special\BaseChampion.cs" to "C:\RunUO\RunUO\Distribution\Debug\net8.0\Scripts\Mobiles\Special\BaseChampion.cs".
         Copying file from "C:\RunUO\RunUO\Scripts\Mobiles\Special\BaseShieldGuard.cs" to "C:\RunUO\RunUO\Distribution\Debug\net8.0\Scripts\Mobiles\Special\BaseShieldGuard.cs".
         Copying file from "C:\RunUO\RunUO\Scripts\Mobiles\Special\CapturedHordeMinion.cs" to "C:\RunUO\RunUO\Distribution\Debug\net8.0\Scripts\Mobiles\Special\CapturedHordeMinion.cs".
         Copying file from "C:\RunUO\RunUO\Scripts\Mobiles\Special\ChaosGuard.cs" to "C:\RunUO\RunUO\Distribution\Debug\net8.0\Scripts\Mobiles\Special\ChaosGuard.cs".
         Copying file from "C:\RunUO\RunUO\Scripts\Mobiles\Special\DarkGuardian.cs" to "C:\RunUO\RunUO\Distribution\Debug\net8.0\Scripts\Mobiles\Special\DarkGuardian.cs".
         Copying file from "C:\RunUO\RunUO\Scripts\Mobiles\Special\Dummy.cs" to "C:\RunUO\RunUO\Distribution\Debug\net8.0\Scripts\Mobiles\Special\Dummy.cs".
         Copying file from "C:\RunUO\RunUO\Scripts\Mobiles\Special\DummySpecific.cs" to "C:\RunUO\RunUO\Distribution\Debug\net8.0\Scripts\Mobiles\Special\DummySpecific.cs".
         Copying file from "C:\RunUO\RunUO\Scripts\Mobiles\Special\Harrower.cs" to "C:\RunUO\RunUO\Distribution\Debug\net8.0\Scripts\Mobiles\Special\Harrower.cs".
         Copying file from "C:\RunUO\RunUO\Scripts\Mobiles\Special\HarrowerTentacles.cs" to "C:\RunUO\RunUO\Distribution\Debug\net8.0\Scripts\Mobiles\Special\HarrowerTentacles.cs".
         Copying file from "C:\RunUO\RunUO\Scripts\Mobiles\Special\LordOaks.cs" to "C:\RunUO\RunUO\Distribution\Debug\net8.0\Scripts\Mobiles\Special\LordOaks.cs".
         Copying file from "C:\RunUO\RunUO\Scripts\Mobiles\Special\Mephitis.cs" to "C:\RunUO\RunUO\Distribution\Debug\net8.0\Scripts\Mobiles\Special\Mephitis.cs".
         Copying file from "C:\RunUO\RunUO\Scripts\Mobiles\Special\Neira.cs" to "C:\RunUO\RunUO\Distribution\Debug\net8.0\Scripts\Mobiles\Special\Neira.cs".
         Copying file from "C:\RunUO\RunUO\Scripts\Mobiles\Special\OrderGuard.cs" to "C:\RunUO\RunUO\Distribution\Debug\net8.0\Scripts\Mobiles\Special\OrderGuard.cs".
         Copying file from "C:\RunUO\RunUO\Scripts\Mobiles\Special\Paragon.cs" to "C:\RunUO\RunUO\Distribution\Debug\net8.0\Scripts\Mobiles\Special\Paragon.cs".
         Copying file from "C:\RunUO\RunUO\Scripts\Mobiles\Special\Rikktor.cs" to "C:\RunUO\RunUO\Distribution\Debug\net8.0\Scripts\Mobiles\Special\Rikktor.cs".
         Copying file from "C:\RunUO\RunUO\Scripts\Mobiles\Special\Semidar.cs" to "C:\RunUO\RunUO\Distribution\Debug\net8.0\Scripts\Mobiles\Special\Semidar.cs".
         Copying file from "C:\RunUO\RunUO\Scripts\Mobiles\Special\Serado.cs" to "C:\RunUO\RunUO\Distribution\Debug\net8.0\Scripts\Mobiles\Special\Serado.cs".
         Copying file from "C:\RunUO\RunUO\Scripts\Mobiles\Special\ServantOfSemidar.cs" to "C:\RunUO\RunUO\Distribution\Debug\net8.0\Scripts\Mobiles\Special\ServantOfSemidar.cs".
         Copying file from "C:\RunUO\RunUO\Scripts\Mobiles\Special\Silvani.cs" to "C:\RunUO\RunUO\Distribution\Debug\net8.0\Scripts\Mobiles\Special\Silvani.cs".
         Copying file from "C:\RunUO\RunUO\Scripts\Mobiles\Special\Wanderer.cs" to "C:\RunUO\RunUO\Distribution\Debug\net8.0\Scripts\Mobiles\Special\Wanderer.cs".
         Copying file from "C:\RunUO\RunUO\Scripts\Mobiles\Townfolk\Actor.cs" to "C:\RunUO\RunUO\Distribution\Debug\net8.0\Scripts\Mobiles\Townfolk\Actor.cs".
         Copying file from "C:\RunUO\RunUO\Scripts\Mobiles\Townfolk\Artist.cs" to "C:\RunUO\RunUO\Distribution\Debug\net8.0\Scripts\Mobiles\Townfolk\Artist.cs".
         Copying file from "C:\RunUO\RunUO\Scripts\Mobiles\Townfolk\BaseEscortable.cs" to "C:\RunUO\RunUO\Distribution\Debug\net8.0\Scripts\Mobiles\Townfolk\BaseEscortable.cs".
         Copying file from "C:\RunUO\RunUO\Scripts\Mobiles\Townfolk\Banker.cs" to "C:\RunUO\RunUO\Distribution\Debug\net8.0\Scripts\Mobiles\Townfolk\Banker.cs".
         Copying file from "C:\RunUO\RunUO\Scripts\Mobiles\Townfolk\EscortableMage.cs" to "C:\RunUO\RunUO\Distribution\Debug\net8.0\Scripts\Mobiles\Townfolk\EscortableMage.cs".
         Copying file from "C:\RunUO\RunUO\Scripts\Mobiles\Townfolk\BrideGroom.cs" to "C:\RunUO\RunUO\Distribution\Debug\net8.0\Scripts\Mobiles\Townfolk\BrideGroom.cs".
         Copying file from "C:\RunUO\RunUO\Scripts\Mobiles\Townfolk\Gypsy.cs" to "C:\RunUO\RunUO\Distribution\Debug\net8.0\Scripts\Mobiles\Townfolk\Gypsy.cs".
         Copying file from "C:\RunUO\RunUO\Scripts\Mobiles\Townfolk\HarborMaster.cs" to "C:\RunUO\RunUO\Distribution\Debug\net8.0\Scripts\Mobiles\Townfolk\HarborMaster.cs".
         Copying file from "C:\RunUO\RunUO\Scripts\Mobiles\Townfolk\Merchant.cs" to "C:\RunUO\RunUO\Distribution\Debug\net8.0\Scripts\Mobiles\Townfolk\Merchant.cs".
         Copying file from "C:\RunUO\RunUO\Scripts\Mobiles\Townfolk\Messenger.cs" to "C:\RunUO\RunUO\Distribution\Debug\net8.0\Scripts\Mobiles\Townfolk\Messenger.cs".
         Copying file from "C:\RunUO\RunUO\Scripts\Mobiles\Townfolk\Minter.cs" to "C:\RunUO\RunUO\Distribution\Debug\net8.0\Scripts\Mobiles\Townfolk\Minter.cs".
         Copying file from "C:\RunUO\RunUO\Scripts\Mobiles\Townfolk\Noble.cs" to "C:\RunUO\RunUO\Distribution\Debug\net8.0\Scripts\Mobiles\Townfolk\Noble.cs".
         Copying file from "C:\RunUO\RunUO\Scripts\Mobiles\Townfolk\Ninja.cs" to "C:\RunUO\RunUO\Distribution\Debug\net8.0\Scripts\Mobiles\Townfolk\Ninja.cs".
         Copying file from "C:\RunUO\RunUO\Scripts\Mobiles\Townfolk\Peasant.cs" to "C:\RunUO\RunUO\Distribution\Debug\net8.0\Scripts\Mobiles\Townfolk\Peasant.cs".
         Copying file from "C:\RunUO\RunUO\Scripts\Mobiles\Townfolk\Prisoner.cs" to "C:\RunUO\RunUO\Distribution\Debug\net8.0\Scripts\Mobiles\Townfolk\Prisoner.cs".
         Copying file from "C:\RunUO\RunUO\Scripts\Mobiles\Townfolk\Sculptor.cs" to "C:\RunUO\RunUO\Distribution\Debug\net8.0\Scripts\Mobiles\Townfolk\Sculptor.cs".
         Copying file from "C:\RunUO\RunUO\Scripts\Mobiles\Townfolk\Samurai.cs" to "C:\RunUO\RunUO\Distribution\Debug\net8.0\Scripts\Mobiles\Townfolk\Samurai.cs".
         Copying file from "C:\RunUO\RunUO\Scripts\Mobiles\Townfolk\SeekerOfAdventure.cs" to "C:\RunUO\RunUO\Distribution\Debug\net8.0\Scripts\Mobiles\Townfolk\SeekerOfAdventure.cs".
         Copying file from "C:\RunUO\RunUO\Scripts\Mobiles\Townfolk\TownCrier.cs" to "C:\RunUO\RunUO\Distribution\Debug\net8.0\Scripts\Mobiles\Townfolk\TownCrier.cs".
         Copying file from "C:\RunUO\RunUO\Scripts\Mobiles\Vendors\AnimalBuy.cs" to "C:\RunUO\RunUO\Distribution\Debug\net8.0\Scripts\Mobiles\Vendors\AnimalBuy.cs".
         Copying file from "C:\RunUO\RunUO\Scripts\Mobiles\Vendors\BaseVendor.cs" to "C:\RunUO\RunUO\Distribution\Debug\net8.0\Scripts\Mobiles\Vendors\BaseVendor.cs".
         Copying file from "C:\RunUO\RunUO\Scripts\Mobiles\Vendors\BeverageBuy.cs" to "C:\RunUO\RunUO\Distribution\Debug\net8.0\Scripts\Mobiles\Vendors\BeverageBuy.cs".
         Copying file from "C:\RunUO\RunUO\Scripts\Mobiles\Vendors\GenericBuy.cs" to "C:\RunUO\RunUO\Distribution\Debug\net8.0\Scripts\Mobiles\Vendors\GenericBuy.cs".
         Copying file from "C:\RunUO\RunUO\Scripts\Mobiles\Vendors\NPC\Alchemist.cs" to "C:\RunUO\RunUO\Distribution\Debug\net8.0\Scripts\Mobiles\Vendors\NPC\Alchemist.cs".
         Copying file from "C:\RunUO\RunUO\Scripts\Mobiles\Vendors\GenericSell.cs" to "C:\RunUO\RunUO\Distribution\Debug\net8.0\Scripts\Mobiles\Vendors\GenericSell.cs".
         Copying file from "C:\RunUO\RunUO\Scripts\Mobiles\Vendors\NPC\AnimalTrainer.cs" to "C:\RunUO\RunUO\Distribution\Debug\net8.0\Scripts\Mobiles\Vendors\NPC\AnimalTrainer.cs".
         Copying file from "C:\RunUO\RunUO\Scripts\Mobiles\Vendors\NPC\Architect.cs" to "C:\RunUO\RunUO\Distribution\Debug\net8.0\Scripts\Mobiles\Vendors\NPC\Architect.cs".
         Copying file from "C:\RunUO\RunUO\Scripts\Mobiles\Vendors\NPC\Baker.cs" to "C:\RunUO\RunUO\Distribution\Debug\net8.0\Scripts\Mobiles\Vendors\NPC\Baker.cs".
         Copying file from "C:\RunUO\RunUO\Scripts\Mobiles\Vendors\NPC\Armorer.cs" to "C:\RunUO\RunUO\Distribution\Debug\net8.0\Scripts\Mobiles\Vendors\NPC\Armorer.cs".
         Copying file from "C:\RunUO\RunUO\Scripts\Mobiles\Vendors\NPC\Bard.cs" to "C:\RunUO\RunUO\Distribution\Debug\net8.0\Scripts\Mobiles\Vendors\NPC\Bard.cs".
         Copying file from "C:\RunUO\RunUO\Scripts\Mobiles\Vendors\NPC\Barkeeper.cs" to "C:\RunUO\RunUO\Distribution\Debug\net8.0\Scripts\Mobiles\Vendors\NPC\Barkeeper.cs".
         Copying file from "C:\RunUO\RunUO\Scripts\Mobiles\Vendors\NPC\Beekeeper.cs" to "C:\RunUO\RunUO\Distribution\Debug\net8.0\Scripts\Mobiles\Vendors\NPC\Beekeeper.cs".
         Copying file from "C:\RunUO\RunUO\Scripts\Mobiles\Vendors\NPC\Blacksmith.cs" to "C:\RunUO\RunUO\Distribution\Debug\net8.0\Scripts\Mobiles\Vendors\NPC\Blacksmith.cs".
         Copying file from "C:\RunUO\RunUO\Scripts\Mobiles\Vendors\NPC\Bowyer.cs" to "C:\RunUO\RunUO\Distribution\Debug\net8.0\Scripts\Mobiles\Vendors\NPC\Bowyer.cs".
         Copying file from "C:\RunUO\RunUO\Scripts\Mobiles\Vendors\NPC\Butcher.cs" to "C:\RunUO\RunUO\Distribution\Debug\net8.0\Scripts\Mobiles\Vendors\NPC\Butcher.cs".
         Copying file from "C:\RunUO\RunUO\Scripts\Mobiles\Vendors\NPC\Carpenter.cs" to "C:\RunUO\RunUO\Distribution\Debug\net8.0\Scripts\Mobiles\Vendors\NPC\Carpenter.cs".
         Copying file from "C:\RunUO\RunUO\Scripts\Mobiles\Vendors\NPC\Cobbler.cs" to "C:\RunUO\RunUO\Distribution\Debug\net8.0\Scripts\Mobiles\Vendors\NPC\Cobbler.cs".
         Copying file from "C:\RunUO\RunUO\Scripts\Mobiles\Vendors\NPC\Cook.cs" to "C:\RunUO\RunUO\Distribution\Debug\net8.0\Scripts\Mobiles\Vendors\NPC\Cook.cs".
         Copying file from "C:\RunUO\RunUO\Scripts\Mobiles\Vendors\NPC\CustomHairstylist.cs" to "C:\RunUO\RunUO\Distribution\Debug\net8.0\Scripts\Mobiles\Vendors\NPC\CustomHairstylist.cs".
         Copying file from "C:\RunUO\RunUO\Scripts\Mobiles\Vendors\NPC\Farmer.cs" to "C:\RunUO\RunUO\Distribution\Debug\net8.0\Scripts\Mobiles\Vendors\NPC\Farmer.cs".
         Copying file from "C:\RunUO\RunUO\Scripts\Mobiles\Vendors\NPC\Fisherman.cs" to "C:\RunUO\RunUO\Distribution\Debug\net8.0\Scripts\Mobiles\Vendors\NPC\Fisherman.cs".
         Copying file from "C:\RunUO\RunUO\Scripts\Mobiles\Vendors\NPC\Furtrader.cs" to "C:\RunUO\RunUO\Distribution\Debug\net8.0\Scripts\Mobiles\Vendors\NPC\Furtrader.cs".
         Copying file from "C:\RunUO\RunUO\Scripts\Mobiles\Vendors\NPC\Glassblower.cs" to "C:\RunUO\RunUO\Distribution\Debug\net8.0\Scripts\Mobiles\Vendors\NPC\Glassblower.cs".
         Copying file from "C:\RunUO\RunUO\Scripts\Mobiles\Vendors\NPC\GolemCrafter.cs" to "C:\RunUO\RunUO\Distribution\Debug\net8.0\Scripts\Mobiles\Vendors\NPC\GolemCrafter.cs".
         Copying file from "C:\RunUO\RunUO\Scripts\Mobiles\Vendors\NPC\Guildmasters\BardGuildmaster.cs" to "C:\RunUO\RunUO\Distribution\Debug\net8.0\Scripts\Mobiles\Vendors\NPC\Guildmasters\BardGuildmaster.cs".
         Copying file from "C:\RunUO\RunUO\Scripts\Mobiles\Vendors\NPC\Guildmasters\BaseGuildmaster.cs" to "C:\RunUO\RunUO\Distribution\Debug\net8.0\Scripts\Mobiles\Vendors\NPC\Guildmasters\BaseGuildmaster.cs".
         Copying file from "C:\RunUO\RunUO\Scripts\Mobiles\Vendors\NPC\Guildmasters\BlacksmithGuildmaster.cs" to "C:\RunUO\RunUO\Distribution\Debug\net8.0\Scripts\Mobiles\Vendors\NPC\Guildmasters\BlacksmithGuildmaster.cs".
         Copying file from "C:\RunUO\RunUO\Scripts\Mobiles\Vendors\NPC\Guildmasters\HealerGuildmaster.cs" to "C:\RunUO\RunUO\Distribution\Debug\net8.0\Scripts\Mobiles\Vendors\NPC\Guildmasters\HealerGuildmaster.cs".
         Copying file from "C:\RunUO\RunUO\Scripts\Mobiles\Vendors\NPC\Guildmasters\FisherGuildmaster.cs" to "C:\RunUO\RunUO\Distribution\Debug\net8.0\Scripts\Mobiles\Vendors\NPC\Guildmasters\FisherGuildmaster.cs".
         Copying file from "C:\RunUO\RunUO\Scripts\Mobiles\Vendors\NPC\Guildmasters\MageGuildmaster.cs" to "C:\RunUO\RunUO\Distribution\Debug\net8.0\Scripts\Mobiles\Vendors\NPC\Guildmasters\MageGuildmaster.cs".
         Copying file from "C:\RunUO\RunUO\Scripts\Mobiles\Vendors\NPC\Guildmasters\MerchantGuildmaster.cs" to "C:\RunUO\RunUO\Distribution\Debug\net8.0\Scripts\Mobiles\Vendors\NPC\Guildmasters\MerchantGuildmaster.cs".
         Copying file from "C:\RunUO\RunUO\Scripts\Mobiles\Vendors\NPC\Guildmasters\RangerGuildmaster.cs" to "C:\RunUO\RunUO\Distribution\Debug\net8.0\Scripts\Mobiles\Vendors\NPC\Guildmasters\RangerGuildmaster.cs".
         Copying file from "C:\RunUO\RunUO\Scripts\Mobiles\Vendors\NPC\Guildmasters\MinerGuildmaster.cs" to "C:\RunUO\RunUO\Distribution\Debug\net8.0\Scripts\Mobiles\Vendors\NPC\Guildmasters\MinerGuildmaster.cs".
         Copying file from "C:\RunUO\RunUO\Scripts\Mobiles\Vendors\NPC\Guildmasters\TailorGuildmaster.cs" to "C:\RunUO\RunUO\Distribution\Debug\net8.0\Scripts\Mobiles\Vendors\NPC\Guildmasters\TailorGuildmaster.cs".
         Copying file from "C:\RunUO\RunUO\Scripts\Mobiles\Vendors\NPC\Guildmasters\ThiefGuildmaster.cs" to "C:\RunUO\RunUO\Distribution\Debug\net8.0\Scripts\Mobiles\Vendors\NPC\Guildmasters\ThiefGuildmaster.cs".
         Copying file from "C:\RunUO\RunUO\Scripts\Mobiles\Vendors\NPC\Guildmasters\TinkerGuildmaster.cs" to "C:\RunUO\RunUO\Distribution\Debug\net8.0\Scripts\Mobiles\Vendors\NPC\Guildmasters\TinkerGuildmaster.cs".
         Copying file from "C:\RunUO\RunUO\Scripts\Mobiles\Vendors\NPC\Guildmasters\WarriorGuildmaster.cs" to "C:\RunUO\RunUO\Distribution\Debug\net8.0\Scripts\Mobiles\Vendors\NPC\Guildmasters\WarriorGuildmaster.cs".
         Copying file from "C:\RunUO\RunUO\Scripts\Mobiles\Vendors\NPC\GypsyAnimalTrainer.cs" to "C:\RunUO\RunUO\Distribution\Debug\net8.0\Scripts\Mobiles\Vendors\NPC\GypsyAnimalTrainer.cs".
         Copying file from "C:\RunUO\RunUO\Scripts\Mobiles\Vendors\NPC\GypsyBanker.cs" to "C:\RunUO\RunUO\Distribution\Debug\net8.0\Scripts\Mobiles\Vendors\NPC\GypsyBanker.cs".
         Copying file from "C:\RunUO\RunUO\Scripts\Mobiles\Vendors\NPC\GypsyMaiden.cs" to "C:\RunUO\RunUO\Distribution\Debug\net8.0\Scripts\Mobiles\Vendors\NPC\GypsyMaiden.cs".
         Copying file from "C:\RunUO\RunUO\Scripts\Mobiles\Vendors\NPC\HairStylist.cs" to "C:\RunUO\RunUO\Distribution\Debug\net8.0\Scripts\Mobiles\Vendors\NPC\HairStylist.cs".
         Copying file from "C:\RunUO\RunUO\Scripts\Mobiles\Vendors\NPC\Herbalist.cs" to "C:\RunUO\RunUO\Distribution\Debug\net8.0\Scripts\Mobiles\Vendors\NPC\Herbalist.cs".
         Copying file from "C:\RunUO\RunUO\Scripts\Mobiles\Vendors\NPC\HolyMage.cs" to "C:\RunUO\RunUO\Distribution\Debug\net8.0\Scripts\Mobiles\Vendors\NPC\HolyMage.cs".
         Copying file from "C:\RunUO\RunUO\Scripts\Mobiles\Vendors\NPC\InnKeeper.cs" to "C:\RunUO\RunUO\Distribution\Debug\net8.0\Scripts\Mobiles\Vendors\NPC\InnKeeper.cs".
         Copying file from "C:\RunUO\RunUO\Scripts\Mobiles\Vendors\NPC\IronWorker.cs" to "C:\RunUO\RunUO\Distribution\Debug\net8.0\Scripts\Mobiles\Vendors\NPC\IronWorker.cs".
         Copying file from "C:\RunUO\RunUO\Scripts\Mobiles\Vendors\NPC\Jeweler.cs" to "C:\RunUO\RunUO\Distribution\Debug\net8.0\Scripts\Mobiles\Vendors\NPC\Jeweler.cs".
         Copying file from "C:\RunUO\RunUO\Scripts\Mobiles\Vendors\NPC\LeatherWorker.cs" to "C:\RunUO\RunUO\Distribution\Debug\net8.0\Scripts\Mobiles\Vendors\NPC\LeatherWorker.cs".
         Copying file from "C:\RunUO\RunUO\Scripts\Mobiles\Vendors\NPC\KeeperOfChivalry.cs" to "C:\RunUO\RunUO\Distribution\Debug\net8.0\Scripts\Mobiles\Vendors\NPC\KeeperOfChivalry.cs".
         Copying file from "C:\RunUO\RunUO\Scripts\Mobiles\Vendors\NPC\Mage.cs" to "C:\RunUO\RunUO\Distribution\Debug\net8.0\Scripts\Mobiles\Vendors\NPC\Mage.cs".
         Copying file from "C:\RunUO\RunUO\Scripts\Mobiles\Vendors\NPC\Mapmaker.cs" to "C:\RunUO\RunUO\Distribution\Debug\net8.0\Scripts\Mobiles\Vendors\NPC\Mapmaker.cs".
         Copying file from "C:\RunUO\RunUO\Scripts\Mobiles\Vendors\NPC\Miller.cs" to "C:\RunUO\RunUO\Distribution\Debug\net8.0\Scripts\Mobiles\Vendors\NPC\Miller.cs".
         Copying file from "C:\RunUO\RunUO\Scripts\Mobiles\Vendors\NPC\Miner.cs" to "C:\RunUO\RunUO\Distribution\Debug\net8.0\Scripts\Mobiles\Vendors\NPC\Miner.cs".
         Copying file from "C:\RunUO\RunUO\Scripts\Mobiles\Vendors\NPC\Monk.cs" to "C:\RunUO\RunUO\Distribution\Debug\net8.0\Scripts\Mobiles\Vendors\NPC\Monk.cs".
         Copying file from "C:\RunUO\RunUO\Scripts\Mobiles\Vendors\NPC\Provisioner.cs" to "C:\RunUO\RunUO\Distribution\Debug\net8.0\Scripts\Mobiles\Vendors\NPC\Provisioner.cs".
         Copying file from "C:\RunUO\RunUO\Scripts\Mobiles\Vendors\NPC\Rancher.cs" to "C:\RunUO\RunUO\Distribution\Debug\net8.0\Scripts\Mobiles\Vendors\NPC\Rancher.cs".
         Copying file from "C:\RunUO\RunUO\Scripts\Mobiles\Vendors\NPC\Ranger.cs" to "C:\RunUO\RunUO\Distribution\Debug\net8.0\Scripts\Mobiles\Vendors\NPC\Ranger.cs".
         Copying file from "C:\RunUO\RunUO\Scripts\Mobiles\Vendors\NPC\RealEstateBroker.cs" to "C:\RunUO\RunUO\Distribution\Debug\net8.0\Scripts\Mobiles\Vendors\NPC\RealEstateBroker.cs".
         Copying file from "C:\RunUO\RunUO\Scripts\Mobiles\Vendors\NPC\Scribe.cs" to "C:\RunUO\RunUO\Distribution\Debug\net8.0\Scripts\Mobiles\Vendors\NPC\Scribe.cs".
         Copying file from "C:\RunUO\RunUO\Scripts\Mobiles\Vendors\NPC\Shipwright.cs" to "C:\RunUO\RunUO\Distribution\Debug\net8.0\Scripts\Mobiles\Vendors\NPC\Shipwright.cs".
         Copying file from "C:\RunUO\RunUO\Scripts\Mobiles\Vendors\NPC\StoneCrafter.cs" to "C:\RunUO\RunUO\Distribution\Debug\net8.0\Scripts\Mobiles\Vendors\NPC\StoneCrafter.cs".
         Copying file from "C:\RunUO\RunUO\Scripts\Mobiles\Vendors\NPC\Tailor.cs" to "C:\RunUO\RunUO\Distribution\Debug\net8.0\Scripts\Mobiles\Vendors\NPC\Tailor.cs".
         Copying file from "C:\RunUO\RunUO\Scripts\Mobiles\Vendors\NPC\Tanner.cs" to "C:\RunUO\RunUO\Distribution\Debug\net8.0\Scripts\Mobiles\Vendors\NPC\Tanner.cs".
         Copying file from "C:\RunUO\RunUO\Scripts\Mobiles\Vendors\NPC\TavernKeeper.cs" to "C:\RunUO\RunUO\Distribution\Debug\net8.0\Scripts\Mobiles\Vendors\NPC\TavernKeeper.cs".
         Copying file from "C:\RunUO\RunUO\Scripts\Mobiles\Vendors\NPC\Thief.cs" to "C:\RunUO\RunUO\Distribution\Debug\net8.0\Scripts\Mobiles\Vendors\NPC\Thief.cs".
         Copying file from "C:\RunUO\RunUO\Scripts\Mobiles\Vendors\NPC\Tinker.cs" to "C:\RunUO\RunUO\Distribution\Debug\net8.0\Scripts\Mobiles\Vendors\NPC\Tinker.cs".
         Copying file from "C:\RunUO\RunUO\Scripts\Mobiles\Vendors\NPC\Vagabond.cs" to "C:\RunUO\RunUO\Distribution\Debug\net8.0\Scripts\Mobiles\Vendors\NPC\Vagabond.cs".
         Copying file from "C:\RunUO\RunUO\Scripts\Mobiles\Vendors\NPC\VarietyDealer.cs" to "C:\RunUO\RunUO\Distribution\Debug\net8.0\Scripts\Mobiles\Vendors\NPC\VarietyDealer.cs".
         Copying file from "C:\RunUO\RunUO\Scripts\Mobiles\Vendors\NPC\Veterinarian.cs" to "C:\RunUO\RunUO\Distribution\Debug\net8.0\Scripts\Mobiles\Vendors\NPC\Veterinarian.cs".
         Copying file from "C:\RunUO\RunUO\Scripts\Mobiles\Vendors\NPC\Waiter.cs" to "C:\RunUO\RunUO\Distribution\Debug\net8.0\Scripts\Mobiles\Vendors\NPC\Waiter.cs".
         Copying file from "C:\RunUO\RunUO\Scripts\Mobiles\Vendors\NPC\Weaponsmith.cs" to "C:\RunUO\RunUO\Distribution\Debug\net8.0\Scripts\Mobiles\Vendors\NPC\Weaponsmith.cs".
         Copying file from "C:\RunUO\RunUO\Scripts\Mobiles\Vendors\NPC\Weaver.cs" to "C:\RunUO\RunUO\Distribution\Debug\net8.0\Scripts\Mobiles\Vendors\NPC\Weaver.cs".
         Copying file from "C:\RunUO\RunUO\Scripts\Mobiles\Vendors\PlayerBarkeeper.cs" to "C:\RunUO\RunUO\Distribution\Debug\net8.0\Scripts\Mobiles\Vendors\PlayerBarkeeper.cs".
         Copying file from "C:\RunUO\RunUO\Scripts\Mobiles\Vendors\PlayerVendor.cs" to "C:\RunUO\RunUO\Distribution\Debug\net8.0\Scripts\Mobiles\Vendors\PlayerVendor.cs".
         Copying file from "C:\RunUO\RunUO\Scripts\Mobiles\Vendors\PresetMapBuy.cs" to "C:\RunUO\RunUO\Distribution\Debug\net8.0\Scripts\Mobiles\Vendors\PresetMapBuy.cs".
         Copying file from "C:\RunUO\RunUO\Scripts\Mobiles\Vendors\RentedVendor.cs" to "C:\RunUO\RunUO\Distribution\Debug\net8.0\Scripts\Mobiles\Vendors\RentedVendor.cs".
         Copying file from "C:\RunUO\RunUO\Scripts\Mobiles\Vendors\SBInfo\Armors\SBChainmailArmor.cs" to "C:\RunUO\RunUO\Distribution\Debug\net8.0\Scripts\Mobiles\Vendors\SBInfo\Armors\SBChainmailArmor.cs".
         Copying file from "C:\RunUO\RunUO\Scripts\Mobiles\Vendors\SBInfo\Armors\SBHelmetArmor.cs" to "C:\RunUO\RunUO\Distribution\Debug\net8.0\Scripts\Mobiles\Vendors\SBInfo\Armors\SBHelmetArmor.cs".
         Copying file from "C:\RunUO\RunUO\Scripts\Mobiles\Vendors\SBInfo\Armors\SBLeatherArmor.cs" to "C:\RunUO\RunUO\Distribution\Debug\net8.0\Scripts\Mobiles\Vendors\SBInfo\Armors\SBLeatherArmor.cs".
         Copying file from "C:\RunUO\RunUO\Scripts\Mobiles\Vendors\SBInfo\Armors\SBMetalShields.cs" to "C:\RunUO\RunUO\Distribution\Debug\net8.0\Scripts\Mobiles\Vendors\SBInfo\Armors\SBMetalShields.cs".
         Copying file from "C:\RunUO\RunUO\Scripts\Mobiles\Vendors\SBInfo\Armors\SBPlateArmor.cs" to "C:\RunUO\RunUO\Distribution\Debug\net8.0\Scripts\Mobiles\Vendors\SBInfo\Armors\SBPlateArmor.cs".
         Copying file from "C:\RunUO\RunUO\Scripts\Mobiles\Vendors\SBInfo\Armors\SBRingmailArmor.cs" to "C:\RunUO\RunUO\Distribution\Debug\net8.0\Scripts\Mobiles\Vendors\SBInfo\Armors\SBRingmailArmor.cs".
         Copying file from "C:\RunUO\RunUO\Scripts\Mobiles\Vendors\SBInfo\Armors\SBStuddedArmor.cs" to "C:\RunUO\RunUO\Distribution\Debug\net8.0\Scripts\Mobiles\Vendors\SBInfo\Armors\SBStuddedArmor.cs".
         Copying file from "C:\RunUO\RunUO\Scripts\Mobiles\Vendors\SBInfo\Armors\SBWoodenShields.cs" to "C:\RunUO\RunUO\Distribution\Debug\net8.0\Scripts\Mobiles\Vendors\SBInfo\Armors\SBWoodenShields.cs".
         Copying file from "C:\RunUO\RunUO\Scripts\Mobiles\Vendors\SBInfo\SBAlchemist.cs" to "C:\RunUO\RunUO\Distribution\Debug\net8.0\Scripts\Mobiles\Vendors\SBInfo\SBAlchemist.cs".
         Copying file from "C:\RunUO\RunUO\Scripts\Mobiles\Vendors\SBInfo\SBAnimalTrainer.cs" to "C:\RunUO\RunUO\Distribution\Debug\net8.0\Scripts\Mobiles\Vendors\SBInfo\SBAnimalTrainer.cs".
         Copying file from "C:\RunUO\RunUO\Scripts\Mobiles\Vendors\SBInfo\SBArchitect.cs" to "C:\RunUO\RunUO\Distribution\Debug\net8.0\Scripts\Mobiles\Vendors\SBInfo\SBArchitect.cs".
         Copying file from "C:\RunUO\RunUO\Scripts\Mobiles\Vendors\SBInfo\SBBaker.cs" to "C:\RunUO\RunUO\Distribution\Debug\net8.0\Scripts\Mobiles\Vendors\SBInfo\SBBaker.cs".
         Copying file from "C:\RunUO\RunUO\Scripts\Mobiles\Vendors\SBInfo\SBBanker.cs" to "C:\RunUO\RunUO\Distribution\Debug\net8.0\Scripts\Mobiles\Vendors\SBInfo\SBBanker.cs".
         Copying file from "C:\RunUO\RunUO\Scripts\Mobiles\Vendors\SBInfo\SBBard.cs" to "C:\RunUO\RunUO\Distribution\Debug\net8.0\Scripts\Mobiles\Vendors\SBInfo\SBBard.cs".
         Copying file from "C:\RunUO\RunUO\Scripts\Mobiles\Vendors\SBInfo\SBBarkeeper.cs" to "C:\RunUO\RunUO\Distribution\Debug\net8.0\Scripts\Mobiles\Vendors\SBInfo\SBBarkeeper.cs".
         Copying file from "C:\RunUO\RunUO\Scripts\Mobiles\Vendors\SBInfo\SBBeekeeper.cs" to "C:\RunUO\RunUO\Distribution\Debug\net8.0\Scripts\Mobiles\Vendors\SBInfo\SBBeekeeper.cs".
         Copying file from "C:\RunUO\RunUO\Scripts\Mobiles\Vendors\SBInfo\SBBlacksmith.cs" to "C:\RunUO\RunUO\Distribution\Debug\net8.0\Scripts\Mobiles\Vendors\SBInfo\SBBlacksmith.cs".
         Copying file from "C:\RunUO\RunUO\Scripts\Mobiles\Vendors\SBInfo\SBBowyer.cs" to "C:\RunUO\RunUO\Distribution\Debug\net8.0\Scripts\Mobiles\Vendors\SBInfo\SBBowyer.cs".
         Copying file from "C:\RunUO\RunUO\Scripts\Mobiles\Vendors\SBInfo\SBButcher.cs" to "C:\RunUO\RunUO\Distribution\Debug\net8.0\Scripts\Mobiles\Vendors\SBInfo\SBButcher.cs".
         Copying file from "C:\RunUO\RunUO\Scripts\Mobiles\Vendors\SBInfo\SBCarpenter.cs" to "C:\RunUO\RunUO\Distribution\Debug\net8.0\Scripts\Mobiles\Vendors\SBInfo\SBCarpenter.cs".
         Copying file from "C:\RunUO\RunUO\Scripts\Mobiles\Vendors\SBInfo\SBCobbler.cs" to "C:\RunUO\RunUO\Distribution\Debug\net8.0\Scripts\Mobiles\Vendors\SBInfo\SBCobbler.cs".
         Copying file from "C:\RunUO\RunUO\Scripts\Mobiles\Vendors\SBInfo\SBCook.cs" to "C:\RunUO\RunUO\Distribution\Debug\net8.0\Scripts\Mobiles\Vendors\SBInfo\SBCook.cs".
         Copying file from "C:\RunUO\RunUO\Scripts\Mobiles\Vendors\SBInfo\SBFarmer.cs" to "C:\RunUO\RunUO\Distribution\Debug\net8.0\Scripts\Mobiles\Vendors\SBInfo\SBFarmer.cs".
         Copying file from "C:\RunUO\RunUO\Scripts\Mobiles\Vendors\SBInfo\SBFisherman.cs" to "C:\RunUO\RunUO\Distribution\Debug\net8.0\Scripts\Mobiles\Vendors\SBInfo\SBFisherman.cs".
         Copying file from "C:\RunUO\RunUO\Scripts\Mobiles\Vendors\SBInfo\SBFortuneTeller.cs" to "C:\RunUO\RunUO\Distribution\Debug\net8.0\Scripts\Mobiles\Vendors\SBInfo\SBFortuneTeller.cs".
         Copying file from "C:\RunUO\RunUO\Scripts\Mobiles\Vendors\SBInfo\SBFurtrader.cs" to "C:\RunUO\RunUO\Distribution\Debug\net8.0\Scripts\Mobiles\Vendors\SBInfo\SBFurtrader.cs".
         Copying file from "C:\RunUO\RunUO\Scripts\Mobiles\Vendors\SBInfo\SBGlassblower.cs" to "C:\RunUO\RunUO\Distribution\Debug\net8.0\Scripts\Mobiles\Vendors\SBInfo\SBGlassblower.cs".
         Copying file from "C:\RunUO\RunUO\Scripts\Mobiles\Vendors\SBInfo\SBHealer.cs" to "C:\RunUO\RunUO\Distribution\Debug\net8.0\Scripts\Mobiles\Vendors\SBInfo\SBHealer.cs".
         Copying file from "C:\RunUO\RunUO\Scripts\Mobiles\Vendors\SBInfo\SBHairStylist.cs" to "C:\RunUO\RunUO\Distribution\Debug\net8.0\Scripts\Mobiles\Vendors\SBInfo\SBHairStylist.cs".
         Copying file from "C:\RunUO\RunUO\Scripts\Mobiles\Vendors\SBInfo\SBHerbalist.cs" to "C:\RunUO\RunUO\Distribution\Debug\net8.0\Scripts\Mobiles\Vendors\SBInfo\SBHerbalist.cs".
         Copying file from "C:\RunUO\RunUO\Scripts\Mobiles\Vendors\SBInfo\SBHolyMage.cs" to "C:\RunUO\RunUO\Distribution\Debug\net8.0\Scripts\Mobiles\Vendors\SBInfo\SBHolyMage.cs".
         Copying file from "C:\RunUO\RunUO\Scripts\Mobiles\Vendors\SBInfo\SBHouseDeed.cs" to "C:\RunUO\RunUO\Distribution\Debug\net8.0\Scripts\Mobiles\Vendors\SBInfo\SBHouseDeed.cs".
         Copying file from "C:\RunUO\RunUO\Scripts\Mobiles\Vendors\SBInfo\SBInfo.cs" to "C:\RunUO\RunUO\Distribution\Debug\net8.0\Scripts\Mobiles\Vendors\SBInfo\SBInfo.cs".
         Copying file from "C:\RunUO\RunUO\Scripts\Mobiles\Vendors\SBInfo\SBInnKeeper.cs" to "C:\RunUO\RunUO\Distribution\Debug\net8.0\Scripts\Mobiles\Vendors\SBInfo\SBInnKeeper.cs".
         Copying file from "C:\RunUO\RunUO\Scripts\Mobiles\Vendors\SBInfo\SBJewel.cs" to "C:\RunUO\RunUO\Distribution\Debug\net8.0\Scripts\Mobiles\Vendors\SBInfo\SBJewel.cs".
         Copying file from "C:\RunUO\RunUO\Scripts\Mobiles\Vendors\SBInfo\SBKeeperOfChivalry.cs" to "C:\RunUO\RunUO\Distribution\Debug\net8.0\Scripts\Mobiles\Vendors\SBInfo\SBKeeperOfChivalry.cs".
         Copying file from "C:\RunUO\RunUO\Scripts\Mobiles\Vendors\SBInfo\SBLeatherWorker.cs" to "C:\RunUO\RunUO\Distribution\Debug\net8.0\Scripts\Mobiles\Vendors\SBInfo\SBLeatherWorker.cs".
         Copying file from "C:\RunUO\RunUO\Scripts\Mobiles\Vendors\SBInfo\SBMage.cs" to "C:\RunUO\RunUO\Distribution\Debug\net8.0\Scripts\Mobiles\Vendors\SBInfo\SBMage.cs".
         Copying file from "C:\RunUO\RunUO\Scripts\Mobiles\Vendors\SBInfo\SBMapmaker.cs" to "C:\RunUO\RunUO\Distribution\Debug\net8.0\Scripts\Mobiles\Vendors\SBInfo\SBMapmaker.cs".
         Copying file from "C:\RunUO\RunUO\Scripts\Mobiles\Vendors\SBInfo\SBMiller.cs" to "C:\RunUO\RunUO\Distribution\Debug\net8.0\Scripts\Mobiles\Vendors\SBInfo\SBMiller.cs".
         Copying file from "C:\RunUO\RunUO\Scripts\Mobiles\Vendors\SBInfo\SBMiner.cs" to "C:\RunUO\RunUO\Distribution\Debug\net8.0\Scripts\Mobiles\Vendors\SBInfo\SBMiner.cs".
         Copying file from "C:\RunUO\RunUO\Scripts\Mobiles\Vendors\SBInfo\SBMonk.cs" to "C:\RunUO\RunUO\Distribution\Debug\net8.0\Scripts\Mobiles\Vendors\SBInfo\SBMonk.cs".
         Copying file from "C:\RunUO\RunUO\Scripts\Mobiles\Vendors\SBInfo\SBNinja.cs" to "C:\RunUO\RunUO\Distribution\Debug\net8.0\Scripts\Mobiles\Vendors\SBInfo\SBNinja.cs".
         Copying file from "C:\RunUO\RunUO\Scripts\Mobiles\Vendors\SBInfo\SBPlayerBarkeeper.cs" to "C:\RunUO\RunUO\Distribution\Debug\net8.0\Scripts\Mobiles\Vendors\SBInfo\SBPlayerBarkeeper.cs".
         Copying file from "C:\RunUO\RunUO\Scripts\Mobiles\Vendors\SBInfo\SBProvisioner.cs" to "C:\RunUO\RunUO\Distribution\Debug\net8.0\Scripts\Mobiles\Vendors\SBInfo\SBProvisioner.cs".
         Copying file from "C:\RunUO\RunUO\Scripts\Mobiles\Vendors\SBInfo\SBRancher.cs" to "C:\RunUO\RunUO\Distribution\Debug\net8.0\Scripts\Mobiles\Vendors\SBInfo\SBRancher.cs".
         Copying file from "C:\RunUO\RunUO\Scripts\Mobiles\Vendors\SBInfo\SBRanger.cs" to "C:\RunUO\RunUO\Distribution\Debug\net8.0\Scripts\Mobiles\Vendors\SBInfo\SBRanger.cs".
         Copying file from "C:\RunUO\RunUO\Scripts\Mobiles\Vendors\SBInfo\SBRealEstateBroker.cs" to "C:\RunUO\RunUO\Distribution\Debug\net8.0\Scripts\Mobiles\Vendors\SBInfo\SBRealEstateBroker.cs".
         Copying file from "C:\RunUO\RunUO\Scripts\Mobiles\Vendors\SBInfo\SBSamurai.cs" to "C:\RunUO\RunUO\Distribution\Debug\net8.0\Scripts\Mobiles\Vendors\SBInfo\SBSamurai.cs".
         Copying file from "C:\RunUO\RunUO\Scripts\Mobiles\Vendors\SBInfo\SBScribe.cs" to "C:\RunUO\RunUO\Distribution\Debug\net8.0\Scripts\Mobiles\Vendors\SBInfo\SBScribe.cs".
         Copying file from "C:\RunUO\RunUO\Scripts\Mobiles\Vendors\SBInfo\SBSECook.cs" to "C:\RunUO\RunUO\Distribution\Debug\net8.0\Scripts\Mobiles\Vendors\SBInfo\SBSECook.cs".
         Copying file from "C:\RunUO\RunUO\Scripts\Mobiles\Vendors\SBInfo\SBSEHats.cs" to "C:\RunUO\RunUO\Distribution\Debug\net8.0\Scripts\Mobiles\Vendors\SBInfo\SBSEHats.cs".
         Copying file from "C:\RunUO\RunUO\Scripts\Mobiles\Vendors\SBInfo\SBShipwright.cs" to "C:\RunUO\RunUO\Distribution\Debug\net8.0\Scripts\Mobiles\Vendors\SBInfo\SBShipwright.cs".
         Copying file from "C:\RunUO\RunUO\Scripts\Mobiles\Vendors\SBInfo\SBStoneCrafter.cs" to "C:\RunUO\RunUO\Distribution\Debug\net8.0\Scripts\Mobiles\Vendors\SBInfo\SBStoneCrafter.cs".
         Copying file from "C:\RunUO\RunUO\Scripts\Mobiles\Vendors\SBInfo\SBSmithTools.cs" to "C:\RunUO\RunUO\Distribution\Debug\net8.0\Scripts\Mobiles\Vendors\SBInfo\SBSmithTools.cs".
         Copying file from "C:\RunUO\RunUO\Scripts\Mobiles\Vendors\SBInfo\SBTailor.cs" to "C:\RunUO\RunUO\Distribution\Debug\net8.0\Scripts\Mobiles\Vendors\SBInfo\SBTailor.cs".
         Copying file from "C:\RunUO\RunUO\Scripts\Mobiles\Vendors\SBInfo\SBTanner.cs" to "C:\RunUO\RunUO\Distribution\Debug\net8.0\Scripts\Mobiles\Vendors\SBInfo\SBTanner.cs".
         Copying file from "C:\RunUO\RunUO\Scripts\Mobiles\Vendors\SBInfo\SBTavernKeeper.cs" to "C:\RunUO\RunUO\Distribution\Debug\net8.0\Scripts\Mobiles\Vendors\SBInfo\SBTavernKeeper.cs".
         Copying file from "C:\RunUO\RunUO\Scripts\Mobiles\Vendors\SBInfo\SBTinker.cs" to "C:\RunUO\RunUO\Distribution\Debug\net8.0\Scripts\Mobiles\Vendors\SBInfo\SBTinker.cs".
         Copying file from "C:\RunUO\RunUO\Scripts\Mobiles\Vendors\SBInfo\SBThief.cs" to "C:\RunUO\RunUO\Distribution\Debug\net8.0\Scripts\Mobiles\Vendors\SBInfo\SBThief.cs".
         Copying file from "C:\RunUO\RunUO\Scripts\Mobiles\Vendors\SBInfo\SBVagabond.cs" to "C:\RunUO\RunUO\Distribution\Debug\net8.0\Scripts\Mobiles\Vendors\SBInfo\SBVagabond.cs".
         Copying file from "C:\RunUO\RunUO\Scripts\Mobiles\Vendors\SBInfo\SBVarietyDealer.cs" to "C:\RunUO\RunUO\Distribution\Debug\net8.0\Scripts\Mobiles\Vendors\SBInfo\SBVarietyDealer.cs".
         Copying file from "C:\RunUO\RunUO\Scripts\Mobiles\Vendors\SBInfo\SBVeterinarian.cs" to "C:\RunUO\RunUO\Distribution\Debug\net8.0\Scripts\Mobiles\Vendors\SBInfo\SBVeterinarian.cs".
         Copying file from "C:\RunUO\RunUO\Scripts\Mobiles\Vendors\SBInfo\SBWaiter.cs" to "C:\RunUO\RunUO\Distribution\Debug\net8.0\Scripts\Mobiles\Vendors\SBInfo\SBWaiter.cs".
         Copying file from "C:\RunUO\RunUO\Scripts\Mobiles\Vendors\SBInfo\SBWeaver.cs" to "C:\RunUO\RunUO\Distribution\Debug\net8.0\Scripts\Mobiles\Vendors\SBInfo\SBWeaver.cs".
         Copying file from "C:\RunUO\RunUO\Scripts\Mobiles\Vendors\SBInfo\SE\SBSEArmor.cs" to "C:\RunUO\RunUO\Distribution\Debug\net8.0\Scripts\Mobiles\Vendors\SBInfo\SE\SBSEArmor.cs".
         Copying file from "C:\RunUO\RunUO\Scripts\Mobiles\Vendors\SBInfo\SBWeaponSmith.cs" to "C:\RunUO\RunUO\Distribution\Debug\net8.0\Scripts\Mobiles\Vendors\SBInfo\SBWeaponSmith.cs".
         Copying file from "C:\RunUO\RunUO\Scripts\Mobiles\Vendors\SBInfo\SE\SBSEBowyer.cs" to "C:\RunUO\RunUO\Distribution\Debug\net8.0\Scripts\Mobiles\Vendors\SBInfo\SE\SBSEBowyer.cs".
         Copying file from "C:\RunUO\RunUO\Scripts\Mobiles\Vendors\SBInfo\SE\SBSECarpenter.cs" to "C:\RunUO\RunUO\Distribution\Debug\net8.0\Scripts\Mobiles\Vendors\SBInfo\SE\SBSECarpenter.cs".
         Copying file from "C:\RunUO\RunUO\Scripts\Mobiles\Vendors\SBInfo\SE\SBSEFood.cs" to "C:\RunUO\RunUO\Distribution\Debug\net8.0\Scripts\Mobiles\Vendors\SBInfo\SE\SBSEFood.cs".
         Copying file from "C:\RunUO\RunUO\Scripts\Mobiles\Vendors\SBInfo\SE\SBSELeatherArmor.cs" to "C:\RunUO\RunUO\Distribution\Debug\net8.0\Scripts\Mobiles\Vendors\SBInfo\SE\SBSELeatherArmor.cs".
         Copying file from "C:\RunUO\RunUO\Scripts\Mobiles\Vendors\SBInfo\Weapons\SBAxeWeapon.cs" to "C:\RunUO\RunUO\Distribution\Debug\net8.0\Scripts\Mobiles\Vendors\SBInfo\Weapons\SBAxeWeapon.cs".
         Copying file from "C:\RunUO\RunUO\Scripts\Mobiles\Vendors\SBInfo\Weapons\SBKnifeWeapon.cs" to "C:\RunUO\RunUO\Distribution\Debug\net8.0\Scripts\Mobiles\Vendors\SBInfo\Weapons\SBKnifeWeapon.cs".
         Copying file from "C:\RunUO\RunUO\Scripts\Mobiles\Vendors\SBInfo\SE\SBSEWeapons.cs" to "C:\RunUO\RunUO\Distribution\Debug\net8.0\Scripts\Mobiles\Vendors\SBInfo\SE\SBSEWeapons.cs".
         Copying file from "C:\RunUO\RunUO\Scripts\Mobiles\Vendors\SBInfo\Weapons\SBMaceWeapon.cs" to "C:\RunUO\RunUO\Distribution\Debug\net8.0\Scripts\Mobiles\Vendors\SBInfo\Weapons\SBMaceWeapon.cs".
         Copying file from "C:\RunUO\RunUO\Scripts\Mobiles\Vendors\SBInfo\Weapons\SBPoleArmWeapon.cs" to "C:\RunUO\RunUO\Distribution\Debug\net8.0\Scripts\Mobiles\Vendors\SBInfo\Weapons\SBPoleArmWeapon.cs".
         Copying file from "C:\RunUO\RunUO\Scripts\Mobiles\Vendors\SBInfo\Weapons\SBRangedWeapon.cs" to "C:\RunUO\RunUO\Distribution\Debug\net8.0\Scripts\Mobiles\Vendors\SBInfo\Weapons\SBRangedWeapon.cs".
         Copying file from "C:\RunUO\RunUO\Scripts\Mobiles\Vendors\SBInfo\Weapons\SBSpearForkWeapon.cs" to "C:\RunUO\RunUO\Distribution\Debug\net8.0\Scripts\Mobiles\Vendors\SBInfo\Weapons\SBSpearForkWeapon.cs".
         Copying file from "C:\RunUO\RunUO\Scripts\Mobiles\Vendors\SBInfo\Weapons\SBStavesWeapon.cs" to "C:\RunUO\RunUO\Distribution\Debug\net8.0\Scripts\Mobiles\Vendors\SBInfo\Weapons\SBStavesWeapon.cs".
         Copying file from "C:\RunUO\RunUO\Scripts\Mobiles\Vendors\SBInfo\Weapons\SBSwordWeapon.cs" to "C:\RunUO\RunUO\Distribution\Debug\net8.0\Scripts\Mobiles\Vendors\SBInfo\Weapons\SBSwordWeapon.cs".
         Copying file from "C:\RunUO\RunUO\Scripts\Mobiles\Vendors\VendorInventory.cs" to "C:\RunUO\RunUO\Distribution\Debug\net8.0\Scripts\Mobiles\Vendors\VendorInventory.cs".
         Copying file from "C:\RunUO\RunUO\Scripts\Multis\BaseHouse.cs" to "C:\RunUO\RunUO\Distribution\Debug\net8.0\Scripts\Multis\BaseHouse.cs".
         Copying file from "C:\RunUO\RunUO\Scripts\Multis\Boats\BaseBoat.cs" to "C:\RunUO\RunUO\Distribution\Debug\net8.0\Scripts\Multis\Boats\BaseBoat.cs".
         Copying file from "C:\RunUO\RunUO\Scripts\Multis\Boats\BaseBoatDeed.cs" to "C:\RunUO\RunUO\Distribution\Debug\net8.0\Scripts\Multis\Boats\BaseBoatDeed.cs".
         Copying file from "C:\RunUO\RunUO\Scripts\Multis\Boats\BaseDockedBoat.cs" to "C:\RunUO\RunUO\Distribution\Debug\net8.0\Scripts\Multis\Boats\BaseDockedBoat.cs".
         Copying file from "C:\RunUO\RunUO\Scripts\Multis\Boats\ConfirmDryDockGump.cs" to "C:\RunUO\RunUO\Distribution\Debug\net8.0\Scripts\Multis\Boats\ConfirmDryDockGump.cs".
         Copying file from "C:\RunUO\RunUO\Scripts\Multis\Boats\Hold.cs" to "C:\RunUO\RunUO\Distribution\Debug\net8.0\Scripts\Multis\Boats\Hold.cs".
         Copying file from "C:\RunUO\RunUO\Scripts\Multis\Boats\LargeBoat.cs" to "C:\RunUO\RunUO\Distribution\Debug\net8.0\Scripts\Multis\Boats\LargeBoat.cs".
         Copying file from "C:\RunUO\RunUO\Scripts\Multis\Boats\LargeDragonBoat.cs" to "C:\RunUO\RunUO\Distribution\Debug\net8.0\Scripts\Multis\Boats\LargeDragonBoat.cs".
         Copying file from "C:\RunUO\RunUO\Scripts\Multis\Boats\MediumBoat.cs" to "C:\RunUO\RunUO\Distribution\Debug\net8.0\Scripts\Multis\Boats\MediumBoat.cs".
         Copying file from "C:\RunUO\RunUO\Scripts\Multis\Boats\MediumDragonBoat.cs" to "C:\RunUO\RunUO\Distribution\Debug\net8.0\Scripts\Multis\Boats\MediumDragonBoat.cs".
         Copying file from "C:\RunUO\RunUO\Scripts\Multis\Boats\Plank.cs" to "C:\RunUO\RunUO\Distribution\Debug\net8.0\Scripts\Multis\Boats\Plank.cs".
         Copying file from "C:\RunUO\RunUO\Scripts\Multis\Boats\RenameBoatPrompt.cs" to "C:\RunUO\RunUO\Distribution\Debug\net8.0\Scripts\Multis\Boats\RenameBoatPrompt.cs".
         Copying file from "C:\RunUO\RunUO\Scripts\Multis\Boats\SmallBoat.cs" to "C:\RunUO\RunUO\Distribution\Debug\net8.0\Scripts\Multis\Boats\SmallBoat.cs".
         Copying file from "C:\RunUO\RunUO\Scripts\Multis\Boats\SmallDragonBoat.cs" to "C:\RunUO\RunUO\Distribution\Debug\net8.0\Scripts\Multis\Boats\SmallDragonBoat.cs".
         Copying file from "C:\RunUO\RunUO\Scripts\Multis\Boats\Strandedness.cs" to "C:\RunUO\RunUO\Distribution\Debug\net8.0\Scripts\Multis\Boats\Strandedness.cs".
         Copying file from "C:\RunUO\RunUO\Scripts\Multis\Boats\TillerMan.cs" to "C:\RunUO\RunUO\Distribution\Debug\net8.0\Scripts\Multis\Boats\TillerMan.cs".
         Copying file from "C:\RunUO\RunUO\Scripts\Multis\Camps\BankerCamp.cs" to "C:\RunUO\RunUO\Distribution\Debug\net8.0\Scripts\Multis\Camps\BankerCamp.cs".
         Copying file from "C:\RunUO\RunUO\Scripts\Multis\Camps\BaseCamp.cs" to "C:\RunUO\RunUO\Distribution\Debug\net8.0\Scripts\Multis\Camps\BaseCamp.cs".
         Copying file from "C:\RunUO\RunUO\Scripts\Multis\Camps\BrigandCamp.cs" to "C:\RunUO\RunUO\Distribution\Debug\net8.0\Scripts\Multis\Camps\BrigandCamp.cs".
         Copying file from "C:\RunUO\RunUO\Scripts\Multis\Camps\HealerCamp.cs" to "C:\RunUO\RunUO\Distribution\Debug\net8.0\Scripts\Multis\Camps\HealerCamp.cs".
         Copying file from "C:\RunUO\RunUO\Scripts\Multis\Camps\LizardmenCamp.cs" to "C:\RunUO\RunUO\Distribution\Debug\net8.0\Scripts\Multis\Camps\LizardmenCamp.cs".
         Copying file from "C:\RunUO\RunUO\Scripts\Multis\Camps\MageCamp.cs" to "C:\RunUO\RunUO\Distribution\Debug\net8.0\Scripts\Multis\Camps\MageCamp.cs".
         Copying file from "C:\RunUO\RunUO\Scripts\Multis\Camps\OrcCamp.cs" to "C:\RunUO\RunUO\Distribution\Debug\net8.0\Scripts\Multis\Camps\OrcCamp.cs".
         Copying file from "C:\RunUO\RunUO\Scripts\Multis\Camps\RatCamp.cs" to "C:\RunUO\RunUO\Distribution\Debug\net8.0\Scripts\Multis\Camps\RatCamp.cs".
         Copying file from "C:\RunUO\RunUO\Scripts\Multis\ComponentVerification.cs" to "C:\RunUO\RunUO\Distribution\Debug\net8.0\Scripts\Multis\ComponentVerification.cs".
         Copying file from "C:\RunUO\RunUO\Scripts\Multis\Deeds.cs" to "C:\RunUO\RunUO\Distribution\Debug\net8.0\Scripts\Multis\Deeds.cs".
         Copying file from "C:\RunUO\RunUO\Scripts\Multis\DynamicDecay.cs" to "C:\RunUO\RunUO\Distribution\Debug\net8.0\Scripts\Multis\DynamicDecay.cs".
         Copying file from "C:\RunUO\RunUO\Scripts\Multis\HouseFoundation.cs" to "C:\RunUO\RunUO\Distribution\Debug\net8.0\Scripts\Multis\HouseFoundation.cs".
         Copying file from "C:\RunUO\RunUO\Scripts\Multis\HousePlacement.cs" to "C:\RunUO\RunUO\Distribution\Debug\net8.0\Scripts\Multis\HousePlacement.cs".
         Copying file from "C:\RunUO\RunUO\Scripts\Multis\HousePlacementTool.cs" to "C:\RunUO\RunUO\Distribution\Debug\net8.0\Scripts\Multis\HousePlacementTool.cs".
         Copying file from "C:\RunUO\RunUO\Scripts\Multis\Houses.cs" to "C:\RunUO\RunUO\Distribution\Debug\net8.0\Scripts\Multis\Houses.cs".
         Copying file from "C:\RunUO\RunUO\Scripts\Multis\HouseSign.cs" to "C:\RunUO\RunUO\Distribution\Debug\net8.0\Scripts\Multis\HouseSign.cs".
         Copying file from "C:\RunUO\RunUO\Scripts\Multis\HouseTeleporter.cs" to "C:\RunUO\RunUO\Distribution\Debug\net8.0\Scripts\Multis\HouseTeleporter.cs".
         Copying file from "C:\RunUO\RunUO\Scripts\Multis\MovingCrate.cs" to "C:\RunUO\RunUO\Distribution\Debug\net8.0\Scripts\Multis\MovingCrate.cs".
         Copying file from "C:\RunUO\RunUO\Scripts\Multis\PreviewHouse.cs" to "C:\RunUO\RunUO\Distribution\Debug\net8.0\Scripts\Multis\PreviewHouse.cs".
         Copying file from "C:\RunUO\RunUO\Scripts\Output\Scripts.CS.dll" to "C:\RunUO\RunUO\Distribution\Debug\net8.0\Scripts\Output\Scripts.CS.dll".
         Copying file from "C:\RunUO\RunUO\Scripts\Output\Scripts.CS.hash" to "C:\RunUO\RunUO\Distribution\Debug\net8.0\Scripts\Output\Scripts.CS.hash".
         Copying file from "C:\RunUO\RunUO\Scripts\Regions\BaseRegion.cs" to "C:\RunUO\RunUO\Distribution\Debug\net8.0\Scripts\Regions\BaseRegion.cs".
         Copying file from "C:\RunUO\RunUO\Scripts\Regions\DungeonRegion.cs" to "C:\RunUO\RunUO\Distribution\Debug\net8.0\Scripts\Regions\DungeonRegion.cs".
         Copying file from "C:\RunUO\RunUO\Scripts\Regions\GreenAcres.cs" to "C:\RunUO\RunUO\Distribution\Debug\net8.0\Scripts\Regions\GreenAcres.cs".
         Copying file from "C:\RunUO\RunUO\Scripts\Regions\GuardedRegion.cs" to "C:\RunUO\RunUO\Distribution\Debug\net8.0\Scripts\Regions\GuardedRegion.cs".
         Copying file from "C:\RunUO\RunUO\Scripts\Regions\HouseRegion.cs" to "C:\RunUO\RunUO\Distribution\Debug\net8.0\Scripts\Regions\HouseRegion.cs".
         Copying file from "C:\RunUO\RunUO\Scripts\Regions\Jail.cs" to "C:\RunUO\RunUO\Distribution\Debug\net8.0\Scripts\Regions\Jail.cs".
         Copying file from "C:\RunUO\RunUO\Scripts\Regions\Spawning\SpawnDefinition.cs" to "C:\RunUO\RunUO\Distribution\Debug\net8.0\Scripts\Regions\Spawning\SpawnDefinition.cs".
         Copying file from "C:\RunUO\RunUO\Scripts\Regions\NoHousingRegion.cs" to "C:\RunUO\RunUO\Distribution\Debug\net8.0\Scripts\Regions\NoHousingRegion.cs".
         Copying file from "C:\RunUO\RunUO\Scripts\Regions\Spawning\SpawnEntry.cs" to "C:\RunUO\RunUO\Distribution\Debug\net8.0\Scripts\Regions\Spawning\SpawnEntry.cs".
         Copying file from "C:\RunUO\RunUO\Scripts\Regions\Spawning\SpawnPersistence.cs" to "C:\RunUO\RunUO\Distribution\Debug\net8.0\Scripts\Regions\Spawning\SpawnPersistence.cs".
         Copying file from "C:\RunUO\RunUO\Scripts\Regions\TownRegion.cs" to "C:\RunUO\RunUO\Distribution\Debug\net8.0\Scripts\Regions\TownRegion.cs".
         Copying file from "C:\RunUO\RunUO\Scripts\Skills\Anatomy.cs" to "C:\RunUO\RunUO\Distribution\Debug\net8.0\Scripts\Skills\Anatomy.cs".
         Copying file from "C:\RunUO\RunUO\Scripts\Skills\AnimalLore.cs" to "C:\RunUO\RunUO\Distribution\Debug\net8.0\Scripts\Skills\AnimalLore.cs".
         Copying file from "C:\RunUO\RunUO\Scripts\Skills\AnimalTaming.cs" to "C:\RunUO\RunUO\Distribution\Debug\net8.0\Scripts\Skills\AnimalTaming.cs".
         Copying file from "C:\RunUO\RunUO\Scripts\Skills\ArmsLore.cs" to "C:\RunUO\RunUO\Distribution\Debug\net8.0\Scripts\Skills\ArmsLore.cs".
         Copying file from "C:\RunUO\RunUO\Scripts\Skills\Begging.cs" to "C:\RunUO\RunUO\Distribution\Debug\net8.0\Scripts\Skills\Begging.cs".
         Copying file from "C:\RunUO\RunUO\Scripts\Skills\DetectHidden.cs" to "C:\RunUO\RunUO\Distribution\Debug\net8.0\Scripts\Skills\DetectHidden.cs".
         Copying file from "C:\RunUO\RunUO\Scripts\Skills\Discordance.cs" to "C:\RunUO\RunUO\Distribution\Debug\net8.0\Scripts\Skills\Discordance.cs".
         Copying file from "C:\RunUO\RunUO\Scripts\Skills\EvalInt.cs" to "C:\RunUO\RunUO\Distribution\Debug\net8.0\Scripts\Skills\EvalInt.cs".
         Copying file from "C:\RunUO\RunUO\Scripts\Skills\ForensicEval.cs" to "C:\RunUO\RunUO\Distribution\Debug\net8.0\Scripts\Skills\ForensicEval.cs".
         Copying file from "C:\RunUO\RunUO\Scripts\Skills\Inscribe.cs" to "C:\RunUO\RunUO\Distribution\Debug\net8.0\Scripts\Skills\Inscribe.cs".
         Copying file from "C:\RunUO\RunUO\Scripts\Skills\Hiding.cs" to "C:\RunUO\RunUO\Distribution\Debug\net8.0\Scripts\Skills\Hiding.cs".
         Copying file from "C:\RunUO\RunUO\Scripts\Skills\ItemIdentification.cs" to "C:\RunUO\RunUO\Distribution\Debug\net8.0\Scripts\Skills\ItemIdentification.cs".
         Copying file from "C:\RunUO\RunUO\Scripts\Skills\Meditation.cs" to "C:\RunUO\RunUO\Distribution\Debug\net8.0\Scripts\Skills\Meditation.cs".
         Copying file from "C:\RunUO\RunUO\Scripts\Skills\Peacemaking.cs" to "C:\RunUO\RunUO\Distribution\Debug\net8.0\Scripts\Skills\Peacemaking.cs".
         Copying file from "C:\RunUO\RunUO\Scripts\Skills\Poisoning.cs" to "C:\RunUO\RunUO\Distribution\Debug\net8.0\Scripts\Skills\Poisoning.cs".
         Copying file from "C:\RunUO\RunUO\Scripts\Skills\Provocation.cs" to "C:\RunUO\RunUO\Distribution\Debug\net8.0\Scripts\Skills\Provocation.cs".
         Copying file from "C:\RunUO\RunUO\Scripts\Skills\RemoveTrap.cs" to "C:\RunUO\RunUO\Distribution\Debug\net8.0\Scripts\Skills\RemoveTrap.cs".
         Copying file from "C:\RunUO\RunUO\Scripts\Skills\Snooping.cs" to "C:\RunUO\RunUO\Distribution\Debug\net8.0\Scripts\Skills\Snooping.cs".
         Copying file from "C:\RunUO\RunUO\Scripts\Skills\SpiritSpeak.cs" to "C:\RunUO\RunUO\Distribution\Debug\net8.0\Scripts\Skills\SpiritSpeak.cs".
         Copying file from "C:\RunUO\RunUO\Scripts\Skills\Stealing.cs" to "C:\RunUO\RunUO\Distribution\Debug\net8.0\Scripts\Skills\Stealing.cs".
         Copying file from "C:\RunUO\RunUO\Scripts\Skills\Stealth.cs" to "C:\RunUO\RunUO\Distribution\Debug\net8.0\Scripts\Skills\Stealth.cs".
         Copying file from "C:\RunUO\RunUO\Scripts\Skills\TasteID.cs" to "C:\RunUO\RunUO\Distribution\Debug\net8.0\Scripts\Skills\TasteID.cs".
         Copying file from "C:\RunUO\RunUO\Scripts\SpecialSystems\Engines\GiftGiving.cs" to "C:\RunUO\RunUO\Distribution\Debug\net8.0\Scripts\SpecialSystems\Engines\GiftGiving.cs".
         Copying file from "C:\RunUO\RunUO\Scripts\Skills\Tracking.cs" to "C:\RunUO\RunUO\Distribution\Debug\net8.0\Scripts\Skills\Tracking.cs".
         Copying file from "C:\RunUO\RunUO\Scripts\SpecialSystems\Engines\ItemFixes.cs" to "C:\RunUO\RunUO\Distribution\Debug\net8.0\Scripts\SpecialSystems\Engines\ItemFixes.cs".
         Copying file from "C:\RunUO\RunUO\Scripts\SpecialSystems\Engines\PreventInaccess.cs" to "C:\RunUO\RunUO\Distribution\Debug\net8.0\Scripts\SpecialSystems\Engines\PreventInaccess.cs".
         Copying file from "C:\RunUO\RunUO\Scripts\SpecialSystems\Engines\TestCenter.cs" to "C:\RunUO\RunUO\Distribution\Debug\net8.0\Scripts\SpecialSystems\Engines\TestCenter.cs".
         Copying file from "C:\RunUO\RunUO\Scripts\SpecialSystems\Items\Resurrection\ResGate.cs" to "C:\RunUO\RunUO\Distribution\Debug\net8.0\Scripts\SpecialSystems\Items\Resurrection\ResGate.cs".
         Copying file from "C:\RunUO\RunUO\Scripts\SpecialSystems\Items\Stones\GamblingStone.cs" to "C:\RunUO\RunUO\Distribution\Debug\net8.0\Scripts\SpecialSystems\Items\Stones\GamblingStone.cs".
         Copying file from "C:\RunUO\RunUO\Scripts\SpecialSystems\Items\Stones\AlchemyStone.cs" to "C:\RunUO\RunUO\Distribution\Debug\net8.0\Scripts\SpecialSystems\Items\Stones\AlchemyStone.cs".
         Copying file from "C:\RunUO\RunUO\Scripts\SpecialSystems\Items\Stones\GMStone.cs" to "C:\RunUO\RunUO\Distribution\Debug\net8.0\Scripts\SpecialSystems\Items\Stones\GMStone.cs".
         Copying file from "C:\RunUO\RunUO\Scripts\SpecialSystems\Items\Stones\IngotStone.cs" to "C:\RunUO\RunUO\Distribution\Debug\net8.0\Scripts\SpecialSystems\Items\Stones\IngotStone.cs".
         Copying file from "C:\RunUO\RunUO\Scripts\SpecialSystems\Items\Stones\RegStone.cs" to "C:\RunUO\RunUO\Distribution\Debug\net8.0\Scripts\SpecialSystems\Items\Stones\RegStone.cs".
         Copying file from "C:\RunUO\RunUO\Scripts\SpecialSystems\Items\Stones\ScribeStone.cs" to "C:\RunUO\RunUO\Distribution\Debug\net8.0\Scripts\SpecialSystems\Items\Stones\ScribeStone.cs".
         Copying file from "C:\RunUO\RunUO\Scripts\SpecialSystems\Items\Stones\SmithStone.cs" to "C:\RunUO\RunUO\Distribution\Debug\net8.0\Scripts\SpecialSystems\Items\Stones\SmithStone.cs".
         Copying file from "C:\RunUO\RunUO\Scripts\SpecialSystems\Items\Stones\TailorStone.cs" to "C:\RunUO\RunUO\Distribution\Debug\net8.0\Scripts\SpecialSystems\Items\Stones\TailorStone.cs".
         Copying file from "C:\RunUO\RunUO\Scripts\SpecialSystems\Items\SupplyBags\AlchemyBag.cs" to "C:\RunUO\RunUO\Distribution\Debug\net8.0\Scripts\SpecialSystems\Items\SupplyBags\AlchemyBag.cs".
         Copying file from "C:\RunUO\RunUO\Scripts\SpecialSystems\Items\SupplyBags\ScribeBag.cs" to "C:\RunUO\RunUO\Distribution\Debug\net8.0\Scripts\SpecialSystems\Items\SupplyBags\ScribeBag.cs".
         Copying file from "C:\RunUO\RunUO\Scripts\SpecialSystems\Items\SupplyBags\BagOfIngots.cs" to "C:\RunUO\RunUO\Distribution\Debug\net8.0\Scripts\SpecialSystems\Items\SupplyBags\BagOfIngots.cs".
         Copying file from "C:\RunUO\RunUO\Scripts\SpecialSystems\Items\SupplyBags\SmithBag.cs" to "C:\RunUO\RunUO\Distribution\Debug\net8.0\Scripts\SpecialSystems\Items\SupplyBags\SmithBag.cs".
         Copying file from "C:\RunUO\RunUO\Scripts\SpecialSystems\Items\SupplyBags\TailorBag.cs" to "C:\RunUO\RunUO\Distribution\Debug\net8.0\Scripts\SpecialSystems\Items\SupplyBags\TailorBag.cs".
         Copying file from "C:\RunUO\RunUO\Scripts\SpecialSystems\README.TXT" to "C:\RunUO\RunUO\Distribution\Debug\net8.0\Scripts\SpecialSystems\README.TXT".
         Copying file from "C:\RunUO\RunUO\Scripts\Spells\Base\DisturbType.cs" to "C:\RunUO\RunUO\Distribution\Debug\net8.0\Scripts\Spells\Base\DisturbType.cs".
         Copying file from "C:\RunUO\RunUO\Scripts\Spells\Base\MagerySpell.cs" to "C:\RunUO\RunUO\Distribution\Debug\net8.0\Scripts\Spells\Base\MagerySpell.cs".
         Copying file from "C:\RunUO\RunUO\Scripts\Spells\Base\SpecialMove.cs" to "C:\RunUO\RunUO\Distribution\Debug\net8.0\Scripts\Spells\Base\SpecialMove.cs".
         Copying file from "C:\RunUO\RunUO\Scripts\Spells\Base\Spell.cs" to "C:\RunUO\RunUO\Distribution\Debug\net8.0\Scripts\Spells\Base\Spell.cs".
         Copying file from "C:\RunUO\RunUO\Scripts\Spells\Base\SpellCircle.cs" to "C:\RunUO\RunUO\Distribution\Debug\net8.0\Scripts\Spells\Base\SpellCircle.cs".
         Copying file from "C:\RunUO\RunUO\Scripts\Spells\Base\SpellHelper.cs" to "C:\RunUO\RunUO\Distribution\Debug\net8.0\Scripts\Spells\Base\SpellHelper.cs".
         Copying file from "C:\RunUO\RunUO\Scripts\Spells\Base\SpellInfo.cs" to "C:\RunUO\RunUO\Distribution\Debug\net8.0\Scripts\Spells\Base\SpellInfo.cs".
         Copying file from "C:\RunUO\RunUO\Scripts\Spells\Base\SpellRegistry.cs" to "C:\RunUO\RunUO\Distribution\Debug\net8.0\Scripts\Spells\Base\SpellRegistry.cs".
         Copying file from "C:\RunUO\RunUO\Scripts\Spells\Base\SpellState.cs" to "C:\RunUO\RunUO\Distribution\Debug\net8.0\Scripts\Spells\Base\SpellState.cs".
         Copying file from "C:\RunUO\RunUO\Scripts\Spells\Bushido\CounterAttack.cs" to "C:\RunUO\RunUO\Distribution\Debug\net8.0\Scripts\Spells\Bushido\CounterAttack.cs".
         Copying file from "C:\RunUO\RunUO\Scripts\Spells\Bushido\Confidence.cs" to "C:\RunUO\RunUO\Distribution\Debug\net8.0\Scripts\Spells\Bushido\Confidence.cs".
         Copying file from "C:\RunUO\RunUO\Scripts\Spells\Bushido\Evasion.cs" to "C:\RunUO\RunUO\Distribution\Debug\net8.0\Scripts\Spells\Bushido\Evasion.cs".
         Copying file from "C:\RunUO\RunUO\Scripts\Spells\Bushido\HonorableExecution.cs" to "C:\RunUO\RunUO\Distribution\Debug\net8.0\Scripts\Spells\Bushido\HonorableExecution.cs".
         Copying file from "C:\RunUO\RunUO\Scripts\Spells\Bushido\LightningStrike.cs" to "C:\RunUO\RunUO\Distribution\Debug\net8.0\Scripts\Spells\Bushido\LightningStrike.cs".
         Copying file from "C:\RunUO\RunUO\Scripts\Spells\Bushido\MomentumStrike.cs" to "C:\RunUO\RunUO\Distribution\Debug\net8.0\Scripts\Spells\Bushido\MomentumStrike.cs".
         Copying file from "C:\RunUO\RunUO\Scripts\Spells\Bushido\SamuraiMove.cs" to "C:\RunUO\RunUO\Distribution\Debug\net8.0\Scripts\Spells\Bushido\SamuraiMove.cs".
         Copying file from "C:\RunUO\RunUO\Scripts\Spells\Chivalry\CleanseByFire.cs" to "C:\RunUO\RunUO\Distribution\Debug\net8.0\Scripts\Spells\Chivalry\CleanseByFire.cs".
         Copying file from "C:\RunUO\RunUO\Scripts\Spells\Bushido\SamuraiSpell.cs" to "C:\RunUO\RunUO\Distribution\Debug\net8.0\Scripts\Spells\Bushido\SamuraiSpell.cs".
         Copying file from "C:\RunUO\RunUO\Scripts\Spells\Chivalry\CloseWounds.cs" to "C:\RunUO\RunUO\Distribution\Debug\net8.0\Scripts\Spells\Chivalry\CloseWounds.cs".
         Copying file from "C:\RunUO\RunUO\Scripts\Spells\Chivalry\ConsecrateWeapon.cs" to "C:\RunUO\RunUO\Distribution\Debug\net8.0\Scripts\Spells\Chivalry\ConsecrateWeapon.cs".
         Copying file from "C:\RunUO\RunUO\Scripts\Spells\Chivalry\DispelEvil.cs" to "C:\RunUO\RunUO\Distribution\Debug\net8.0\Scripts\Spells\Chivalry\DispelEvil.cs".
         Copying file from "C:\RunUO\RunUO\Scripts\Spells\Chivalry\DivineFury.cs" to "C:\RunUO\RunUO\Distribution\Debug\net8.0\Scripts\Spells\Chivalry\DivineFury.cs".
         Copying file from "C:\RunUO\RunUO\Scripts\Spells\Chivalry\EnemyOfOne.cs" to "C:\RunUO\RunUO\Distribution\Debug\net8.0\Scripts\Spells\Chivalry\EnemyOfOne.cs".
         Copying file from "C:\RunUO\RunUO\Scripts\Spells\Chivalry\HolyLight.cs" to "C:\RunUO\RunUO\Distribution\Debug\net8.0\Scripts\Spells\Chivalry\HolyLight.cs".
         Copying file from "C:\RunUO\RunUO\Scripts\Spells\Chivalry\NobleSacrifice.cs" to "C:\RunUO\RunUO\Distribution\Debug\net8.0\Scripts\Spells\Chivalry\NobleSacrifice.cs".
         Copying file from "C:\RunUO\RunUO\Scripts\Spells\Chivalry\PaladinSpell.cs" to "C:\RunUO\RunUO\Distribution\Debug\net8.0\Scripts\Spells\Chivalry\PaladinSpell.cs".
         Copying file from "C:\RunUO\RunUO\Scripts\Spells\Chivalry\RemoveCurse.cs" to "C:\RunUO\RunUO\Distribution\Debug\net8.0\Scripts\Spells\Chivalry\RemoveCurse.cs".
         Copying file from "C:\RunUO\RunUO\Scripts\Spells\Chivalry\SacredJourney.cs" to "C:\RunUO\RunUO\Distribution\Debug\net8.0\Scripts\Spells\Chivalry\SacredJourney.cs".
         Copying file from "C:\RunUO\RunUO\Scripts\Spells\Eighth\EarthElemental.cs" to "C:\RunUO\RunUO\Distribution\Debug\net8.0\Scripts\Spells\Eighth\EarthElemental.cs".
         Copying file from "C:\RunUO\RunUO\Scripts\Spells\Eighth\AirElemental.cs" to "C:\RunUO\RunUO\Distribution\Debug\net8.0\Scripts\Spells\Eighth\AirElemental.cs".
         Copying file from "C:\RunUO\RunUO\Scripts\Spells\Eighth\Earthquake.cs" to "C:\RunUO\RunUO\Distribution\Debug\net8.0\Scripts\Spells\Eighth\Earthquake.cs".
         Copying file from "C:\RunUO\RunUO\Scripts\Spells\Eighth\EnergyVortex.cs" to "C:\RunUO\RunUO\Distribution\Debug\net8.0\Scripts\Spells\Eighth\EnergyVortex.cs".
         Copying file from "C:\RunUO\RunUO\Scripts\Spells\Eighth\Resurrection.cs" to "C:\RunUO\RunUO\Distribution\Debug\net8.0\Scripts\Spells\Eighth\Resurrection.cs".
         Copying file from "C:\RunUO\RunUO\Scripts\Spells\Eighth\SummonDaemon.cs" to "C:\RunUO\RunUO\Distribution\Debug\net8.0\Scripts\Spells\Eighth\SummonDaemon.cs".
         Copying file from "C:\RunUO\RunUO\Scripts\Spells\Eighth\FireElemental.cs" to "C:\RunUO\RunUO\Distribution\Debug\net8.0\Scripts\Spells\Eighth\FireElemental.cs".
         Copying file from "C:\RunUO\RunUO\Scripts\Spells\Eighth\WaterElemental.cs" to "C:\RunUO\RunUO\Distribution\Debug\net8.0\Scripts\Spells\Eighth\WaterElemental.cs".
         Copying file from "C:\RunUO\RunUO\Scripts\Spells\Fifth\BladeSpirits.cs" to "C:\RunUO\RunUO\Distribution\Debug\net8.0\Scripts\Spells\Fifth\BladeSpirits.cs".
         Copying file from "C:\RunUO\RunUO\Scripts\Spells\Fifth\DispelField.cs" to "C:\RunUO\RunUO\Distribution\Debug\net8.0\Scripts\Spells\Fifth\DispelField.cs".
         Copying file from "C:\RunUO\RunUO\Scripts\Spells\Fifth\Incognito.cs" to "C:\RunUO\RunUO\Distribution\Debug\net8.0\Scripts\Spells\Fifth\Incognito.cs".
         Copying file from "C:\RunUO\RunUO\Scripts\Spells\Fifth\MagicReflect.cs" to "C:\RunUO\RunUO\Distribution\Debug\net8.0\Scripts\Spells\Fifth\MagicReflect.cs".
         Copying file from "C:\RunUO\RunUO\Scripts\Spells\Fifth\MindBlast.cs" to "C:\RunUO\RunUO\Distribution\Debug\net8.0\Scripts\Spells\Fifth\MindBlast.cs".
         Copying file from "C:\RunUO\RunUO\Scripts\Spells\Fifth\Paralyze.cs" to "C:\RunUO\RunUO\Distribution\Debug\net8.0\Scripts\Spells\Fifth\Paralyze.cs".
         Copying file from "C:\RunUO\RunUO\Scripts\Spells\Fifth\PoisonField.cs" to "C:\RunUO\RunUO\Distribution\Debug\net8.0\Scripts\Spells\Fifth\PoisonField.cs".
         Copying file from "C:\RunUO\RunUO\Scripts\Spells\Fifth\SummonCreature.cs" to "C:\RunUO\RunUO\Distribution\Debug\net8.0\Scripts\Spells\Fifth\SummonCreature.cs".
         Copying file from "C:\RunUO\RunUO\Scripts\Spells\First\Clumsy.cs" to "C:\RunUO\RunUO\Distribution\Debug\net8.0\Scripts\Spells\First\Clumsy.cs".
         Copying file from "C:\RunUO\RunUO\Scripts\Spells\First\CreateFood.cs" to "C:\RunUO\RunUO\Distribution\Debug\net8.0\Scripts\Spells\First\CreateFood.cs".
         Copying file from "C:\RunUO\RunUO\Scripts\Spells\First\Feeblemind.cs" to "C:\RunUO\RunUO\Distribution\Debug\net8.0\Scripts\Spells\First\Feeblemind.cs".
         Copying file from "C:\RunUO\RunUO\Scripts\Spells\First\Heal.cs" to "C:\RunUO\RunUO\Distribution\Debug\net8.0\Scripts\Spells\First\Heal.cs".
         Copying file from "C:\RunUO\RunUO\Scripts\Spells\First\MagicArrow.cs" to "C:\RunUO\RunUO\Distribution\Debug\net8.0\Scripts\Spells\First\MagicArrow.cs".
         Copying file from "C:\RunUO\RunUO\Scripts\Spells\First\NightSight.cs" to "C:\RunUO\RunUO\Distribution\Debug\net8.0\Scripts\Spells\First\NightSight.cs".
         Copying file from "C:\RunUO\RunUO\Scripts\Spells\First\ReactiveArmor.cs" to "C:\RunUO\RunUO\Distribution\Debug\net8.0\Scripts\Spells\First\ReactiveArmor.cs".
         Copying file from "C:\RunUO\RunUO\Scripts\Spells\First\Weaken.cs" to "C:\RunUO\RunUO\Distribution\Debug\net8.0\Scripts\Spells\First\Weaken.cs".
         Copying file from "C:\RunUO\RunUO\Scripts\Spells\Fourth\ArchCure.cs" to "C:\RunUO\RunUO\Distribution\Debug\net8.0\Scripts\Spells\Fourth\ArchCure.cs".
         Copying file from "C:\RunUO\RunUO\Scripts\Spells\Fourth\ArchProtection.cs" to "C:\RunUO\RunUO\Distribution\Debug\net8.0\Scripts\Spells\Fourth\ArchProtection.cs".
         Copying file from "C:\RunUO\RunUO\Scripts\Spells\Fourth\Curse.cs" to "C:\RunUO\RunUO\Distribution\Debug\net8.0\Scripts\Spells\Fourth\Curse.cs".
         Copying file from "C:\RunUO\RunUO\Scripts\Spells\Fourth\FireField.cs" to "C:\RunUO\RunUO\Distribution\Debug\net8.0\Scripts\Spells\Fourth\FireField.cs".
         Copying file from "C:\RunUO\RunUO\Scripts\Spells\Fourth\GreaterHeal.cs" to "C:\RunUO\RunUO\Distribution\Debug\net8.0\Scripts\Spells\Fourth\GreaterHeal.cs".
         Copying file from "C:\RunUO\RunUO\Scripts\Spells\Fourth\Lightning.cs" to "C:\RunUO\RunUO\Distribution\Debug\net8.0\Scripts\Spells\Fourth\Lightning.cs".
         Copying file from "C:\RunUO\RunUO\Scripts\Spells\Fourth\ManaDrain.cs" to "C:\RunUO\RunUO\Distribution\Debug\net8.0\Scripts\Spells\Fourth\ManaDrain.cs".
         Copying file from "C:\RunUO\RunUO\Scripts\Spells\Fourth\Recall.cs" to "C:\RunUO\RunUO\Distribution\Debug\net8.0\Scripts\Spells\Fourth\Recall.cs".
         Copying file from "C:\RunUO\RunUO\Scripts\Spells\Initializer.cs" to "C:\RunUO\RunUO\Distribution\Debug\net8.0\Scripts\Spells\Initializer.cs".
         Copying file from "C:\RunUO\RunUO\Scripts\Spells\Necromancy\AnimateDeadSpell.cs" to "C:\RunUO\RunUO\Distribution\Debug\net8.0\Scripts\Spells\Necromancy\AnimateDeadSpell.cs".
         Copying file from "C:\RunUO\RunUO\Scripts\Spells\Necromancy\BloodOathSpell.cs" to "C:\RunUO\RunUO\Distribution\Debug\net8.0\Scripts\Spells\Necromancy\BloodOathSpell.cs".
         Copying file from "C:\RunUO\RunUO\Scripts\Spells\Necromancy\CorpseSkin.cs" to "C:\RunUO\RunUO\Distribution\Debug\net8.0\Scripts\Spells\Necromancy\CorpseSkin.cs".
         Copying file from "C:\RunUO\RunUO\Scripts\Spells\Necromancy\CurseWeapon.cs" to "C:\RunUO\RunUO\Distribution\Debug\net8.0\Scripts\Spells\Necromancy\CurseWeapon.cs".
         Copying file from "C:\RunUO\RunUO\Scripts\Spells\Necromancy\EvilOmen.cs" to "C:\RunUO\RunUO\Distribution\Debug\net8.0\Scripts\Spells\Necromancy\EvilOmen.cs".
         Copying file from "C:\RunUO\RunUO\Scripts\Spells\Necromancy\Exorcism.cs" to "C:\RunUO\RunUO\Distribution\Debug\net8.0\Scripts\Spells\Necromancy\Exorcism.cs".
         Copying file from "C:\RunUO\RunUO\Scripts\Spells\Necromancy\LichForm.cs" to "C:\RunUO\RunUO\Distribution\Debug\net8.0\Scripts\Spells\Necromancy\LichForm.cs".
         Copying file from "C:\RunUO\RunUO\Scripts\Spells\Necromancy\HorrificBeast.cs" to "C:\RunUO\RunUO\Distribution\Debug\net8.0\Scripts\Spells\Necromancy\HorrificBeast.cs".
         Copying file from "C:\RunUO\RunUO\Scripts\Spells\Necromancy\MindRot.cs" to "C:\RunUO\RunUO\Distribution\Debug\net8.0\Scripts\Spells\Necromancy\MindRot.cs".
         Copying file from "C:\RunUO\RunUO\Scripts\Spells\Necromancy\NecromancerSpell.cs" to "C:\RunUO\RunUO\Distribution\Debug\net8.0\Scripts\Spells\Necromancy\NecromancerSpell.cs".
         Copying file from "C:\RunUO\RunUO\Scripts\Spells\Necromancy\PainSpike.cs" to "C:\RunUO\RunUO\Distribution\Debug\net8.0\Scripts\Spells\Necromancy\PainSpike.cs".
         Copying file from "C:\RunUO\RunUO\Scripts\Spells\Necromancy\PoisonStrike.cs" to "C:\RunUO\RunUO\Distribution\Debug\net8.0\Scripts\Spells\Necromancy\PoisonStrike.cs".
         Copying file from "C:\RunUO\RunUO\Scripts\Spells\Necromancy\Strangle.cs" to "C:\RunUO\RunUO\Distribution\Debug\net8.0\Scripts\Spells\Necromancy\Strangle.cs".
         Copying file from "C:\RunUO\RunUO\Scripts\Spells\Necromancy\SummonFamiliar.cs" to "C:\RunUO\RunUO\Distribution\Debug\net8.0\Scripts\Spells\Necromancy\SummonFamiliar.cs".
         Copying file from "C:\RunUO\RunUO\Scripts\Spells\Necromancy\TransformationSpell.cs" to "C:\RunUO\RunUO\Distribution\Debug\net8.0\Scripts\Spells\Necromancy\TransformationSpell.cs".
         Copying file from "C:\RunUO\RunUO\Scripts\Spells\Necromancy\VampiricEmbrace.cs" to "C:\RunUO\RunUO\Distribution\Debug\net8.0\Scripts\Spells\Necromancy\VampiricEmbrace.cs".
         Copying file from "C:\RunUO\RunUO\Scripts\Spells\Necromancy\VengefulSpirit.cs" to "C:\RunUO\RunUO\Distribution\Debug\net8.0\Scripts\Spells\Necromancy\VengefulSpirit.cs".
         Copying file from "C:\RunUO\RunUO\Scripts\Spells\Necromancy\Wither.cs" to "C:\RunUO\RunUO\Distribution\Debug\net8.0\Scripts\Spells\Necromancy\Wither.cs".
         Copying file from "C:\RunUO\RunUO\Scripts\Spells\Necromancy\WraithForm.cs" to "C:\RunUO\RunUO\Distribution\Debug\net8.0\Scripts\Spells\Necromancy\WraithForm.cs".
         Copying file from "C:\RunUO\RunUO\Scripts\Spells\Ninjitsu\AnimalForm.cs" to "C:\RunUO\RunUO\Distribution\Debug\net8.0\Scripts\Spells\Ninjitsu\AnimalForm.cs".
         Copying file from "C:\RunUO\RunUO\Scripts\Spells\Ninjitsu\Backstab.cs" to "C:\RunUO\RunUO\Distribution\Debug\net8.0\Scripts\Spells\Ninjitsu\Backstab.cs".
         Copying file from "C:\RunUO\RunUO\Scripts\Spells\Ninjitsu\DeathStrike.cs" to "C:\RunUO\RunUO\Distribution\Debug\net8.0\Scripts\Spells\Ninjitsu\DeathStrike.cs".
         Copying file from "C:\RunUO\RunUO\Scripts\Spells\Ninjitsu\FocusAttack.cs" to "C:\RunUO\RunUO\Distribution\Debug\net8.0\Scripts\Spells\Ninjitsu\FocusAttack.cs".
         Copying file from "C:\RunUO\RunUO\Scripts\Spells\Ninjitsu\KiAttack.cs" to "C:\RunUO\RunUO\Distribution\Debug\net8.0\Scripts\Spells\Ninjitsu\KiAttack.cs".
         Copying file from "C:\RunUO\RunUO\Scripts\Spells\Ninjitsu\MirrorImage.cs" to "C:\RunUO\RunUO\Distribution\Debug\net8.0\Scripts\Spells\Ninjitsu\MirrorImage.cs".
         Copying file from "C:\RunUO\RunUO\Scripts\Spells\Ninjitsu\NinjaSpell.cs" to "C:\RunUO\RunUO\Distribution\Debug\net8.0\Scripts\Spells\Ninjitsu\NinjaSpell.cs".
         Copying file from "C:\RunUO\RunUO\Scripts\Spells\Ninjitsu\NinjaMove.cs" to "C:\RunUO\RunUO\Distribution\Debug\net8.0\Scripts\Spells\Ninjitsu\NinjaMove.cs".
         Copying file from "C:\RunUO\RunUO\Scripts\Spells\Ninjitsu\SurpriseAttack.cs" to "C:\RunUO\RunUO\Distribution\Debug\net8.0\Scripts\Spells\Ninjitsu\SurpriseAttack.cs".
         Copying file from "C:\RunUO\RunUO\Scripts\Spells\Ninjitsu\ShadowJump.cs" to "C:\RunUO\RunUO\Distribution\Debug\net8.0\Scripts\Spells\Ninjitsu\ShadowJump.cs".
         Copying file from "C:\RunUO\RunUO\Scripts\Spells\Reagent.cs" to "C:\RunUO\RunUO\Distribution\Debug\net8.0\Scripts\Spells\Reagent.cs".
         Copying file from "C:\RunUO\RunUO\Scripts\Spells\Second\Agility.cs" to "C:\RunUO\RunUO\Distribution\Debug\net8.0\Scripts\Spells\Second\Agility.cs".
         Copying file from "C:\RunUO\RunUO\Scripts\Spells\Second\Cunning.cs" to "C:\RunUO\RunUO\Distribution\Debug\net8.0\Scripts\Spells\Second\Cunning.cs".
         Copying file from "C:\RunUO\RunUO\Scripts\Spells\Second\Cure.cs" to "C:\RunUO\RunUO\Distribution\Debug\net8.0\Scripts\Spells\Second\Cure.cs".
         Copying file from "C:\RunUO\RunUO\Scripts\Spells\Second\Harm.cs" to "C:\RunUO\RunUO\Distribution\Debug\net8.0\Scripts\Spells\Second\Harm.cs".
         Copying file from "C:\RunUO\RunUO\Scripts\Spells\Second\MagicTrap.cs" to "C:\RunUO\RunUO\Distribution\Debug\net8.0\Scripts\Spells\Second\MagicTrap.cs".
         Copying file from "C:\RunUO\RunUO\Scripts\Spells\Second\Protection.cs" to "C:\RunUO\RunUO\Distribution\Debug\net8.0\Scripts\Spells\Second\Protection.cs".
         Copying file from "C:\RunUO\RunUO\Scripts\Spells\Second\RemoveTrap.cs" to "C:\RunUO\RunUO\Distribution\Debug\net8.0\Scripts\Spells\Second\RemoveTrap.cs".
         Copying file from "C:\RunUO\RunUO\Scripts\Spells\Second\Strength.cs" to "C:\RunUO\RunUO\Distribution\Debug\net8.0\Scripts\Spells\Second\Strength.cs".
         Copying file from "C:\RunUO\RunUO\Scripts\Spells\Seventh\ChainLightning.cs" to "C:\RunUO\RunUO\Distribution\Debug\net8.0\Scripts\Spells\Seventh\ChainLightning.cs".
         Copying file from "C:\RunUO\RunUO\Scripts\Spells\Seventh\EnergyField.cs" to "C:\RunUO\RunUO\Distribution\Debug\net8.0\Scripts\Spells\Seventh\EnergyField.cs".
         Copying file from "C:\RunUO\RunUO\Scripts\Spells\Seventh\FlameStrike.cs" to "C:\RunUO\RunUO\Distribution\Debug\net8.0\Scripts\Spells\Seventh\FlameStrike.cs".
         Copying file from "C:\RunUO\RunUO\Scripts\Spells\Seventh\GateTravel.cs" to "C:\RunUO\RunUO\Distribution\Debug\net8.0\Scripts\Spells\Seventh\GateTravel.cs".
         Copying file from "C:\RunUO\RunUO\Scripts\Spells\Seventh\ManaVampire.cs" to "C:\RunUO\RunUO\Distribution\Debug\net8.0\Scripts\Spells\Seventh\ManaVampire.cs".
         Copying file from "C:\RunUO\RunUO\Scripts\Spells\Seventh\MassDispel.cs" to "C:\RunUO\RunUO\Distribution\Debug\net8.0\Scripts\Spells\Seventh\MassDispel.cs".
         Copying file from "C:\RunUO\RunUO\Scripts\Spells\Seventh\MeteorSwarm.cs" to "C:\RunUO\RunUO\Distribution\Debug\net8.0\Scripts\Spells\Seventh\MeteorSwarm.cs".
         Copying file from "C:\RunUO\RunUO\Scripts\Spells\Seventh\Polymorph.cs" to "C:\RunUO\RunUO\Distribution\Debug\net8.0\Scripts\Spells\Seventh\Polymorph.cs".
         Copying file from "C:\RunUO\RunUO\Scripts\Spells\Sixth\Dispel.cs" to "C:\RunUO\RunUO\Distribution\Debug\net8.0\Scripts\Spells\Sixth\Dispel.cs".
         Copying file from "C:\RunUO\RunUO\Scripts\Spells\Sixth\EnergyBolt.cs" to "C:\RunUO\RunUO\Distribution\Debug\net8.0\Scripts\Spells\Sixth\EnergyBolt.cs".
         Copying file from "C:\RunUO\RunUO\Scripts\Spells\Sixth\Explosion.cs" to "C:\RunUO\RunUO\Distribution\Debug\net8.0\Scripts\Spells\Sixth\Explosion.cs".
         Copying file from "C:\RunUO\RunUO\Scripts\Spells\Sixth\Invisibility.cs" to "C:\RunUO\RunUO\Distribution\Debug\net8.0\Scripts\Spells\Sixth\Invisibility.cs".
         Copying file from "C:\RunUO\RunUO\Scripts\Spells\Sixth\Mark.cs" to "C:\RunUO\RunUO\Distribution\Debug\net8.0\Scripts\Spells\Sixth\Mark.cs".
         Copying file from "C:\RunUO\RunUO\Scripts\Spells\Sixth\MassCurse.cs" to "C:\RunUO\RunUO\Distribution\Debug\net8.0\Scripts\Spells\Sixth\MassCurse.cs".
         Copying file from "C:\RunUO\RunUO\Scripts\Spells\Sixth\ParalyzeField.cs" to "C:\RunUO\RunUO\Distribution\Debug\net8.0\Scripts\Spells\Sixth\ParalyzeField.cs".
         Copying file from "C:\RunUO\RunUO\Scripts\Spells\Spellweaving\ArcaneCircle.cs" to "C:\RunUO\RunUO\Distribution\Debug\net8.0\Scripts\Spells\Spellweaving\ArcaneCircle.cs".
         Copying file from "C:\RunUO\RunUO\Scripts\Spells\Sixth\Reveal.cs" to "C:\RunUO\RunUO\Distribution\Debug\net8.0\Scripts\Spells\Sixth\Reveal.cs".
         Copying file from "C:\RunUO\RunUO\Scripts\Spells\Spellweaving\ArcaneForm.cs" to "C:\RunUO\RunUO\Distribution\Debug\net8.0\Scripts\Spells\Spellweaving\ArcaneForm.cs".
         Copying file from "C:\RunUO\RunUO\Scripts\Spells\Spellweaving\ArcaneSummon.cs" to "C:\RunUO\RunUO\Distribution\Debug\net8.0\Scripts\Spells\Spellweaving\ArcaneSummon.cs".
         Copying file from "C:\RunUO\RunUO\Scripts\Spells\Spellweaving\ArcanistSpell.cs" to "C:\RunUO\RunUO\Distribution\Debug\net8.0\Scripts\Spells\Spellweaving\ArcanistSpell.cs".
         Copying file from "C:\RunUO\RunUO\Scripts\Spells\Spellweaving\AttuneWeapon.cs" to "C:\RunUO\RunUO\Distribution\Debug\net8.0\Scripts\Spells\Spellweaving\AttuneWeapon.cs".
         Copying file from "C:\RunUO\RunUO\Scripts\Spells\Spellweaving\EssenceOfWind.cs" to "C:\RunUO\RunUO\Distribution\Debug\net8.0\Scripts\Spells\Spellweaving\EssenceOfWind.cs".
         Copying file from "C:\RunUO\RunUO\Scripts\Spells\Spellweaving\EtherealVoyage.cs" to "C:\RunUO\RunUO\Distribution\Debug\net8.0\Scripts\Spells\Spellweaving\EtherealVoyage.cs".
         Copying file from "C:\RunUO\RunUO\Scripts\Spells\Spellweaving\GiftOfRenewal.cs" to "C:\RunUO\RunUO\Distribution\Debug\net8.0\Scripts\Spells\Spellweaving\GiftOfRenewal.cs".
         Copying file from "C:\RunUO\RunUO\Scripts\Spells\Spellweaving\GiftOfLife.cs" to "C:\RunUO\RunUO\Distribution\Debug\net8.0\Scripts\Spells\Spellweaving\GiftOfLife.cs".
         Copying file from "C:\RunUO\RunUO\Scripts\Spells\Spellweaving\ImmolatingWeapon.cs" to "C:\RunUO\RunUO\Distribution\Debug\net8.0\Scripts\Spells\Spellweaving\ImmolatingWeapon.cs".
         Copying file from "C:\RunUO\RunUO\Scripts\Spells\Spellweaving\Items\ArcaneFocus.cs" to "C:\RunUO\RunUO\Distribution\Debug\net8.0\Scripts\Spells\Spellweaving\Items\ArcaneFocus.cs".
         Copying file from "C:\RunUO\RunUO\Scripts\Spells\Spellweaving\Items\TransientItem.cs" to "C:\RunUO\RunUO\Distribution\Debug\net8.0\Scripts\Spells\Spellweaving\Items\TransientItem.cs".
         Copying file from "C:\RunUO\RunUO\Scripts\Spells\Spellweaving\Mobiles\ArcaneFey.cs" to "C:\RunUO\RunUO\Distribution\Debug\net8.0\Scripts\Spells\Spellweaving\Mobiles\ArcaneFey.cs".
         Copying file from "C:\RunUO\RunUO\Scripts\Spells\Spellweaving\Mobiles\ArcaneFiend.cs" to "C:\RunUO\RunUO\Distribution\Debug\net8.0\Scripts\Spells\Spellweaving\Mobiles\ArcaneFiend.cs".
         Copying file from "C:\RunUO\RunUO\Scripts\Spells\Spellweaving\Mobiles\NatureFury.cs" to "C:\RunUO\RunUO\Distribution\Debug\net8.0\Scripts\Spells\Spellweaving\Mobiles\NatureFury.cs".
         Copying file from "C:\RunUO\RunUO\Scripts\Spells\Spellweaving\NatureFury.cs" to "C:\RunUO\RunUO\Distribution\Debug\net8.0\Scripts\Spells\Spellweaving\NatureFury.cs".
         Copying file from "C:\RunUO\RunUO\Scripts\Spells\Spellweaving\ReaperForm.cs" to "C:\RunUO\RunUO\Distribution\Debug\net8.0\Scripts\Spells\Spellweaving\ReaperForm.cs".
         Copying file from "C:\RunUO\RunUO\Scripts\Spells\Spellweaving\SummonFey.cs" to "C:\RunUO\RunUO\Distribution\Debug\net8.0\Scripts\Spells\Spellweaving\SummonFey.cs".
         Copying file from "C:\RunUO\RunUO\Scripts\Spells\Spellweaving\SummonFiend.cs" to "C:\RunUO\RunUO\Distribution\Debug\net8.0\Scripts\Spells\Spellweaving\SummonFiend.cs".
         Copying file from "C:\RunUO\RunUO\Scripts\Spells\Spellweaving\Thunderstorm.cs" to "C:\RunUO\RunUO\Distribution\Debug\net8.0\Scripts\Spells\Spellweaving\Thunderstorm.cs".
         Copying file from "C:\RunUO\RunUO\Scripts\Spells\Third\Bless.cs" to "C:\RunUO\RunUO\Distribution\Debug\net8.0\Scripts\Spells\Third\Bless.cs".
         Copying file from "C:\RunUO\RunUO\Scripts\Spells\Spellweaving\WordOfDeath.cs" to "C:\RunUO\RunUO\Distribution\Debug\net8.0\Scripts\Spells\Spellweaving\WordOfDeath.cs".
         Copying file from "C:\RunUO\RunUO\Scripts\Spells\Third\Fireball.cs" to "C:\RunUO\RunUO\Distribution\Debug\net8.0\Scripts\Spells\Third\Fireball.cs".
         Copying file from "C:\RunUO\RunUO\Scripts\Spells\Third\MagicLock.cs" to "C:\RunUO\RunUO\Distribution\Debug\net8.0\Scripts\Spells\Third\MagicLock.cs".
         Copying file from "C:\RunUO\RunUO\Scripts\Spells\Third\Poison.cs" to "C:\RunUO\RunUO\Distribution\Debug\net8.0\Scripts\Spells\Third\Poison.cs".
         Copying file from "C:\RunUO\RunUO\Scripts\Spells\Third\Telekinesis.cs" to "C:\RunUO\RunUO\Distribution\Debug\net8.0\Scripts\Spells\Third\Telekinesis.cs".
         Copying file from "C:\RunUO\RunUO\Scripts\Spells\Third\Unlock.cs" to "C:\RunUO\RunUO\Distribution\Debug\net8.0\Scripts\Spells\Third\Unlock.cs".
         Copying file from "C:\RunUO\RunUO\Scripts\Spells\Third\Teleport.cs" to "C:\RunUO\RunUO\Distribution\Debug\net8.0\Scripts\Spells\Third\Teleport.cs".
         Copying file from "C:\RunUO\RunUO\Scripts\Spells\Third\WallOfStone.cs" to "C:\RunUO\RunUO\Distribution\Debug\net8.0\Scripts\Spells\Third\WallOfStone.cs".
         Copying file from "C:\RunUO\RunUO\Scripts\Spells\UnsummonTimer.cs" to "C:\RunUO\RunUO\Distribution\Debug\net8.0\Scripts\Spells\UnsummonTimer.cs".
         Copying file from "C:\RunUO\RunUO\Scripts\Targets\BladedItemTarget.cs" to "C:\RunUO\RunUO\Distribution\Debug\net8.0\Scripts\Targets\BladedItemTarget.cs".
         Copying file from "C:\RunUO\RunUO\Scripts\Targets\MoveTarget.cs" to "C:\RunUO\RunUO\Distribution\Debug\net8.0\Scripts\Targets\MoveTarget.cs".
         Copying file from "C:\RunUO\RunUO\Scripts\Targets\PickMoveTarget.cs" to "C:\RunUO\RunUO\Distribution\Debug\net8.0\Scripts\Targets\PickMoveTarget.cs".
         Copying file from "C:\RunUO\RunUO\zlib64.dll" to "C:\RunUO\RunUO\Distribution\Debug\net8.0\zlib64.dll".
         Copying file from "C:\RunUO\RunUO\zlib32.dll" to "C:\RunUO\RunUO\Distribution\Debug\net8.0\zlib32.dll".
     2>Done Building Project "C:\RunUO\RunUO\Server\Server.csproj" (default targets).
     1>Done Building Project "C:\RunUO\RunUO\RunUO.sln" (default targets).

Build succeeded.
    0 Warning(s)
    0 Error(s)

Time Elapsed 00:00:02.93
